 PETOOLS

 Timestamp is 5f802dcc (Fri Oct  9 17:30:52 2020)

 Preferred load address is 00400000

 Start         Length     Name                   Class
 0001:00000000 00007a70H .text$di                CODE
 0001:00007a70 0006c870H .text$mn                CODE
 0001:000742e0 00006230H .text$x                 CODE
 0001:0007a510 00001467H .text$yd                CODE
 0002:00000000 00000104H .CRT$XCA                DATA
 0002:00000104 00000104H .CRT$XCAA               DATA
 0002:00000208 0000010cH .CRT$XCL                DATA
 0002:00000314 0000018cH .CRT$XCU                DATA
 0002:000004a0 00000104H .CRT$XCZ                DATA
 0002:000005a4 00000104H .CRT$XIA                DATA
 0002:000006a8 00000104H .CRT$XIAA               DATA
 0002:000007ac 00000104H .CRT$XIAC               DATA
 0002:000008b0 00000104H .CRT$XIC                DATA
 0002:000009b4 00000104H .CRT$XIZ                DATA
 0002:00000ab8 00000004H .CRT$XLA                DATA
 0002:00000abc 00000004H .CRT$XLZ                DATA
 0002:00000ac0 00000104H .CRT$XPA                DATA
 0002:00000bc4 00000104H .CRT$XPZ                DATA
 0002:00000cc8 00000104H .CRT$XTA                DATA
 0002:00000dcc 00000104H .CRT$XTZ                DATA
 0002:00000ed0 00012338H .rdata                  DATA
 0002:00013208 0000011cH .rdata$T                DATA
 0002:00013324 000010acH .rdata$r                DATA
 0002:000143d0 0000060cH .rdata$sxdata           DATA
 0002:000149dc 0000016cH .rdata$zzzdbg           DATA
 0002:00014b48 00000104H .rtc$IAA                DATA
 0002:00014c4c 000001a0H .rtc$IMZ                DATA
 0002:00014dec 00000104H .rtc$IZZ                DATA
 0002:00014ef0 00000104H .rtc$TAA                DATA
 0002:00014ff4 000001a0H .rtc$TMZ                DATA
 0002:00015194 00000104H .rtc$TZZ                DATA
 0002:00015298 00004c3cH .xdata$x                DATA
 0002:00019ed4 00000104H ATL$__a                 DATA
 0002:00019fd8 00000104H ATL$__z                 DATA
 0002:0001a0dc 00000000H .edata                  DATA
 0003:00000000 00000318H .data                   DATA
 0003:00000318 000006f0H .data$r                 DATA
 0003:00000a08 000045a4H .bss                    DATA
 0004:00000000 00000c9cH .idata$5                DATA
 0004:00000c9c 0000012cH .idata$2                DATA
 0004:00000dc8 00000014H .idata$3                DATA
 0004:00000ddc 00000c9cH .idata$4                DATA
 0004:00001a78 00001299H .idata$6                DATA
 0005:00000000 00000108H .tls                    DATA
 0005:00000108 00000139H .tls$                   DATA
 0005:00000241 00000101H .tls$ZZZ                DATA
 0006:00000000 00000239H .gfids$y                DATA
 0007:00000000 00000104H .00cfg                  DATA
 0008:00000000 00000104H .giats$y                DATA
 0009:00000000 00000a30H .rsrc$01                DATA
 0009:00000a30 0001a123H .rsrc$02                DATA

  Address         Publics by Value              Rva+Base       Lib:Object

 0000:00000000       ___guard_iat_table         00000000     <absolute>
 0000:00000000       ___guard_fids_table        00000000     <absolute>
 0000:00000000       ___guard_longjmp_table     00000000     <absolute>
 0000:00000000       ___guard_iat_count         00000000     <absolute>
 0000:00000000       ___guard_fids_count        00000000     <absolute>
 0000:00000000       ___guard_longjmp_count     00000000     <absolute>
 0000:00000000       ___dynamic_value_reloc_table 00000000     <absolute>
 0000:0000002c       __tls_array                0000002c     <absolute>
 0000:00000100       ___guard_flags             00000100     <absolute>
 0000:0000010d       ___safe_se_handler_count   0000010d     <absolute>
 0000:00000000       ___ImageBase               00400000     <linker-defined>
 0001:00007a70       ??$__vcrt_va_start_verify_argument_type@QBD@@YAXXZ 00408a70 f i asmserv.obj
 0001:00007aa0       ?Decodeaddress@@YAHKPADH0@Z 00408aa0 f   asmserv.obj
 0001:00007ad0       ?Disassembleback@@YAKPADKKKH@Z 00408ad0 f   asmserv.obj
 0001:00007d80       ?Disassembleforward@@YAKPADKKKH@Z 00408d80 f   asmserv.obj
 0001:00007f10       ?Isfilling@@YAHKPADKK@Z    00408f10 f   asmserv.obj
 0001:00008210       ?Print3dnow@@YAHPAD0@Z     00409210 f   asmserv.obj
 0001:000082d0       ?Printfloat10@@YAHPADO@Z   004092d0 f   asmserv.obj
 0001:000086f0       ?Printfloat4@@YAHPADM@Z    004096f0 f   asmserv.obj
 0001:00008850       ?Printfloat8@@YAHPADN@Z    00409850 f   asmserv.obj
 0001:000089f0       ___local_stdio_printf_options 004099f0 f i asmserv.obj
 0001:00008a30       __vsnprintf_l              00409a30 f i asmserv.obj
 0001:00008ae0       __vsprintf_l               00409ae0 f i asmserv.obj
 0001:00008b40       _sprintf                   00409b40 f i asmserv.obj
 0001:00008bc0       ??$_strupr_s@$0BAA@@@YAHAAY0BAA@D@Z 00409bc0 f i assembl.obj
 0001:00008c20       ?Assemble@@YAHPADKPAUt_asmmodel@@HH0@Z 00409c20 f   assembl.obj
 0001:0000f370       _powl                      00410370 f i assembl.obj
 0001:0000f3e0       ??$__vcrt_va_start_verify_argument_type@PBD@@YAXXZ 004103e0 f i disasm.obj
 0001:0000f410       ??$sprintf_s@$0BAA@@@YAHAAY0BAA@DPBDZZ 00410410 f i disasm.obj
 0001:0000f480       ?Checkcondition@@YAHHK@Z   00410480 f   disasm.obj
 0001:00012370       ?Disasm@@YAKPADKKPAUt_disasm@@H@Z 00413370 f   disasm.obj
 0001:00015ae0       __vsprintf_s_l             00416ae0 f i disasm.obj
 0001:00015b90       _vsprintf_s                00416b90 f i disasm.obj
 0001:00015bf0       ??0Ini@@QAE@XZ             00416bf0 f   Ini.obj
 0001:00015c50       ??1Ini@@QAE@XZ             00416c50 f   Ini.obj
 0001:00015c90       ?GetIntKey@Ini@@QAEHPAD00@Z 00416c90 f   Ini.obj
 0001:00015d60       ?GetPath@Ini@@QAEPADXZ     00416d60 f   Ini.obj
 0001:00015da0       ?GetStrKey@Ini@@QAEXPAD000@Z 00416da0 f   Ini.obj
 0001:00015e80       ?strrchr@@YAPADQADH@Z      00416e80 f i Ini.obj
 0001:00015ee0       ??$?0AAU?$_Wrap_alloc@V?$allocator@D@std@@@std@@@?$_Wrap_alloc@V?$allocator@U_Container_proxy@std@@@std@@@std@@QAE@AAU?$_Wrap_alloc@V?$allocator@D@std@@@1@@Z 00416ee0 f i DebugLog.obj
 0001:00015f50       ??$?0D@?$allocator@U_Container_proxy@std@@@std@@QAE@ABV?$allocator@D@1@@Z 00416f50 f i DebugLog.obj
 0001:00015f90       ??$_Unfancy@D@std@@YAPADPAD@Z 00416f90 f i DebugLog.obj
 0001:00015fd0       ??$addressof@PAD@std@@YAPAPADAAPAD@Z 00416fd0 f i DebugLog.obj
 0001:00016010       ??$addressof@U_Container_proxy@std@@@std@@YAPAU_Container_proxy@0@AAU10@@Z 00417010 f i DebugLog.obj
 0001:00016050       ??$destroy@PAD@?$_Wrap_alloc@V?$allocator@D@std@@@std@@QAEXPAPAD@Z 00417050 f i DebugLog.obj
 0001:000160b0       ??$destroy@PAD@?$allocator@D@std@@QAEXPAPAD@Z 004170b0 f i DebugLog.obj
 0001:000160f0       ??$destroy@PAD@?$allocator_traits@V?$allocator@D@std@@@std@@SAXAAV?$allocator@D@1@PAPAD@Z 004170f0 f i DebugLog.obj
 0001:00016140       ??$destroy@U_Container_proxy@std@@@?$_Wrap_alloc@V?$allocator@U_Container_proxy@std@@@std@@@std@@QAEXPAU_Container_proxy@1@@Z 00417140 f i DebugLog.obj
 0001:000161a0       ??$destroy@U_Container_proxy@std@@@?$allocator@U_Container_proxy@std@@@std@@QAEXPAU_Container_proxy@1@@Z 004171a0 f i DebugLog.obj
 0001:000161e0       ??$destroy@U_Container_proxy@std@@@?$allocator_traits@V?$allocator@U_Container_proxy@std@@@std@@@std@@SAXAAV?$allocator@U_Container_proxy@std@@@1@PAU_Container_proxy@1@@Z 004171e0 f i DebugLog.obj
 0001:00016230       ??$forward@AAU?$_Wrap_alloc@V?$allocator@D@std@@@std@@@std@@YAAAU?$_Wrap_alloc@V?$allocator@D@std@@@0@AAU10@@Z 00417230 f i DebugLog.obj
 0001:00016270       ??1?$_Compressed_pair@U?$_Wrap_alloc@V?$allocator@D@std@@@std@@V?$_String_val@U?$_Simple_types@D@std@@@2@$00@std@@QAE@XZ 00417270 f i DebugLog.obj
 0001:000162c0       ??1?$_String_alloc@U?$_String_base_types@DV?$allocator@D@std@@@std@@@std@@QAE@XZ 004172c0 f i DebugLog.obj
 0001:00016350       ??1?$_String_val@U?$_Simple_types@D@std@@@std@@QAE@XZ 00417350 f i DebugLog.obj
 0001:000163b0       ??1?$basic_string@DU?$char_traits@D@std@@V?$allocator@D@2@@std@@QAE@XZ 004173b0 f i DebugLog.obj
 0001:00016450       ??1_Bxty@?$_String_val@U?$_Simple_types@D@std@@@std@@QAE@XZ 00417450 f i DebugLog.obj
 0001:00016490       ??1_Container_base12@std@@QAE@XZ 00417490 f i DebugLog.obj
 0001:00016520       ?DebugLog@SurrealDebugLog@@YAXABV?$basic_string@DU?$char_traits@D@std@@V?$allocator@D@2@@std@@@Z 00417520 f   DebugLog.obj
 0001:00016550       ?DebugLog@SurrealDebugLog@@YAXABV?$basic_string@DU?$char_traits@D@std@@V?$allocator@D@2@@std@@V23@@Z 00417550 f   DebugLog.obj
 0001:000165a0       ?DebugLogHex@SurrealDebugLog@@YAXABV?$basic_string@DU?$char_traits@D@std@@V?$allocator@D@2@@std@@AAV23@I@Z 004175a0 f   DebugLog.obj
 0001:000165d0       ?_Bx@?$_String_alloc@U?$_String_base_types@DV?$allocator@D@std@@@std@@@std@@QAEAAT_Bxty@?$_String_val@U?$_Simple_types@D@std@@@2@XZ 004175d0 f i DebugLog.obj
 0001:00016630       ?_Deallocate@std@@YAXPAXII@Z 00417630 f i DebugLog.obj
 0001:00016a50       ?_Eos@?$basic_string@DU?$char_traits@D@std@@V?$allocator@D@2@@std@@QAEXI@Z 00417a50 f i DebugLog.obj
 0001:00016ae0       ?_Free_proxy@?$_String_alloc@U?$_String_base_types@DV?$allocator@D@std@@@std@@@std@@QAEXXZ 00417ae0 f i DebugLog.obj
 0001:00016bd0       ?_Get_data@?$_String_alloc@U?$_String_base_types@DV?$allocator@D@std@@@std@@@std@@QAEAAV?$_String_val@U?$_Simple_types@D@std@@@2@XZ 00417bd0 f i DebugLog.obj
 0001:00016c20       ?_Get_first@?$_Compressed_pair@U?$_Wrap_alloc@V?$allocator@D@std@@@std@@V?$_String_val@U?$_Simple_types@D@std@@@2@$00@std@@QAEAAU?$_Wrap_alloc@V?$allocator@D@std@@@2@XZ 00417c20 f i DebugLog.obj
 0001:00016c60       ?_Get_second@?$_Compressed_pair@U?$_Wrap_alloc@V?$allocator@D@std@@@std@@V?$_String_val@U?$_Simple_types@D@std@@@2@$00@std@@QAEAAV?$_String_val@U?$_Simple_types@D@std@@@2@XZ 00417c60 f i DebugLog.obj
 0001:00016ca0       ?_Getal@?$_String_alloc@U?$_String_base_types@DV?$allocator@D@std@@@std@@@std@@QAEAAU?$_Wrap_alloc@V?$allocator@D@std@@@2@XZ 00417ca0 f i DebugLog.obj
 0001:00016cf0       ?_Myproxy@?$_String_alloc@U?$_String_base_types@DV?$allocator@D@std@@@std@@@std@@QAEAAPAU_Container_proxy@2@XZ 00417cf0 f i DebugLog.obj
 0001:00016d40       ?_Myptr@?$_String_val@U?$_Simple_types@D@std@@@std@@QAEPADXZ 00417d40 f i DebugLog.obj
 0001:00016dd0       ?_Myres@?$_String_alloc@U?$_String_base_types@DV?$allocator@D@std@@@std@@@std@@QAEAAIXZ 00417dd0 f i DebugLog.obj
 0001:00016e30       ?_Orphan_all@?$_String_alloc@U?$_String_base_types@DV?$allocator@D@std@@@std@@@std@@QAEXXZ 00417e30 f i DebugLog.obj
 0001:00016e90       ?_Orphan_all@_Container_base12@std@@QAEXXZ 00417e90 f i DebugLog.obj
 0001:00016fa0       ?_Tidy@?$basic_string@DU?$char_traits@D@std@@V?$allocator@D@2@@std@@QAEX_NI@Z 00417fa0 f i DebugLog.obj
 0001:000170c0       ?__empty_global_delete@@YAXPAX@Z 004180c0 f i DebugLog.obj
 0001:000170f0       ?__empty_global_delete@@YAXPAXI@Z 004180f0 f i DebugLog.obj
 0001:000170f0       ?__global_delete@@YAXPAXI@Z 004180f0 f i DebugLog.obj
 0001:00017120       ?address@?$_Wrap_alloc@V?$allocator@U_Container_proxy@std@@@std@@@std@@QBEPAU_Container_proxy@2@AAU32@@Z 00418120 f i DebugLog.obj
 0001:00017180       ?assign@?$char_traits@D@std@@SAXAADABD@Z 00418180 f i DebugLog.obj
 0001:000171c0       ?copy@?$char_traits@D@std@@SAPADPADPBDI@Z 004181c0 f i DebugLog.obj
 0001:00017240       ?deallocate@?$_Wrap_alloc@V?$allocator@D@std@@@std@@QAEXPADI@Z 00418240 f i DebugLog.obj
 0001:000172a0       ?deallocate@?$_Wrap_alloc@V?$allocator@U_Container_proxy@std@@@std@@@std@@QAEXPAU_Container_proxy@2@I@Z 004182a0 f i DebugLog.obj
 0001:00017300       ?deallocate@?$allocator@D@std@@QAEXPADI@Z 00418300 f i DebugLog.obj
 0001:00017360       ?deallocate@?$allocator@U_Container_proxy@std@@@std@@QAEXPAU_Container_proxy@2@I@Z 00418360 f i DebugLog.obj
 0001:000173c0       ?pointer_to@?$pointer_traits@PAU_Container_proxy@std@@@std@@SAPAU_Container_proxy@2@AAU32@@Z 004183c0 f i DebugLog.obj
 0001:00017410       ??$?0$$QAV?$basic_string@DU?$char_traits@D@std@@V?$allocator@D@2@@std@@$$Z$$V@?$pair@$$CBV?$basic_string@DU?$char_traits@D@std@@V?$allocator@D@2@@std@@H@std@@QAE@Upiecewise_construct_t@1@V?$tuple@$$QAV?$basic_string@DU?$char_traits@D@std@@V?$allocator@D@2@@std@@@1@V?$tuple@$$V@1@@Z 00418410 f i log4z.obj
 0001:00017490       ??$?0$$V@?$_Compressed_pair@U?$_Wrap_alloc@V?$allocator@D@std@@@std@@V?$_String_val@U?$_Simple_types@D@std@@@2@$00@std@@QAE@U_Zero_then_variadic_args_t@1@@Z 00418490 f i log4z.obj
 0001:000174f0       ??$?0$$V@?$_Compressed_pair@U?$_Wrap_alloc@V?$allocator@PAULogData@log4z@zsummer@@@std@@@std@@V?$_Deque_val@U?$_Deque_simple_types@PAULogData@log4z@zsummer@@@std@@@2@$00@std@@QAE@U_Zero_then_variadic_args_t@1@@Z 004184f0 f i log4z.obj
 0001:00017550       ??$?0$$V@?$_Compressed_pair@U?$_Wrap_alloc@V?$allocator@PAULogData@log4z@zsummer@@@std@@@std@@V?$_Vector_val@U?$_Simple_types@PAULogData@log4z@zsummer@@@std@@@2@$00@std@@QAE@U_Zero_then_variadic_args_t@1@@Z 00418550 f i log4z.obj
 0001:000175b0       ??$?0$$V@?$_Compressed_pair@U?$_Wrap_alloc@V?$allocator@U?$_List_node@U?$pair@_JV?$basic_string@DU?$char_traits@D@std@@V?$allocator@D@2@@std@@@std@@PAX@std@@@std@@@std@@V?$_List_val@U?$_List_simple_types@U?$pair@_JV?$basic_string@DU?$char_traits@D@std@@V?$allocator@D@2@@std@@@std@@@std@@@2@$00@std@@QAE@U_Zero_then_variadic_args_t@1@@Z 004185b0 f i log4z.obj
 0001:00017610       ??$?0$$V@?$_Compressed_pair@U?$_Wrap_alloc@V?$allocator@U?$_Tree_node@U?$pair@$$CBV?$basic_string@DU?$char_traits@D@std@@V?$allocator@D@2@@std@@H@std@@PAX@std@@@std@@@std@@V?$_Tree_val@U?$_Tree_simple_types@U?$pair@$$CBV?$basic_string@DU?$char_traits@D@std@@V?$allocator@D@2@@std@@H@std@@@std@@@2@$00@std@@QAE@U_Zero_then_variadic_args_t@1@@Z 00418610 f i log4z.obj
 0001:00017670       ??$?0$$V@?$_Compressed_pair@U?$_Wrap_alloc@V?$allocator@U?$_Tree_node@U?$pair@$$CBV?$basic_string@DU?$char_traits@D@std@@V?$allocator@D@2@@std@@ULoggerInfo@log4z@zsummer@@@std@@PAX@std@@@std@@@std@@V?$_Tree_val@U?$_Tree_simple_types@U?$pair@$$CBV?$basic_string@DU?$char_traits@D@std@@V?$allocator@D@2@@std@@ULoggerInfo@log4z@zsummer@@@std@@@std@@@2@$00@std@@QAE@U_Zero_then_variadic_args_t@1@@Z 00418670 f i log4z.obj
 0001:000176d0       ??$?0AAU?$_Wrap_alloc@V?$allocator@PAULogData@log4z@zsummer@@@std@@@std@@@?$_Wrap_alloc@V?$allocator@PAPAULogData@log4z@zsummer@@@std@@@std@@QAE@AAU?$_Wrap_alloc@V?$allocator@PAULogData@log4z@zsummer@@@std@@@1@@Z 004186d0 f i log4z.obj
 0001:00017740       ??$?0AAU?$_Wrap_alloc@V?$allocator@PAULogData@log4z@zsummer@@@std@@@std@@@?$_Wrap_alloc@V?$allocator@U_Container_proxy@std@@@std@@@std@@QAE@AAU?$_Wrap_alloc@V?$allocator@PAULogData@log4z@zsummer@@@std@@@1@@Z 00418740 f i log4z.obj
 0001:000177b0       ??$?0AAU?$_Wrap_alloc@V?$allocator@U?$_List_node@U?$pair@_JV?$basic_string@DU?$char_traits@D@std@@V?$allocator@D@2@@std@@@std@@PAX@std@@@std@@@std@@@?$_Wrap_alloc@V?$allocator@U_Container_proxy@std@@@std@@@std@@QAE@AAU?$_Wrap_alloc@V?$allocator@U?$_List_node@U?$pair@_JV?$basic_string@DU?$char_traits@D@std@@V?$allocator@D@2@@std@@@std@@PAX@std@@@std@@@1@@Z 004187b0 f i log4z.obj
 0001:00017820       ??$?0AAU?$_Wrap_alloc@V?$allocator@U?$_Tree_node@U?$pair@$$CBV?$basic_string@DU?$char_traits@D@std@@V?$allocator@D@2@@std@@H@std@@PAX@std@@@std@@@std@@@?$_Wrap_alloc@V?$allocator@U_Container_proxy@std@@@std@@@std@@QAE@AAU?$_Wrap_alloc@V?$allocator@U?$_Tree_node@U?$pair@$$CBV?$basic_string@DU?$char_traits@D@std@@V?$allocator@D@2@@std@@H@std@@PAX@std@@@std@@@1@@Z 00418820 f i log4z.obj
 0001:00017890       ??$?0AAU?$_Wrap_alloc@V?$allocator@U?$_Tree_node@U?$pair@$$CBV?$basic_string@DU?$char_traits@D@std@@V?$allocator@D@2@@std@@ULoggerInfo@log4z@zsummer@@@std@@PAX@std@@@std@@@std@@@?$_Wrap_alloc@V?$allocator@U_Container_proxy@std@@@std@@@std@@QAE@AAU?$_Wrap_alloc@V?$allocator@U?$_Tree_node@U?$pair@$$CBV?$basic_string@DU?$char_traits@D@std@@V?$allocator@D@2@@std@@ULoggerInfo@log4z@zsummer@@@std@@PAX@std@@@std@@@1@@Z 00418890 f i log4z.obj
 0001:00017900       ??$?0AAV?$_Tree_iterator@V?$_Tree_val@U?$_Tree_simple_types@U?$pair@$$CBV?$basic_string@DU?$char_traits@D@std@@V?$allocator@D@2@@std@@H@std@@@std@@@std@@@std@@_NX$0A@@?$pair@V?$_Tree_iterator@V?$_Tree_val@U?$_Tree_simple_types@U?$pair@$$CBV?$basic_string@DU?$char_traits@D@std@@V?$allocator@D@2@@std@@H@std@@@std@@@std@@@std@@_N@std@@QAE@AAV?$_Tree_iterator@V?$_Tree_val@U?$_Tree_simple_types@U?$pair@$$CBV?$basic_string@DU?$char_traits@D@std@@V?$allocator@D@2@@std@@H@std@@@std@@@std@@@1@$$QA_N@Z 00418900 f i log4z.obj
 0001:00017980       ??$?0AAV?$_Tree_iterator@V?$_Tree_val@U?$_Tree_simple_types@U?$pair@$$CBV?$basic_string@DU?$char_traits@D@std@@V?$allocator@D@2@@std@@ULoggerInfo@log4z@zsummer@@@std@@@std@@@std@@@std@@_NX$0A@@?$pair@V?$_Tree_iterator@V?$_Tree_val@U?$_Tree_simple_types@U?$pair@$$CBV?$basic_string@DU?$char_traits@D@std@@V?$allocator@D@2@@std@@ULoggerInfo@log4z@zsummer@@@std@@@std@@@std@@@std@@_N@std@@QAE@AAV?$_Tree_iterator@V?$_Tree_val@U?$_Tree_simple_types@U?$pair@$$CBV?$basic_string@DU?$char_traits@D@std@@V?$allocator@D@2@@std@@ULoggerInfo@log4z@zsummer@@@std@@@std@@@std@@@1@$$QA_N@Z 00418980 f i log4z.obj
 0001:00017a00       ??$?0AAV?$basic_string@DU?$char_traits@D@std@@V?$allocator@D@2@@std@@AAULoggerInfo@log4z@zsummer@@X$0A@@?$pair@V?$basic_string@DU?$char_traits@D@std@@V?$allocator@D@2@@std@@ULoggerInfo@log4z@zsummer@@@std@@QAE@AAV?$basic_string@DU?$char_traits@D@std@@V?$allocator@D@2@@1@AAULoggerInfo@log4z@zsummer@@@Z 00418a00 f i log4z.obj
 0001:00017ad0       ??$?0ABU?$less@V?$basic_string@DU?$char_traits@D@std@@V?$allocator@D@2@@std@@@std@@U_Zero_then_variadic_args_t@1@@?$_Compressed_pair@U?$less@V?$basic_string@DU?$char_traits@D@std@@V?$allocator@D@2@@std@@@std@@V?$_Compressed_pair@U?$_Wrap_alloc@V?$allocator@U?$_Tree_node@U?$pair@$$CBV?$basic_string@DU?$char_traits@D@std@@V?$allocator@D@2@@std@@H@std@@PAX@std@@@std@@@std@@V?$_Tree_val@U?$_Tree_simple_types@U?$pair@$$CBV?$basic_string@DU?$char_traits@D@std@@V?$allocator@D@2@@std@@H@std@@@std@@@2@$00@2@$00@std@@QAE@U_One_then_variadic_args_t@1@ABU?$less@V?$basic_string@DU?$char_traits@D@std@@V?$allocator@D@2@@std@@@1@$$QAU_Zero_then_variadic_args_t@1@@Z 00418ad0 f i log4z.obj
 0001:00017b50       ??$?0ABU?$less@V?$basic_string@DU?$char_traits@D@std@@V?$allocator@D@2@@std@@@std@@U_Zero_then_variadic_args_t@1@@?$_Compressed_pair@U?$less@V?$basic_string@DU?$char_traits@D@std@@V?$allocator@D@2@@std@@@std@@V?$_Compressed_pair@U?$_Wrap_alloc@V?$allocator@U?$_Tree_node@U?$pair@$$CBV?$basic_string@DU?$char_traits@D@std@@V?$allocator@D@2@@std@@ULoggerInfo@log4z@zsummer@@@std@@PAX@std@@@std@@@std@@V?$_Tree_val@U?$_Tree_simple_types@U?$pair@$$CBV?$basic_string@DU?$char_traits@D@std@@V?$allocator@D@2@@std@@ULoggerInfo@log4z@zsummer@@@std@@@std@@@2@$00@2@$00@std@@QAE@U_One_then_variadic_args_t@1@ABU?$less@V?$basic_string@DU?$char_traits@D@std@@V?$allocator@D@2@@std@@@1@$$QAU_Zero_then_variadic_args_t@1@@Z 00418b50 f i log4z.obj
 0001:00017bd0       ??$?0ABV?$allocator@D@std@@$$V@?$_Compressed_pair@U?$_Wrap_alloc@V?$allocator@D@std@@@std@@V?$_String_val@U?$_Simple_types@D@std@@@2@$00@std@@QAE@U_One_then_variadic_args_t@1@ABV?$allocator@D@1@@Z 00418bd0 f i log4z.obj
 0001:00017c40       ??$?0ABV?$allocator@D@std@@@?$_Wrap_alloc@V?$allocator@D@std@@@std@@QAE@ABV?$allocator@D@1@@Z 00418c40 f i log4z.obj
 0001:00017cb0       ??$?0ABV?$allocator@D@std@@X@?$_String_alloc@U?$_String_base_types@DV?$allocator@D@std@@@std@@@std@@QAE@ABV?$allocator@D@1@@Z 00418cb0 f i log4z.obj
 0001:00017d70       ??$?0ABV?$basic_string@DU?$char_traits@D@std@@V?$allocator@D@2@@std@@$$Z$$V@?$pair@$$CBV?$basic_string@DU?$char_traits@D@std@@V?$allocator@D@2@@std@@H@std@@QAE@Upiecewise_construct_t@1@V?$tuple@ABV?$basic_string@DU?$char_traits@D@std@@V?$allocator@D@2@@std@@@1@V?$tuple@$$V@1@@Z 00418d70 f i log4z.obj
 0001:00017df0       ??$?0ABV?$basic_string@DU?$char_traits@D@std@@V?$allocator@D@2@@std@@$0A@@?$tuple@ABV?$basic_string@DU?$char_traits@D@std@@V?$allocator@D@2@@std@@@std@@QAE@ABV?$basic_string@DU?$char_traits@D@std@@V?$allocator@D@2@@1@@Z 00418df0 f i log4z.obj
 0001:00017e70       ??$?0ABV?$basic_string@DU?$char_traits@D@std@@V?$allocator@D@2@@std@@@?$_Tuple_val@ABV?$basic_string@DU?$char_traits@D@std@@V?$allocator@D@2@@std@@@std@@QAE@ABV?$basic_string@DU?$char_traits@D@std@@V?$allocator@D@2@@1@@Z 00418e70 f i log4z.obj
 0001:00017ed0       ??$?0PAULogData@log4z@zsummer@@@?$allocator@PAPAULogData@log4z@zsummer@@@std@@QAE@ABV?$allocator@PAULogData@log4z@zsummer@@@1@@Z 00418ed0 f i log4z.obj
 0001:00017f10       ??$?0PAULogData@log4z@zsummer@@@?$allocator@U_Container_proxy@std@@@std@@QAE@ABV?$allocator@PAULogData@log4z@zsummer@@@1@@Z 00418f10 f i log4z.obj
 0001:00017f50       ??$?0U?$_List_node@U?$pair@_JV?$basic_string@DU?$char_traits@D@std@@V?$allocator@D@2@@std@@@std@@PAX@std@@@?$allocator@U_Container_proxy@std@@@std@@QAE@ABV?$allocator@U?$_List_node@U?$pair@_JV?$basic_string@DU?$char_traits@D@std@@V?$allocator@D@2@@std@@@std@@PAX@std@@@1@@Z 00418f50 f i log4z.obj
 0001:00017f90       ??$?0U?$_Tree_node@U?$pair@$$CBV?$basic_string@DU?$char_traits@D@std@@V?$allocator@D@2@@std@@H@std@@PAX@std@@@?$allocator@U_Container_proxy@std@@@std@@QAE@ABV?$allocator@U?$_Tree_node@U?$pair@$$CBV?$basic_string@DU?$char_traits@D@std@@V?$allocator@D@2@@std@@H@std@@PAX@std@@@1@@Z 00418f90 f i log4z.obj
 0001:00017fd0       ??$?0U?$_Tree_node@U?$pair@$$CBV?$basic_string@DU?$char_traits@D@std@@V?$allocator@D@2@@std@@ULoggerInfo@log4z@zsummer@@@std@@PAX@std@@@?$allocator@U_Container_proxy@std@@@std@@QAE@ABV?$allocator@U?$_Tree_node@U?$pair@$$CBV?$basic_string@DU?$char_traits@D@std@@V?$allocator@D@2@@std@@ULoggerInfo@log4z@zsummer@@@std@@PAX@std@@@1@@Z 00418fd0 f i log4z.obj
 0001:00018010       ??$?0U?$_Wrap_alloc@V?$allocator@D@std@@@std@@$$V@?$_Compressed_pair@U?$_Wrap_alloc@V?$allocator@D@std@@@std@@V?$_String_val@U?$_Simple_types@D@std@@@2@$00@std@@QAE@U_One_then_variadic_args_t@1@$$QAU?$_Wrap_alloc@V?$allocator@D@std@@@1@@Z 00419010 f i log4z.obj
 0001:00018080       ??$?0U?$_Wrap_alloc@V?$allocator@D@std@@@std@@X@?$_String_alloc@U?$_String_base_types@DV?$allocator@D@std@@@std@@@std@@QAE@$$QAU?$_Wrap_alloc@V?$allocator@D@std@@@1@@Z 00419080 f i log4z.obj
 0001:00018140       ??$?0U?$_Wrap_alloc@V?$allocator@U?$_List_node@U?$pair@_JV?$basic_string@DU?$char_traits@D@std@@V?$allocator@D@2@@std@@@std@@PAX@std@@@std@@@std@@$$V@?$_Compressed_pair@U?$_Wrap_alloc@V?$allocator@U?$_List_node@U?$pair@_JV?$basic_string@DU?$char_traits@D@std@@V?$allocator@D@2@@std@@@std@@PAX@std@@@std@@@std@@V?$_List_val@U?$_List_simple_types@U?$pair@_JV?$basic_string@DU?$char_traits@D@std@@V?$allocator@D@2@@std@@@std@@@std@@@2@$00@std@@QAE@U_One_then_variadic_args_t@1@$$QAU?$_Wrap_alloc@V?$allocator@U?$_List_node@U?$pair@_JV?$basic_string@DU?$char_traits@D@std@@V?$allocator@D@2@@std@@@std@@PAX@std@@@std@@@1@@Z 00419140 f i log4z.obj
 0001:000181b0       ??$?0U?$_Wrap_alloc@V?$allocator@U?$_List_node@U?$pair@_JV?$basic_string@DU?$char_traits@D@std@@V?$allocator@D@2@@std@@@std@@PAX@std@@@std@@@std@@X@?$_List_alloc@U?$_List_base_types@U?$pair@_JV?$basic_string@DU?$char_traits@D@std@@V?$allocator@D@2@@std@@@std@@V?$allocator@U?$pair@_JV?$basic_string@DU?$char_traits@D@std@@V?$allocator@D@2@@std@@@std@@@2@@std@@@std@@QAE@$$QAU?$_Wrap_alloc@V?$allocator@U?$_List_node@U?$pair@_JV?$basic_string@DU?$char_traits@D@std@@V?$allocator@D@2@@std@@@std@@PAX@std@@@std@@@1@@Z 004191b0 f i log4z.obj
 0001:000182e0       ??$?0U?$_Wrap_alloc@V?$allocator@U?$_List_node@U?$pair@_JV?$basic_string@DU?$char_traits@D@std@@V?$allocator@D@2@@std@@@std@@PAX@std@@@std@@@std@@X@?$_List_buy@U?$pair@_JV?$basic_string@DU?$char_traits@D@std@@V?$allocator@D@2@@std@@@std@@V?$allocator@U?$pair@_JV?$basic_string@DU?$char_traits@D@std@@V?$allocator@D@2@@std@@@std@@@2@@std@@QAE@$$QAU?$_Wrap_alloc@V?$allocator@U?$_List_node@U?$pair@_JV?$basic_string@DU?$char_traits@D@std@@V?$allocator@D@2@@std@@@std@@PAX@std@@@std@@@1@@Z 004192e0 f i log4z.obj
 0001:00018350       ??$?0U_Exact_args_t@std@@$0A@@?$tuple@$$V@std@@QAE@U_Exact_args_t@1@@Z 00419350 f i log4z.obj
 0001:00018390       ??$?0V?$_Tree_iterator@V?$_Tree_val@U?$_Tree_simple_types@U?$pair@$$CBV?$basic_string@DU?$char_traits@D@std@@V?$allocator@D@2@@std@@H@std@@@std@@@std@@@std@@_NX$0A@@?$pair@V?$_Tree_iterator@V?$_Tree_val@U?$_Tree_simple_types@U?$pair@$$CBV?$basic_string@DU?$char_traits@D@std@@V?$allocator@D@2@@std@@H@std@@@std@@@std@@@std@@_N@std@@QAE@$$QAV?$_Tree_iterator@V?$_Tree_val@U?$_Tree_simple_types@U?$pair@$$CBV?$basic_string@DU?$char_traits@D@std@@V?$allocator@D@2@@std@@H@std@@@std@@@std@@@1@$$QA_N@Z 00419390 f i log4z.obj
 0001:00018410       ??$?0V?$_Tree_iterator@V?$_Tree_val@U?$_Tree_simple_types@U?$pair@$$CBV?$basic_string@DU?$char_traits@D@std@@V?$allocator@D@2@@std@@ULoggerInfo@log4z@zsummer@@@std@@@std@@@std@@@std@@_NX$0A@@?$pair@V?$_Tree_iterator@V?$_Tree_val@U?$_Tree_simple_types@U?$pair@$$CBV?$basic_string@DU?$char_traits@D@std@@V?$allocator@D@2@@std@@ULoggerInfo@log4z@zsummer@@@std@@@std@@@std@@@std@@_N@std@@QAE@$$QAV?$_Tree_iterator@V?$_Tree_val@U?$_Tree_simple_types@U?$pair@$$CBV?$basic_string@DU?$char_traits@D@std@@V?$allocator@D@2@@std@@ULoggerInfo@log4z@zsummer@@@std@@@std@@@std@@@1@$$QA_N@Z 00419410 f i log4z.obj
 0001:00018490       ??$?0V?$allocator@D@std@@@?$_Wrap_alloc@V?$allocator@D@std@@@std@@QAE@$$QAV?$allocator@D@1@@Z 00419490 f i log4z.obj
 0001:00018500       ??$?0V?$allocator@U?$_List_node@U?$pair@_JV?$basic_string@DU?$char_traits@D@std@@V?$allocator@D@2@@std@@@std@@PAX@std@@@std@@@?$_Wrap_alloc@V?$allocator@U?$_List_node@U?$pair@_JV?$basic_string@DU?$char_traits@D@std@@V?$allocator@D@2@@std@@@std@@PAX@std@@@std@@@std@@QAE@$$QAV?$allocator@U?$_List_node@U?$pair@_JV?$basic_string@DU?$char_traits@D@std@@V?$allocator@D@2@@std@@@std@@PAX@std@@@1@@Z 00419500 f i log4z.obj
 0001:00018570       ??$?0V?$basic_string@DU?$char_traits@D@std@@V?$allocator@D@2@@std@@$$V$0A@@?$tuple@$$QAV?$basic_string@DU?$char_traits@D@std@@V?$allocator@D@2@@std@@@std@@QAE@$$QAV?$basic_string@DU?$char_traits@D@std@@V?$allocator@D@2@@1@@Z 00419570 f i log4z.obj
 0001:00018600       ??$?0V?$basic_string@DU?$char_traits@D@std@@V?$allocator@D@2@@std@@@?$_Tuple_val@$$QAV?$basic_string@DU?$char_traits@D@std@@V?$allocator@D@2@@std@@@std@@QAE@$$QAV?$basic_string@DU?$char_traits@D@std@@V?$allocator@D@2@@1@@Z 00419600 f i log4z.obj
 0001:00018660       ??$?0V?$basic_string@DU?$char_traits@D@std@@V?$allocator@D@2@@std@@PBDX$0A@@?$pair@V?$basic_string@DU?$char_traits@D@std@@V?$allocator@D@2@@std@@PBD@std@@QAE@ABV?$basic_string@DU?$char_traits@D@std@@V?$allocator@D@2@@1@ABQBD@Z 00419660 f i log4z.obj
 0001:000186d0       ??$?0V?$basic_string@DU?$char_traits@D@std@@V?$allocator@D@2@@std@@PBDX$0A@@?$pair@V?$basic_string@DU?$char_traits@D@std@@V?$allocator@D@2@@std@@V12@@std@@QAE@$$QAU?$pair@V?$basic_string@DU?$char_traits@D@std@@V?$allocator@D@2@@std@@PBD@1@@Z 004196d0 f i log4z.obj
 0001:000187a0       ??$?0V?$basic_string@DU?$char_traits@D@std@@V?$allocator@D@2@@std@@ULoggerInfo@log4z@zsummer@@X$0A@@?$pair@$$CBV?$basic_string@DU?$char_traits@D@std@@V?$allocator@D@2@@std@@ULoggerInfo@log4z@zsummer@@@std@@QAE@$$QAU?$pair@V?$basic_string@DU?$char_traits@D@std@@V?$allocator@D@2@@std@@ULoggerInfo@log4z@zsummer@@@1@@Z 004197a0 f i log4z.obj
 0001:00018870       ??$?0V?$basic_string@DU?$char_traits@D@std@@V?$allocator@D@2@@std@@V01@X$0A@@?$pair@V?$basic_string@DU?$char_traits@D@std@@V?$allocator@D@2@@std@@V12@@std@@QAE@$$QAV?$basic_string@DU?$char_traits@D@std@@V?$allocator@D@2@@1@0@Z 00419870 f i log4z.obj
 0001:00018900       ??$?0V?$tuple@$$QAV?$basic_string@DU?$char_traits@D@std@@V?$allocator@D@2@@std@@@std@@V?$tuple@$$V@1@$0A@$$Z$S@?$pair@$$CBV?$basic_string@DU?$char_traits@D@std@@V?$allocator@D@2@@std@@H@std@@QAE@AAV?$tuple@$$QAV?$basic_string@DU?$char_traits@D@std@@V?$allocator@D@2@@std@@@1@AAV?$tuple@$$V@1@U?$integer_sequence@I$0A@@1@U?$integer_sequence@I$S@1@@Z 00419900 f i log4z.obj
 0001:00018980       ??$?0V?$tuple@ABV?$basic_string@DU?$char_traits@D@std@@V?$allocator@D@2@@std@@@std@@V?$tuple@$$V@1@$0A@$$Z$S@?$pair@$$CBV?$basic_string@DU?$char_traits@D@std@@V?$allocator@D@2@@std@@H@std@@QAE@AAV?$tuple@ABV?$basic_string@DU?$char_traits@D@std@@V?$allocator@D@2@@std@@@1@AAV?$tuple@$$V@1@U?$integer_sequence@I$0A@@1@U?$integer_sequence@I$S@1@@Z 00419980 f i log4z.obj
 0001:00018a00       ??$?0_JAAV?$basic_string@DU?$char_traits@D@std@@V?$allocator@D@2@@std@@X$0A@@?$pair@_JV?$basic_string@DU?$char_traits@D@std@@V?$allocator@D@2@@std@@@std@@QAE@$$QA_JAAV?$basic_string@DU?$char_traits@D@std@@V?$allocator@D@2@@1@@Z 00419a00 f i log4z.obj
 0001:00018a90       ??$?6DU?$char_traits@D@std@@V?$allocator@D@1@@Log4zStream@log4z@zsummer@@QAEAAV012@ABV?$basic_string@DU?$char_traits@D@std@@V?$allocator@D@2@@std@@@Z 00419a90 f i log4z.obj
 0001:00018b00       ??$?8DD@std@@YA_NABV?$allocator@D@0@0@Z 00419b00 f i log4z.obj
 0001:00018b30       ??$?8DU?$char_traits@D@std@@V?$allocator@D@1@@std@@YA_NABV?$basic_string@DU?$char_traits@D@std@@V?$allocator@D@2@@0@0@Z 00419b30 f i log4z.obj
 0001:00018bb0       ??$?8DU?$char_traits@D@std@@V?$allocator@D@1@@std@@YA_NABV?$basic_string@DU?$char_traits@D@std@@V?$allocator@D@2@@0@PBD@Z 00419bb0 f i log4z.obj
 0001:00018c30       ??$?8PAULogData@log4z@zsummer@@PAU012@@std@@YA_NABV?$allocator@PAULogData@log4z@zsummer@@@0@0@Z 00419c30 f i log4z.obj
 0001:00018c60       ??$?8V?$allocator@D@std@@V01@@std@@YA_NABU?$_Wrap_alloc@V?$allocator@D@std@@@0@0@Z 00419c60 f i log4z.obj
 0001:00018cc0       ??$?8V?$allocator@PAULogData@log4z@zsummer@@@std@@V01@@std@@YA_NABU?$_Wrap_alloc@V?$allocator@PAULogData@log4z@zsummer@@@std@@@0@0@Z 00419cc0 f i log4z.obj
 0001:00018d20       ??$?9DU?$char_traits@D@std@@V?$allocator@D@1@@std@@YA_NABV?$basic_string@DU?$char_traits@D@std@@V?$allocator@D@2@@0@0@Z 00419d20 f i log4z.obj
 0001:00018da0       ??$?9V?$allocator@D@std@@V01@@std@@YA_NABU?$_Wrap_alloc@V?$allocator@D@std@@@0@0@Z 00419da0 f i log4z.obj
 0001:00018e20       ??$?9V?$allocator@PAULogData@log4z@zsummer@@@std@@V01@@std@@YA_NABU?$_Wrap_alloc@V?$allocator@PAULogData@log4z@zsummer@@@std@@@0@0@Z 00419e20 f i log4z.obj
 0001:00018ea0       ??$?MDU?$char_traits@D@std@@V?$allocator@D@1@@std@@YA_NABV?$basic_string@DU?$char_traits@D@std@@V?$allocator@D@2@@0@0@Z 00419ea0 f i log4z.obj
 0001:00018f20       ??$_Buynode@ABU?$pair@_JV?$basic_string@DU?$char_traits@D@std@@V?$allocator@D@2@@std@@@std@@@?$_List_buy@U?$pair@_JV?$basic_string@DU?$char_traits@D@std@@V?$allocator@D@2@@std@@@std@@V?$allocator@U?$pair@_JV?$basic_string@DU?$char_traits@D@std@@V?$allocator@D@2@@std@@@std@@@2@@std@@QAEPAU?$_List_node@U?$pair@_JV?$basic_string@DU?$char_traits@D@std@@V?$allocator@D@2@@std@@@std@@PAX@1@PAU21@0ABU?$pair@_JV?$basic_string@DU?$char_traits@D@std@@V?$allocator@D@2@@std@@@1@@Z 00419f20 f i log4z.obj
 0001:00019060       ??$_Buynode@ABUpiecewise_construct_t@std@@V?$tuple@$$QAV?$basic_string@DU?$char_traits@D@std@@V?$allocator@D@2@@std@@@2@V?$tuple@$$V@2@@?$_Tree_comp_alloc@V?$_Tmap_traits@V?$basic_string@DU?$char_traits@D@std@@V?$allocator@D@2@@std@@HU?$less@V?$basic_string@DU?$char_traits@D@std@@V?$allocator@D@2@@std@@@2@V?$allocator@U?$pair@$$CBV?$basic_string@DU?$char_traits@D@std@@V?$allocator@D@2@@std@@H@std@@@2@$0A@@std@@@std@@QAEPAU?$_Tree_node@U?$pair@$$CBV?$basic_string@DU?$char_traits@D@std@@V?$allocator@D@2@@std@@H@std@@PAX@1@ABUpiecewise_construct_t@1@$$QAV?$tuple@$$QAV?$basic_string@DU?$char_traits@D@std@@V?$allocator@D@2@@std@@@1@$$QAV?$tuple@$$V@1@@Z 0041a060 f i log4z.obj
 0001:000191d0       ??$_Buynode@ABUpiecewise_construct_t@std@@V?$tuple@ABV?$basic_string@DU?$char_traits@D@std@@V?$allocator@D@2@@std@@@2@V?$tuple@$$V@2@@?$_Tree_comp_alloc@V?$_Tmap_traits@V?$basic_string@DU?$char_traits@D@std@@V?$allocator@D@2@@std@@HU?$less@V?$basic_string@DU?$char_traits@D@std@@V?$allocator@D@2@@std@@@2@V?$allocator@U?$pair@$$CBV?$basic_string@DU?$char_traits@D@std@@V?$allocator@D@2@@std@@H@std@@@2@$0A@@std@@@std@@QAEPAU?$_Tree_node@U?$pair@$$CBV?$basic_string@DU?$char_traits@D@std@@V?$allocator@D@2@@std@@H@std@@PAX@1@ABUpiecewise_construct_t@1@$$QAV?$tuple@ABV?$basic_string@DU?$char_traits@D@std@@V?$allocator@D@2@@std@@@1@$$QAV?$tuple@$$V@1@@Z 0041a1d0 f i log4z.obj
 0001:00019340       ??$_Buynode@U?$pair@V?$basic_string@DU?$char_traits@D@std@@V?$allocator@D@2@@std@@ULoggerInfo@log4z@zsummer@@@std@@@?$_Tree_comp_alloc@V?$_Tmap_traits@V?$basic_string@DU?$char_traits@D@std@@V?$allocator@D@2@@std@@ULoggerInfo@log4z@zsummer@@U?$less@V?$basic_string@DU?$char_traits@D@std@@V?$allocator@D@2@@std@@@2@V?$allocator@U?$pair@$$CBV?$basic_string@DU?$char_traits@D@std@@V?$allocator@D@2@@std@@ULoggerInfo@log4z@zsummer@@@std@@@2@$0A@@std@@@std@@QAEPAU?$_Tree_node@U?$pair@$$CBV?$basic_string@DU?$char_traits@D@std@@V?$allocator@D@2@@std@@ULoggerInfo@log4z@zsummer@@@std@@PAX@1@$$QAU?$pair@V?$basic_string@DU?$char_traits@D@std@@V?$allocator@D@2@@std@@ULoggerInfo@log4z@zsummer@@@1@@Z 0041a340 f i log4z.obj
 0001:00019490       ??$_Buynode@U?$pair@_JV?$basic_string@DU?$char_traits@D@std@@V?$allocator@D@2@@std@@@std@@@?$_List_buy@U?$pair@_JV?$basic_string@DU?$char_traits@D@std@@V?$allocator@D@2@@std@@@std@@V?$allocator@U?$pair@_JV?$basic_string@DU?$char_traits@D@std@@V?$allocator@D@2@@std@@@std@@@2@@std@@QAEPAU?$_List_node@U?$pair@_JV?$basic_string@DU?$char_traits@D@std@@V?$allocator@D@2@@std@@@std@@PAX@1@PAU21@0$$QAU?$pair@_JV?$basic_string@DU?$char_traits@D@std@@V?$allocator@D@2@@std@@@1@@Z 0041a490 f i log4z.obj
 0001:000195d0       ??$_Buynode_if_nil@AAU?$pair@$$CBV?$basic_string@DU?$char_traits@D@std@@V?$allocator@D@2@@std@@H@std@@@?$_Tree@V?$_Tmap_traits@V?$basic_string@DU?$char_traits@D@std@@V?$allocator@D@2@@std@@HU?$less@V?$basic_string@DU?$char_traits@D@std@@V?$allocator@D@2@@std@@@2@V?$allocator@U?$pair@$$CBV?$basic_string@DU?$char_traits@D@std@@V?$allocator@D@2@@std@@H@std@@@2@$0A@@std@@@std@@IAEPAU?$_Tree_node@U?$pair@$$CBV?$basic_string@DU?$char_traits@D@std@@V?$allocator@D@2@@std@@H@std@@PAX@1@PAU21@AAU?$pair@$$CBV?$basic_string@DU?$char_traits@D@std@@V?$allocator@D@2@@std@@H@1@@Z 0041a5d0 f i log4z.obj
 0001:00019610       ??$_Buynode_if_nil@AAU?$pair@$$CBV?$basic_string@DU?$char_traits@D@std@@V?$allocator@D@2@@std@@ULoggerInfo@log4z@zsummer@@@std@@@?$_Tree@V?$_Tmap_traits@V?$basic_string@DU?$char_traits@D@std@@V?$allocator@D@2@@std@@ULoggerInfo@log4z@zsummer@@U?$less@V?$basic_string@DU?$char_traits@D@std@@V?$allocator@D@2@@std@@@2@V?$allocator@U?$pair@$$CBV?$basic_string@DU?$char_traits@D@std@@V?$allocator@D@2@@std@@ULoggerInfo@log4z@zsummer@@@std@@@2@$0A@@std@@@std@@IAEPAU?$_Tree_node@U?$pair@$$CBV?$basic_string@DU?$char_traits@D@std@@V?$allocator@D@2@@std@@ULoggerInfo@log4z@zsummer@@@std@@PAX@1@PAU21@AAU?$pair@$$CBV?$basic_string@DU?$char_traits@D@std@@V?$allocator@D@2@@std@@ULoggerInfo@log4z@zsummer@@@1@@Z 0041a610 f i log4z.obj
 0001:00019650       ??$_Const_cast@$$CBD@std@@YA@PBD@Z 0041a650 f i log4z.obj
 0001:00019690       ??$_Copy_memmove@PAPAPAULogData@log4z@zsummer@@PAPAPAU123@@std@@YAPAPAPAULogData@log4z@zsummer@@PAPAPAU123@00@Z 0041a690 f i log4z.obj
 0001:00019720       ??$_Copy_memmove@PAPAULogData@log4z@zsummer@@PAPAU123@@std@@YAPAPAULogData@log4z@zsummer@@PAPAU123@00@Z 0041a720 f i log4z.obj
 0001:000197b0       ??$_Debug_lt_pred@AAU?$less@V?$basic_string@DU?$char_traits@D@std@@V?$allocator@D@2@@std@@@std@@AAV?$basic_string@DU?$char_traits@D@std@@V?$allocator@D@2@@2@ABV32@@std@@YA_NAAU?$less@V?$basic_string@DU?$char_traits@D@std@@V?$allocator@D@2@@std@@@0@AAV?$basic_string@DU?$char_traits@D@std@@V?$allocator@D@2@@0@ABV20@PB_WI@Z 0041a7b0 f i log4z.obj
 0001:00019890       ??$_Debug_lt_pred@AAU?$less@V?$basic_string@DU?$char_traits@D@std@@V?$allocator@D@2@@std@@@std@@ABV?$basic_string@DU?$char_traits@D@std@@V?$allocator@D@2@@2@ABV32@@std@@YA_NAAU?$less@V?$basic_string@DU?$char_traits@D@std@@V?$allocator@D@2@@std@@@0@ABV?$basic_string@DU?$char_traits@D@std@@V?$allocator@D@2@@0@1PB_WI@Z 0041a890 f i log4z.obj
 0001:00019970       ??$_Debug_lt_pred@ABU?$less@V?$basic_string@DU?$char_traits@D@std@@V?$allocator@D@2@@std@@@std@@ABV?$basic_string@DU?$char_traits@D@std@@V?$allocator@D@2@@2@ABV32@@std@@YA_NABU?$less@V?$basic_string@DU?$char_traits@D@std@@V?$allocator@D@2@@std@@@0@ABV?$basic_string@DU?$char_traits@D@std@@V?$allocator@D@2@@0@1PB_WI@Z 0041a970 f i log4z.obj
 0001:00019a50       ??$_Debug_pointer@$$CBD@std@@YAXPBDPB_WI@Z 0041aa50 f i log4z.obj
 0001:00019ac0       ??$_Debug_pointer@V?$_String_iterator@V?$_String_val@U?$_Simple_types@D@std@@@std@@@std@@@std@@YAXAAV?$_String_iterator@V?$_String_val@U?$_Simple_types@D@std@@@std@@@0@PB_WI@Z 0041aac0 f i log4z.obj
 0001:00019af0       ??$_Debug_pointer_if@$$A6AHH@Z@std@@YAX_NP6AHH@ZPB_WI@Z 0041aaf0 f i log4z.obj
 0001:00019b70       ??$_Debug_pointer_if@$$CBD@std@@YAX_NPBDPB_WI@Z 0041ab70 f i log4z.obj
 0001:00019bf0       ??$_Debug_range2@V?$_List_const_iterator@V?$_List_val@U?$_List_simple_types@U?$pair@_JV?$basic_string@DU?$char_traits@D@std@@V?$allocator@D@2@@std@@@std@@@std@@@std@@@std@@@std@@YAXV?$_List_const_iterator@V?$_List_val@U?$_List_simple_types@U?$pair@_JV?$basic_string@DU?$char_traits@D@std@@V?$allocator@D@2@@std@@@std@@@std@@@std@@@0@0PB_WIUinput_iterator_tag@0@@Z 0041abf0 f i log4z.obj
 0001:00019ca0       ??$_Debug_range@V?$_List_const_iterator@V?$_List_val@U?$_List_simple_types@U?$pair@_JV?$basic_string@DU?$char_traits@D@std@@V?$allocator@D@2@@std@@@std@@@std@@@std@@@std@@@std@@YAXV?$_List_const_iterator@V?$_List_val@U?$_List_simple_types@U?$pair@_JV?$basic_string@DU?$char_traits@D@std@@V?$allocator@D@2@@std@@@std@@@std@@@std@@@0@0PB_WI@Z 0041aca0 f i log4z.obj
 0001:00019dc0       ??$_Debug_range_ptr2@V?$_String_iterator@V?$_String_val@U?$_Simple_types@D@std@@@std@@@std@@V12@@std@@YAXV?$_String_iterator@V?$_String_val@U?$_Simple_types@D@std@@@std@@@0@0AAV10@PB_WIUrandom_access_iterator_tag@0@@Z 0041adc0 f i log4z.obj
 0001:00019f00       ??$_Debug_range_ptr@V?$_String_iterator@V?$_String_val@U?$_Simple_types@D@std@@@std@@@std@@V12@@std@@YAXV?$_String_iterator@V?$_String_val@U?$_Simple_types@D@std@@@std@@@0@0AAV10@PB_WI@Z 0041af00 f i log4z.obj
 0001:0001a030       ??$_Destroy_range1@V?$allocator@PAPAULogData@log4z@zsummer@@@std@@PAPAPAULogData@log4z@zsummer@@@std@@YAXPAPAPAULogData@log4z@zsummer@@0AAU?$_Wrap_alloc@V?$allocator@PAPAULogData@log4z@zsummer@@@std@@@0@U?$integral_constant@_N$00@0@@Z 0041b030 f i log4z.obj
 0001:0001a060       ??$_Destroy_range1@V?$allocator@PAULogData@log4z@zsummer@@@std@@PAPAULogData@log4z@zsummer@@@std@@YAXPAPAULogData@log4z@zsummer@@0AAU?$_Wrap_alloc@V?$allocator@PAULogData@log4z@zsummer@@@std@@@0@U?$integral_constant@_N$00@0@@Z 0041b060 f i log4z.obj
 0001:0001a090       ??$_Destroy_range@V?$allocator@PAPAULogData@log4z@zsummer@@@std@@PAPAPAULogData@log4z@zsummer@@@std@@YAXPAPAPAULogData@log4z@zsummer@@0AAU?$_Wrap_alloc@V?$allocator@PAPAULogData@log4z@zsummer@@@std@@@0@@Z 0041b090 f i log4z.obj
 0001:0001a100       ??$_Destroy_range@V?$allocator@PAULogData@log4z@zsummer@@@std@@PAPAULogData@log4z@zsummer@@@std@@YAXPAPAULogData@log4z@zsummer@@0AAU?$_Wrap_alloc@V?$allocator@PAULogData@log4z@zsummer@@@std@@@0@@Z 0041b100 f i log4z.obj
 0001:0001a170       ??$_Insert@ABU?$pair@_JV?$basic_string@DU?$char_traits@D@std@@V?$allocator@D@2@@std@@@std@@@?$list@U?$pair@_JV?$basic_string@DU?$char_traits@D@std@@V?$allocator@D@2@@std@@@std@@V?$allocator@U?$pair@_JV?$basic_string@DU?$char_traits@D@std@@V?$allocator@D@2@@std@@@std@@@2@@std@@QAEXV?$_List_unchecked_const_iterator@V?$_List_val@U?$_List_simple_types@U?$pair@_JV?$basic_string@DU?$char_traits@D@std@@V?$allocator@D@2@@std@@@std@@@std@@@std@@U_Iterator_base0@2@@1@ABU?$pair@_JV?$basic_string@DU?$char_traits@D@std@@V?$allocator@D@2@@std@@@1@@Z 0041b170 f i log4z.obj
 0001:0001a240       ??$_Insert@U?$pair@_JV?$basic_string@DU?$char_traits@D@std@@V?$allocator@D@2@@std@@@std@@@?$list@U?$pair@_JV?$basic_string@DU?$char_traits@D@std@@V?$allocator@D@2@@std@@@std@@V?$allocator@U?$pair@_JV?$basic_string@DU?$char_traits@D@std@@V?$allocator@D@2@@std@@@std@@@2@@std@@QAEXV?$_List_unchecked_const_iterator@V?$_List_val@U?$_List_simple_types@U?$pair@_JV?$basic_string@DU?$char_traits@D@std@@V?$allocator@D@2@@std@@@std@@@std@@@std@@U_Iterator_base0@2@@1@$$QAU?$pair@_JV?$basic_string@DU?$char_traits@D@std@@V?$allocator@D@2@@std@@@1@@Z 0041b240 f i log4z.obj
 0001:0001a310       ??$_Insert_at@AAU?$pair@$$CBV?$basic_string@DU?$char_traits@D@std@@V?$allocator@D@2@@std@@H@std@@PAU?$_Tree_node@U?$pair@$$CBV?$basic_string@DU?$char_traits@D@std@@V?$allocator@D@2@@std@@H@std@@PAX@2@@?$_Tree@V?$_Tmap_traits@V?$basic_string@DU?$char_traits@D@std@@V?$allocator@D@2@@std@@HU?$less@V?$basic_string@DU?$char_traits@D@std@@V?$allocator@D@2@@std@@@2@V?$allocator@U?$pair@$$CBV?$basic_string@DU?$char_traits@D@std@@V?$allocator@D@2@@std@@H@std@@@2@$0A@@std@@@std@@IAE?AV?$_Tree_iterator@V?$_Tree_val@U?$_Tree_simple_types@U?$pair@$$CBV?$basic_string@DU?$char_traits@D@std@@V?$allocator@D@2@@std@@H@std@@@std@@@std@@@1@_NPAU?$_Tree_node@U?$pair@$$CBV?$basic_string@DU?$char_traits@D@std@@V?$allocator@D@2@@std@@H@std@@PAX@1@AAU?$pair@$$CBV?$basic_string@DU?$char_traits@D@std@@V?$allocator@D@2@@std@@H@1@1@Z 0041b310 f i log4z.obj
 0001:0001a8d0       ??$_Insert_at@AAU?$pair@$$CBV?$basic_string@DU?$char_traits@D@std@@V?$allocator@D@2@@std@@ULoggerInfo@log4z@zsummer@@@std@@PAU?$_Tree_node@U?$pair@$$CBV?$basic_string@DU?$char_traits@D@std@@V?$allocator@D@2@@std@@ULoggerInfo@log4z@zsummer@@@std@@PAX@2@@?$_Tree@V?$_Tmap_traits@V?$basic_string@DU?$char_traits@D@std@@V?$allocator@D@2@@std@@ULoggerInfo@log4z@zsummer@@U?$less@V?$basic_string@DU?$char_traits@D@std@@V?$allocator@D@2@@std@@@2@V?$allocator@U?$pair@$$CBV?$basic_string@DU?$char_traits@D@std@@V?$allocator@D@2@@std@@ULoggerInfo@log4z@zsummer@@@std@@@2@$0A@@std@@@std@@IAE?AV?$_Tree_iterator@V?$_Tree_val@U?$_Tree_simple_types@U?$pair@$$CBV?$basic_string@DU?$char_traits@D@std@@V?$allocator@D@2@@std@@ULoggerInfo@log4z@zsummer@@@std@@@std@@@std@@@1@_NPAU?$_Tree_node@U?$pair@$$CBV?$basic_string@DU?$char_traits@D@std@@V?$allocator@D@2@@std@@ULoggerInfo@log4z@zsummer@@@std@@PAX@1@AAU?$pair@$$CBV?$basic_string@DU?$char_traits@D@std@@V?$allocator@D@2@@std@@ULoggerInfo@log4z@zsummer@@@1@1@Z 0041b8d0 f i log4z.obj
 0001:0001ae90       ??$_Insert_hint@AAU?$pair@$$CBV?$basic_string@DU?$char_traits@D@std@@V?$allocator@D@2@@std@@H@std@@PAU?$_Tree_node@U?$pair@$$CBV?$basic_string@DU?$char_traits@D@std@@V?$allocator@D@2@@std@@H@std@@PAX@2@@?$_Tree@V?$_Tmap_traits@V?$basic_string@DU?$char_traits@D@std@@V?$allocator@D@2@@std@@HU?$less@V?$basic_string@DU?$char_traits@D@std@@V?$allocator@D@2@@std@@@2@V?$allocator@U?$pair@$$CBV?$basic_string@DU?$char_traits@D@std@@V?$allocator@D@2@@std@@H@std@@@2@$0A@@std@@@std@@IAE?AV?$_Tree_iterator@V?$_Tree_val@U?$_Tree_simple_types@U?$pair@$$CBV?$basic_string@DU?$char_traits@D@std@@V?$allocator@D@2@@std@@H@std@@@std@@@std@@@1@V?$_Tree_const_iterator@V?$_Tree_val@U?$_Tree_simple_types@U?$pair@$$CBV?$basic_string@DU?$char_traits@D@std@@V?$allocator@D@2@@std@@H@std@@@std@@@std@@@1@AAU?$pair@$$CBV?$basic_string@DU?$char_traits@D@std@@V?$allocator@D@2@@std@@H@1@PAU?$_Tree_node@U?$pair@$$CBV?$basic_string@DU?$char_traits@D@std@@V?$allocator@D@2@@std@@H@std@@PAX@1@@Z 0041be90 f i log4z.obj
 0001:0001c3e0       ??$_Insert_nohint@AAU?$pair@$$CBV?$basic_string@DU?$char_traits@D@std@@V?$allocator@D@2@@std@@H@std@@PAU?$_Tree_node@U?$pair@$$CBV?$basic_string@DU?$char_traits@D@std@@V?$allocator@D@2@@std@@H@std@@PAX@2@@?$_Tree@V?$_Tmap_traits@V?$basic_string@DU?$char_traits@D@std@@V?$allocator@D@2@@std@@HU?$less@V?$basic_string@DU?$char_traits@D@std@@V?$allocator@D@2@@std@@@2@V?$allocator@U?$pair@$$CBV?$basic_string@DU?$char_traits@D@std@@V?$allocator@D@2@@std@@H@std@@@2@$0A@@std@@@std@@IAE?AU?$pair@V?$_Tree_iterator@V?$_Tree_val@U?$_Tree_simple_types@U?$pair@$$CBV?$basic_string@DU?$char_traits@D@std@@V?$allocator@D@2@@std@@H@std@@@std@@@std@@@std@@_N@1@_NAAU?$pair@$$CBV?$basic_string@DU?$char_traits@D@std@@V?$allocator@D@2@@std@@H@1@PAU?$_Tree_node@U?$pair@$$CBV?$basic_string@DU?$char_traits@D@std@@V?$allocator@D@2@@std@@H@std@@PAX@1@@Z 0041d3e0 f i log4z.obj
 0001:0001cab0       ??$_Insert_nohint@AAU?$pair@$$CBV?$basic_string@DU?$char_traits@D@std@@V?$allocator@D@2@@std@@ULoggerInfo@log4z@zsummer@@@std@@PAU?$_Tree_node@U?$pair@$$CBV?$basic_string@DU?$char_traits@D@std@@V?$allocator@D@2@@std@@ULoggerInfo@log4z@zsummer@@@std@@PAX@2@@?$_Tree@V?$_Tmap_traits@V?$basic_string@DU?$char_traits@D@std@@V?$allocator@D@2@@std@@ULoggerInfo@log4z@zsummer@@U?$less@V?$basic_string@DU?$char_traits@D@std@@V?$allocator@D@2@@std@@@2@V?$allocator@U?$pair@$$CBV?$basic_string@DU?$char_traits@D@std@@V?$allocator@D@2@@std@@ULoggerInfo@log4z@zsummer@@@std@@@2@$0A@@std@@@std@@IAE?AU?$pair@V?$_Tree_iterator@V?$_Tree_val@U?$_Tree_simple_types@U?$pair@$$CBV?$basic_string@DU?$char_traits@D@std@@V?$allocator@D@2@@std@@ULoggerInfo@log4z@zsummer@@@std@@@std@@@std@@@std@@_N@1@_NAAU?$pair@$$CBV?$basic_string@DU?$char_traits@D@std@@V?$allocator@D@2@@std@@ULoggerInfo@log4z@zsummer@@@1@PAU?$_Tree_node@U?$pair@$$CBV?$basic_string@DU?$char_traits@D@std@@V?$allocator@D@2@@std@@ULoggerInfo@log4z@zsummer@@@std@@PAX@1@@Z 0041dab0 f i log4z.obj
 0001:0001d180       ??$_Insert_range@V?$_List_const_iterator@V?$_List_val@U?$_List_simple_types@U?$pair@_JV?$basic_string@DU?$char_traits@D@std@@V?$allocator@D@2@@std@@@std@@@std@@@std@@@std@@@?$list@U?$pair@_JV?$basic_string@DU?$char_traits@D@std@@V?$allocator@D@2@@std@@@std@@V?$allocator@U?$pair@_JV?$basic_string@DU?$char_traits@D@std@@V?$allocator@D@2@@std@@@std@@@2@@std@@QAEXV?$_List_unchecked_const_iterator@V?$_List_val@U?$_List_simple_types@U?$pair@_JV?$basic_string@DU?$char_traits@D@std@@V?$allocator@D@2@@std@@@std@@@std@@@std@@U_Iterator_base0@2@@1@V?$_List_const_iterator@V?$_List_val@U?$_List_simple_types@U?$pair@_JV?$basic_string@DU?$char_traits@D@std@@V?$allocator@D@2@@std@@@std@@@std@@@std@@@1@1Uforward_iterator_tag@1@@Z 0041e180 f i log4z.obj
 0001:0001d3e0       ??$_Is_checked@V?$_String_iterator@V?$_String_val@U?$_Simple_types@D@std@@@std@@@std@@@std@@YA?AU?$integral_constant@_N$00@0@V?$_String_iterator@V?$_String_val@U?$_Simple_types@D@std@@@std@@@0@@Z 0041e3e0 f i log4z.obj
 0001:0001d450       ??$_Kfn@$$CBV?$basic_string@DU?$char_traits@D@std@@V?$allocator@D@2@@std@@H@?$_Tmap_traits@V?$basic_string@DU?$char_traits@D@std@@V?$allocator@D@2@@std@@HU?$less@V?$basic_string@DU?$char_traits@D@std@@V?$allocator@D@2@@std@@@2@V?$allocator@U?$pair@$$CBV?$basic_string@DU?$char_traits@D@std@@V?$allocator@D@2@@std@@H@std@@@2@$0A@@std@@SAABV?$basic_string@DU?$char_traits@D@std@@V?$allocator@D@2@@1@ABU?$pair@$$CBV?$basic_string@DU?$char_traits@D@std@@V?$allocator@D@2@@std@@H@1@@Z 0041e450 f i log4z.obj
 0001:0001d490       ??$_Kfn@$$CBV?$basic_string@DU?$char_traits@D@std@@V?$allocator@D@2@@std@@ULoggerInfo@log4z@zsummer@@@?$_Tmap_traits@V?$basic_string@DU?$char_traits@D@std@@V?$allocator@D@2@@std@@ULoggerInfo@log4z@zsummer@@U?$less@V?$basic_string@DU?$char_traits@D@std@@V?$allocator@D@2@@std@@@2@V?$allocator@U?$pair@$$CBV?$basic_string@DU?$char_traits@D@std@@V?$allocator@D@2@@std@@ULoggerInfo@log4z@zsummer@@@std@@@2@$0A@@std@@SAABV?$basic_string@DU?$char_traits@D@std@@V?$allocator@D@2@@1@ABU?$pair@$$CBV?$basic_string@DU?$char_traits@D@std@@V?$allocator@D@2@@std@@ULoggerInfo@log4z@zsummer@@@1@@Z 0041e490 f i log4z.obj
 0001:0001d4d0       ??$_Lbound@V?$basic_string@DU?$char_traits@D@std@@V?$allocator@D@2@@std@@@?$_Tree@V?$_Tmap_traits@V?$basic_string@DU?$char_traits@D@std@@V?$allocator@D@2@@std@@HU?$less@V?$basic_string@DU?$char_traits@D@std@@V?$allocator@D@2@@std@@@2@V?$allocator@U?$pair@$$CBV?$basic_string@DU?$char_traits@D@std@@V?$allocator@D@2@@std@@H@std@@@2@$0A@@std@@@std@@IBEPAU?$_Tree_node@U?$pair@$$CBV?$basic_string@DU?$char_traits@D@std@@V?$allocator@D@2@@std@@H@std@@PAX@1@ABV?$basic_string@DU?$char_traits@D@std@@V?$allocator@D@2@@1@@Z 0041e4d0 f i log4z.obj
 0001:0001d5c0       ??$_Lbound@V?$basic_string@DU?$char_traits@D@std@@V?$allocator@D@2@@std@@@?$_Tree@V?$_Tmap_traits@V?$basic_string@DU?$char_traits@D@std@@V?$allocator@D@2@@std@@ULoggerInfo@log4z@zsummer@@U?$less@V?$basic_string@DU?$char_traits@D@std@@V?$allocator@D@2@@std@@@2@V?$allocator@U?$pair@$$CBV?$basic_string@DU?$char_traits@D@std@@V?$allocator@D@2@@std@@ULoggerInfo@log4z@zsummer@@@std@@@2@$0A@@std@@@std@@IBEPAU?$_Tree_node@U?$pair@$$CBV?$basic_string@DU?$char_traits@D@std@@V?$allocator@D@2@@std@@ULoggerInfo@log4z@zsummer@@@std@@PAX@1@ABV?$basic_string@DU?$char_traits@D@std@@V?$allocator@D@2@@1@@Z 0041e5c0 f i log4z.obj
 0001:0001d6b0       ??$_Pocca@U?$_Wrap_alloc@V?$allocator@D@std@@@std@@@std@@YAXAAU?$_Wrap_alloc@V?$allocator@D@std@@@0@ABU10@@Z 0041e6b0 f i log4z.obj
 0001:0001d740       ??$_Pocca@U?$_Wrap_alloc@V?$allocator@D@std@@@std@@@std@@YAXAAU?$_Wrap_alloc@V?$allocator@D@std@@@0@ABU10@U?$integral_constant@_N$0A@@0@@Z 0041e740 f i log4z.obj
 0001:0001d770       ??$_Pocma@U?$_Wrap_alloc@V?$allocator@D@std@@@std@@@std@@YAXAAU?$_Wrap_alloc@V?$allocator@D@std@@@0@0@Z 0041e770 f i log4z.obj
 0001:0001d800       ??$_Pocma@U?$_Wrap_alloc@V?$allocator@D@std@@@std@@@std@@YAXAAU?$_Wrap_alloc@V?$allocator@D@std@@@0@0U?$integral_constant@_N$00@0@@Z 0041e800 f i log4z.obj
 0001:0001d890       ??$_Pocs@U?$_Wrap_alloc@V?$allocator@PAULogData@log4z@zsummer@@@std@@@std@@@std@@YAXAAU?$_Wrap_alloc@V?$allocator@PAULogData@log4z@zsummer@@@std@@@0@0@Z 0041e890 f i log4z.obj
 0001:0001d920       ??$_Pocs@U?$_Wrap_alloc@V?$allocator@PAULogData@log4z@zsummer@@@std@@@std@@@std@@YAXAAU?$_Wrap_alloc@V?$allocator@PAULogData@log4z@zsummer@@@std@@@0@0U?$integral_constant@_N$0A@@0@@Z 0041e920 f i log4z.obj
 0001:0001d9e0       ??$_Ptr_copy_cat@PAPAULogData@log4z@zsummer@@PAPAU123@@std@@YA?AU_Really_trivial_ptr_iterator_tag@0@ABQAPAPAULogData@log4z@zsummer@@0@Z 0041e9e0 f i log4z.obj
 0001:0001da20       ??$_Ptr_move_cat@PAULogData@log4z@zsummer@@PAU123@@std@@YA?AU_Really_trivial_ptr_iterator_tag@0@ABQAPAULogData@log4z@zsummer@@0@Z 0041ea20 f i log4z.obj
 0001:0001da60       ??$_Rechecked@PAPAPAULogData@log4z@zsummer@@PAPAPAU123@@std@@YAAAPAPAPAULogData@log4z@zsummer@@AAPAPAPAU123@PAPAPAU123@@Z 0041ea60 f i log4z.obj
 0001:0001daa0       ??$_Rechecked@PAPAULogData@log4z@zsummer@@PAPAU123@@std@@YAAAPAPAULogData@log4z@zsummer@@AAPAPAU123@PAPAU123@@Z 0041eaa0 f i log4z.obj
 0001:0001dae0       ??$_Rechecked@V?$_String_val@U?$_Simple_types@D@std@@@std@@@std@@YA?AV?$_String_iterator@V?$_String_val@U?$_Simple_types@D@std@@@std@@@0@AAV10@PAD@Z 0041eae0 f i log4z.obj
 0001:0001db60       ??$_Swap_adl@PAPAPAULogData@log4z@zsummer@@@std@@YAXAAPAPAPAULogData@log4z@zsummer@@0@Z 0041eb60 f i log4z.obj
 0001:0001dbc0       ??$_Swap_adl@PAU?$_List_node@U?$pair@_JV?$basic_string@DU?$char_traits@D@std@@V?$allocator@D@2@@std@@@std@@PAX@std@@@std@@YAXAAPAU?$_List_node@U?$pair@_JV?$basic_string@DU?$char_traits@D@std@@V?$allocator@D@2@@std@@@std@@PAX@0@0@Z 0041ebc0 f i log4z.obj
 0001:0001dc20       ??$_Transform_no_deprecate1@PADV?$_String_iterator@V?$_String_val@U?$_Simple_types@D@std@@@std@@@std@@P6AHH@Z@std@@YA?AV?$_String_iterator@V?$_String_val@U?$_Simple_types@D@std@@@std@@@0@PAD0V10@AAP6AHH@ZUrandom_access_iterator_tag@0@3@Z 0041ec20 f i log4z.obj
 0001:0001dd80       ??$_Transform_no_deprecate@V?$_String_iterator@V?$_String_val@U?$_Simple_types@D@std@@@std@@@std@@V12@P6AHH@Z@std@@YA?AV?$_String_iterator@V?$_String_val@U?$_Simple_types@D@std@@@std@@@0@V10@00AAP6AHH@Z@Z 0041ed80 f i log4z.obj
 0001:0001dff0       ??$_Transform_unchecked@PADPADP6AHH@Z@std@@YAPADPAD00AAP6AHH@Z@Z 0041eff0 f i log4z.obj
 0001:0001e080       ??$_Try_emplace@ABV?$basic_string@DU?$char_traits@D@std@@V?$allocator@D@2@@std@@$$V@?$map@V?$basic_string@DU?$char_traits@D@std@@V?$allocator@D@2@@std@@HU?$less@V?$basic_string@DU?$char_traits@D@std@@V?$allocator@D@2@@std@@@2@V?$allocator@U?$pair@$$CBV?$basic_string@DU?$char_traits@D@std@@V?$allocator@D@2@@std@@H@std@@@2@@std@@QAE?AU?$pair@V?$_Tree_iterator@V?$_Tree_val@U?$_Tree_simple_types@U?$pair@$$CBV?$basic_string@DU?$char_traits@D@std@@V?$allocator@D@2@@std@@H@std@@@std@@@std@@@std@@_N@1@ABV?$basic_string@DU?$char_traits@D@std@@V?$allocator@D@2@@1@@Z 0041f080 f i log4z.obj
 0001:0001e3d0       ??$_Try_emplace@V?$basic_string@DU?$char_traits@D@std@@V?$allocator@D@2@@std@@$$V@?$map@V?$basic_string@DU?$char_traits@D@std@@V?$allocator@D@2@@std@@HU?$less@V?$basic_string@DU?$char_traits@D@std@@V?$allocator@D@2@@std@@@2@V?$allocator@U?$pair@$$CBV?$basic_string@DU?$char_traits@D@std@@V?$allocator@D@2@@std@@H@std@@@2@@std@@QAE?AU?$pair@V?$_Tree_iterator@V?$_Tree_val@U?$_Tree_simple_types@U?$pair@$$CBV?$basic_string@DU?$char_traits@D@std@@V?$allocator@D@2@@std@@H@std@@@std@@@std@@@std@@_N@1@$$QAV?$basic_string@DU?$char_traits@D@std@@V?$allocator@D@2@@1@@Z 0041f3d0 f i log4z.obj
 0001:0001e720       ??$_Umove@PAPAULogData@log4z@zsummer@@@?$vector@PAULogData@log4z@zsummer@@V?$allocator@PAULogData@log4z@zsummer@@@std@@@std@@IAEPAPAULogData@log4z@zsummer@@PAPAU234@00@Z 0041f720 f i log4z.obj
 0001:0001e790       ??$_Unchecked@PAPAPAULogData@log4z@zsummer@@@std@@YAPAPAPAULogData@log4z@zsummer@@PAPAPAU123@@Z 0041f790 f i log4z.obj
 0001:0001e7d0       ??$_Unchecked@PAPAULogData@log4z@zsummer@@@std@@YAPAPAULogData@log4z@zsummer@@PAPAU123@@Z 0041f7d0 f i log4z.obj
 0001:0001e810       ??$_Unchecked@V?$_String_val@U?$_Simple_types@D@std@@@std@@@std@@YAPADV?$_String_iterator@V?$_String_val@U?$_Simple_types@D@std@@@std@@@0@@Z 0041f810 f i log4z.obj
 0001:0001e8c0       ??$_Unfancy@$$CBD@std@@YAPBDPBD@Z 0041f8c0 f i log4z.obj
 0001:0001e900       ??$_Unfancy@PAULogData@log4z@zsummer@@@std@@YAPAPAULogData@log4z@zsummer@@PAPAU123@@Z 0041f900 f i log4z.obj
 0001:0001e940       ??$_Unfancy@U_Container_proxy@std@@@std@@YAPAU_Container_proxy@0@PAU10@@Z 0041f940 f i log4z.obj
 0001:0001e980       ??$_Uninitialized_copy@PAPAPAULogData@log4z@zsummer@@PAPAPAU123@V?$allocator@PAPAULogData@log4z@zsummer@@@std@@@std@@YAPAPAPAULogData@log4z@zsummer@@PAPAPAU123@00AAU?$_Wrap_alloc@V?$allocator@PAPAULogData@log4z@zsummer@@@std@@@0@@Z 0041f980 f i log4z.obj
 0001:0001ea20       ??$_Uninitialized_copy_al_unchecked1@PAPAULogData@log4z@zsummer@@PAPAU123@V?$allocator@PAPAULogData@log4z@zsummer@@@std@@@std@@YAPAPAPAULogData@log4z@zsummer@@PAPAPAU123@00AAU?$_Wrap_alloc@V?$allocator@PAPAULogData@log4z@zsummer@@@std@@@0@U_Really_trivial_ptr_iterator_tag@0@U?$integral_constant@_N$00@0@@Z 0041fa20 f i log4z.obj
 0001:0001ea80       ??$_Uninitialized_copy_al_unchecked@PAPAPAULogData@log4z@zsummer@@PAPAPAU123@V?$allocator@PAPAULogData@log4z@zsummer@@@std@@@std@@YAPAPAPAULogData@log4z@zsummer@@PAPAPAU123@00AAU?$_Wrap_alloc@V?$allocator@PAPAULogData@log4z@zsummer@@@std@@@0@@Z 0041fa80 f i log4z.obj
 0001:0001eb10       ??$_Uninitialized_default_fill_n1@PAPAPAULogData@log4z@zsummer@@IV?$allocator@PAPAULogData@log4z@zsummer@@@std@@@std@@YAXPAPAPAULogData@log4z@zsummer@@IAAU?$_Wrap_alloc@V?$allocator@PAPAULogData@log4z@zsummer@@@std@@@0@U?$integral_constant@_N$00@0@@Z 0041fb10 f i log4z.obj
 0001:0001eb70       ??$_Uninitialized_default_fill_n@PAPAPAULogData@log4z@zsummer@@IV?$allocator@PAPAULogData@log4z@zsummer@@@std@@@std@@YAXPAPAPAULogData@log4z@zsummer@@IAAU?$_Wrap_alloc@V?$allocator@PAPAULogData@log4z@zsummer@@@std@@@0@@Z 0041fb70 f i log4z.obj
 0001:0001ebe0       ??$_Uninitialized_move@PAPAULogData@log4z@zsummer@@PAPAU123@V?$allocator@PAULogData@log4z@zsummer@@@std@@@std@@YAPAPAULogData@log4z@zsummer@@PAPAU123@00AAU?$_Wrap_alloc@V?$allocator@PAULogData@log4z@zsummer@@@std@@@0@@Z 0041fbe0 f i log4z.obj
 0001:0001ec80       ??$_Uninitialized_move_al_unchecked1@PAULogData@log4z@zsummer@@PAU123@V?$allocator@PAULogData@log4z@zsummer@@@std@@@std@@YAPAPAULogData@log4z@zsummer@@PAPAU123@00AAU?$_Wrap_alloc@V?$allocator@PAULogData@log4z@zsummer@@@std@@@0@U_Really_trivial_ptr_iterator_tag@0@U?$integral_constant@_N$00@0@@Z 0041fc80 f i log4z.obj
 0001:0001ece0       ??$_Uninitialized_move_al_unchecked@PAPAULogData@log4z@zsummer@@PAPAU123@V?$allocator@PAULogData@log4z@zsummer@@@std@@@std@@YAPAPAULogData@log4z@zsummer@@PAPAU123@00AAU?$_Wrap_alloc@V?$allocator@PAULogData@log4z@zsummer@@@std@@@0@@Z 0041fce0 f i log4z.obj
 0001:0001ed70       ??$addressof@D@std@@YAPADAAD@Z 0041fd70 f i log4z.obj
 0001:0001edb0       ??$addressof@PAPAULogData@log4z@zsummer@@@std@@YAPAPAPAULogData@log4z@zsummer@@AAPAPAU123@@Z 0041fdb0 f i log4z.obj
 0001:0001edf0       ??$addressof@PAU?$_List_node@U?$pair@_JV?$basic_string@DU?$char_traits@D@std@@V?$allocator@D@2@@std@@@std@@PAX@std@@@std@@YAPAPAU?$_List_node@U?$pair@_JV?$basic_string@DU?$char_traits@D@std@@V?$allocator@D@2@@std@@@std@@PAX@0@AAPAU10@@Z 0041fdf0 f i log4z.obj
 0001:0001ee30       ??$addressof@PAU?$_Tree_node@U?$pair@$$CBV?$basic_string@DU?$char_traits@D@std@@V?$allocator@D@2@@std@@H@std@@PAX@std@@@std@@YAPAPAU?$_Tree_node@U?$pair@$$CBV?$basic_string@DU?$char_traits@D@std@@V?$allocator@D@2@@std@@H@std@@PAX@0@AAPAU10@@Z 0041fe30 f i log4z.obj
 0001:0001ee70       ??$addressof@PAU?$_Tree_node@U?$pair@$$CBV?$basic_string@DU?$char_traits@D@std@@V?$allocator@D@2@@std@@ULoggerInfo@log4z@zsummer@@@std@@PAX@std@@@std@@YAPAPAU?$_Tree_node@U?$pair@$$CBV?$basic_string@DU?$char_traits@D@std@@V?$allocator@D@2@@std@@ULoggerInfo@log4z@zsummer@@@std@@PAX@0@AAPAU10@@Z 0041fe70 f i log4z.obj
 0001:0001eeb0       ??$addressof@QAULogData@log4z@zsummer@@@std@@YAPBQAULogData@log4z@zsummer@@ABQAU123@@Z 0041feb0 f i log4z.obj
 0001:0001eef0       ??$addressof@U?$pair@$$CBV?$basic_string@DU?$char_traits@D@std@@V?$allocator@D@2@@std@@H@std@@@std@@YAPAU?$pair@$$CBV?$basic_string@DU?$char_traits@D@std@@V?$allocator@D@2@@std@@H@0@AAU10@@Z 0041fef0 f i log4z.obj
 0001:0001ef30       ??$addressof@U?$pair@$$CBV?$basic_string@DU?$char_traits@D@std@@V?$allocator@D@2@@std@@ULoggerInfo@log4z@zsummer@@@std@@@std@@YAPAU?$pair@$$CBV?$basic_string@DU?$char_traits@D@std@@V?$allocator@D@2@@std@@ULoggerInfo@log4z@zsummer@@@0@AAU10@@Z 0041ff30 f i log4z.obj
 0001:0001ef70       ??$addressof@U?$pair@_JV?$basic_string@DU?$char_traits@D@std@@V?$allocator@D@2@@std@@@std@@@std@@YAPAU?$pair@_JV?$basic_string@DU?$char_traits@D@std@@V?$allocator@D@2@@std@@@0@AAU10@@Z 0041ff70 f i log4z.obj
 0001:0001efb0       ??$assign@V?$_String_iterator@V?$_String_val@U?$_Simple_types@D@std@@@std@@@std@@@?$basic_string@DU?$char_traits@D@std@@V?$allocator@D@2@@std@@QAEAAV01@V?$_String_iterator@V?$_String_val@U?$_Simple_types@D@std@@@std@@@1@0@Z 0041ffb0 f i log4z.obj
 0001:0001f1d0       ??$construct@PADAAPAD@?$_Wrap_alloc@V?$allocator@D@std@@@std@@QAEXPAPADAAPAD@Z 004201d0 f i log4z.obj
 0001:0001f240       ??$construct@PADAAPAD@?$allocator@D@std@@QAEXPAPADAAPAD@Z 00420240 f i log4z.obj
 0001:0001f2f0       ??$construct@PADAAPAD@?$allocator_traits@V?$allocator@D@std@@@std@@SAXAAV?$allocator@D@1@PAPADAAPAD@Z 004202f0 f i log4z.obj
 0001:0001f350       ??$construct@PAU?$_List_node@U?$pair@_JV?$basic_string@DU?$char_traits@D@std@@V?$allocator@D@2@@std@@@std@@PAX@std@@AAPAU12@@?$_Wrap_alloc@V?$allocator@U?$_List_node@U?$pair@_JV?$basic_string@DU?$char_traits@D@std@@V?$allocator@D@2@@std@@@std@@PAX@std@@@std@@@std@@QAEXPAPAU?$_List_node@U?$pair@_JV?$basic_string@DU?$char_traits@D@std@@V?$allocator@D@2@@std@@@std@@PAX@1@AAPAU21@@Z 00420350 f i log4z.obj
 0001:0001f3c0       ??$construct@PAU?$_List_node@U?$pair@_JV?$basic_string@DU?$char_traits@D@std@@V?$allocator@D@2@@std@@@std@@PAX@std@@AAPAU12@@?$allocator@U?$_List_node@U?$pair@_JV?$basic_string@DU?$char_traits@D@std@@V?$allocator@D@2@@std@@@std@@PAX@std@@@std@@QAEXPAPAU?$_List_node@U?$pair@_JV?$basic_string@DU?$char_traits@D@std@@V?$allocator@D@2@@std@@@std@@PAX@1@AAPAU21@@Z 004203c0 f i log4z.obj
 0001:0001f470       ??$construct@PAU?$_List_node@U?$pair@_JV?$basic_string@DU?$char_traits@D@std@@V?$allocator@D@2@@std@@@std@@PAX@std@@AAPAU12@@?$allocator_traits@V?$allocator@U?$_List_node@U?$pair@_JV?$basic_string@DU?$char_traits@D@std@@V?$allocator@D@2@@std@@@std@@PAX@std@@@std@@@std@@SAXAAV?$allocator@U?$_List_node@U?$pair@_JV?$basic_string@DU?$char_traits@D@std@@V?$allocator@D@2@@std@@@std@@PAX@std@@@1@PAPAU?$_List_node@U?$pair@_JV?$basic_string@DU?$char_traits@D@std@@V?$allocator@D@2@@std@@@std@@PAX@1@AAPAU31@@Z 00420470 f i log4z.obj
 0001:0001f4d0       ??$construct@PAU?$_Tree_node@U?$pair@$$CBV?$basic_string@DU?$char_traits@D@std@@V?$allocator@D@2@@std@@H@std@@PAX@std@@AAPAU12@@?$_Wrap_alloc@V?$allocator@U?$_Tree_node@U?$pair@$$CBV?$basic_string@DU?$char_traits@D@std@@V?$allocator@D@2@@std@@H@std@@PAX@std@@@std@@@std@@QAEXPAPAU?$_Tree_node@U?$pair@$$CBV?$basic_string@DU?$char_traits@D@std@@V?$allocator@D@2@@std@@H@std@@PAX@1@AAPAU21@@Z 004204d0 f i log4z.obj
 0001:0001f540       ??$construct@PAU?$_Tree_node@U?$pair@$$CBV?$basic_string@DU?$char_traits@D@std@@V?$allocator@D@2@@std@@H@std@@PAX@std@@AAPAU12@@?$allocator@U?$_Tree_node@U?$pair@$$CBV?$basic_string@DU?$char_traits@D@std@@V?$allocator@D@2@@std@@H@std@@PAX@std@@@std@@QAEXPAPAU?$_Tree_node@U?$pair@$$CBV?$basic_string@DU?$char_traits@D@std@@V?$allocator@D@2@@std@@H@std@@PAX@1@AAPAU21@@Z 00420540 f i log4z.obj
 0001:0001f5f0       ??$construct@PAU?$_Tree_node@U?$pair@$$CBV?$basic_string@DU?$char_traits@D@std@@V?$allocator@D@2@@std@@H@std@@PAX@std@@AAPAU12@@?$allocator_traits@V?$allocator@U?$_Tree_node@U?$pair@$$CBV?$basic_string@DU?$char_traits@D@std@@V?$allocator@D@2@@std@@H@std@@PAX@std@@@std@@@std@@SAXAAV?$allocator@U?$_Tree_node@U?$pair@$$CBV?$basic_string@DU?$char_traits@D@std@@V?$allocator@D@2@@std@@H@std@@PAX@std@@@1@PAPAU?$_Tree_node@U?$pair@$$CBV?$basic_string@DU?$char_traits@D@std@@V?$allocator@D@2@@std@@H@std@@PAX@1@AAPAU31@@Z 004205f0 f i log4z.obj
 0001:0001f650       ??$construct@PAU?$_Tree_node@U?$pair@$$CBV?$basic_string@DU?$char_traits@D@std@@V?$allocator@D@2@@std@@ULoggerInfo@log4z@zsummer@@@std@@PAX@std@@AAPAU12@@?$_Wrap_alloc@V?$allocator@U?$_Tree_node@U?$pair@$$CBV?$basic_string@DU?$char_traits@D@std@@V?$allocator@D@2@@std@@ULoggerInfo@log4z@zsummer@@@std@@PAX@std@@@std@@@std@@QAEXPAPAU?$_Tree_node@U?$pair@$$CBV?$basic_string@DU?$char_traits@D@std@@V?$allocator@D@2@@std@@ULoggerInfo@log4z@zsummer@@@std@@PAX@1@AAPAU21@@Z 00420650 f i log4z.obj
 0001:0001f6c0       ??$construct@PAU?$_Tree_node@U?$pair@$$CBV?$basic_string@DU?$char_traits@D@std@@V?$allocator@D@2@@std@@ULoggerInfo@log4z@zsummer@@@std@@PAX@std@@AAPAU12@@?$allocator@U?$_Tree_node@U?$pair@$$CBV?$basic_string@DU?$char_traits@D@std@@V?$allocator@D@2@@std@@ULoggerInfo@log4z@zsummer@@@std@@PAX@std@@@std@@QAEXPAPAU?$_Tree_node@U?$pair@$$CBV?$basic_string@DU?$char_traits@D@std@@V?$allocator@D@2@@std@@ULoggerInfo@log4z@zsummer@@@std@@PAX@1@AAPAU21@@Z 004206c0 f i log4z.obj
 0001:0001f770       ??$construct@PAU?$_Tree_node@U?$pair@$$CBV?$basic_string@DU?$char_traits@D@std@@V?$allocator@D@2@@std@@ULoggerInfo@log4z@zsummer@@@std@@PAX@std@@AAPAU12@@?$allocator_traits@V?$allocator@U?$_Tree_node@U?$pair@$$CBV?$basic_string@DU?$char_traits@D@std@@V?$allocator@D@2@@std@@ULoggerInfo@log4z@zsummer@@@std@@PAX@std@@@std@@@std@@SAXAAV?$allocator@U?$_Tree_node@U?$pair@$$CBV?$basic_string@DU?$char_traits@D@std@@V?$allocator@D@2@@std@@ULoggerInfo@log4z@zsummer@@@std@@PAX@std@@@1@PAPAU?$_Tree_node@U?$pair@$$CBV?$basic_string@DU?$char_traits@D@std@@V?$allocator@D@2@@std@@ULoggerInfo@log4z@zsummer@@@std@@PAX@1@AAPAU31@@Z 00420770 f i log4z.obj
 0001:0001f7d0       ??$construct@PAULogData@log4z@zsummer@@AAPAU123@@?$_Wrap_alloc@V?$allocator@PAULogData@log4z@zsummer@@@std@@@std@@QAEXPAPAULogData@log4z@zsummer@@AAPAU234@@Z 004207d0 f i log4z.obj
 0001:0001f840       ??$construct@PAULogData@log4z@zsummer@@AAPAU123@@?$allocator@PAULogData@log4z@zsummer@@@std@@QAEXPAPAULogData@log4z@zsummer@@AAPAU234@@Z 00420840 f i log4z.obj
 0001:0001f8f0       ??$construct@PAULogData@log4z@zsummer@@AAPAU123@@?$allocator_traits@V?$allocator@PAULogData@log4z@zsummer@@@std@@@std@@SAXAAV?$allocator@PAULogData@log4z@zsummer@@@1@PAPAULogData@log4z@zsummer@@AAPAU345@@Z 004208f0 f i log4z.obj
 0001:0001f950       ??$construct@PAULogData@log4z@zsummer@@ABQAU123@@?$_Wrap_alloc@V?$allocator@PAULogData@log4z@zsummer@@@std@@@std@@QAEXPAPAULogData@log4z@zsummer@@ABQAU234@@Z 00420950 f i log4z.obj
 0001:0001f9c0       ??$construct@PAULogData@log4z@zsummer@@ABQAU123@@?$allocator@PAULogData@log4z@zsummer@@@std@@QAEXPAPAULogData@log4z@zsummer@@ABQAU234@@Z 004209c0 f i log4z.obj
 0001:0001fa70       ??$construct@PAULogData@log4z@zsummer@@ABQAU123@@?$allocator_traits@V?$allocator@PAULogData@log4z@zsummer@@@std@@@std@@SAXAAV?$allocator@PAULogData@log4z@zsummer@@@1@PAPAULogData@log4z@zsummer@@ABQAU345@@Z 00420a70 f i log4z.obj
 0001:0001fad0       ??$construct@U?$pair@$$CBV?$basic_string@DU?$char_traits@D@std@@V?$allocator@D@2@@std@@H@std@@ABUpiecewise_construct_t@2@V?$tuple@$$QAV?$basic_string@DU?$char_traits@D@std@@V?$allocator@D@2@@std@@@2@V?$tuple@$$V@2@@?$_Wrap_alloc@V?$allocator@U?$_Tree_node@U?$pair@$$CBV?$basic_string@DU?$char_traits@D@std@@V?$allocator@D@2@@std@@H@std@@PAX@std@@@std@@@std@@QAEXPAU?$pair@$$CBV?$basic_string@DU?$char_traits@D@std@@V?$allocator@D@2@@std@@H@1@ABUpiecewise_construct_t@1@$$QAV?$tuple@$$QAV?$basic_string@DU?$char_traits@D@std@@V?$allocator@D@2@@std@@@1@$$QAV?$tuple@$$V@1@@Z 00420ad0 f i log4z.obj
 0001:0001fb60       ??$construct@U?$pair@$$CBV?$basic_string@DU?$char_traits@D@std@@V?$allocator@D@2@@std@@H@std@@ABUpiecewise_construct_t@2@V?$tuple@$$QAV?$basic_string@DU?$char_traits@D@std@@V?$allocator@D@2@@std@@@2@V?$tuple@$$V@2@@?$allocator@U?$_Tree_node@U?$pair@$$CBV?$basic_string@DU?$char_traits@D@std@@V?$allocator@D@2@@std@@H@std@@PAX@std@@@std@@QAEXPAU?$pair@$$CBV?$basic_string@DU?$char_traits@D@std@@V?$allocator@D@2@@std@@H@1@ABUpiecewise_construct_t@1@$$QAV?$tuple@$$QAV?$basic_string@DU?$char_traits@D@std@@V?$allocator@D@2@@std@@@1@$$QAV?$tuple@$$V@1@@Z 00420b60 f i log4z.obj
 0001:0001fca0       ??$construct@U?$pair@$$CBV?$basic_string@DU?$char_traits@D@std@@V?$allocator@D@2@@std@@H@std@@ABUpiecewise_construct_t@2@V?$tuple@$$QAV?$basic_string@DU?$char_traits@D@std@@V?$allocator@D@2@@std@@@2@V?$tuple@$$V@2@@?$allocator_traits@V?$allocator@U?$_Tree_node@U?$pair@$$CBV?$basic_string@DU?$char_traits@D@std@@V?$allocator@D@2@@std@@H@std@@PAX@std@@@std@@@std@@SAXAAV?$allocator@U?$_Tree_node@U?$pair@$$CBV?$basic_string@DU?$char_traits@D@std@@V?$allocator@D@2@@std@@H@std@@PAX@std@@@1@PAU?$pair@$$CBV?$basic_string@DU?$char_traits@D@std@@V?$allocator@D@2@@std@@H@1@ABUpiecewise_construct_t@1@$$QAV?$tuple@$$QAV?$basic_string@DU?$char_traits@D@std@@V?$allocator@D@2@@std@@@1@$$QAV?$tuple@$$V@1@@Z 00420ca0 f i log4z.obj
 0001:0001fd20       ??$construct@U?$pair@$$CBV?$basic_string@DU?$char_traits@D@std@@V?$allocator@D@2@@std@@H@std@@ABUpiecewise_construct_t@2@V?$tuple@ABV?$basic_string@DU?$char_traits@D@std@@V?$allocator@D@2@@std@@@2@V?$tuple@$$V@2@@?$_Wrap_alloc@V?$allocator@U?$_Tree_node@U?$pair@$$CBV?$basic_string@DU?$char_traits@D@std@@V?$allocator@D@2@@std@@H@std@@PAX@std@@@std@@@std@@QAEXPAU?$pair@$$CBV?$basic_string@DU?$char_traits@D@std@@V?$allocator@D@2@@std@@H@1@ABUpiecewise_construct_t@1@$$QAV?$tuple@ABV?$basic_string@DU?$char_traits@D@std@@V?$allocator@D@2@@std@@@1@$$QAV?$tuple@$$V@1@@Z 00420d20 f i log4z.obj
 0001:0001fdb0       ??$construct@U?$pair@$$CBV?$basic_string@DU?$char_traits@D@std@@V?$allocator@D@2@@std@@H@std@@ABUpiecewise_construct_t@2@V?$tuple@ABV?$basic_string@DU?$char_traits@D@std@@V?$allocator@D@2@@std@@@2@V?$tuple@$$V@2@@?$allocator@U?$_Tree_node@U?$pair@$$CBV?$basic_string@DU?$char_traits@D@std@@V?$allocator@D@2@@std@@H@std@@PAX@std@@@std@@QAEXPAU?$pair@$$CBV?$basic_string@DU?$char_traits@D@std@@V?$allocator@D@2@@std@@H@1@ABUpiecewise_construct_t@1@$$QAV?$tuple@ABV?$basic_string@DU?$char_traits@D@std@@V?$allocator@D@2@@std@@@1@$$QAV?$tuple@$$V@1@@Z 00420db0 f i log4z.obj
 0001:0001fef0       ??$construct@U?$pair@$$CBV?$basic_string@DU?$char_traits@D@std@@V?$allocator@D@2@@std@@H@std@@ABUpiecewise_construct_t@2@V?$tuple@ABV?$basic_string@DU?$char_traits@D@std@@V?$allocator@D@2@@std@@@2@V?$tuple@$$V@2@@?$allocator_traits@V?$allocator@U?$_Tree_node@U?$pair@$$CBV?$basic_string@DU?$char_traits@D@std@@V?$allocator@D@2@@std@@H@std@@PAX@std@@@std@@@std@@SAXAAV?$allocator@U?$_Tree_node@U?$pair@$$CBV?$basic_string@DU?$char_traits@D@std@@V?$allocator@D@2@@std@@H@std@@PAX@std@@@1@PAU?$pair@$$CBV?$basic_string@DU?$char_traits@D@std@@V?$allocator@D@2@@std@@H@1@ABUpiecewise_construct_t@1@$$QAV?$tuple@ABV?$basic_string@DU?$char_traits@D@std@@V?$allocator@D@2@@std@@@1@$$QAV?$tuple@$$V@1@@Z 00420ef0 f i log4z.obj
 0001:0001ff70       ??$construct@U?$pair@$$CBV?$basic_string@DU?$char_traits@D@std@@V?$allocator@D@2@@std@@ULoggerInfo@log4z@zsummer@@@std@@U?$pair@V?$basic_string@DU?$char_traits@D@std@@V?$allocator@D@2@@std@@ULoggerInfo@log4z@zsummer@@@2@@?$_Wrap_alloc@V?$allocator@U?$_Tree_node@U?$pair@$$CBV?$basic_string@DU?$char_traits@D@std@@V?$allocator@D@2@@std@@ULoggerInfo@log4z@zsummer@@@std@@PAX@std@@@std@@@std@@QAEXPAU?$pair@$$CBV?$basic_string@DU?$char_traits@D@std@@V?$allocator@D@2@@std@@ULoggerInfo@log4z@zsummer@@@1@$$QAU?$pair@V?$basic_string@DU?$char_traits@D@std@@V?$allocator@D@2@@std@@ULoggerInfo@log4z@zsummer@@@1@@Z 00420f70 f i log4z.obj
 0001:0001ffe0       ??$construct@U?$pair@$$CBV?$basic_string@DU?$char_traits@D@std@@V?$allocator@D@2@@std@@ULoggerInfo@log4z@zsummer@@@std@@U?$pair@V?$basic_string@DU?$char_traits@D@std@@V?$allocator@D@2@@std@@ULoggerInfo@log4z@zsummer@@@2@@?$allocator@U?$_Tree_node@U?$pair@$$CBV?$basic_string@DU?$char_traits@D@std@@V?$allocator@D@2@@std@@ULoggerInfo@log4z@zsummer@@@std@@PAX@std@@@std@@QAEXPAU?$pair@$$CBV?$basic_string@DU?$char_traits@D@std@@V?$allocator@D@2@@std@@ULoggerInfo@log4z@zsummer@@@1@$$QAU?$pair@V?$basic_string@DU?$char_traits@D@std@@V?$allocator@D@2@@std@@ULoggerInfo@log4z@zsummer@@@1@@Z 00420fe0 f i log4z.obj
 0001:000200e0       ??$construct@U?$pair@$$CBV?$basic_string@DU?$char_traits@D@std@@V?$allocator@D@2@@std@@ULoggerInfo@log4z@zsummer@@@std@@U?$pair@V?$basic_string@DU?$char_traits@D@std@@V?$allocator@D@2@@std@@ULoggerInfo@log4z@zsummer@@@2@@?$allocator_traits@V?$allocator@U?$_Tree_node@U?$pair@$$CBV?$basic_string@DU?$char_traits@D@std@@V?$allocator@D@2@@std@@ULoggerInfo@log4z@zsummer@@@std@@PAX@std@@@std@@@std@@SAXAAV?$allocator@U?$_Tree_node@U?$pair@$$CBV?$basic_string@DU?$char_traits@D@std@@V?$allocator@D@2@@std@@ULoggerInfo@log4z@zsummer@@@std@@PAX@std@@@1@PAU?$pair@$$CBV?$basic_string@DU?$char_traits@D@std@@V?$allocator@D@2@@std@@ULoggerInfo@log4z@zsummer@@@1@$$QAU?$pair@V?$basic_string@DU?$char_traits@D@std@@V?$allocator@D@2@@std@@ULoggerInfo@log4z@zsummer@@@1@@Z 004210e0 f i log4z.obj
 0001:00020140       ??$construct@U?$pair@_JV?$basic_string@DU?$char_traits@D@std@@V?$allocator@D@2@@std@@@std@@ABU12@@?$_Wrap_alloc@V?$allocator@U?$_List_node@U?$pair@_JV?$basic_string@DU?$char_traits@D@std@@V?$allocator@D@2@@std@@@std@@PAX@std@@@std@@@std@@QAEXPAU?$pair@_JV?$basic_string@DU?$char_traits@D@std@@V?$allocator@D@2@@std@@@1@ABU21@@Z 00421140 f i log4z.obj
 0001:000201b0       ??$construct@U?$pair@_JV?$basic_string@DU?$char_traits@D@std@@V?$allocator@D@2@@std@@@std@@ABU12@@?$allocator@U?$_List_node@U?$pair@_JV?$basic_string@DU?$char_traits@D@std@@V?$allocator@D@2@@std@@@std@@PAX@std@@@std@@QAEXPAU?$pair@_JV?$basic_string@DU?$char_traits@D@std@@V?$allocator@D@2@@std@@@1@ABU21@@Z 004211b0 f i log4z.obj
 0001:000202b0       ??$construct@U?$pair@_JV?$basic_string@DU?$char_traits@D@std@@V?$allocator@D@2@@std@@@std@@ABU12@@?$allocator_traits@V?$allocator@U?$_List_node@U?$pair@_JV?$basic_string@DU?$char_traits@D@std@@V?$allocator@D@2@@std@@@std@@PAX@std@@@std@@@std@@SAXAAV?$allocator@U?$_List_node@U?$pair@_JV?$basic_string@DU?$char_traits@D@std@@V?$allocator@D@2@@std@@@std@@PAX@std@@@1@PAU?$pair@_JV?$basic_string@DU?$char_traits@D@std@@V?$allocator@D@2@@std@@@1@ABU31@@Z 004212b0 f i log4z.obj
 0001:00020310       ??$construct@U?$pair@_JV?$basic_string@DU?$char_traits@D@std@@V?$allocator@D@2@@std@@@std@@U12@@?$_Wrap_alloc@V?$allocator@U?$_List_node@U?$pair@_JV?$basic_string@DU?$char_traits@D@std@@V?$allocator@D@2@@std@@@std@@PAX@std@@@std@@@std@@QAEXPAU?$pair@_JV?$basic_string@DU?$char_traits@D@std@@V?$allocator@D@2@@std@@@1@$$QAU21@@Z 00421310 f i log4z.obj
 0001:00020380       ??$construct@U?$pair@_JV?$basic_string@DU?$char_traits@D@std@@V?$allocator@D@2@@std@@@std@@U12@@?$allocator@U?$_List_node@U?$pair@_JV?$basic_string@DU?$char_traits@D@std@@V?$allocator@D@2@@std@@@std@@PAX@std@@@std@@QAEXPAU?$pair@_JV?$basic_string@DU?$char_traits@D@std@@V?$allocator@D@2@@std@@@1@$$QAU21@@Z 00421380 f i log4z.obj
 0001:00020420       ??$construct@U?$pair@_JV?$basic_string@DU?$char_traits@D@std@@V?$allocator@D@2@@std@@@std@@U12@@?$allocator_traits@V?$allocator@U?$_List_node@U?$pair@_JV?$basic_string@DU?$char_traits@D@std@@V?$allocator@D@2@@std@@@std@@PAX@std@@@std@@@std@@SAXAAV?$allocator@U?$_List_node@U?$pair@_JV?$basic_string@DU?$char_traits@D@std@@V?$allocator@D@2@@std@@@std@@PAX@std@@@1@PAU?$pair@_JV?$basic_string@DU?$char_traits@D@std@@V?$allocator@D@2@@std@@@1@$$QAU31@@Z 00421420 f i log4z.obj
 0001:00020480       ??$construct@U_Container_proxy@std@@U12@@?$_Wrap_alloc@V?$allocator@U_Container_proxy@std@@@std@@@std@@QAEXPAU_Container_proxy@1@$$QAU21@@Z 00421480 f i log4z.obj
 0001:000204f0       ??$construct@U_Container_proxy@std@@U12@@?$allocator@U_Container_proxy@std@@@std@@QAEXPAU_Container_proxy@1@$$QAU21@@Z 004214f0 f i log4z.obj
 0001:000205a0       ??$construct@U_Container_proxy@std@@U12@@?$allocator_traits@V?$allocator@U_Container_proxy@std@@@std@@@std@@SAXAAV?$allocator@U_Container_proxy@std@@@1@PAU_Container_proxy@1@$$QAU31@@Z 004215a0 f i log4z.obj
 0001:00020600       ??$destroy@PAPAULogData@log4z@zsummer@@@?$_Wrap_alloc@V?$allocator@PAULogData@log4z@zsummer@@@std@@@std@@QAEXPAPAPAULogData@log4z@zsummer@@@Z 00421600 f i log4z.obj
 0001:00020660       ??$destroy@PAPAULogData@log4z@zsummer@@@?$allocator@PAULogData@log4z@zsummer@@@std@@QAEXPAPAPAULogData@log4z@zsummer@@@Z 00421660 f i log4z.obj
 0001:000206a0       ??$destroy@PAPAULogData@log4z@zsummer@@@?$allocator_traits@V?$allocator@PAULogData@log4z@zsummer@@@std@@@std@@SAXAAV?$allocator@PAULogData@log4z@zsummer@@@1@PAPAPAULogData@log4z@zsummer@@@Z 004216a0 f i log4z.obj
 0001:000206f0       ??$destroy@PAU?$_List_node@U?$pair@_JV?$basic_string@DU?$char_traits@D@std@@V?$allocator@D@2@@std@@@std@@PAX@std@@@?$_Wrap_alloc@V?$allocator@U?$_List_node@U?$pair@_JV?$basic_string@DU?$char_traits@D@std@@V?$allocator@D@2@@std@@@std@@PAX@std@@@std@@@std@@QAEXPAPAU?$_List_node@U?$pair@_JV?$basic_string@DU?$char_traits@D@std@@V?$allocator@D@2@@std@@@std@@PAX@1@@Z 004216f0 f i log4z.obj
 0001:00020750       ??$destroy@PAU?$_List_node@U?$pair@_JV?$basic_string@DU?$char_traits@D@std@@V?$allocator@D@2@@std@@@std@@PAX@std@@@?$allocator@U?$_List_node@U?$pair@_JV?$basic_string@DU?$char_traits@D@std@@V?$allocator@D@2@@std@@@std@@PAX@std@@@std@@QAEXPAPAU?$_List_node@U?$pair@_JV?$basic_string@DU?$char_traits@D@std@@V?$allocator@D@2@@std@@@std@@PAX@1@@Z 00421750 f i log4z.obj
 0001:00020790       ??$destroy@PAU?$_List_node@U?$pair@_JV?$basic_string@DU?$char_traits@D@std@@V?$allocator@D@2@@std@@@std@@PAX@std@@@?$allocator_traits@V?$allocator@U?$_List_node@U?$pair@_JV?$basic_string@DU?$char_traits@D@std@@V?$allocator@D@2@@std@@@std@@PAX@std@@@std@@@std@@SAXAAV?$allocator@U?$_List_node@U?$pair@_JV?$basic_string@DU?$char_traits@D@std@@V?$allocator@D@2@@std@@@std@@PAX@std@@@1@PAPAU?$_List_node@U?$pair@_JV?$basic_string@DU?$char_traits@D@std@@V?$allocator@D@2@@std@@@std@@PAX@1@@Z 00421790 f i log4z.obj
 0001:000207e0       ??$destroy@PAU?$_Tree_node@U?$pair@$$CBV?$basic_string@DU?$char_traits@D@std@@V?$allocator@D@2@@std@@H@std@@PAX@std@@@?$_Wrap_alloc@V?$allocator@U?$_Tree_node@U?$pair@$$CBV?$basic_string@DU?$char_traits@D@std@@V?$allocator@D@2@@std@@H@std@@PAX@std@@@std@@@std@@QAEXPAPAU?$_Tree_node@U?$pair@$$CBV?$basic_string@DU?$char_traits@D@std@@V?$allocator@D@2@@std@@H@std@@PAX@1@@Z 004217e0 f i log4z.obj
 0001:00020840       ??$destroy@PAU?$_Tree_node@U?$pair@$$CBV?$basic_string@DU?$char_traits@D@std@@V?$allocator@D@2@@std@@H@std@@PAX@std@@@?$allocator@U?$_Tree_node@U?$pair@$$CBV?$basic_string@DU?$char_traits@D@std@@V?$allocator@D@2@@std@@H@std@@PAX@std@@@std@@QAEXPAPAU?$_Tree_node@U?$pair@$$CBV?$basic_string@DU?$char_traits@D@std@@V?$allocator@D@2@@std@@H@std@@PAX@1@@Z 00421840 f i log4z.obj
 0001:00020880       ??$destroy@PAU?$_Tree_node@U?$pair@$$CBV?$basic_string@DU?$char_traits@D@std@@V?$allocator@D@2@@std@@H@std@@PAX@std@@@?$allocator_traits@V?$allocator@U?$_Tree_node@U?$pair@$$CBV?$basic_string@DU?$char_traits@D@std@@V?$allocator@D@2@@std@@H@std@@PAX@std@@@std@@@std@@SAXAAV?$allocator@U?$_Tree_node@U?$pair@$$CBV?$basic_string@DU?$char_traits@D@std@@V?$allocator@D@2@@std@@H@std@@PAX@std@@@1@PAPAU?$_Tree_node@U?$pair@$$CBV?$basic_string@DU?$char_traits@D@std@@V?$allocator@D@2@@std@@H@std@@PAX@1@@Z 00421880 f i log4z.obj
 0001:000208d0       ??$destroy@PAU?$_Tree_node@U?$pair@$$CBV?$basic_string@DU?$char_traits@D@std@@V?$allocator@D@2@@std@@ULoggerInfo@log4z@zsummer@@@std@@PAX@std@@@?$_Wrap_alloc@V?$allocator@U?$_Tree_node@U?$pair@$$CBV?$basic_string@DU?$char_traits@D@std@@V?$allocator@D@2@@std@@ULoggerInfo@log4z@zsummer@@@std@@PAX@std@@@std@@@std@@QAEXPAPAU?$_Tree_node@U?$pair@$$CBV?$basic_string@DU?$char_traits@D@std@@V?$allocator@D@2@@std@@ULoggerInfo@log4z@zsummer@@@std@@PAX@1@@Z 004218d0 f i log4z.obj
 0001:00020930       ??$destroy@PAU?$_Tree_node@U?$pair@$$CBV?$basic_string@DU?$char_traits@D@std@@V?$allocator@D@2@@std@@ULoggerInfo@log4z@zsummer@@@std@@PAX@std@@@?$allocator@U?$_Tree_node@U?$pair@$$CBV?$basic_string@DU?$char_traits@D@std@@V?$allocator@D@2@@std@@ULoggerInfo@log4z@zsummer@@@std@@PAX@std@@@std@@QAEXPAPAU?$_Tree_node@U?$pair@$$CBV?$basic_string@DU?$char_traits@D@std@@V?$allocator@D@2@@std@@ULoggerInfo@log4z@zsummer@@@std@@PAX@1@@Z 00421930 f i log4z.obj
 0001:00020970       ??$destroy@PAU?$_Tree_node@U?$pair@$$CBV?$basic_string@DU?$char_traits@D@std@@V?$allocator@D@2@@std@@ULoggerInfo@log4z@zsummer@@@std@@PAX@std@@@?$allocator_traits@V?$allocator@U?$_Tree_node@U?$pair@$$CBV?$basic_string@DU?$char_traits@D@std@@V?$allocator@D@2@@std@@ULoggerInfo@log4z@zsummer@@@std@@PAX@std@@@std@@@std@@SAXAAV?$allocator@U?$_Tree_node@U?$pair@$$CBV?$basic_string@DU?$char_traits@D@std@@V?$allocator@D@2@@std@@ULoggerInfo@log4z@zsummer@@@std@@PAX@std@@@1@PAPAU?$_Tree_node@U?$pair@$$CBV?$basic_string@DU?$char_traits@D@std@@V?$allocator@D@2@@std@@ULoggerInfo@log4z@zsummer@@@std@@PAX@1@@Z 00421970 f i log4z.obj
 0001:000209c0       ??$destroy@PAULogData@log4z@zsummer@@@?$_Wrap_alloc@V?$allocator@PAULogData@log4z@zsummer@@@std@@@std@@QAEXPAPAULogData@log4z@zsummer@@@Z 004219c0 f i log4z.obj
 0001:00020a20       ??$destroy@PAULogData@log4z@zsummer@@@?$allocator@PAULogData@log4z@zsummer@@@std@@QAEXPAPAULogData@log4z@zsummer@@@Z 00421a20 f i log4z.obj
 0001:00020a60       ??$destroy@PAULogData@log4z@zsummer@@@?$allocator_traits@V?$allocator@PAULogData@log4z@zsummer@@@std@@@std@@SAXAAV?$allocator@PAULogData@log4z@zsummer@@@1@PAPAULogData@log4z@zsummer@@@Z 00421a60 f i log4z.obj
 0001:00020ab0       ??$destroy@U?$pair@$$CBV?$basic_string@DU?$char_traits@D@std@@V?$allocator@D@2@@std@@H@std@@@?$_Wrap_alloc@V?$allocator@U?$_Tree_node@U?$pair@$$CBV?$basic_string@DU?$char_traits@D@std@@V?$allocator@D@2@@std@@H@std@@PAX@std@@@std@@@std@@QAEXPAU?$pair@$$CBV?$basic_string@DU?$char_traits@D@std@@V?$allocator@D@2@@std@@H@1@@Z 00421ab0 f i log4z.obj
 0001:00020b10       ??$destroy@U?$pair@$$CBV?$basic_string@DU?$char_traits@D@std@@V?$allocator@D@2@@std@@H@std@@@?$allocator@U?$_Tree_node@U?$pair@$$CBV?$basic_string@DU?$char_traits@D@std@@V?$allocator@D@2@@std@@H@std@@PAX@std@@@std@@QAEXPAU?$pair@$$CBV?$basic_string@DU?$char_traits@D@std@@V?$allocator@D@2@@std@@H@1@@Z 00421b10 f i log4z.obj
[...]
 0004:00000810       __imp_?GetConnectionHook@CCmdTarget@@MAEPAUIConnectionPoint@@ABU_GUID@@@Z 0049d810     mfc140d:mfc140d.dll
 0004:00000814       __imp_?GetExtraConnectionPoints@CCmdTarget@@MAEHPAVCPtrArray@@@Z 0049d814     mfc140d:mfc140d.dll
 0004:00000818       __imp_?GetInterfaceHook@CCmdTarget@@UAEPAUIUnknown@@PBX@Z 0049d818     mfc140d:mfc140d.dll
 0004:0000081c       __imp_?OnCreateAggregates@CCmdTarget@@UAEHXZ 0049d81c     mfc140d:mfc140d.dll
 0004:00000820       __imp_?GetEventSinkMap@CCmdTarget@@MBEPBUAFX_EVENTSINKMAP@@XZ 0049d820     mfc140d:mfc140d.dll
 0004:00000824       __imp_?GetConnectionMap@CCmdTarget@@MBEPBUAFX_CONNECTIONMAP@@XZ 0049d824     mfc140d:mfc140d.dll
 0004:00000828       __imp_?GetDispatchMap@CCmdTarget@@MBEPBUAFX_DISPMAP@@XZ 0049d828     mfc140d:mfc140d.dll
 0004:0000082c       __imp_?GetCommandMap@CCmdTarget@@MBEPBUAFX_OLECMDMAP@@XZ 0049d82c     mfc140d:mfc140d.dll
 0004:00000830       __imp_?GetTypeLib@CCmdTarget@@UAEJKPAPAUITypeLib@@@Z 0049d830     mfc140d:mfc140d.dll
 0004:00000834       __imp_?GetTypeLibCache@CCmdTarget@@UAEPAVCTypeLibCache@@XZ 0049d834     mfc140d:mfc140d.dll
 0004:00000838       __imp_?GetTypeInfoCount@CCmdTarget@@UAEIXZ 0049d838     mfc140d:mfc140d.dll
 0004:0000083c       __imp_?GetDispatchIID@CCmdTarget@@UAEHPAU_GUID@@@Z 0049d83c     mfc140d:mfc140d.dll
 0004:00000840       __imp_?IsInvokeAllowed@CCmdTarget@@UAEHJ@Z 0049d840     mfc140d:mfc140d.dll
 0004:00000844       __imp_?DDX_Control@@YGXPAVCDataExchange@@HAAVCWnd@@@Z 0049d844     mfc140d:mfc140d.dll
 0004:00000848       __imp_??1CBrush@@UAE@XZ    0049d848     mfc140d:mfc140d.dll
 0004:0000084c       __imp_?FindNextFileA@CFileFind@@UAEHXZ 0049d84c     mfc140d:mfc140d.dll
 0004:00000850       __imp_?FindFile@CFileFind@@UAEHPBDK@Z 0049d850     mfc140d:mfc140d.dll
 0004:00000854       __imp_?Close@CFileFind@@QAEXXZ 0049d854     mfc140d:mfc140d.dll
 0004:00000858       __imp_?IsDirectory@CFileFind@@QBEHXZ 0049d858     mfc140d:mfc140d.dll
 0004:0000085c       __imp_?IsDots@CFileFind@@UBEHXZ 0049d85c     mfc140d:mfc140d.dll
 0004:00000860       __imp_?GetFileName@CFileFind@@UBE?AV?$CStringT@DV?$StrTraitMFC_DLL@DV?$ChTraitsCRT@D@ATL@@@@@ATL@@XZ 0049d860     mfc140d:mfc140d.dll
 0004:00000864       __imp_??1CFileFind@@UAE@XZ 0049d864     mfc140d:mfc140d.dll
 0004:00000868       __imp_??0CFileFind@@QAE@XZ 0049d868     mfc140d:mfc140d.dll
 0004:0000086c       __imp_??1CFile@@UAE@XZ     0049d86c     mfc140d:mfc140d.dll
 0004:00000870       __imp_?Close@CFile@@UAEXXZ 0049d870     mfc140d:mfc140d.dll
 0004:00000874       __imp_?Read@CFile@@UAEIPAXI@Z 0049d874     mfc140d:mfc140d.dll
 0004:00000878       __imp_?GetLength@CFile@@UBE_KXZ 0049d878     mfc140d:mfc140d.dll
 0004:0000087c       __imp_?Open@CFile@@UAEHPBDIPAVCFileException@@@Z 0049d87c     mfc140d:mfc140d.dll
 0004:00000880       __imp_??0CFile@@QAE@XZ     0049d880     mfc140d:mfc140d.dll
 0004:00000884       __imp_?Format@?$CStringT@DV?$StrTraitMFC_DLL@DV?$ChTraitsCRT@D@ATL@@@@@ATL@@QAAXPBDZZ 0049d884     mfc140d:mfc140d.dll
 0004:00000888       __imp_?Remove@?$CStringT@DV?$StrTraitMFC_DLL@DV?$ChTraitsCRT@D@ATL@@@@@ATL@@QAEHD@Z 0049d888     mfc140d:mfc140d.dll
 0004:0000088c       __imp_?Replace@?$CStringT@DV?$StrTraitMFC_DLL@DV?$ChTraitsCRT@D@ATL@@@@@ATL@@QAEHPBD0@Z 0049d88c     mfc140d:mfc140d.dll
 0004:00000890       __imp_??Y?$CStringT@DV?$StrTraitMFC_DLL@DV?$ChTraitsCRT@D@ATL@@@@@ATL@@QAEAAV01@PBD@Z 0049d890     mfc140d:mfc140d.dll
 0004:00000894       __imp_??4?$CStringT@DV?$StrTraitMFC_DLL@DV?$ChTraitsCRT@D@ATL@@@@@ATL@@QAEAAV01@ABV01@@Z 0049d894     mfc140d:mfc140d.dll
 0004:00000898       __imp_??1?$CStringT@DV?$StrTraitMFC_DLL@DV?$ChTraitsCRT@D@ATL@@@@@ATL@@QAE@XZ 0049d898     mfc140d:mfc140d.dll
 0004:0000089c       __imp_??0?$CStringT@DV?$StrTraitMFC_DLL@DV?$ChTraitsCRT@D@ATL@@@@@ATL@@QAE@PBD@Z 0049d89c     mfc140d:mfc140d.dll
 0004:000008a0       __imp_??0?$CStringT@DV?$StrTraitMFC_DLL@DV?$ChTraitsCRT@D@ATL@@@@@ATL@@QAE@ABV01@@Z 0049d8a0     mfc140d:mfc140d.dll
 0004:000008a4       __imp_??0?$CStringT@DV?$StrTraitMFC_DLL@DV?$ChTraitsCRT@D@ATL@@@@@ATL@@QAE@XZ 0049d8a4     mfc140d:mfc140d.dll
 0004:000008a8       __imp_?GetLength@?$CSimpleStringT@D$00@ATL@@QBEHXZ 0049d8a8     mfc140d:mfc140d.dll
 0004:000008ac       __imp_?GetBuffer@?$CSimpleStringT@D$00@ATL@@QAEPADH@Z 0049d8ac     mfc140d:mfc140d.dll
 0004:000008b0       __imp_?Empty@?$CSimpleStringT@D$00@ATL@@QAEXXZ 0049d8b0     mfc140d:mfc140d.dll
 0004:000008b4       __imp_?Append@?$CSimpleStringT@D$00@ATL@@QAEXPBD@Z 0049d8b4     mfc140d:mfc140d.dll
 0004:000008b8       __imp_??B?$CSimpleStringT@D$00@ATL@@QBEPBDXZ 0049d8b8     mfc140d:mfc140d.dll
 0004:000008bc       __imp_?Serialize@CObject@@UAEXAAVCArchive@@@Z 0049d8bc     mfc140d:mfc140d.dll
 0004:000008c0       __imp_??3CObject@@SGXPAX@Z 0049d8c0     mfc140d:mfc140d.dll
 0004:000008c4       __imp_?GetThisMessageMap@CDialogEx@@KGPBUAFX_MSGMAP@@XZ 0049d8c4     mfc140d:mfc140d.dll
 0004:000008c8       __imp_?CreateIndirect@CDialog@@UAEHPBUDLGTEMPLATE@@PAVCWnd@@PAX@Z 0049d8c8     mfc140d:mfc140d.dll
 0004:000008cc       __imp_?Create@CDialog@@UAEHIPAVCWnd@@@Z 0049d8cc     mfc140d:mfc140d.dll
 0004:000008d0       __imp_?DoDataExchange@CWnd@@MAEXPAVCDataExchange@@@Z 0049d8d0     mfc140d:mfc140d.dll
 0004:000008d4       __imp_?GetSuperWndProcAddr@CWnd@@MAEPAP6GJPAUHWND__@@IIJ@ZXZ 0049d8d4     mfc140d:mfc140d.dll
 0004:000008d8       __imp_?CreateControlSite@CWnd@@MAEHPAVCOleControlContainer@@PAPAVCOleControlSite@@IABU_GUID@@@Z 0049d8d8     mfc140d:mfc140d.dll
 0004:000008dc       __imp_?Create@CDialog@@UAEHPBDPAVCWnd@@@Z 0049d8dc     mfc140d:mfc140d.dll
 0004:000008e0       __imp_?HtmlHelpA@CWnd@@UAEXKI@Z 0049d8e0     mfc140d:mfc140d.dll
 0004:000008e4       __imp_?CreateControlContainer@CWnd@@MAEHPAPAVCOleControlContainer@@@Z 0049d8e4     mfc140d:mfc140d.dll
 0004:000008e8       __imp_?OnNotify@CWnd@@MAEHIJPAJ@Z 0049d8e8     mfc140d:mfc140d.dll
 0004:000008ec       __imp_?CreateAccessibleProxy@CWnd@@UAEJIJPAJ@Z 0049d8ec     mfc140d:mfc140d.dll
 0004:000008f0       __imp_?SetProxy@CWnd@@UAEJPAUIAccessibleProxy@@@Z 0049d8f0     mfc140d:mfc140d.dll
 0004:000008f4       __imp_?put_accValue@CWnd@@UAEJUtagVARIANT@@PA_W@Z 0049d8f4     mfc140d:mfc140d.dll
 0004:000008f8       __imp_?put_accName@CWnd@@UAEJUtagVARIANT@@PA_W@Z 0049d8f8     mfc140d:mfc140d.dll
 0004:000008fc       __imp_?accDoDefaultAction@CWnd@@UAEJUtagVARIANT@@@Z 0049d8fc     mfc140d:mfc140d.dll
 0004:00000900       __imp_?accHitTest@CWnd@@UAEJJJPAUtagVARIANT@@@Z 0049d900     mfc140d:mfc140d.dll
 0004:00000904       __imp_?accNavigate@CWnd@@UAEJJUtagVARIANT@@PAU2@@Z 0049d904     mfc140d:mfc140d.dll
 0004:00000908       __imp_?accLocation@CWnd@@UAEJPAJ000UtagVARIANT@@@Z 0049d908     mfc140d:mfc140d.dll
 0004:0000090c       __imp_?accSelect@CWnd@@UAEJJUtagVARIANT@@@Z 0049d90c     mfc140d:mfc140d.dll
 0004:00000910       __imp_?get_accDefaultAction@CWnd@@UAEJUtagVARIANT@@PAPA_W@Z 0049d910     mfc140d:mfc140d.dll
 0004:00000914       __imp_?get_accSelection@CWnd@@UAEJPAUtagVARIANT@@@Z 0049d914     mfc140d:mfc140d.dll
 0004:00000918       __imp_?get_accFocus@CWnd@@UAEJPAUtagVARIANT@@@Z 0049d918     mfc140d:mfc140d.dll
 0004:0000091c       __imp_?get_accKeyboardShortcut@CWnd@@UAEJUtagVARIANT@@PAPA_W@Z 0049d91c     mfc140d:mfc140d.dll
 0004:00000920       __imp_?get_accHelpTopic@CWnd@@UAEJPAPA_WUtagVARIANT@@PAJ@Z 0049d920     mfc140d:mfc140d.dll
 0004:00000924       __imp_?get_accHelp@CWnd@@UAEJUtagVARIANT@@PAPA_W@Z 0049d924     mfc140d:mfc140d.dll
 0004:00000928       __imp_?get_accState@CWnd@@UAEJUtagVARIANT@@PAU2@@Z 0049d928     mfc140d:mfc140d.dll
 0004:0000092c       __imp_?get_accRole@CWnd@@UAEJUtagVARIANT@@PAU2@@Z 0049d92c     mfc140d:mfc140d.dll
 0004:00000930       __imp_?get_accDescription@CWnd@@UAEJUtagVARIANT@@PAPA_W@Z 0049d930     mfc140d:mfc140d.dll
 0004:00000934       __imp_?get_accValue@CWnd@@UAEJUtagVARIANT@@PAPA_W@Z 0049d934     mfc140d:mfc140d.dll
 0004:00000938       __imp_?get_accName@CWnd@@UAEJUtagVARIANT@@PAPA_W@Z 0049d938     mfc140d:mfc140d.dll
 0004:0000093c       __imp_?get_accChild@CWnd@@UAEJUtagVARIANT@@PAPAUIDispatch@@@Z 0049d93c     mfc140d:mfc140d.dll
 0004:00000940       __imp_?IsFrameWnd@CWnd@@UBEHXZ 0049d940     mfc140d:mfc140d.dll
 0004:00000944       __imp_?ResizeDynamicLayout@CWnd@@MAEXXZ 0049d944     mfc140d:mfc140d.dll
 0004:00000948       __imp_?OnGesturePressAndTap@CWnd@@MAEHVCPoint@@J@Z 0049d948     mfc140d:mfc140d.dll
 0004:0000094c       __imp_?OnGestureTwoFingerTap@CWnd@@MAEHVCPoint@@@Z 0049d94c     mfc140d:mfc140d.dll
 0004:00000950       __imp_?OnGestureRotate@CWnd@@MAEHVCPoint@@N@Z 0049d950     mfc140d:mfc140d.dll
 0004:00000954       __imp_?OnGesturePan@CWnd@@MAEHVCPoint@@0@Z 0049d954     mfc140d:mfc140d.dll
 0004:00000958       __imp_?OnGestureZoom@CWnd@@MAEHVCPoint@@J@Z 0049d958     mfc140d:mfc140d.dll
 0004:0000095c       __imp_?GetGestureStatus@CWnd@@MAEKVCPoint@@@Z 0049d95c     mfc140d:mfc140d.dll
 0004:00000960       __imp_?OnTouchInput@CWnd@@MAEHVCPoint@@HHPAUtagTOUCHINPUT@@@Z 0049d960     mfc140d:mfc140d.dll
 0004:00000964       __imp_?OnTouchInputs@CWnd@@MAEHIPAUtagTOUCHINPUT@@@Z 0049d964     mfc140d:mfc140d.dll
 0004:00000968       __imp_?OnChildNotify@CWnd@@MAEHIIJPAJ@Z 0049d968     mfc140d:mfc140d.dll
 0004:0000096c       __imp_?PostNcDestroy@CWnd@@MAEXXZ 0049d96c     mfc140d:mfc140d.dll
 0004:00000970       __imp_?DefWindowProcA@CWnd@@MAEJIIJ@Z 0049d970     mfc140d:mfc140d.dll
 0004:00000974       __imp_?OnWndMsg@CWnd@@MAEHIIJPAJ@Z 0049d974     mfc140d:mfc140d.dll
 0004:00000978       __imp_?WindowProc@CWnd@@MAEJIIJ@Z 0049d978     mfc140d:mfc140d.dll
 0004:0000097c       __imp_?OnAmbientProperty@CWnd@@UAEHPAVCOleControlSite@@JPAUtagVARIANT@@@Z 0049d97c     mfc140d:mfc140d.dll
 0004:00000980       __imp_?ApplicationRecoveryCallback@CWinApp@@UAEKPAX@Z 0049d980     mfc140d:mfc140d.dll
 0004:00000984       __imp_?EndModalState@CWnd@@UAEXXZ 0049d984     mfc140d:mfc140d.dll
 0004:00000988       __imp_?get_accChildCount@CWnd@@UAEJPAJ@Z 0049d988     mfc140d:mfc140d.dll
 0004:0000098c       __imp_?get_accParent@CWnd@@UAEJPAPAUIDispatch@@@Z 0049d98c     mfc140d:mfc140d.dll
 0004:00000990       __imp_?EnsureStdObj@CWnd@@UAEJXZ 0049d990     mfc140d:mfc140d.dll
 0004:00000994       __imp_?GetInterfaceMap@CWnd@@MBEPBUAFX_INTERFACEMAP@@XZ 0049d994     mfc140d:mfc140d.dll
 0004:00000998       __imp_?OnDrawIconicThumbnailOrLivePreview@CWnd@@UAEXAAVCDC@@VCRect@@VCSize@@HAAH@Z 0049d998     mfc140d:mfc140d.dll
 0004:0000099c       __imp_?EndModalLoop@CWnd@@UAEXH@Z 0049d99c     mfc140d:mfc140d.dll
 0004:000009a0       __imp_?ContinueModal@CWnd@@UAEHXZ 0049d9a0     mfc140d:mfc140d.dll
 0004:000009a4       __imp_?AfxWinMain@@YGHPAUHINSTANCE__@@0PADH@Z 0049d9a4     mfc140d:mfc140d.dll
 0004:000009a8       __imp_?AfxGetModuleState@@YGPAVAFX_MODULE_STATE@@XZ 0049d9a8     mfc140d:mfc140d.dll
 0004:000009ac       __imp_?_AfxSocketInit@@YGHPAUWSAData@@@Z 0049d9ac     mfc140d:mfc140d.dll
 0004:000009b0       __imp_?InitApplication@CWinApp@@UAEHXZ 0049d9b0     mfc140d:mfc140d.dll
 0004:000009b4       __imp_?WinHelpInternal@CWnd@@UAEXKI@Z 0049d9b4     mfc140d:mfc140d.dll
 0004:000009b8       __imp_?AddToRecentFileList@CWinApp@@UAEXPBD@Z 0049d9b8     mfc140d:mfc140d.dll
 0004:000009bc       \177mfc140d_NULL_THUNK_DATA 0049d9bc     mfc140d:mfc140d.dll
 0004:00000af0       __imp___invalid_parameter  0049daf0     ucrtd:ucrtbased.dll
 0004:00000af4       __imp___CrtDbgReportW      0049daf4     ucrtd:ucrtbased.dll
 0004:00000af8       __imp__free                0049daf8     ucrtd:ucrtbased.dll
 0004:00000afc       __imp__malloc              0049dafc     ucrtd:ucrtbased.dll
 0004:00000b00       __imp__rand                0049db00     ucrtd:ucrtbased.dll
 0004:00000b04       __imp__atoi                0049db04     ucrtd:ucrtbased.dll
 0004:00000b08       __imp____acrt_iob_func     0049db08     ucrtd:ucrtbased.dll
 0004:00000b0c       __imp__fclose              0049db0c     ucrtd:ucrtbased.dll
 0004:00000b10       __imp__fflush              0049db10     ucrtd:ucrtbased.dll
 0004:00000b14       __imp__fopen               0049db14     ucrtd:ucrtbased.dll
 0004:00000b18       __imp__fread               0049db18     ucrtd:ucrtbased.dll
 0004:00000b1c       __imp__fseek               0049db1c     ucrtd:ucrtbased.dll
 0004:00000b20       __imp__ftell               0049db20     ucrtd:ucrtbased.dll
 0004:00000b24       __imp__fwrite              0049db24     ucrtd:ucrtbased.dll
 0004:00000b28       __imp__remove              0049db28     ucrtd:ucrtbased.dll
 0004:00000b2c       __imp____stdio_common_vfprintf 0049db2c     ucrtd:ucrtbased.dll
 0004:00000b30       __imp__tolower             0049db30     ucrtd:ucrtbased.dll
 0004:00000b34       __imp___localtime64_s      0049db34     ucrtd:ucrtbased.dll
 0004:00000b38       __imp___mktime64           0049db38     ucrtd:ucrtbased.dll
 0004:00000b3c       __imp___time64             0049db3c     ucrtd:ucrtbased.dll
 0004:00000b40       __imp___beginthreadex      0049db40     ucrtd:ucrtbased.dll
 0004:00000b44       __imp__wcscpy_s            0049db44     ucrtd:ucrtbased.dll
 0004:00000b48       __imp____stdio_common_vswprintf_s 0049db48     ucrtd:ucrtbased.dll
 0004:00000b4c       __imp__strtoll             0049db4c     ucrtd:ucrtbased.dll
 0004:00000b50       __imp___splitpath_s        0049db50     ucrtd:ucrtbased.dll
 0004:00000b54       __imp___invalid_parameter_noinfo 0049db54     ucrtd:ucrtbased.dll
 0004:00000b58       __imp___errno              0049db58     ucrtd:ucrtbased.dll
 0004:00000b5c       __imp__wcslen              0049db5c     ucrtd:ucrtbased.dll
 0004:00000b60       __imp____stdio_common_vsnprintf_s 0049db60     ucrtd:ucrtbased.dll
 0004:00000b64       __imp___mbscmp             0049db64     ucrtd:ucrtbased.dll
 0004:00000b68       __imp__setlocale           0049db68     ucrtd:ucrtbased.dll
 0004:00000b6c       __imp___CrtDbgReport       0049db6c     ucrtd:ucrtbased.dll
 0004:00000b70       __imp___free_dbg           0049db70     ucrtd:ucrtbased.dll
 0004:00000b74       __imp__terminate           0049db74     ucrtd:ucrtbased.dll
 0004:00000b78       __imp___callnewh           0049db78     ucrtd:ucrtbased.dll
 0004:00000b7c       __imp___seh_filter_dll     0049db7c     ucrtd:ucrtbased.dll
 0004:00000b80       __imp___configure_narrow_argv 0049db80     ucrtd:ucrtbased.dll
 0004:00000b84       __imp___initialize_narrow_environment 0049db84     ucrtd:ucrtbased.dll
 0004:00000b88       __imp___initialize_onexit_table 0049db88     ucrtd:ucrtbased.dll
 0004:00000b8c       __imp___register_onexit_function 0049db8c     ucrtd:ucrtbased.dll
 0004:00000b90       __imp___execute_onexit_table 0049db90     ucrtd:ucrtbased.dll
 0004:00000b94       __imp___crt_atexit         0049db94     ucrtd:ucrtbased.dll
 0004:00000b98       __imp___crt_at_quick_exit  0049db98     ucrtd:ucrtbased.dll
 0004:00000b9c       __imp___cexit              0049db9c     ucrtd:ucrtbased.dll
 0004:00000ba0       __imp___seh_filter_exe     0049dba0     ucrtd:ucrtbased.dll
 0004:00000ba4       __imp___set_app_type       0049dba4     ucrtd:ucrtbased.dll
 0004:00000ba8       __imp____setusermatherr    0049dba8     ucrtd:ucrtbased.dll
 0004:00000bac       __imp___get_narrow_winmain_command_line 0049dbac     ucrtd:ucrtbased.dll
 0004:00000bb0       __imp___initterm           0049dbb0     ucrtd:ucrtbased.dll
 0004:00000bb4       __imp___initterm_e         0049dbb4     ucrtd:ucrtbased.dll
 0004:00000bb8       __imp__exit                0049dbb8     ucrtd:ucrtbased.dll
 0004:00000bbc       __imp___exit               0049dbbc     ucrtd:ucrtbased.dll
 0004:00000bc0       __imp___set_fmode          0049dbc0     ucrtd:ucrtbased.dll
 0004:00000bc4       __imp___c_exit             0049dbc4     ucrtd:ucrtbased.dll
 0004:00000bc8       __imp___register_thread_local_exe_atexit_callback 0049dbc8     ucrtd:ucrtbased.dll
 0004:00000bcc       __imp___configthreadlocale 0049dbcc     ucrtd:ucrtbased.dll
 0004:00000bd0       __imp___set_new_mode       0049dbd0     ucrtd:ucrtbased.dll
 0004:00000bd4       __imp____p__commode        0049dbd4     ucrtd:ucrtbased.dll
 0004:00000bd8       __imp___controlfp_s        0049dbd8     ucrtd:ucrtbased.dll
 0004:00000bdc       __imp___wmakepath_s        0049dbdc     ucrtd:ucrtbased.dll
 0004:00000be0       __imp___wsplitpath_s       0049dbe0     ucrtd:ucrtbased.dll
 0004:00000be4       __imp__strnicmp            0049dbe4     ucrtd:ucrtbased.dll
 0004:00000be4       __imp___strnicmp           0049dbe4     ucrtd:ucrtbased.dll
 0004:00000be8       __imp___strupr             0049dbe8     ucrtd:ucrtbased.dll
 0004:00000be8       __imp__strupr              0049dbe8     ucrtd:ucrtbased.dll
 0004:00000bec       __imp__memicmp             0049dbec     ucrtd:ucrtbased.dll
 0004:00000bec       __imp___memicmp            0049dbec     ucrtd:ucrtbased.dll
 0004:00000bf0       __imp___strlwr             0049dbf0     ucrtd:ucrtbased.dll
 0004:00000bf0       __imp__strlwr              0049dbf0     ucrtd:ucrtbased.dll
 0004:00000bf4       __imp___setmbcp            0049dbf4     ucrtd:ucrtbased.dll
 0004:00000bf8       __imp___recalloc           0049dbf8     ucrtd:ucrtbased.dll
 0004:00000bfc       __imp__strcat              0049dbfc     ucrtd:ucrtbased.dll
 0004:00000c00       __imp__pow                 0049dc00     ucrtd:ucrtbased.dll
 0004:00000c04       __imp___strupr_s           0049dc04     ucrtd:ucrtbased.dll
 0004:00000c08       __imp__strlen              0049dc08     ucrtd:ucrtbased.dll
 0004:00000c0c       __imp__strcpy              0049dc0c     ucrtd:ucrtbased.dll
 0004:00000c10       __imp__strcmp              0049dc10     ucrtd:ucrtbased.dll
 0004:00000c14       __imp__toupper             0049dc14     ucrtd:ucrtbased.dll
 0004:00000c18       __imp__isalnum             0049dc18     ucrtd:ucrtbased.dll
 0004:00000c1c       __imp__isxdigit            0049dc1c     ucrtd:ucrtbased.dll
 0004:00000c20       __imp__isdigit             0049dc20     ucrtd:ucrtbased.dll
 0004:00000c24       __imp__isalpha             0049dc24     ucrtd:ucrtbased.dll
 0004:00000c28       __imp____stdio_common_vsprintf 0049dc28     ucrtd:ucrtbased.dll
 0004:00000c2c       __imp____stdio_common_vsprintf_s 0049dc2c     ucrtd:ucrtbased.dll
 0004:00000c30       \177ucrtbased_NULL_THUNK_DATA 0049dc30     ucrtd:ucrtbased.dll
 0004:00000c9c       __IMPORT_DESCRIPTOR_MSVCP140D 0049dc9c     msvcprtd:MSVCP140D.dll
 0004:00000cb0       __IMPORT_DESCRIPTOR_SHLWAPI 0049dcb0     shlwapi:SHLWAPI.dll
 0004:00000cc4       __IMPORT_DESCRIPTOR_USER32 0049dcc4     User32:USER32.dll
 0004:00000cd8       __IMPORT_DESCRIPTOR_dbghelp 0049dcd8     dbghelp:dbghelp.dll
 0004:00000cec       __IMPORT_DESCRIPTOR_mfc140d 0049dcec     mfc140d:mfc140d.dll
 0004:00000d00       __IMPORT_DESCRIPTOR_KERNEL32 0049dd00     kernel32:KERNEL32.dll
 0004:00000d14       __IMPORT_DESCRIPTOR_GDI32  0049dd14     gdi32:GDI32.dll
 0004:00000d28       __IMPORT_DESCRIPTOR_COMCTL32 0049dd28     comctl32:COMCTL32.dll
 0004:00000d3c       __IMPORT_DESCRIPTOR_OLEAUT32 0049dd3c     oleaut32:OLEAUT32.dll
 0004:00000d50       __IMPORT_DESCRIPTOR_gdiplus 0049dd50     gdiplus:gdiplus.dll
 0004:00000d64       __IMPORT_DESCRIPTOR_WS2_32 0049dd64     ws2_32:WS2_32.dll
 0004:00000d78       __IMPORT_DESCRIPTOR_PELib  0049dd78     PELib:PELib.dll
 0004:00000d8c       __IMPORT_DESCRIPTOR_16Edit 0049dd8c     16Edit:16Edit.DLL
 0004:00000da0       __IMPORT_DESCRIPTOR_VCRUNTIME140D 0049dda0     vcruntimed:VCRUNTIME140D.dll
 0004:00000db4       __IMPORT_DESCRIPTOR_ucrtbased 0049ddb4     ucrtd:ucrtbased.dll
 0004:00000dc8       __NULL_IMPORT_DESCRIPTOR   0049ddc8     msvcprtd:MSVCP140D.dll
 0005:00000000       __tls_start                004a0000     MSVCRTD:tlssup.obj
 0005:0000013c       __Init_thread_epoch        004a013c     MSVCRTD:thread_safe_statics.obj
 0005:00000241       __tls_end                  004a0241     MSVCRTD:tlssup.obj
 0007:00000000       ___guard_check_icall_fptr  004a2000     MSVCRTD:guard_support.obj
