 PETOOLS

 Timestamp is 5f539097 (Sat Sep  5 21:20:23 2020)

 Preferred load address is 00400000

 Start         Length     Name                   Class
 0001:00000000 00007260H .text$di                CODE
 0001:00007260 00064a40H .text$mn                CODE
 0001:0006bca0 000058c0H .text$x                 CODE
 0001:00071560 00001467H .text$yd                CODE
 0002:00000000 00000104H .CRT$XCA                DATA
 0002:00000104 00000104H .CRT$XCAA               DATA
 0002:00000208 0000010cH .CRT$XCL                DATA
 0002:00000314 0000018cH .CRT$XCU                DATA
 0002:000004a0 00000104H .CRT$XCZ                DATA
 0002:000005a4 00000104H .CRT$XIA                DATA
 0002:000006a8 00000104H .CRT$XIAA               DATA
 0002:000007ac 00000104H .CRT$XIAC               DATA
 0002:000008b0 00000104H .CRT$XIC                DATA
 0002:000009b4 00000104H .CRT$XIZ                DATA
 0002:00000ab8 00000004H .CRT$XLA                DATA
 0002:00000abc 00000004H .CRT$XLZ                DATA
 0002:00000ac0 00000104H .CRT$XPA                DATA
 0002:00000bc4 00000104H .CRT$XPZ                DATA
 0002:00000cc8 00000104H .CRT$XTA                DATA
 0002:00000dcc 00000104H .CRT$XTZ                DATA
 0002:00000ed0 0001237cH .rdata                  DATA
 0002:0001324c 0000011cH .rdata$T                DATA
 0002:00013368 000011a8H .rdata$r                DATA
 0002:00014510 00000560H .rdata$sxdata           DATA
 0002:00014a70 0000016cH .rdata$zzzdbg           DATA
 0002:00014bdc 00000104H .rtc$IAA                DATA
 0002:00014ce0 000001acH .rtc$IMZ                DATA
 0002:00014e8c 00000104H .rtc$IZZ                DATA
 0002:00014f90 00000104H .rtc$TAA                DATA
 0002:00015094 000001acH .rtc$TMZ                DATA
 0002:00015240 00000108H .rtc$TZZ                DATA
 0002:00015348 000042dcH .xdata$x                DATA
 0002:00019624 00000104H ATL$__a                 DATA
 0002:00019728 00000104H ATL$__z                 DATA
 0002:0001982c 00000000H .edata                  DATA
 0003:00000000 00000318H .data                   DATA
 0003:00000318 00000728H .data$r                 DATA
 0003:00000a40 000045acH .bss                    DATA
 0004:00000000 00000c1cH .idata$5                DATA
 0004:00000c1c 0000012cH .idata$2                DATA
 0004:00000d48 00000014H .idata$3                DATA
 0004:00000d5c 00000c1cH .idata$4                DATA
 0004:00001978 000011b9H .idata$6                DATA
 0005:00000000 00000108H .tls                    DATA
 0005:00000108 00000139H .tls$                   DATA
 0005:00000241 00000101H .tls$ZZZ                DATA
 0006:00000000 00000239H .gfids$y                DATA
 0007:00000000 00000104H .00cfg                  DATA
 0008:00000000 00000104H .giats$y                DATA
 0009:00000000 00000a60H .rsrc$01                DATA
 0009:00000a60 000192c6H .rsrc$02                DATA

  Address         Publics by Value              Rva+Base       Lib:Object

 0000:00000000       ___guard_fids_table        00000000     <absolute>
 0000:00000000       ___dynamic_value_reloc_table 00000000     <absolute>
 0000:00000000       ___guard_longjmp_table     00000000     <absolute>
 0000:00000000       ___guard_iat_count         00000000     <absolute>
 0000:00000000       ___guard_fids_count        00000000     <absolute>
 0000:00000000       ___guard_iat_table         00000000     <absolute>
 0000:00000000       ___guard_longjmp_count     00000000     <absolute>
 0000:0000002c       __tls_array                0000002c     <absolute>
 0000:000000ea       ___safe_se_handler_count   000000ea     <absolute>
 0000:00000100       ___guard_flags             00000100     <absolute>
 0000:00000000       ___ImageBase               00400000     <linker-defined>
 0001:00007260       ??$__vcrt_va_start_verify_argument_type@QBD@@YAXXZ 00408260 f i asmserv.obj
 0001:00007290       ?Decodeaddress@@YAHKPADH0@Z 00408290 f   asmserv.obj
 0001:000072c0       ?Disassembleback@@YAKPADKKKH@Z 004082c0 f   asmserv.obj
 0001:00007570       ?Disassembleforward@@YAKPADKKKH@Z 00408570 f   asmserv.obj
 0001:00007700       ?Isfilling@@YAHKPADKK@Z    00408700 f   asmserv.obj
 0001:00007a00       ?Print3dnow@@YAHPAD0@Z     00408a00 f   asmserv.obj
 0001:00007ac0       ?Printfloat10@@YAHPADO@Z   00408ac0 f   asmserv.obj
 0001:00007ee0       ?Printfloat4@@YAHPADM@Z    00408ee0 f   asmserv.obj
 0001:00008040       ?Printfloat8@@YAHPADN@Z    00409040 f   asmserv.obj
 0001:000081e0       ___local_stdio_printf_options 004091e0 f i asmserv.obj
 0001:00008220       __vsnprintf_l              00409220 f i asmserv.obj
 0001:000082d0       __vsprintf_l               004092d0 f i asmserv.obj
 0001:00008330       _sprintf                   00409330 f i asmserv.obj
 0001:000083b0       ??$_strupr_s@$0BAA@@@YAHAAY0BAA@D@Z 004093b0 f i assembl.obj
 0001:00008410       ?Assemble@@YAHPADKPAUt_asmmodel@@HH0@Z 00409410 f   assembl.obj
 0001:0000b160       ??0CPETOOLSDlg@@QAE@PAVCWnd@@@Z 0040c160 f   PETOOLSDlg.obj
 0001:0000b890       ?EnumChildProc@CPETOOLSDlg@@SGHPAUHWND__@@J@Z 0040c890 f   PETOOLSDlg.obj
 0001:0000b990       ?OnInitDialog@CPETOOLSDlg@@MAEHXZ 0040c990 f   PETOOLSDlg.obj
 0001:0000c9c0       ?SetControlUI@CPETOOLSDlg@@QAEXQADPAVCMFCButton@@PAD@Z 0040d9c0 f   PETOOLSDlg.obj
 0001:0000e550       ??1CPETOOLSDlg@@UAE@XZ     0040f550 f   PETOOLSDlg.obj
 0001:0000eb60       _powl                      0040fb60 f i assembl.obj
 0001:0000ebd0       ??$__vcrt_va_start_verify_argument_type@PBD@@YAXXZ 0040fbd0 f i disasm.obj
 0001:0000ec00       ??$sprintf_s@$0BAA@@@YAHAAY0BAA@DPBDZZ 0040fc00 f i disasm.obj
 0001:0000ec70       ?Checkcondition@@YAHHK@Z   0040fc70 f   disasm.obj
 0001:00011b60       ?Disasm@@YAKPADKKPAUt_disasm@@H@Z 00412b60 f   disasm.obj
 0001:00014180       ?DoDataExchange@CPETOOLSDlg@@MAEXPAVCDataExchange@@@Z 00415180 f   PETOOLSDlg.obj
 0001:000152d0       __vsprintf_s_l             004162d0 f i disasm.obj
 0001:00015380       _vsprintf_s                00416380 f i disasm.obj
 0001:000153e0       ??0Ini@@QAE@XZ             004163e0 f   Ini.obj
 0001:00015440       ??1Ini@@QAE@XZ             00416440 f   Ini.obj
 0001:00015480       ?GetIntKey@Ini@@QAEHPAD00@Z 00416480 f   Ini.obj
 0001:00015550       ?GetPath@Ini@@QAEPADXZ     00416550 f   Ini.obj
 0001:00015590       ?GetStrKey@Ini@@QAEXPAD000@Z 00416590 f   Ini.obj
 0001:00015670       ?strrchr@@YAPADQADH@Z      00416670 f i Ini.obj
 0001:000156d0       ??$?0AAU?$_Wrap_alloc@V?$allocator@D@std@@@std@@@?$_Wrap_alloc@V?$allocator@U_Container_proxy@std@@@std@@@std@@QAE@AAU?$_Wrap_alloc@V?$allocator@D@std@@@1@@Z 004166d0 f i DebugLog.obj
 0001:00015740       ??$?0D@?$allocator@U_Container_proxy@std@@@std@@QAE@ABV?$allocator@D@1@@Z 00416740 f i DebugLog.obj
 0001:00015780       ??$_Unfancy@D@std@@YAPADPAD@Z 00416780 f i DebugLog.obj
 0001:000157c0       ??$addressof@PAD@std@@YAPAPADAAPAD@Z 004167c0 f i DebugLog.obj
 0001:00015800       ??$addressof@U_Container_proxy@std@@@std@@YAPAU_Container_proxy@0@AAU10@@Z 00416800 f i DebugLog.obj
 0001:00015840       ??$destroy@PAD@?$_Wrap_alloc@V?$allocator@D@std@@@std@@QAEXPAPAD@Z 00416840 f i DebugLog.obj
 0001:000158a0       ??$destroy@PAD@?$allocator@D@std@@QAEXPAPAD@Z 004168a0 f i DebugLog.obj
 0001:000158e0       ??$destroy@PAD@?$allocator_traits@V?$allocator@D@std@@@std@@SAXAAV?$allocator@D@1@PAPAD@Z 004168e0 f i DebugLog.obj
 0001:00015930       ??$destroy@U_Container_proxy@std@@@?$_Wrap_alloc@V?$allocator@U_Container_proxy@std@@@std@@@std@@QAEXPAU_Container_proxy@1@@Z 00416930 f i DebugLog.obj
 0001:00015990       ??$destroy@U_Container_proxy@std@@@?$allocator@U_Container_proxy@std@@@std@@QAEXPAU_Container_proxy@1@@Z 00416990 f i DebugLog.obj
 0001:000159d0       ??$destroy@U_Container_proxy@std@@@?$allocator_traits@V?$allocator@U_Container_proxy@std@@@std@@@std@@SAXAAV?$allocator@U_Container_proxy@std@@@1@PAU_Container_proxy@1@@Z 004169d0 f i DebugLog.obj
 0001:00015a20       ??$forward@AAU?$_Wrap_alloc@V?$allocator@D@std@@@std@@@std@@YAAAU?$_Wrap_alloc@V?$allocator@D@std@@@0@AAU10@@Z 00416a20 f i DebugLog.obj
 0001:00015a60       ??1?$_Compressed_pair@U?$_Wrap_alloc@V?$allocator@D@std@@@std@@V?$_String_val@U?$_Simple_types@D@std@@@2@$00@std@@QAE@XZ 00416a60 f i DebugLog.obj
 0001:00015ab0       ??1?$_String_alloc@U?$_String_base_types@DV?$allocator@D@std@@@std@@@std@@QAE@XZ 00416ab0 f i DebugLog.obj
 0001:00015b40       ??1?$_String_val@U?$_Simple_types@D@std@@@std@@QAE@XZ 00416b40 f i DebugLog.obj
 0001:00015ba0       ??1?$basic_string@DU?$char_traits@D@std@@V?$allocator@D@2@@std@@QAE@XZ 00416ba0 f i DebugLog.obj
 0001:00015c40       ??1_Bxty@?$_String_val@U?$_Simple_types@D@std@@@std@@QAE@XZ 00416c40 f i DebugLog.obj
 0001:00015c80       ??1_Container_base12@std@@QAE@XZ 00416c80 f i DebugLog.obj
 0001:00015d10       ?DebugLog@SurrealDebugLog@@YAXABV?$basic_string@DU?$char_traits@D@std@@V?$allocator@D@2@@std@@@Z 00416d10 f   DebugLog.obj
 0001:00015d40       ?DebugLog@SurrealDebugLog@@YAXABV?$basic_string@DU?$char_traits@D@std@@V?$allocator@D@2@@std@@V23@@Z 00416d40 f   DebugLog.obj
 0001:00015d90       ?DebugLogHex@SurrealDebugLog@@YAXABV?$basic_string@DU?$char_traits@D@std@@V?$allocator@D@2@@std@@AAV23@I@Z 00416d90 f   DebugLog.obj
 0001:00015dc0       ?_Bx@?$_String_alloc@U?$_String_base_types@DV?$allocator@D@std@@@std@@@std@@QAEAAT_Bxty@?$_String_val@U?$_Simple_types@D@std@@@2@XZ 00416dc0 f i DebugLog.obj
 0001:00015e20       ?_Deallocate@std@@YAXPAXII@Z 00416e20 f i DebugLog.obj
 0001:00016240       ?_Eos@?$basic_string@DU?$char_traits@D@std@@V?$allocator@D@2@@std@@QAEXI@Z 00417240 f i DebugLog.obj
 0001:000162d0       ?_Free_proxy@?$_String_alloc@U?$_String_base_types@DV?$allocator@D@std@@@std@@@std@@QAEXXZ 004172d0 f i DebugLog.obj
 0001:000163c0       ?_Get_data@?$_String_alloc@U?$_String_base_types@DV?$allocator@D@std@@@std@@@std@@QAEAAV?$_String_val@U?$_Simple_types@D@std@@@2@XZ 004173c0 f i DebugLog.obj
 0001:00016410       ?_Get_first@?$_Compressed_pair@U?$_Wrap_alloc@V?$allocator@D@std@@@std@@V?$_String_val@U?$_Simple_types@D@std@@@2@$00@std@@QAEAAU?$_Wrap_alloc@V?$allocator@D@std@@@2@XZ 00417410 f i DebugLog.obj
 0001:00016450       ?_Get_second@?$_Compressed_pair@U?$_Wrap_alloc@V?$allocator@D@std@@@std@@V?$_String_val@U?$_Simple_types@D@std@@@2@$00@std@@QAEAAV?$_String_val@U?$_Simple_types@D@std@@@2@XZ 00417450 f i DebugLog.obj
 0001:00016490       ?_Getal@?$_String_alloc@U?$_String_base_types@DV?$allocator@D@std@@@std@@@std@@QAEAAU?$_Wrap_alloc@V?$allocator@D@std@@@2@XZ 00417490 f i DebugLog.obj
 0001:000164e0       ?_Myproxy@?$_String_alloc@U?$_String_base_types@DV?$allocator@D@std@@@std@@@std@@QAEAAPAU_Container_proxy@2@XZ 004174e0 f i DebugLog.obj
 0001:00016530       ?_Myptr@?$_String_val@U?$_Simple_types@D@std@@@std@@QAEPADXZ 00417530 f i DebugLog.obj
 0001:000165c0       ?_Myres@?$_String_alloc@U?$_String_base_types@DV?$allocator@D@std@@@std@@@std@@QAEAAIXZ 004175c0 f i DebugLog.obj
 0001:00016620       ?_Orphan_all@?$_String_alloc@U?$_String_base_types@DV?$allocator@D@std@@@std@@@std@@QAEXXZ 00417620 f i DebugLog.obj
 0001:00016680       ?_Orphan_all@_Container_base12@std@@QAEXXZ 00417680 f i DebugLog.obj
 0001:00016790       ?_Tidy@?$basic_string@DU?$char_traits@D@std@@V?$allocator@D@2@@std@@QAEX_NI@Z 00417790 f i DebugLog.obj
 0001:000168b0       ?__empty_global_delete@@YAXPAX@Z 004178b0 f i DebugLog.obj
 0001:000168e0       ?__empty_global_delete@@YAXPAXI@Z 004178e0 f i DebugLog.obj
 0001:000168e0       ?__global_delete@@YAXPAXI@Z 004178e0 f i DebugLog.obj
 0001:00016910       ?address@?$_Wrap_alloc@V?$allocator@U_Container_proxy@std@@@std@@@std@@QBEPAU_Container_proxy@2@AAU32@@Z 00417910 f i DebugLog.obj
 0001:00016970       ?assign@?$char_traits@D@std@@SAXAADABD@Z 00417970 f i DebugLog.obj
 0001:000169b0       ?copy@?$char_traits@D@std@@SAPADPADPBDI@Z 004179b0 f i DebugLog.obj
 0001:00016a30       ?deallocate@?$_Wrap_alloc@V?$allocator@D@std@@@std@@QAEXPADI@Z 00417a30 f i DebugLog.obj
 0001:00016a90       ?deallocate@?$_Wrap_alloc@V?$allocator@U_Container_proxy@std@@@std@@@std@@QAEXPAU_Container_proxy@2@I@Z 00417a90 f i DebugLog.obj
 0001:00016af0       ?deallocate@?$allocator@D@std@@QAEXPADI@Z 00417af0 f i DebugLog.obj
 0001:00016b50       ?deallocate@?$allocator@U_Container_proxy@std@@@std@@QAEXPAU_Container_proxy@2@I@Z 00417b50 f i DebugLog.obj
 0001:00016bb0       ?pointer_to@?$pointer_traits@PAU_Container_proxy@std@@@std@@SAPAU_Container_proxy@2@AAU32@@Z 00417bb0 f i DebugLog.obj
 0001:00016c00       ??$?0$$QAV?$basic_string@DU?$char_traits@D@std@@V?$allocator@D@2@@std@@$$Z$$V@?$pair@$$CBV?$basic_string@DU?$char_traits@D@std@@V?$allocator@D@2@@std@@H@std@@QAE@Upiecewise_construct_t@1@V?$tuple@$$QAV?$basic_string@DU?$char_traits@D@std@@V?$allocator@D@2@@std@@@1@V?$tuple@$$V@1@@Z 00417c00 f i log4z.obj
 0001:00016c80       ??$?0$$V@?$_Compressed_pair@U?$_Wrap_alloc@V?$allocator@D@std@@@std@@V?$_String_val@U?$_Simple_types@D@std@@@2@$00@std@@QAE@U_Zero_then_variadic_args_t@1@@Z 00417c80 f i log4z.obj
 0001:00016ce0       ??$?0$$V@?$_Compressed_pair@U?$_Wrap_alloc@V?$allocator@PAULogData@log4z@zsummer@@@std@@@std@@V?$_Deque_val@U?$_Deque_simple_types@PAULogData@log4z@zsummer@@@std@@@2@$00@std@@QAE@U_Zero_then_variadic_args_t@1@@Z 00417ce0 f i log4z.obj
 0001:00016d40       ??$?0$$V@?$_Compressed_pair@U?$_Wrap_alloc@V?$allocator@PAULogData@log4z@zsummer@@@std@@@std@@V?$_Vector_val@U?$_Simple_types@PAULogData@log4z@zsummer@@@std@@@2@$00@std@@QAE@U_Zero_then_variadic_args_t@1@@Z 00417d40 f i log4z.obj
 0001:00016da0       ??$?0$$V@?$_Compressed_pair@U?$_Wrap_alloc@V?$allocator@U?$_List_node@U?$pair@_JV?$basic_string@DU?$char_traits@D@std@@V?$allocator@D@2@@std@@@std@@PAX@std@@@std@@@std@@V?$_List_val@U?$_List_simple_types@U?$pair@_JV?$basic_string@DU?$char_traits@D@std@@V?$allocator@D@2@@std@@@std@@@std@@@2@$00@std@@QAE@U_Zero_then_variadic_args_t@1@@Z 00417da0 f i log4z.obj
 0001:00016e00       ??$?0$$V@?$_Compressed_pair@U?$_Wrap_alloc@V?$allocator@U?$_Tree_node@U?$pair@$$CBV?$basic_string@DU?$char_traits@D@std@@V?$allocator@D@2@@std@@H@std@@PAX@std@@@std@@@std@@V?$_Tree_val@U?$_Tree_simple_types@U?$pair@$$CBV?$basic_string@DU?$char_traits@D@std@@V?$allocator@D@2@@std@@H@std@@@std@@@2@$00@std@@QAE@U_Zero_then_variadic_args_t@1@@Z 00417e00 f i log4z.obj
 0001:00016e60       ??$?0$$V@?$_Compressed_pair@U?$_Wrap_alloc@V?$allocator@U?$_Tree_node@U?$pair@$$CBV?$basic_string@DU?$char_traits@D@std@@V?$allocator@D@2@@std@@ULoggerInfo@log4z@zsummer@@@std@@PAX@std@@@std@@@std@@V?$_Tree_val@U?$_Tree_simple_types@U?$pair@$$CBV?$basic_string@DU?$char_traits@D@std@@V?$allocator@D@2@@std@@ULoggerInfo@log4z@zsummer@@@std@@@std@@@2@$00@std@@QAE@U_Zero_then_variadic_args_t@1@@Z 00417e60 f i log4z.obj
 0001:00016ec0       ??$?0AAU?$_Wrap_alloc@V?$allocator@PAULogData@log4z@zsummer@@@std@@@std@@@?$_Wrap_alloc@V?$allocator@PAPAULogData@log4z@zsummer@@@std@@@std@@QAE@AAU?$_Wrap_alloc@V?$allocator@PAULogData@log4z@zsummer@@@std@@@1@@Z 00417ec0 f i log4z.obj
 0001:00016f30       ??$?0AAU?$_Wrap_alloc@V?$allocator@PAULogData@log4z@zsummer@@@std@@@std@@@?$_Wrap_alloc@V?$allocator@U_Container_proxy@std@@@std@@@std@@QAE@AAU?$_Wrap_alloc@V?$allocator@PAULogData@log4z@zsummer@@@std@@@1@@Z 00417f30 f i log4z.obj
 0001:00016fa0       ??$?0AAU?$_Wrap_alloc@V?$allocator@U?$_List_node@U?$pair@_JV?$basic_string@DU?$char_traits@D@std@@V?$allocator@D@2@@std@@@std@@PAX@std@@@std@@@std@@@?$_Wrap_alloc@V?$allocator@U_Container_proxy@std@@@std@@@std@@QAE@AAU?$_Wrap_alloc@V?$allocator@U?$_List_node@U?$pair@_JV?$basic_string@DU?$char_traits@D@std@@V?$allocator@D@2@@std@@@std@@PAX@std@@@std@@@1@@Z 00417fa0 f i log4z.obj
 0001:00017010       ??$?0AAU?$_Wrap_alloc@V?$allocator@U?$_Tree_node@U?$pair@$$CBV?$basic_string@DU?$char_traits@D@std@@V?$allocator@D@2@@std@@H@std@@PAX@std@@@std@@@std@@@?$_Wrap_alloc@V?$allocator@U_Container_proxy@std@@@std@@@std@@QAE@AAU?$_Wrap_alloc@V?$allocator@U?$_Tree_node@U?$pair@$$CBV?$basic_string@DU?$char_traits@D@std@@V?$allocator@D@2@@std@@H@std@@PAX@std@@@std@@@1@@Z 00418010 f i log4z.obj
 0001:00017080       ??$?0AAU?$_Wrap_alloc@V?$allocator@U?$_Tree_node@U?$pair@$$CBV?$basic_string@DU?$char_traits@D@std@@V?$allocator@D@2@@std@@ULoggerInfo@log4z@zsummer@@@std@@PAX@std@@@std@@@std@@@?$_Wrap_alloc@V?$allocator@U_Container_proxy@std@@@std@@@std@@QAE@AAU?$_Wrap_alloc@V?$allocator@U?$_Tree_node@U?$pair@$$CBV?$basic_string@DU?$char_traits@D@std@@V?$allocator@D@2@@std@@ULoggerInfo@log4z@zsummer@@@std@@PAX@std@@@std@@@1@@Z 00418080 f i log4z.obj
 0001:000170f0       ??$?0AAV?$_Tree_iterator@V?$_Tree_val@U?$_Tree_simple_types@U?$pair@$$CBV?$basic_string@DU?$char_traits@D@std@@V?$allocator@D@2@@std@@H@std@@@std@@@std@@@std@@_NX$0A@@?$pair@V?$_Tree_iterator@V?$_Tree_val@U?$_Tree_simple_types@U?$pair@$$CBV?$basic_string@DU?$char_traits@D@std@@V?$allocator@D@2@@std@@H@std@@@std@@@std@@@std@@_N@std@@QAE@AAV?$_Tree_iterator@V?$_Tree_val@U?$_Tree_simple_types@U?$pair@$$CBV?$basic_string@DU?$char_traits@D@std@@V?$allocator@D@2@@std@@H@std@@@std@@@std@@@1@$$QA_N@Z 004180f0 f i log4z.obj
 0001:00017170       ??$?0AAV?$_Tree_iterator@V?$_Tree_val@U?$_Tree_simple_types@U?$pair@$$CBV?$basic_string@DU?$char_traits@D@std@@V?$allocator@D@2@@std@@ULoggerInfo@log4z@zsummer@@@std@@@std@@@std@@@std@@_NX$0A@@?$pair@V?$_Tree_iterator@V?$_Tree_val@U?$_Tree_simple_types@U?$pair@$$CBV?$basic_string@DU?$char_traits@D@std@@V?$allocator@D@2@@std@@ULoggerInfo@log4z@zsummer@@@std@@@std@@@std@@@std@@_N@std@@QAE@AAV?$_Tree_iterator@V?$_Tree_val@U?$_Tree_simple_types@U?$pair@$$CBV?$basic_string@DU?$char_traits@D@std@@V?$allocator@D@2@@std@@ULoggerInfo@log4z@zsummer@@@std@@@std@@@std@@@1@$$QA_N@Z 00418170 f i log4z.obj
 0001:000171f0       ??$?0AAV?$basic_string@DU?$char_traits@D@std@@V?$allocator@D@2@@std@@AAULoggerInfo@log4z@zsummer@@X$0A@@?$pair@V?$basic_string@DU?$char_traits@D@std@@V?$allocator@D@2@@std@@ULoggerInfo@log4z@zsummer@@@std@@QAE@AAV?$basic_string@DU?$char_traits@D@std@@V?$allocator@D@2@@1@AAULoggerInfo@log4z@zsummer@@@Z 004181f0 f i log4z.obj
 0001:000172c0       ??$?0ABU?$less@V?$basic_string@DU?$char_traits@D@std@@V?$allocator@D@2@@std@@@std@@U_Zero_then_variadic_args_t@1@@?$_Compressed_pair@U?$less@V?$basic_string@DU?$char_traits@D@std@@V?$allocator@D@2@@std@@@std@@V?$_Compressed_pair@U?$_Wrap_alloc@V?$allocator@U?$_Tree_node@U?$pair@$$CBV?$basic_string@DU?$char_traits@D@std@@V?$allocator@D@2@@std@@H@std@@PAX@std@@@std@@@std@@V?$_Tree_val@U?$_Tree_simple_types@U?$pair@$$CBV?$basic_string@DU?$char_traits@D@std@@V?$allocator@D@2@@std@@H@std@@@std@@@2@$00@2@$00@std@@QAE@U_One_then_variadic_args_t@1@ABU?$less@V?$basic_string@DU?$char_traits@D@std@@V?$allocator@D@2@@std@@@1@$$QAU_Zero_then_variadic_args_t@1@@Z 004182c0 f i log4z.obj
 0001:00017340       ??$?0ABU?$less@V?$basic_string@DU?$char_traits@D@std@@V?$allocator@D@2@@std@@@std@@U_Zero_then_variadic_args_t@1@@?$_Compressed_pair@U?$less@V?$basic_string@DU?$char_traits@D@std@@V?$allocator@D@2@@std@@@std@@V?$_Compressed_pair@U?$_Wrap_alloc@V?$allocator@U?$_Tree_node@U?$pair@$$CBV?$basic_string@DU?$char_traits@D@std@@V?$allocator@D@2@@std@@ULoggerInfo@log4z@zsummer@@@std@@PAX@std@@@std@@@std@@V?$_Tree_val@U?$_Tree_simple_types@U?$pair@$$CBV?$basic_string@DU?$char_traits@D@std@@V?$allocator@D@2@@std@@ULoggerInfo@log4z@zsummer@@@std@@@std@@@2@$00@2@$00@std@@QAE@U_One_then_variadic_args_t@1@ABU?$less@V?$basic_string@DU?$char_traits@D@std@@V?$allocator@D@2@@std@@@1@$$QAU_Zero_then_variadic_args_t@1@@Z 00418340 f i log4z.obj
 0001:000173c0       ??$?0ABV?$allocator@D@std@@$$V@?$_Compressed_pair@U?$_Wrap_alloc@V?$allocator@D@std@@@std@@V?$_String_val@U?$_Simple_types@D@std@@@2@$00@std@@QAE@U_One_then_variadic_args_t@1@ABV?$allocator@D@1@@Z 004183c0 f i log4z.obj
 0001:00017430       ??$?0ABV?$allocator@D@std@@@?$_Wrap_alloc@V?$allocator@D@std@@@std@@QAE@ABV?$allocator@D@1@@Z 00418430 f i log4z.obj
 0001:000174a0       ??$?0ABV?$allocator@D@std@@X@?$_String_alloc@U?$_String_base_types@DV?$allocator@D@std@@@std@@@std@@QAE@ABV?$allocator@D@1@@Z 004184a0 f i log4z.obj
 0001:00017560       ??$?0ABV?$basic_string@DU?$char_traits@D@std@@V?$allocator@D@2@@std@@$$Z$$V@?$pair@$$CBV?$basic_string@DU?$char_traits@D@std@@V?$allocator@D@2@@std@@H@std@@QAE@Upiecewise_construct_t@1@V?$tuple@ABV?$basic_string@DU?$char_traits@D@std@@V?$allocator@D@2@@std@@@1@V?$tuple@$$V@1@@Z 00418560 f i log4z.obj
 0001:000175e0       ??$?0ABV?$basic_string@DU?$char_traits@D@std@@V?$allocator@D@2@@std@@$0A@@?$tuple@ABV?$basic_string@DU?$char_traits@D@std@@V?$allocator@D@2@@std@@@std@@QAE@ABV?$basic_string@DU?$char_traits@D@std@@V?$allocator@D@2@@1@@Z 004185e0 f i log4z.obj
 0001:00017660       ??$?0ABV?$basic_string@DU?$char_traits@D@std@@V?$allocator@D@2@@std@@@?$_Tuple_val@ABV?$basic_string@DU?$char_traits@D@std@@V?$allocator@D@2@@std@@@std@@QAE@ABV?$basic_string@DU?$char_traits@D@std@@V?$allocator@D@2@@1@@Z 00418660 f i log4z.obj
 0001:000176c0       ??$?0PAULogData@log4z@zsummer@@@?$allocator@PAPAULogData@log4z@zsummer@@@std@@QAE@ABV?$allocator@PAULogData@log4z@zsummer@@@1@@Z 004186c0 f i log4z.obj
 0001:00017700       ??$?0PAULogData@log4z@zsummer@@@?$allocator@U_Container_proxy@std@@@std@@QAE@ABV?$allocator@PAULogData@log4z@zsummer@@@1@@Z 00418700 f i log4z.obj
 0001:00017740       ??$?0U?$_List_node@U?$pair@_JV?$basic_string@DU?$char_traits@D@std@@V?$allocator@D@2@@std@@@std@@PAX@std@@@?$allocator@U_Container_proxy@std@@@std@@QAE@ABV?$allocator@U?$_List_node@U?$pair@_JV?$basic_string@DU?$char_traits@D@std@@V?$allocator@D@2@@std@@@std@@PAX@std@@@1@@Z 00418740 f i log4z.obj
 0001:00017780       ??$?0U?$_Tree_node@U?$pair@$$CBV?$basic_string@DU?$char_traits@D@std@@V?$allocator@D@2@@std@@H@std@@PAX@std@@@?$allocator@U_Container_proxy@std@@@std@@QAE@ABV?$allocator@U?$_Tree_node@U?$pair@$$CBV?$basic_string@DU?$char_traits@D@std@@V?$allocator@D@2@@std@@H@std@@PAX@std@@@1@@Z 00418780 f i log4z.obj
 0001:000177c0       ??$?0U?$_Tree_node@U?$pair@$$CBV?$basic_string@DU?$char_traits@D@std@@V?$allocator@D@2@@std@@ULoggerInfo@log4z@zsummer@@@std@@PAX@std@@@?$allocator@U_Container_proxy@std@@@std@@QAE@ABV?$allocator@U?$_Tree_node@U?$pair@$$CBV?$basic_string@DU?$char_traits@D@std@@V?$allocator@D@2@@std@@ULoggerInfo@log4z@zsummer@@@std@@PAX@std@@@1@@Z 004187c0 f i log4z.obj
 0001:00017800       ??$?0U?$_Wrap_alloc@V?$allocator@D@std@@@std@@$$V@?$_Compressed_pair@U?$_Wrap_alloc@V?$allocator@D@std@@@std@@V?$_String_val@U?$_Simple_types@D@std@@@2@$00@std@@QAE@U_One_then_variadic_args_t@1@$$QAU?$_Wrap_alloc@V?$allocator@D@std@@@1@@Z 00418800 f i log4z.obj
 0001:00017870       ??$?0U?$_Wrap_alloc@V?$allocator@D@std@@@std@@X@?$_String_alloc@U?$_String_base_types@DV?$allocator@D@std@@@std@@@std@@QAE@$$QAU?$_Wrap_alloc@V?$allocator@D@std@@@1@@Z 00418870 f i log4z.obj
 0001:00017930       ??$?0U?$_Wrap_alloc@V?$allocator@U?$_List_node@U?$pair@_JV?$basic_string@DU?$char_traits@D@std@@V?$allocator@D@2@@std@@@std@@PAX@std@@@std@@@std@@$$V@?$_Compressed_pair@U?$_Wrap_alloc@V?$allocator@U?$_List_node@U?$pair@_JV?$basic_string@DU?$char_traits@D@std@@V?$allocator@D@2@@std@@@std@@PAX@std@@@std@@@std@@V?$_List_val@U?$_List_simple_types@U?$pair@_JV?$basic_string@DU?$char_traits@D@std@@V?$allocator@D@2@@std@@@std@@@std@@@2@$00@std@@QAE@U_One_then_variadic_args_t@1@$$QAU?$_Wrap_alloc@V?$allocator@U?$_List_node@U?$pair@_JV?$basic_string@DU?$char_traits@D@std@@V?$allocator@D@2@@std@@@std@@PAX@std@@@std@@@1@@Z 00418930 f i log4z.obj
 0001:000179a0       ??$?0U?$_Wrap_alloc@V?$allocator@U?$_List_node@U?$pair@_JV?$basic_string@DU?$char_traits@D@std@@V?$allocator@D@2@@std@@@std@@PAX@std@@@std@@@std@@X@?$_List_alloc@U?$_List_base_types@U?$pair@_JV?$basic_string@DU?$char_traits@D@std@@V?$allocator@D@2@@std@@@std@@V?$allocator@U?$pair@_JV?$basic_string@DU?$char_traits@D@std@@V?$allocator@D@2@@std@@@std@@@2@@std@@@std@@QAE@$$QAU?$_Wrap_alloc@V?$allocator@U?$_List_node@U?$pair@_JV?$basic_string@DU?$char_traits@D@std@@V?$allocator@D@2@@std@@@std@@PAX@std@@@std@@@1@@Z 004189a0 f i log4z.obj
 0001:00017ad0       ??$?0U?$_Wrap_alloc@V?$allocator@U?$_List_node@U?$pair@_JV?$basic_string@DU?$char_traits@D@std@@V?$allocator@D@2@@std@@@std@@PAX@std@@@std@@@std@@X@?$_List_buy@U?$pair@_JV?$basic_string@DU?$char_traits@D@std@@V?$allocator@D@2@@std@@@std@@V?$allocator@U?$pair@_JV?$basic_string@DU?$char_traits@D@std@@V?$allocator@D@2@@std@@@std@@@2@@std@@QAE@$$QAU?$_Wrap_alloc@V?$allocator@U?$_List_node@U?$pair@_JV?$basic_string@DU?$char_traits@D@std@@V?$allocator@D@2@@std@@@std@@PAX@std@@@std@@@1@@Z 00418ad0 f i log4z.obj
 0001:00017b40       ??$?0U_Exact_args_t@std@@$0A@@?$tuple@$$V@std@@QAE@U_Exact_args_t@1@@Z 00418b40 f i log4z.obj
 0001:00017b80       ??$?0V?$_Tree_iterator@V?$_Tree_val@U?$_Tree_simple_types@U?$pair@$$CBV?$basic_string@DU?$char_traits@D@std@@V?$allocator@D@2@@std@@H@std@@@std@@@std@@@std@@_NX$0A@@?$pair@V?$_Tree_iterator@V?$_Tree_val@U?$_Tree_simple_types@U?$pair@$$CBV?$basic_string@DU?$char_traits@D@std@@V?$allocator@D@2@@std@@H@std@@@std@@@std@@@std@@_N@std@@QAE@$$QAV?$_Tree_iterator@V?$_Tree_val@U?$_Tree_simple_types@U?$pair@$$CBV?$basic_string@DU?$char_traits@D@std@@V?$allocator@D@2@@std@@H@std@@@std@@@std@@@1@$$QA_N@Z 00418b80 f i log4z.obj
 0001:00017c00       ??$?0V?$_Tree_iterator@V?$_Tree_val@U?$_Tree_simple_types@U?$pair@$$CBV?$basic_string@DU?$char_traits@D@std@@V?$allocator@D@2@@std@@ULoggerInfo@log4z@zsummer@@@std@@@std@@@std@@@std@@_NX$0A@@?$pair@V?$_Tree_iterator@V?$_Tree_val@U?$_Tree_simple_types@U?$pair@$$CBV?$basic_string@DU?$char_traits@D@std@@V?$allocator@D@2@@std@@ULoggerInfo@log4z@zsummer@@@std@@@std@@@std@@@std@@_N@std@@QAE@$$QAV?$_Tree_iterator@V?$_Tree_val@U?$_Tree_simple_types@U?$pair@$$CBV?$basic_string@DU?$char_traits@D@std@@V?$allocator@D@2@@std@@ULoggerInfo@log4z@zsummer@@@std@@@std@@@std@@@1@$$QA_N@Z 00418c00 f i log4z.obj
 0001:00017c80       ??$?0V?$allocator@D@std@@@?$_Wrap_alloc@V?$allocator@D@std@@@std@@QAE@$$QAV?$allocator@D@1@@Z 00418c80 f i log4z.obj
 0001:00017cf0       ??$?0V?$allocator@U?$_List_node@U?$pair@_JV?$basic_string@DU?$char_traits@D@std@@V?$allocator@D@2@@std@@@std@@PAX@std@@@std@@@?$_Wrap_alloc@V?$allocator@U?$_List_node@U?$pair@_JV?$basic_string@DU?$char_traits@D@std@@V?$allocator@D@2@@std@@@std@@PAX@std@@@std@@@std@@QAE@$$QAV?$allocator@U?$_List_node@U?$pair@_JV?$basic_string@DU?$char_traits@D@std@@V?$allocator@D@2@@std@@@std@@PAX@std@@@1@@Z 00418cf0 f i log4z.obj
 0001:00017d60       ??$?0V?$basic_string@DU?$char_traits@D@std@@V?$allocator@D@2@@std@@$$V$0A@@?$tuple@$$QAV?$basic_string@DU?$char_traits@D@std@@V?$allocator@D@2@@std@@@std@@QAE@$$QAV?$basic_string@DU?$char_traits@D@std@@V?$allocator@D@2@@1@@Z 00418d60 f i log4z.obj
 0001:00017df0       ??$?0V?$basic_string@DU?$char_traits@D@std@@V?$allocator@D@2@@std@@@?$_Tuple_val@$$QAV?$basic_string@DU?$char_traits@D@std@@V?$allocator@D@2@@std@@@std@@QAE@$$QAV?$basic_string@DU?$char_traits@D@std@@V?$allocator@D@2@@1@@Z 00418df0 f i log4z.obj
 0001:00017e50       ??$?0V?$basic_string@DU?$char_traits@D@std@@V?$allocator@D@2@@std@@PBDX$0A@@?$pair@V?$basic_string@DU?$char_traits@D@std@@V?$allocator@D@2@@std@@PBD@std@@QAE@ABV?$basic_string@DU?$char_traits@D@std@@V?$allocator@D@2@@1@ABQBD@Z 00418e50 f i log4z.obj
 0001:00017ec0       ??$?0V?$basic_string@DU?$char_traits@D@std@@V?$allocator@D@2@@std@@PBDX$0A@@?$pair@V?$basic_string@DU?$char_traits@D@std@@V?$allocator@D@2@@std@@V12@@std@@QAE@$$QAU?$pair@V?$basic_string@DU?$char_traits@D@std@@V?$allocator@D@2@@std@@PBD@1@@Z 00418ec0 f i log4z.obj
 0001:00017f90       ??$?0V?$basic_string@DU?$char_traits@D@std@@V?$allocator@D@2@@std@@ULoggerInfo@log4z@zsummer@@X$0A@@?$pair@$$CBV?$basic_string@DU?$char_traits@D@std@@V?$allocator@D@2@@std@@ULoggerInfo@log4z@zsummer@@@std@@QAE@$$QAU?$pair@V?$basic_string@DU?$char_traits@D@std@@V?$allocator@D@2@@std@@ULoggerInfo@log4z@zsummer@@@1@@Z 00418f90 f i log4z.obj
 0001:00018060       ??$?0V?$basic_string@DU?$char_traits@D@std@@V?$allocator@D@2@@std@@V01@X$0A@@?$pair@V?$basic_string@DU?$char_traits@D@std@@V?$allocator@D@2@@std@@V12@@std@@QAE@$$QAV?$basic_string@DU?$char_traits@D@std@@V?$allocator@D@2@@1@0@Z 00419060 f i log4z.obj
 0001:000180f0       ??$?0V?$tuple@$$QAV?$basic_string@DU?$char_traits@D@std@@V?$allocator@D@2@@std@@@std@@V?$tuple@$$V@1@$0A@$$Z$S@?$pair@$$CBV?$basic_string@DU?$char_traits@D@std@@V?$allocator@D@2@@std@@H@std@@QAE@AAV?$tuple@$$QAV?$basic_string@DU?$char_traits@D@std@@V?$allocator@D@2@@std@@@1@AAV?$tuple@$$V@1@U?$integer_sequence@I$0A@@1@U?$integer_sequence@I$S@1@@Z 004190f0 f i log4z.obj
 0001:00018170       ??$?0V?$tuple@ABV?$basic_string@DU?$char_traits@D@std@@V?$allocator@D@2@@std@@@std@@V?$tuple@$$V@1@$0A@$$Z$S@?$pair@$$CBV?$basic_string@DU?$char_traits@D@std@@V?$allocator@D@2@@std@@H@std@@QAE@AAV?$tuple@ABV?$basic_string@DU?$char_traits@D@std@@V?$allocator@D@2@@std@@@1@AAV?$tuple@$$V@1@U?$integer_sequence@I$0A@@1@U?$integer_sequence@I$S@1@@Z 00419170 f i log4z.obj
 0001:000181f0       ??$?0_JAAV?$basic_string@DU?$char_traits@D@std@@V?$allocator@D@2@@std@@X$0A@@?$pair@_JV?$basic_string@DU?$char_traits@D@std@@V?$allocator@D@2@@std@@@std@@QAE@$$QA_JAAV?$basic_string@DU?$char_traits@D@std@@V?$allocator@D@2@@1@@Z 004191f0 f i log4z.obj
 0001:00018280       ??$?6DU?$char_traits@D@std@@V?$allocator@D@1@@Log4zStream@log4z@zsummer@@QAEAAV012@ABV?$basic_string@DU?$char_traits@D@std@@V?$allocator@D@2@@std@@@Z 00419280 f i log4z.obj
 0001:000182f0       ??$?8DD@std@@YA_NABV?$allocator@D@0@0@Z 004192f0 f i log4z.obj
 0001:00018320       ??$?8DU?$char_traits@D@std@@V?$allocator@D@1@@std@@YA_NABV?$basic_string@DU?$char_traits@D@std@@V?$allocator@D@2@@0@0@Z 00419320 f i log4z.obj
 0001:000183a0       ??$?8DU?$char_traits@D@std@@V?$allocator@D@1@@std@@YA_NABV?$basic_string@DU?$char_traits@D@std@@V?$allocator@D@2@@0@PBD@Z 004193a0 f i log4z.obj
 0001:00018420       ??$?8PAULogData@log4z@zsummer@@PAU012@@std@@YA_NABV?$allocator@PAULogData@log4z@zsummer@@@0@0@Z 00419420 f i log4z.obj
 0001:00018450       ??$?8V?$allocator@D@std@@V01@@std@@YA_NABU?$_Wrap_alloc@V?$allocator@D@std@@@0@0@Z 00419450 f i log4z.obj
 0001:000184b0       ??$?8V?$allocator@PAULogData@log4z@zsummer@@@std@@V01@@std@@YA_NABU?$_Wrap_alloc@V?$allocator@PAULogData@log4z@zsummer@@@std@@@0@0@Z 004194b0 f i log4z.obj
 0001:00018510       ??$?9DU?$char_traits@D@std@@V?$allocator@D@1@@std@@YA_NABV?$basic_string@DU?$char_traits@D@std@@V?$allocator@D@2@@0@0@Z 00419510 f i log4z.obj
 0001:00018590       ??$?9V?$allocator@D@std@@V01@@std@@YA_NABU?$_Wrap_alloc@V?$allocator@D@std@@@0@0@Z 00419590 f i log4z.obj
 0001:00018610       ??$?9V?$allocator@PAULogData@log4z@zsummer@@@std@@V01@@std@@YA_NABU?$_Wrap_alloc@V?$allocator@PAULogData@log4z@zsummer@@@std@@@0@0@Z 00419610 f i log4z.obj
 0001:00018690       ??$?MDU?$char_traits@D@std@@V?$allocator@D@1@@std@@YA_NABV?$basic_string@DU?$char_traits@D@std@@V?$allocator@D@2@@0@0@Z 00419690 f i log4z.obj
 0001:00018710       ??$_Buynode@ABU?$pair@_JV?$basic_string@DU?$char_traits@D@std@@V?$allocator@D@2@@std@@@std@@@?$_List_buy@U?$pair@_JV?$basic_string@DU?$char_traits@D@std@@V?$allocator@D@2@@std@@@std@@V?$allocator@U?$pair@_JV?$basic_string@DU?$char_traits@D@std@@V?$allocator@D@2@@std@@@std@@@2@@std@@QAEPAU?$_List_node@U?$pair@_JV?$basic_string@DU?$char_traits@D@std@@V?$allocator@D@2@@std@@@std@@PAX@1@PAU21@0ABU?$pair@_JV?$basic_string@DU?$char_traits@D@std@@V?$allocator@D@2@@std@@@1@@Z 00419710 f i log4z.obj
 0001:00018850       ??$_Buynode@ABUpiecewise_construct_t@std@@V?$tuple@$$QAV?$basic_string@DU?$char_traits@D@std@@V?$allocator@D@2@@std@@@2@V?$tuple@$$V@2@@?$_Tree_comp_alloc@V?$_Tmap_traits@V?$basic_string@DU?$char_traits@D@std@@V?$allocator@D@2@@std@@HU?$less@V?$basic_string@DU?$char_traits@D@std@@V?$allocator@D@2@@std@@@2@V?$allocator@U?$pair@$$CBV?$basic_string@DU?$char_traits@D@std@@V?$allocator@D@2@@std@@H@std@@@2@$0A@@std@@@std@@QAEPAU?$_Tree_node@U?$pair@$$CBV?$basic_string@DU?$char_traits@D@std@@V?$allocator@D@2@@std@@H@std@@PAX@1@ABUpiecewise_construct_t@1@$$QAV?$tuple@$$QAV?$basic_string@DU?$char_traits@D@std@@V?$allocator@D@2@@std@@@1@$$QAV?$tuple@$$V@1@@Z 00419850 f i log4z.obj
 0001:000189c0       ??$_Buynode@ABUpiecewise_construct_t@std@@V?$tuple@ABV?$basic_string@DU?$char_traits@D@std@@V?$allocator@D@2@@std@@@2@V?$tuple@$$V@2@@?$_Tree_comp_alloc@V?$_Tmap_traits@V?$basic_string@DU?$char_traits@D@std@@V?$allocator@D@2@@std@@HU?$less@V?$basic_string@DU?$char_traits@D@std@@V?$allocator@D@2@@std@@@2@V?$allocator@U?$pair@$$CBV?$basic_string@DU?$char_traits@D@std@@V?$allocator@D@2@@std@@H@std@@@2@$0A@@std@@@std@@QAEPAU?$_Tree_node@U?$pair@$$CBV?$basic_string@DU?$char_traits@D@std@@V?$allocator@D@2@@std@@H@std@@PAX@1@ABUpiecewise_construct_t@1@$$QAV?$tuple@ABV?$basic_string@DU?$char_traits@D@std@@V?$allocator@D@2@@std@@@1@$$QAV?$tuple@$$V@1@@Z 004199c0 f i log4z.obj
 0001:00018b30       ??$_Buynode@U?$pair@V?$basic_string@DU?$char_traits@D@std@@V?$allocator@D@2@@std@@ULoggerInfo@log4z@zsummer@@@std@@@?$_Tree_comp_alloc@V?$_Tmap_traits@V?$basic_string@DU?$char_traits@D@std@@V?$allocator@D@2@@std@@ULoggerInfo@log4z@zsummer@@U?$less@V?$basic_string@DU?$char_traits@D@std@@V?$allocator@D@2@@std@@@2@V?$allocator@U?$pair@$$CBV?$basic_string@DU?$char_traits@D@std@@V?$allocator@D@2@@std@@ULoggerInfo@log4z@zsummer@@@std@@@2@$0A@@std@@@std@@QAEPAU?$_Tree_node@U?$pair@$$CBV?$basic_string@DU?$char_traits@D@std@@V?$allocator@D@2@@std@@ULoggerInfo@log4z@zsummer@@@std@@PAX@1@$$QAU?$pair@V?$basic_string@DU?$char_traits@D@std@@V?$allocator@D@2@@std@@ULoggerInfo@log4z@zsummer@@@1@@Z 00419b30 f i log4z.obj
 0001:00018c80       ??$_Buynode@U?$pair@_JV?$basic_string@DU?$char_traits@D@std@@V?$allocator@D@2@@std@@@std@@@?$_List_buy@U?$pair@_JV?$basic_string@DU?$char_traits@D@std@@V?$allocator@D@2@@std@@@std@@V?$allocator@U?$pair@_JV?$basic_string@DU?$char_traits@D@std@@V?$allocator@D@2@@std@@@std@@@2@@std@@QAEPAU?$_List_node@U?$pair@_JV?$basic_string@DU?$char_traits@D@std@@V?$allocator@D@2@@std@@@std@@PAX@1@PAU21@0$$QAU?$pair@_JV?$basic_string@DU?$char_traits@D@std@@V?$allocator@D@2@@std@@@1@@Z 00419c80 f i log4z.obj
 0001:00018dc0       ??$_Buynode_if_nil@AAU?$pair@$$CBV?$basic_string@DU?$char_traits@D@std@@V?$allocator@D@2@@std@@H@std@@@?$_Tree@V?$_Tmap_traits@V?$basic_string@DU?$char_traits@D@std@@V?$allocator@D@2@@std@@HU?$less@V?$basic_string@DU?$char_traits@D@std@@V?$allocator@D@2@@std@@@2@V?$allocator@U?$pair@$$CBV?$basic_string@DU?$char_traits@D@std@@V?$allocator@D@2@@std@@H@std@@@2@$0A@@std@@@std@@IAEPAU?$_Tree_node@U?$pair@$$CBV?$basic_string@DU?$char_traits@D@std@@V?$allocator@D@2@@std@@H@std@@PAX@1@PAU21@AAU?$pair@$$CBV?$basic_string@DU?$char_traits@D@std@@V?$allocator@D@2@@std@@H@1@@Z 00419dc0 f i log4z.obj
 0001:00018e00       ??$_Buynode_if_nil@AAU?$pair@$$CBV?$basic_string@DU?$char_traits@D@std@@V?$allocator@D@2@@std@@ULoggerInfo@log4z@zsummer@@@std@@@?$_Tree@V?$_Tmap_traits@V?$basic_string@DU?$char_traits@D@std@@V?$allocator@D@2@@std@@ULoggerInfo@log4z@zsummer@@U?$less@V?$basic_string@DU?$char_traits@D@std@@V?$allocator@D@2@@std@@@2@V?$allocator@U?$pair@$$CBV?$basic_string@DU?$char_traits@D@std@@V?$allocator@D@2@@std@@ULoggerInfo@log4z@zsummer@@@std@@@2@$0A@@std@@@std@@IAEPAU?$_Tree_node@U?$pair@$$CBV?$basic_string@DU?$char_traits@D@std@@V?$allocator@D@2@@std@@ULoggerInfo@log4z@zsummer@@@std@@PAX@1@PAU21@AAU?$pair@$$CBV?$basic_string@DU?$char_traits@D@std@@V?$allocator@D@2@@std@@ULoggerInfo@log4z@zsummer@@@1@@Z 00419e00 f i log4z.obj
 0001:00018e40       ??$_Const_cast@$$CBD@std@@YA@PBD@Z 00419e40 f i log4z.obj
 0001:00018e80       ??$_Copy_memmove@PAPAPAULogData@log4z@zsummer@@PAPAPAU123@@std@@YAPAPAPAULogData@log4z@zsummer@@PAPAPAU123@00@Z 00419e80 f i log4z.obj
 0001:00018f10       ??$_Copy_memmove@PAPAULogData@log4z@zsummer@@PAPAU123@@std@@YAPAPAULogData@log4z@zsummer@@PAPAU123@00@Z 00419f10 f i log4z.obj
 0001:00018fa0       ??$_Debug_lt_pred@AAU?$less@V?$basic_string@DU?$char_traits@D@std@@V?$allocator@D@2@@std@@@std@@AAV?$basic_string@DU?$char_traits@D@std@@V?$allocator@D@2@@2@ABV32@@std@@YA_NAAU?$less@V?$basic_string@DU?$char_traits@D@std@@V?$allocator@D@2@@std@@@0@AAV?$basic_string@DU?$char_traits@D@std@@V?$allocator@D@2@@0@ABV20@PB_WI@Z 00419fa0 f i log4z.obj
 0001:00019080       ??$_Debug_lt_pred@AAU?$less@V?$basic_string@DU?$char_traits@D@std@@V?$allocator@D@2@@std@@@std@@ABV?$basic_string@DU?$char_traits@D@std@@V?$allocator@D@2@@2@ABV32@@std@@YA_NAAU?$less@V?$basic_string@DU?$char_traits@D@std@@V?$allocator@D@2@@std@@@0@ABV?$basic_string@DU?$char_traits@D@std@@V?$allocator@D@2@@0@1PB_WI@Z 0041a080 f i log4z.obj
 0001:00019160       ??$_Debug_lt_pred@ABU?$less@V?$basic_string@DU?$char_traits@D@std@@V?$allocator@D@2@@std@@@std@@ABV?$basic_string@DU?$char_traits@D@std@@V?$allocator@D@2@@2@ABV32@@std@@YA_NABU?$less@V?$basic_string@DU?$char_traits@D@std@@V?$allocator@D@2@@std@@@0@ABV?$basic_string@DU?$char_traits@D@std@@V?$allocator@D@2@@0@1PB_WI@Z 0041a160 f i log4z.obj
 0001:00019240       ??$_Debug_pointer@$$CBD@std@@YAXPBDPB_WI@Z 0041a240 f i log4z.obj
 0001:000192b0       ??$_Debug_pointer@V?$_String_iterator@V?$_String_val@U?$_Simple_types@D@std@@@std@@@std@@@std@@YAXAAV?$_String_iterator@V?$_String_val@U?$_Simple_types@D@std@@@std@@@0@PB_WI@Z 0041a2b0 f i log4z.obj
 0001:000192e0       ??$_Debug_pointer_if@$$A6AHH@Z@std@@YAX_NP6AHH@ZPB_WI@Z 0041a2e0 f i log4z.obj
 0001:00019360       ??$_Debug_pointer_if@$$CBD@std@@YAX_NPBDPB_WI@Z 0041a360 f i log4z.obj
 0001:000193e0       ??$_Debug_range2@V?$_List_const_iterator@V?$_List_val@U?$_List_simple_types@U?$pair@_JV?$basic_string@DU?$char_traits@D@std@@V?$allocator@D@2@@std@@@std@@@std@@@std@@@std@@@std@@YAXV?$_List_const_iterator@V?$_List_val@U?$_List_simple_types@U?$pair@_JV?$basic_string@DU?$char_traits@D@std@@V?$allocator@D@2@@std@@@std@@@std@@@std@@@0@0PB_WIUinput_iterator_tag@0@@Z 0041a3e0 f i log4z.obj
 0001:00019490       ??$_Debug_range@V?$_List_const_iterator@V?$_List_val@U?$_List_simple_types@U?$pair@_JV?$basic_string@DU?$char_traits@D@std@@V?$allocator@D@2@@std@@@std@@@std@@@std@@@std@@@std@@YAXV?$_List_const_iterator@V?$_List_val@U?$_List_simple_types@U?$pair@_JV?$basic_string@DU?$char_traits@D@std@@V?$allocator@D@2@@std@@@std@@@std@@@std@@@0@0PB_WI@Z 0041a490 f i log4z.obj
 0001:000195b0       ??$_Debug_range_ptr2@V?$_String_iterator@V?$_String_val@U?$_Simple_types@D@std@@@std@@@std@@V12@@std@@YAXV?$_String_iterator@V?$_String_val@U?$_Simple_types@D@std@@@std@@@0@0AAV10@PB_WIUrandom_access_iterator_tag@0@@Z 0041a5b0 f i log4z.obj
 0001:000196f0       ??$_Debug_range_ptr@V?$_String_iterator@V?$_String_val@U?$_Simple_types@D@std@@@std@@@std@@V12@@std@@YAXV?$_String_iterator@V?$_String_val@U?$_Simple_types@D@std@@@std@@@0@0AAV10@PB_WI@Z 0041a6f0 f i log4z.obj
 0001:00019820       ??$_Destroy_range1@V?$allocator@PAPAULogData@log4z@zsummer@@@std@@PAPAPAULogData@log4z@zsummer@@@std@@YAXPAPAPAULogData@log4z@zsummer@@0AAU?$_Wrap_alloc@V?$allocator@PAPAULogData@log4z@zsummer@@@std@@@0@U?$integral_constant@_N$00@0@@Z 0041a820 f i log4z.obj
 0001:00019850       ??$_Destroy_range1@V?$allocator@PAULogData@log4z@zsummer@@@std@@PAPAULogData@log4z@zsummer@@@std@@YAXPAPAULogData@log4z@zsummer@@0AAU?$_Wrap_alloc@V?$allocator@PAULogData@log4z@zsummer@@@std@@@0@U?$integral_constant@_N$00@0@@Z 0041a850 f i log4z.obj
 0001:00019880       ??$_Destroy_range@V?$allocator@PAPAULogData@log4z@zsummer@@@std@@PAPAPAULogData@log4z@zsummer@@@std@@YAXPAPAPAULogData@log4z@zsummer@@0AAU?$_Wrap_alloc@V?$allocator@PAPAULogData@log4z@zsummer@@@std@@@0@@Z 0041a880 f i log4z.obj
 0001:000198f0       ??$_Destroy_range@V?$allocator@PAULogData@log4z@zsummer@@@std@@PAPAULogData@log4z@zsummer@@@std@@YAXPAPAULogData@log4z@zsummer@@0AAU?$_Wrap_alloc@V?$allocator@PAULogData@log4z@zsummer@@@std@@@0@@Z 0041a8f0 f i log4z.obj
 0001:00019960       ??$_Insert@ABU?$pair@_JV?$basic_string@DU?$char_traits@D@std@@V?$allocator@D@2@@std@@@std@@@?$list@U?$pair@_JV?$basic_string@DU?$char_traits@D@std@@V?$allocator@D@2@@std@@@std@@V?$allocator@U?$pair@_JV?$basic_string@DU?$char_traits@D@std@@V?$allocator@D@2@@std@@@std@@@2@@std@@QAEXV?$_List_unchecked_const_iterator@V?$_List_val@U?$_List_simple_types@U?$pair@_JV?$basic_string@DU?$char_traits@D@std@@V?$allocator@D@2@@std@@@std@@@std@@@std@@U_Iterator_base0@2@@1@ABU?$pair@_JV?$basic_string@DU?$char_traits@D@std@@V?$allocator@D@2@@std@@@1@@Z 0041a960 f i log4z.obj
 0001:00019a30       ??$_Insert@U?$pair@_JV?$basic_string@DU?$char_traits@D@std@@V?$allocator@D@2@@std@@@std@@@?$list@U?$pair@_JV?$basic_string@DU?$char_traits@D@std@@V?$allocator@D@2@@std@@@std@@V?$allocator@U?$pair@_JV?$basic_string@DU?$char_traits@D@std@@V?$allocator@D@2@@std@@@std@@@2@@std@@QAEXV?$_List_unchecked_const_iterator@V?$_List_val@U?$_List_simple_types@U?$pair@_JV?$basic_string@DU?$char_traits@D@std@@V?$allocator@D@2@@std@@@std@@@std@@@std@@U_Iterator_base0@2@@1@$$QAU?$pair@_JV?$basic_string@DU?$char_traits@D@std@@V?$allocator@D@2@@std@@@1@@Z 0041aa30 f i log4z.obj
 0001:00019b00       ??$_Insert_at@AAU?$pair@$$CBV?$basic_string@DU?$char_traits@D@std@@V?$allocator@D@2@@std@@H@std@@PAU?$_Tree_node@U?$pair@$$CBV?$basic_string@DU?$char_traits@D@std@@V?$allocator@D@2@@std@@H@std@@PAX@2@@?$_Tree@V?$_Tmap_traits@V?$basic_string@DU?$char_traits@D@std@@V?$allocator@D@2@@std@@HU?$less@V?$basic_string@DU?$char_traits@D@std@@V?$allocator@D@2@@std@@@2@V?$allocator@U?$pair@$$CBV?$basic_string@DU?$char_traits@D@std@@V?$allocator@D@2@@std@@H@std@@@2@$0A@@std@@@std@@IAE?AV?$_Tree_iterator@V?$_Tree_val@U?$_Tree_simple_types@U?$pair@$$CBV?$basic_string@DU?$char_traits@D@std@@V?$allocator@D@2@@std@@H@std@@@std@@@std@@@1@_NPAU?$_Tree_node@U?$pair@$$CBV?$basic_string@DU?$char_traits@D@std@@V?$allocator@D@2@@std@@H@std@@PAX@1@AAU?$pair@$$CBV?$basic_string@DU?$char_traits@D@std@@V?$allocator@D@2@@std@@H@1@1@Z 0041ab00 f i log4z.obj
 0001:0001a0c0       ??$_Insert_at@AAU?$pair@$$CBV?$basic_string@DU?$char_traits@D@std@@V?$allocator@D@2@@std@@ULoggerInfo@log4z@zsummer@@@std@@PAU?$_Tree_node@U?$pair@$$CBV?$basic_string@DU?$char_traits@D@std@@V?$allocator@D@2@@std@@ULoggerInfo@log4z@zsummer@@@std@@PAX@2@@?$_Tree@V?$_Tmap_traits@V?$basic_string@DU?$char_traits@D@std@@V?$allocator@D@2@@std@@ULoggerInfo@log4z@zsummer@@U?$less@V?$basic_string@DU?$char_traits@D@std@@V?$allocator@D@2@@std@@@2@V?$allocator@U?$pair@$$CBV?$basic_string@DU?$char_traits@D@std@@V?$allocator@D@2@@std@@ULoggerInfo@log4z@zsummer@@@std@@@2@$0A@@std@@@std@@IAE?AV?$_Tree_iterator@V?$_Tree_val@U?$_Tree_simple_types@U?$pair@$$CBV?$basic_string@DU?$char_traits@D@std@@V?$allocator@D@2@@std@@ULoggerInfo@log4z@zsummer@@@std@@@std@@@std@@@1@_NPAU?$_Tree_node@U?$pair@$$CBV?$basic_string@DU?$char_traits@D@std@@V?$allocator@D@2@@std@@ULoggerInfo@log4z@zsummer@@@std@@PAX@1@AAU?$pair@$$CBV?$basic_string@DU?$char_traits@D@std@@V?$allocator@D@2@@std@@ULoggerInfo@log4z@zsummer@@@1@1@Z 0041b0c0 f i log4z.obj
 0001:0001a680       ??$_Insert_hint@AAU?$pair@$$CBV?$basic_string@DU?$char_traits@D@std@@V?$allocator@D@2@@std@@H@std@@PAU?$_Tree_node@U?$pair@$$CBV?$basic_string@DU?$char_traits@D@std@@V?$allocator@D@2@@std@@H@std@@PAX@2@@?$_Tree@V?$_Tmap_traits@V?$basic_string@DU?$char_traits@D@std@@V?$allocator@D@2@@std@@HU?$less@V?$basic_string@DU?$char_traits@D@std@@V?$allocator@D@2@@std@@@2@V?$allocator@U?$pair@$$CBV?$basic_string@DU?$char_traits@D@std@@V?$allocator@D@2@@std@@H@std@@@2@$0A@@std@@@std@@IAE?AV?$_Tree_iterator@V?$_Tree_val@U?$_Tree_simple_types@U?$pair@$$CBV?$basic_string@DU?$char_traits@D@std@@V?$allocator@D@2@@std@@H@std@@@std@@@std@@@1@V?$_Tree_const_iterator@V?$_Tree_val@U?$_Tree_simple_types@U?$pair@$$CBV?$basic_string@DU?$char_traits@D@std@@V?$allocator@D@2@@std@@H@std@@@std@@@std@@@1@AAU?$pair@$$CBV?$basic_string@DU?$char_traits@D@std@@V?$allocator@D@2@@std@@H@1@PAU?$_Tree_node@U?$pair@$$CBV?$basic_string@DU?$char_traits@D@std@@V?$allocator@D@2@@std@@H@std@@PAX@1@@Z 0041b680 f i log4z.obj
 0001:0001bbd0       ??$_Insert_nohint@AAU?$pair@$$CBV?$basic_string@DU?$char_traits@D@std@@V?$allocator@D@2@@std@@H@std@@PAU?$_Tree_node@U?$pair@$$CBV?$basic_string@DU?$char_traits@D@std@@V?$allocator@D@2@@std@@H@std@@PAX@2@@?$_Tree@V?$_Tmap_traits@V?$basic_string@DU?$char_traits@D@std@@V?$allocator@D@2@@std@@HU?$less@V?$basic_string@DU?$char_traits@D@std@@V?$allocator@D@2@@std@@@2@V?$allocator@U?$pair@$$CBV?$basic_string@DU?$char_traits@D@std@@V?$allocator@D@2@@std@@H@std@@@2@$0A@@std@@@std@@IAE?AU?$pair@V?$_Tree_iterator@V?$_Tree_val@U?$_Tree_simple_types@U?$pair@$$CBV?$basic_string@DU?$char_traits@D@std@@V?$allocator@D@2@@std@@H@std@@@std@@@std@@@std@@_N@1@_NAAU?$pair@$$CBV?$basic_string@DU?$char_traits@D@std@@V?$allocator@D@2@@std@@H@1@PAU?$_Tree_node@U?$pair@$$CBV?$basic_string@DU?$char_traits@D@std@@V?$allocator@D@2@@std@@H@std@@PAX@1@@Z 0041cbd0 f i log4z.obj
 0001:0001c2a0       ??$_Insert_nohint@AAU?$pair@$$CBV?$basic_string@DU?$char_traits@D@std@@V?$allocator@D@2@@std@@ULoggerInfo@log4z@zsummer@@@std@@PAU?$_Tree_node@U?$pair@$$CBV?$basic_string@DU?$char_traits@D@std@@V?$allocator@D@2@@std@@ULoggerInfo@log4z@zsummer@@@std@@PAX@2@@?$_Tree@V?$_Tmap_traits@V?$basic_string@DU?$char_traits@D@std@@V?$allocator@D@2@@std@@ULoggerInfo@log4z@zsummer@@U?$less@V?$basic_string@DU?$char_traits@D@std@@V?$allocator@D@2@@std@@@2@V?$allocator@U?$pair@$$CBV?$basic_string@DU?$char_traits@D@std@@V?$allocator@D@2@@std@@ULoggerInfo@log4z@zsummer@@@std@@@2@$0A@@std@@@std@@IAE?AU?$pair@V?$_Tree_iterator@V?$_Tree_val@U?$_Tree_simple_types@U?$pair@$$CBV?$basic_string@DU?$char_traits@D@std@@V?$allocator@D@2@@std@@ULoggerInfo@log4z@zsummer@@@std@@@std@@@std@@@std@@_N@1@_NAAU?$pair@$$CBV?$basic_string@DU?$char_traits@D@std@@V?$allocator@D@2@@std@@ULoggerInfo@log4z@zsummer@@@1@PAU?$_Tree_node@U?$pair@$$CBV?$basic_string@DU?$char_traits@D@std@@V?$allocator@D@2@@std@@ULoggerInfo@log4z@zsummer@@@std@@PAX@1@@Z 0041d2a0 f i log4z.obj
 0001:0001c970       ??$_Insert_range@V?$_List_const_iterator@V?$_List_val@U?$_List_simple_types@U?$pair@_JV?$basic_string@DU?$char_traits@D@std@@V?$allocator@D@2@@std@@@std@@@std@@@std@@@std@@@?$list@U?$pair@_JV?$basic_string@DU?$char_traits@D@std@@V?$allocator@D@2@@std@@@std@@V?$allocator@U?$pair@_JV?$basic_string@DU?$char_traits@D@std@@V?$allocator@D@2@@std@@@std@@@2@@std@@QAEXV?$_List_unchecked_const_iterator@V?$_List_val@U?$_List_simple_types@U?$pair@_JV?$basic_string@DU?$char_traits@D@std@@V?$allocator@D@2@@std@@@std@@@std@@@std@@U_Iterator_base0@2@@1@V?$_List_const_iterator@V?$_List_val@U?$_List_simple_types@U?$pair@_JV?$basic_string@DU?$char_traits@D@std@@V?$allocator@D@2@@std@@@std@@@std@@@std@@@1@1Uforward_iterator_tag@1@@Z 0041d970 f i log4z.obj
 0001:0001cbd0       ??$_Is_checked@V?$_String_iterator@V?$_String_val@U?$_Simple_types@D@std@@@std@@@std@@@std@@YA?AU?$integral_constant@_N$00@0@V?$_String_iterator@V?$_String_val@U?$_Simple_types@D@std@@@std@@@0@@Z 0041dbd0 f i log4z.obj
 0001:0001cc40       ??$_Kfn@$$CBV?$basic_string@DU?$char_traits@D@std@@V?$allocator@D@2@@std@@H@?$_Tmap_traits@V?$basic_string@DU?$char_traits@D@std@@V?$allocator@D@2@@std@@HU?$less@V?$basic_string@DU?$char_traits@D@std@@V?$allocator@D@2@@std@@@2@V?$allocator@U?$pair@$$CBV?$basic_string@DU?$char_traits@D@std@@V?$allocator@D@2@@std@@H@std@@@2@$0A@@std@@SAABV?$basic_string@DU?$char_traits@D@std@@V?$allocator@D@2@@1@ABU?$pair@$$CBV?$basic_string@DU?$char_traits@D@std@@V?$allocator@D@2@@std@@H@1@@Z 0041dc40 f i log4z.obj
 0001:0001cc80       ??$_Kfn@$$CBV?$basic_string@DU?$char_traits@D@std@@V?$allocator@D@2@@std@@ULoggerInfo@log4z@zsummer@@@?$_Tmap_traits@V?$basic_string@DU?$char_traits@D@std@@V?$allocator@D@2@@std@@ULoggerInfo@log4z@zsummer@@U?$less@V?$basic_string@DU?$char_traits@D@std@@V?$allocator@D@2@@std@@@2@V?$allocator@U?$pair@$$CBV?$basic_string@DU?$char_traits@D@std@@V?$allocator@D@2@@std@@ULoggerInfo@log4z@zsummer@@@std@@@2@$0A@@std@@SAABV?$basic_string@DU?$char_traits@D@std@@V?$allocator@D@2@@1@ABU?$pair@$$CBV?$basic_string@DU?$char_traits@D@std@@V?$allocator@D@2@@std@@ULoggerInfo@log4z@zsummer@@@1@@Z 0041dc80 f i log4z.obj
 0001:0001ccc0       ??$_Lbound@V?$basic_string@DU?$char_traits@D@std@@V?$allocator@D@2@@std@@@?$_Tree@V?$_Tmap_traits@V?$basic_string@DU?$char_traits@D@std@@V?$allocator@D@2@@std@@HU?$less@V?$basic_string@DU?$char_traits@D@std@@V?$allocator@D@2@@std@@@2@V?$allocator@U?$pair@$$CBV?$basic_string@DU?$char_traits@D@std@@V?$allocator@D@2@@std@@H@std@@@2@$0A@@std@@@std@@IBEPAU?$_Tree_node@U?$pair@$$CBV?$basic_string@DU?$char_traits@D@std@@V?$allocator@D@2@@std@@H@std@@PAX@1@ABV?$basic_string@DU?$char_traits@D@std@@V?$allocator@D@2@@1@@Z 0041dcc0 f i log4z.obj
 0001:0001cdb0       ??$_Lbound@V?$basic_string@DU?$char_traits@D@std@@V?$allocator@D@2@@std@@@?$_Tree@V?$_Tmap_traits@V?$basic_string@DU?$char_traits@D@std@@V?$allocator@D@2@@std@@ULoggerInfo@log4z@zsummer@@U?$less@V?$basic_string@DU?$char_traits@D@std@@V?$allocator@D@2@@std@@@2@V?$allocator@U?$pair@$$CBV?$basic_string@DU?$char_traits@D@std@@V?$allocator@D@2@@std@@ULoggerInfo@log4z@zsummer@@@std@@@2@$0A@@std@@@std@@IBEPAU?$_Tree_node@U?$pair@$$CBV?$basic_string@DU?$char_traits@D@std@@V?$allocator@D@2@@std@@ULoggerInfo@log4z@zsummer@@@std@@PAX@1@ABV?$basic_string@DU?$char_traits@D@std@@V?$allocator@D@2@@1@@Z 0041ddb0 f i log4z.obj
 0001:0001cea0       ??$_Pocca@U?$_Wrap_alloc@V?$allocator@D@std@@@std@@@std@@YAXAAU?$_Wrap_alloc@V?$allocator@D@std@@@0@ABU10@@Z 0041dea0 f i log4z.obj
 0001:0001cf30       ??$_Pocca@U?$_Wrap_alloc@V?$allocator@D@std@@@std@@@std@@YAXAAU?$_Wrap_alloc@V?$allocator@D@std@@@0@ABU10@U?$integral_constant@_N$0A@@0@@Z 0041df30 f i log4z.obj
 0001:0001cf60       ??$_Pocma@U?$_Wrap_alloc@V?$allocator@D@std@@@std@@@std@@YAXAAU?$_Wrap_alloc@V?$allocator@D@std@@@0@0@Z 0041df60 f i log4z.obj
 0001:0001cff0       ??$_Pocma@U?$_Wrap_alloc@V?$allocator@D@std@@@std@@@std@@YAXAAU?$_Wrap_alloc@V?$allocator@D@std@@@0@0U?$integral_constant@_N$00@0@@Z 0041dff0 f i log4z.obj
 0001:0001d080       ??$_Pocs@U?$_Wrap_alloc@V?$allocator@PAULogData@log4z@zsummer@@@std@@@std@@@std@@YAXAAU?$_Wrap_alloc@V?$allocator@PAULogData@log4z@zsummer@@@std@@@0@0@Z 0041e080 f i log4z.obj
 0001:0001d110       ??$_Pocs@U?$_Wrap_alloc@V?$allocator@PAULogData@log4z@zsummer@@@std@@@std@@@std@@YAXAAU?$_Wrap_alloc@V?$allocator@PAULogData@log4z@zsummer@@@std@@@0@0U?$integral_constant@_N$0A@@0@@Z 0041e110 f i log4z.obj
 0001:0001d1d0       ??$_Ptr_copy_cat@PAPAULogData@log4z@zsummer@@PAPAU123@@std@@YA?AU_Really_trivial_ptr_iterator_tag@0@ABQAPAPAULogData@log4z@zsummer@@0@Z 0041e1d0 f i log4z.obj
 0001:0001d210       ??$_Ptr_move_cat@PAULogData@log4z@zsummer@@PAU123@@std@@YA?AU_Really_trivial_ptr_iterator_tag@0@ABQAPAULogData@log4z@zsummer@@0@Z 0041e210 f i log4z.obj
 0001:0001d250       ??$_Rechecked@PAPAPAULogData@log4z@zsummer@@PAPAPAU123@@std@@YAAAPAPAPAULogData@log4z@zsummer@@AAPAPAPAU123@PAPAPAU123@@Z 0041e250 f i log4z.obj
 0001:0001d290       ??$_Rechecked@PAPAULogData@log4z@zsummer@@PAPAU123@@std@@YAAAPAPAULogData@log4z@zsummer@@AAPAPAU123@PAPAU123@@Z 0041e290 f i log4z.obj
 0001:0001d2d0       ??$_Rechecked@V?$_String_val@U?$_Simple_types@D@std@@@std@@@std@@YA?AV?$_String_iterator@V?$_String_val@U?$_Simple_types@D@std@@@std@@@0@AAV10@PAD@Z 0041e2d0 f i log4z.obj
 0001:0001d350       ??$_Swap_adl@PAPAPAULogData@log4z@zsummer@@@std@@YAXAAPAPAPAULogData@log4z@zsummer@@0@Z 0041e350 f i log4z.obj
 0001:0001d3b0       ??$_Swap_adl@PAU?$_List_node@U?$pair@_JV?$basic_string@DU?$char_traits@D@std@@V?$allocator@D@2@@std@@@std@@PAX@std@@@std@@YAXAAPAU?$_List_node@U?$pair@_JV?$basic_string@DU?$char_traits@D@std@@V?$allocator@D@2@@std@@@std@@PAX@0@0@Z 0041e3b0 f i log4z.obj
 0001:0001d410       ??$_Transform_no_deprecate1@PADV?$_String_iterator@V?$_String_val@U?$_Simple_types@D@std@@@std@@@std@@P6AHH@Z@std@@YA?AV?$_String_iterator@V?$_String_val@U?$_Simple_types@D@std@@@std@@@0@PAD0V10@AAP6AHH@ZUrandom_access_iterator_tag@0@3@Z 0041e410 f i log4z.obj
 0001:0001d570       ??$_Transform_no_deprecate@V?$_String_iterator@V?$_String_val@U?$_Simple_types@D@std@@@std@@@std@@V12@P6AHH@Z@std@@YA?AV?$_String_iterator@V?$_String_val@U?$_Simple_types@D@std@@@std@@@0@V10@00AAP6AHH@Z@Z 0041e570 f i log4z.obj
 0001:0001d7e0       ??$_Transform_unchecked@PADPADP6AHH@Z@std@@YAPADPAD00AAP6AHH@Z@Z 0041e7e0 f i log4z.obj
 0001:0001d870       ??$_Try_emplace@ABV?$basic_string@DU?$char_traits@D@std@@V?$allocator@D@2@@std@@$$V@?$map@V?$basic_string@DU?$char_traits@D@std@@V?$allocator@D@2@@std@@HU?$less@V?$basic_string@DU?$char_traits@D@std@@V?$allocator@D@2@@std@@@2@V?$allocator@U?$pair@$$CBV?$basic_string@DU?$char_traits@D@std@@V?$allocator@D@2@@std@@H@std@@@2@@std@@QAE?AU?$pair@V?$_Tree_iterator@V?$_Tree_val@U?$_Tree_simple_types@U?$pair@$$CBV?$basic_string@DU?$char_traits@D@std@@V?$allocator@D@2@@std@@H@std@@@std@@@std@@@std@@_N@1@ABV?$basic_string@DU?$char_traits@D@std@@V?$allocator@D@2@@1@@Z 0041e870 f i log4z.obj
 0001:0001dbc0       ??$_Try_emplace@V?$basic_string@DU?$char_traits@D@std@@V?$allocator@D@2@@std@@$$V@?$map@V?$basic_string@DU?$char_traits@D@std@@V?$allocator@D@2@@std@@HU?$less@V?$basic_string@DU?$char_traits@D@std@@V?$allocator@D@2@@std@@@2@V?$allocator@U?$pair@$$CBV?$basic_string@DU?$char_traits@D@std@@V?$allocator@D@2@@std@@H@std@@@2@@std@@QAE?AU?$pair@V?$_Tree_iterator@V?$_Tree_val@U?$_Tree_simple_types@U?$pair@$$CBV?$basic_string@DU?$char_traits@D@std@@V?$allocator@D@2@@std@@H@std@@@std@@@std@@@std@@_N@1@$$QAV?$basic_string@DU?$char_traits@D@std@@V?$allocator@D@2@@1@@Z 0041ebc0 f i log4z.obj
 0001:0001df10       ??$_Umove@PAPAULogData@log4z@zsummer@@@?$vector@PAULogData@log4z@zsummer@@V?$allocator@PAULogData@log4z@zsummer@@@std@@@std@@IAEPAPAULogData@log4z@zsummer@@PAPAU234@00@Z 0041ef10 f i log4z.obj
 0001:0001df80       ??$_Unchecked@PAPAPAULogData@log4z@zsummer@@@std@@YAPAPAPAULogData@log4z@zsummer@@PAPAPAU123@@Z 0041ef80 f i log4z.obj
 0001:0001dfc0       ??$_Unchecked@PAPAULogData@log4z@zsummer@@@std@@YAPAPAULogData@log4z@zsummer@@PAPAU123@@Z 0041efc0 f i log4z.obj
 0001:0001e000       ??$_Unchecked@V?$_String_val@U?$_Simple_types@D@std@@@std@@@std@@YAPADV?$_String_iterator@V?$_String_val@U?$_Simple_types@D@std@@@std@@@0@@Z 0041f000 f i log4z.obj
 0001:0001e0b0       ??$_Unfancy@$$CBD@std@@YAPBDPBD@Z 0041f0b0 f i log4z.obj
 0001:0001e0f0       ??$_Unfancy@PAULogData@log4z@zsummer@@@std@@YAPAPAULogData@log4z@zsummer@@PAPAU123@@Z 0041f0f0 f i log4z.obj
 0001:0001e130       ??$_Unfancy@U_Container_proxy@std@@@std@@YAPAU_Container_proxy@0@PAU10@@Z 0041f130 f i log4z.obj
 0001:0001e170       ??$_Uninitialized_copy@PAPAPAULogData@log4z@zsummer@@PAPAPAU123@V?$allocator@PAPAULogData@log4z@zsummer@@@std@@@std@@YAPAPAPAULogData@log4z@zsummer@@PAPAPAU123@00AAU?$_Wrap_alloc@V?$allocator@PAPAULogData@log4z@zsummer@@@std@@@0@@Z 0041f170 f i log4z.obj
 0001:0001e210       ??$_Uninitialized_copy_al_unchecked1@PAPAULogData@log4z@zsummer@@PAPAU123@V?$allocator@PAPAULogData@log4z@zsummer@@@std@@@std@@YAPAPAPAULogData@log4z@zsummer@@PAPAPAU123@00AAU?$_Wrap_alloc@V?$allocator@PAPAULogData@log4z@zsummer@@@std@@@0@U_Really_trivial_ptr_iterator_tag@0@U?$integral_constant@_N$00@0@@Z 0041f210 f i log4z.obj
 0001:0001e270       ??$_Uninitialized_copy_al_unchecked@PAPAPAULogData@log4z@zsummer@@PAPAPAU123@V?$allocator@PAPAULogData@log4z@zsummer@@@std@@@std@@YAPAPAPAULogData@log4z@zsummer@@PAPAPAU123@00AAU?$_Wrap_alloc@V?$allocator@PAPAULogData@log4z@zsummer@@@std@@@0@@Z 0041f270 f i log4z.obj
 0001:0001e300       ??$_Uninitialized_default_fill_n1@PAPAPAULogData@log4z@zsummer@@IV?$allocator@PAPAULogData@log4z@zsummer@@@std@@@std@@YAXPAPAPAULogData@log4z@zsummer@@IAAU?$_Wrap_alloc@V?$allocator@PAPAULogData@log4z@zsummer@@@std@@@0@U?$integral_constant@_N$00@0@@Z 0041f300 f i log4z.obj
 0001:0001e360       ??$_Uninitialized_default_fill_n@PAPAPAULogData@log4z@zsummer@@IV?$allocator@PAPAULogData@log4z@zsummer@@@std@@@std@@YAXPAPAPAULogData@log4z@zsummer@@IAAU?$_Wrap_alloc@V?$allocator@PAPAULogData@log4z@zsummer@@@std@@@0@@Z 0041f360 f i log4z.obj
 0001:0001e3d0       ??$_Uninitialized_move@PAPAULogData@log4z@zsummer@@PAPAU123@V?$allocator@PAULogData@log4z@zsummer@@@std@@@std@@YAPAPAULogData@log4z@zsummer@@PAPAU123@00AAU?$_Wrap_alloc@V?$allocator@PAULogData@log4z@zsummer@@@std@@@0@@Z 0041f3d0 f i log4z.obj
 0001:0001e470       ??$_Uninitialized_move_al_unchecked1@PAULogData@log4z@zsummer@@PAU123@V?$allocator@PAULogData@log4z@zsummer@@@std@@@std@@YAPAPAULogData@log4z@zsummer@@PAPAU123@00AAU?$_Wrap_alloc@V?$allocator@PAULogData@log4z@zsummer@@@std@@@0@U_Really_trivial_ptr_iterator_tag@0@U?$integral_constant@_N$00@0@@Z 0041f470 f i log4z.obj
 0001:0001e4d0       ??$_Uninitialized_move_al_unchecked@PAPAULogData@log4z@zsummer@@PAPAU123@V?$allocator@PAULogData@log4z@zsummer@@@std@@@std@@YAPAPAULogData@log4z@zsummer@@PAPAU123@00AAU?$_Wrap_alloc@V?$allocator@PAULogData@log4z@zsummer@@@std@@@0@@Z 0041f4d0 f i log4z.obj
 0001:0001e560       ??$addressof@D@std@@YAPADAAD@Z 0041f560 f i log4z.obj
 0001:0001e5a0       ??$addressof@PAPAULogData@log4z@zsummer@@@std@@YAPAPAPAULogData@log4z@zsummer@@AAPAPAU123@@Z 0041f5a0 f i log4z.obj
 0001:0001e5e0       ??$addressof@PAU?$_List_node@U?$pair@_JV?$basic_string@DU?$char_traits@D@std@@V?$allocator@D@2@@std@@@std@@PAX@std@@@std@@YAPAPAU?$_List_node@U?$pair@_JV?$basic_string@DU?$char_traits@D@std@@V?$allocator@D@2@@std@@@std@@PAX@0@AAPAU10@@Z 0041f5e0 f i log4z.obj
 0001:0001e620       ??$addressof@PAU?$_Tree_node@U?$pair@$$CBV?$basic_string@DU?$char_traits@D@std@@V?$allocator@D@2@@std@@H@std@@PAX@std@@@std@@YAPAPAU?$_Tree_node@U?$pair@$$CBV?$basic_string@DU?$char_traits@D@std@@V?$allocator@D@2@@std@@H@std@@PAX@0@AAPAU10@@Z 0041f620 f i log4z.obj
 0001:0001e660       ??$addressof@PAU?$_Tree_node@U?$pair@$$CBV?$basic_string@DU?$char_traits@D@std@@V?$allocator@D@2@@std@@ULoggerInfo@log4z@zsummer@@@std@@PAX@std@@@std@@YAPAPAU?$_Tree_node@U?$pair@$$CBV?$basic_string@DU?$char_traits@D@std@@V?$allocator@D@2@@std@@ULoggerInfo@log4z@zsummer@@@std@@PAX@0@AAPAU10@@Z 0041f660 f i log4z.obj
 0001:0001e6a0       ??$addressof@QAULogData@log4z@zsummer@@@std@@YAPBQAULogData@log4z@zsummer@@ABQAU123@@Z 0041f6a0 f i log4z.obj
 0001:0001e6e0       ??$addressof@U?$pair@$$CBV?$basic_string@DU?$char_traits@D@std@@V?$allocator@D@2@@std@@H@std@@@std@@YAPAU?$pair@$$CBV?$basic_string@DU?$char_traits@D@std@@V?$allocator@D@2@@std@@H@0@AAU10@@Z 0041f6e0 f i log4z.obj
 0001:0001e720       ??$addressof@U?$pair@$$CBV?$basic_string@DU?$char_traits@D@std@@V?$allocator@D@2@@std@@ULoggerInfo@log4z@zsummer@@@std@@@std@@YAPAU?$pair@$$CBV?$basic_string@DU?$char_traits@D@std@@V?$allocator@D@2@@std@@ULoggerInfo@log4z@zsummer@@@0@AAU10@@Z 0041f720 f i log4z.obj
 0001:0001e760       ??$addressof@U?$pair@_JV?$basic_string@DU?$char_traits@D@std@@V?$allocator@D@2@@std@@@std@@@std@@YAPAU?$pair@_JV?$basic_string@DU?$char_traits@D@std@@V?$allocator@D@2@@std@@@0@AAU10@@Z 0041f760 f i log4z.obj
 0001:0001e7a0       ??$assign@V?$_String_iterator@V?$_String_val@U?$_Simple_types@D@std@@@std@@@std@@@?$basic_string@DU?$char_traits@D@std@@V?$allocator@D@2@@std@@QAEAAV01@V?$_String_iterator@V?$_String_val@U?$_Simple_types@D@std@@@std@@@1@0@Z 0041f7a0 f i log4z.obj
 0001:0001e9c0       ??$construct@PADAAPAD@?$_Wrap_alloc@V?$allocator@D@std@@@std@@QAEXPAPADAAPAD@Z 0041f9c0 f i log4z.obj
 0001:0001ea30       ??$construct@PADAAPAD@?$allocator@D@std@@QAEXPAPADAAPAD@Z 0041fa30 f i log4z.obj
 0001:0001eae0       ??$construct@PADAAPAD@?$allocator_traits@V?$allocator@D@std@@@std@@SAXAAV?$allocator@D@1@PAPADAAPAD@Z 0041fae0 f i log4z.obj
 0001:0001eb40       ??$construct@PAU?$_List_node@U?$pair@_JV?$basic_string@DU?$char_traits@D@std@@V?$allocator@D@2@@std@@@std@@PAX@std@@AAPAU12@@?$_Wrap_alloc@V?$allocator@U?$_List_node@U?$pair@_JV?$basic_string@DU?$char_traits@D@std@@V?$allocator@D@2@@std@@@std@@PAX@std@@@std@@@std@@QAEXPAPAU?$_List_node@U?$pair@_JV?$basic_string@DU?$char_traits@D@std@@V?$allocator@D@2@@std@@@std@@PAX@1@AAPAU21@@Z 0041fb40 f i log4z.obj
 0001:0001ebb0       ??$construct@PAU?$_List_node@U?$pair@_JV?$basic_string@DU?$char_traits@D@std@@V?$allocator@D@2@@std@@@std@@PAX@std@@AAPAU12@@?$allocator@U?$_List_node@U?$pair@_JV?$basic_string@DU?$char_traits@D@std@@V?$allocator@D@2@@std@@@std@@PAX@std@@@std@@QAEXPAPAU?$_List_node@U?$pair@_JV?$basic_string@DU?$char_traits@D@std@@V?$allocator@D@2@@std@@@std@@PAX@1@AAPAU21@@Z 0041fbb0 f i log4z.obj
 0001:0001ec60       ??$construct@PAU?$_List_node@U?$pair@_JV?$basic_string@DU?$char_traits@D@std@@V?$allocator@D@2@@std@@@std@@PAX@std@@AAPAU12@@?$allocator_traits@V?$allocator@U?$_List_node@U?$pair@_JV?$basic_string@DU?$char_traits@D@std@@V?$allocator@D@2@@std@@@std@@PAX@std@@@std@@@std@@SAXAAV?$allocator@U?$_List_node@U?$pair@_JV?$basic_string@DU?$char_traits@D@std@@V?$allocator@D@2@@std@@@std@@PAX@std@@@1@PAPAU?$_List_node@U?$pair@_JV?$basic_string@DU?$char_traits@D@std@@V?$allocator@D@2@@std@@@std@@PAX@1@AAPAU31@@Z 0041fc60 f i log4z.obj
 0001:0001ecc0       ??$construct@PAU?$_Tree_node@U?$pair@$$CBV?$basic_string@DU?$char_traits@D@std@@V?$allocator@D@2@@std@@H@std@@PAX@std@@AAPAU12@@?$_Wrap_alloc@V?$allocator@U?$_Tree_node@U?$pair@$$CBV?$basic_string@DU?$char_traits@D@std@@V?$allocator@D@2@@std@@H@std@@PAX@std@@@std@@@std@@QAEXPAPAU?$_Tree_node@U?$pair@$$CBV?$basic_string@DU?$char_traits@D@std@@V?$allocator@D@2@@std@@H@std@@PAX@1@AAPAU21@@Z 0041fcc0 f i log4z.obj
 0001:0001ed30       ??$construct@PAU?$_Tree_node@U?$pair@$$CBV?$basic_string@DU?$char_traits@D@std@@V?$allocator@D@2@@std@@H@std@@PAX@std@@AAPAU12@@?$allocator@U?$_Tree_node@U?$pair@$$CBV?$basic_string@DU?$char_traits@D@std@@V?$allocator@D@2@@std@@H@std@@PAX@std@@@std@@QAEXPAPAU?$_Tree_node@U?$pair@$$CBV?$basic_string@DU?$char_traits@D@std@@V?$allocator@D@2@@std@@H@std@@PAX@1@AAPAU21@@Z 0041fd30 f i log4z.obj
 0001:0001ede0       ??$construct@PAU?$_Tree_node@U?$pair@$$CBV?$basic_string@DU?$char_traits@D@std@@V?$allocator@D@2@@std@@H@std@@PAX@std@@AAPAU12@@?$allocator_traits@V?$allocator@U?$_Tree_node@U?$pair@$$CBV?$basic_string@DU?$char_traits@D@std@@V?$allocator@D@2@@std@@H@std@@PAX@std@@@std@@@std@@SAXAAV?$allocator@U?$_Tree_node@U?$pair@$$CBV?$basic_string@DU?$char_traits@D@std@@V?$allocator@D@2@@std@@H@std@@PAX@std@@@1@PAPAU?$_Tree_node@U?$pair@$$CBV?$basic_string@DU?$char_traits@D@std@@V?$allocator@D@2@@std@@H@std@@PAX@1@AAPAU31@@Z 0041fde0 f i log4z.obj
 0001:0001ee40       ??$construct@PAU?$_Tree_node@U?$pair@$$CBV?$basic_string@DU?$char_traits@D@std@@V?$allocator@D@2@@std@@ULoggerInfo@log4z@zsummer@@@std@@PAX@std@@AAPAU12@@?$_Wrap_alloc@V?$allocator@U?$_Tree_node@U?$pair@$$CBV?$basic_string@DU?$char_traits@D@std@@V?$allocator@D@2@@std@@ULoggerInfo@log4z@zsummer@@@std@@PAX@std@@@std@@@std@@QAEXPAPAU?$_Tree_node@U?$pair@$$CBV?$basic_string@DU?$char_traits@D@std@@V?$allocator@D@2@@std@@ULoggerInfo@log4z@zsummer@@@std@@PAX@1@AAPAU21@@Z 0041fe40 f i log4z.obj
 0001:0001eeb0       ??$construct@PAU?$_Tree_node@U?$pair@$$CBV?$basic_string@DU?$char_traits@D@std@@V?$allocator@D@2@@std@@ULoggerInfo@log4z@zsummer@@@std@@PAX@std@@AAPAU12@@?$allocator@U?$_Tree_node@U?$pair@$$CBV?$basic_string@DU?$char_traits@D@std@@V?$allocator@D@2@@std@@ULoggerInfo@log4z@zsummer@@@std@@PAX@std@@@std@@QAEXPAPAU?$_Tree_node@U?$pair@$$CBV?$basic_string@DU?$char_traits@D@std@@V?$allocator@D@2@@std@@ULoggerInfo@log4z@zsummer@@@std@@PAX@1@AAPAU21@@Z 0041feb0 f i log4z.obj
 0001:0001ef60       ??$construct@PAU?$_Tree_node@U?$pair@$$CBV?$basic_string@DU?$char_traits@D@std@@V?$allocator@D@2@@std@@ULoggerInfo@log4z@zsummer@@@std@@PAX@std@@AAPAU12@@?$allocator_traits@V?$allocator@U?$_Tree_node@U?$pair@$$CBV?$basic_string@DU?$char_traits@D@std@@V?$allocator@D@2@@std@@ULoggerInfo@log4z@zsummer@@@std@@PAX@std@@@std@@@std@@SAXAAV?$allocator@U?$_Tree_node@U?$pair@$$CBV?$basic_string@DU?$char_traits@D@std@@V?$allocator@D@2@@std@@ULoggerInfo@log4z@zsummer@@@std@@PAX@std@@@1@PAPAU?$_Tree_node@U?$pair@$$CBV?$basic_string@DU?$char_traits@D@std@@V?$allocator@D@2@@std@@ULoggerInfo@log4z@zsummer@@@std@@PAX@1@AAPAU31@@Z 0041ff60 f i log4z.obj
 0001:0001efc0       ??$construct@PAULogData@log4z@zsummer@@AAPAU123@@?$_Wrap_alloc@V?$allocator@PAULogData@log4z@zsummer@@@std@@@std@@QAEXPAPAULogData@log4z@zsummer@@AAPAU234@@Z 0041ffc0 f i log4z.obj
 0001:0001f030       ??$construct@PAULogData@log4z@zsummer@@AAPAU123@@?$allocator@PAULogData@log4z@zsummer@@@std@@QAEXPAPAULogData@log4z@zsummer@@AAPAU234@@Z 00420030 f i log4z.obj
 0001:0001f0e0       ??$construct@PAULogData@log4z@zsummer@@AAPAU123@@?$allocator_traits@V?$allocator@PAULogData@log4z@zsummer@@@std@@@std@@SAXAAV?$allocator@PAULogData@log4z@zsummer@@@1@PAPAULogData@log4z@zsummer@@AAPAU345@@Z 004200e0 f i log4z.obj
 0001:0001f140       ??$construct@PAULogData@log4z@zsummer@@ABQAU123@@?$_Wrap_alloc@V?$allocator@PAULogData@log4z@zsummer@@@std@@@std@@QAEXPAPAULogData@log4z@zsummer@@ABQAU234@@Z 00420140 f i log4z.obj
 0001:0001f1b0       ??$construct@PAULogData@log4z@zsummer@@ABQAU123@@?$allocator@PAULogData@log4z@zsummer@@@std@@QAEXPAPAULogData@log4z@zsummer@@ABQAU234@@Z 004201b0 f i log4z.obj
 0001:0001f260       ??$construct@PAULogData@log4z@zsummer@@ABQAU123@@?$allocator_traits@V?$allocator@PAULogData@log4z@zsummer@@@std@@@std@@SAXAAV?$allocator@PAULogData@log4z@zsummer@@@1@PAPAULogData@log4z@zsummer@@ABQAU345@@Z 00420260 f i log4z.obj
 0001:0001f2c0       ??$construct@U?$pair@$$CBV?$basic_string@DU?$char_traits@D@std@@V?$allocator@D@2@@std@@H@std@@ABUpiecewise_construct_t@2@V?$tuple@$$QAV?$basic_string@DU?$char_traits@D@std@@V?$allocator@D@2@@std@@@2@V?$tuple@$$V@2@@?$_Wrap_alloc@V?$allocator@U?$_Tree_node@U?$pair@$$CBV?$basic_string@DU?$char_traits@D@std@@V?$allocator@D@2@@std@@H@std@@PAX@std@@@std@@@std@@QAEXPAU?$pair@$$CBV?$basic_string@DU?$char_traits@D@std@@V?$allocator@D@2@@std@@H@1@ABUpiecewise_construct_t@1@$$QAV?$tuple@$$QAV?$basic_string@DU?$char_traits@D@std@@V?$allocator@D@2@@std@@@1@$$QAV?$tuple@$$V@1@@Z 004202c0 f i log4z.obj
 0001:0001f350       ??$construct@U?$pair@$$CBV?$basic_string@DU?$char_traits@D@std@@V?$allocator@D@2@@std@@H@std@@ABUpiecewise_construct_t@2@V?$tuple@$$QAV?$basic_string@DU?$char_traits@D@std@@V?$allocator@D@2@@std@@@2@V?$tuple@$$V@2@@?$allocator@U?$_Tree_node@U?$pair@$$CBV?$basic_string@DU?$char_traits@D@std@@V?$allocator@D@2@@std@@H@std@@PAX@std@@@std@@QAEXPAU?$pair@$$CBV?$basic_string@DU?$char_traits@D@std@@V?$allocator@D@2@@std@@H@1@ABUpiecewise_construct_t@1@$$QAV?$tuple@$$QAV?$basic_string@DU?$char_traits@D@std@@V?$allocator@D@2@@std@@@1@$$QAV?$tuple@$$V@1@@Z 00420350 f i log4z.obj
 0001:0001f490       ??$construct@U?$pair@$$CBV?$basic_string@DU?$char_traits@D@std@@V?$allocator@D@2@@std@@H@std@@ABUpiecewise_construct_t@2@V?$tuple@$$QAV?$basic_string@DU?$char_traits@D@std@@V?$allocator@D@2@@std@@@2@V?$tuple@$$V@2@@?$allocator_traits@V?$allocator@U?$_Tree_node@U?$pair@$$CBV?$basic_string@DU?$char_traits@D@std@@V?$allocator@D@2@@std@@H@std@@PAX@std@@@std@@@std@@SAXAAV?$allocator@U?$_Tree_node@U?$pair@$$CBV?$basic_string@DU?$char_traits@D@std@@V?$allocator@D@2@@std@@H@std@@PAX@std@@@1@PAU?$pair@$$CBV?$basic_string@DU?$char_traits@D@std@@V?$allocator@D@2@@std@@H@1@ABUpiecewise_construct_t@1@$$QAV?$tuple@$$QAV?$basic_string@DU?$char_traits@D@std@@V?$allocator@D@2@@std@@@1@$$QAV?$tuple@$$V@1@@Z 00420490 f i log4z.obj
 0001:0001f510       ??$construct@U?$pair@$$CBV?$basic_string@DU?$char_traits@D@std@@V?$allocator@D@2@@std@@H@std@@ABUpiecewise_construct_t@2@V?$tuple@ABV?$basic_string@DU?$char_traits@D@std@@V?$allocator@D@2@@std@@@2@V?$tuple@$$V@2@@?$_Wrap_alloc@V?$allocator@U?$_Tree_node@U?$pair@$$CBV?$basic_string@DU?$char_traits@D@std@@V?$allocator@D@2@@std@@H@std@@PAX@std@@@std@@@std@@QAEXPAU?$pair@$$CBV?$basic_string@DU?$char_traits@D@std@@V?$allocator@D@2@@std@@H@1@ABUpiecewise_construct_t@1@$$QAV?$tuple@ABV?$basic_string@DU?$char_traits@D@std@@V?$allocator@D@2@@std@@@1@$$QAV?$tuple@$$V@1@@Z 00420510 f i log4z.obj
 0001:0001f5a0       ??$construct@U?$pair@$$CBV?$basic_string@DU?$char_traits@D@std@@V?$allocator@D@2@@std@@H@std@@ABUpiecewise_construct_t@2@V?$tuple@ABV?$basic_string@DU?$char_traits@D@std@@V?$allocator@D@2@@std@@@2@V?$tuple@$$V@2@@?$allocator@U?$_Tree_node@U?$pair@$$CBV?$basic_string@DU?$char_traits@D@std@@V?$allocator@D@2@@std@@H@std@@PAX@std@@@std@@QAEXPAU?$pair@$$CBV?$basic_string@DU?$char_traits@D@std@@V?$allocator@D@2@@std@@H@1@ABUpiecewise_construct_t@1@$$QAV?$tuple@ABV?$basic_string@DU?$char_traits@D@std@@V?$allocator@D@2@@std@@@1@$$QAV?$tuple@$$V@1@@Z 004205a0 f i log4z.obj
 0001:0001f6e0       ??$construct@U?$pair@$$CBV?$basic_string@DU?$char_traits@D@std@@V?$allocator@D@2@@std@@H@std@@ABUpiecewise_construct_t@2@V?$tuple@ABV?$basic_string@DU?$char_traits@D@std@@V?$allocator@D@2@@std@@@2@V?$tuple@$$V@2@@?$allocator_traits@V?$allocator@U?$_Tree_node@U?$pair@$$CBV?$basic_string@DU?$char_traits@D@std@@V?$allocator@D@2@@std@@H@std@@PAX@std@@@std@@@std@@SAXAAV?$allocator@U?$_Tree_node@U?$pair@$$CBV?$basic_string@DU?$char_traits@D@std@@V?$allocator@D@2@@std@@H@std@@PAX@std@@@1@PAU?$pair@$$CBV?$basic_string@DU?$char_traits@D@std@@V?$allocator@D@2@@std@@H@1@ABUpiecewise_construct_t@1@$$QAV?$tuple@ABV?$basic_string@DU?$char_traits@D@std@@V?$allocator@D@2@@std@@@1@$$QAV?$tuple@$$V@1@@Z 004206e0 f i log4z.obj
 0001:0001f760       ??$construct@U?$pair@$$CBV?$basic_string@DU?$char_traits@D@std@@V?$allocator@D@2@@std@@ULoggerInfo@log4z@zsummer@@@std@@U?$pair@V?$basic_string@DU?$char_traits@D@std@@V?$allocator@D@2@@std@@ULoggerInfo@log4z@zsummer@@@2@@?$_Wrap_alloc@V?$allocator@U?$_Tree_node@U?$pair@$$CBV?$basic_string@DU?$char_traits@D@std@@V?$allocator@D@2@@std@@ULoggerInfo@log4z@zsummer@@@std@@PAX@std@@@std@@@std@@QAEXPAU?$pair@$$CBV?$basic_string@DU?$char_traits@D@std@@V?$allocator@D@2@@std@@ULoggerInfo@log4z@zsummer@@@1@$$QAU?$pair@V?$basic_string@DU?$char_traits@D@std@@V?$allocator@D@2@@std@@ULoggerInfo@log4z@zsummer@@@1@@Z 00420760 f i log4z.obj
 0001:0001f7d0       ??$construct@U?$pair@$$CBV?$basic_string@DU?$char_traits@D@std@@V?$allocator@D@2@@std@@ULoggerInfo@log4z@zsummer@@@std@@U?$pair@V?$basic_string@DU?$char_traits@D@std@@V?$allocator@D@2@@std@@ULoggerInfo@log4z@zsummer@@@2@@?$allocator@U?$_Tree_node@U?$pair@$$CBV?$basic_string@DU?$char_traits@D@std@@V?$allocator@D@2@@std@@ULoggerInfo@log4z@zsummer@@@std@@PAX@std@@@std@@QAEXPAU?$pair@$$CBV?$basic_string@DU?$char_traits@D@std@@V?$allocator@D@2@@std@@ULoggerInfo@log4z@zsummer@@@1@$$QAU?$pair@V?$basic_string@DU?$char_traits@D@std@@V?$allocator@D@2@@std@@ULoggerInfo@log4z@zsummer@@@1@@Z 004207d0 f i log4z.obj
 0001:0001f8d0       ??$construct@U?$pair@$$CBV?$basic_string@DU?$char_traits@D@std@@V?$allocator@D@2@@std@@ULoggerInfo@log4z@zsummer@@@std@@U?$pair@V?$basic_string@DU?$char_traits@D@std@@V?$allocator@D@2@@std@@ULoggerInfo@log4z@zsummer@@@2@@?$allocator_traits@V?$allocator@U?$_Tree_node@U?$pair@$$CBV?$basic_string@DU?$char_traits@D@std@@V?$allocator@D@2@@std@@ULoggerInfo@log4z@zsummer@@@std@@PAX@std@@@std@@@std@@SAXAAV?$allocator@U?$_Tree_node@U?$pair@$$CBV?$basic_string@DU?$char_traits@D@std@@V?$allocator@D@2@@std@@ULoggerInfo@log4z@zsummer@@@std@@PAX@std@@@1@PAU?$pair@$$CBV?$basic_string@DU?$char_traits@D@std@@V?$allocator@D@2@@std@@ULoggerInfo@log4z@zsummer@@@1@$$QAU?$pair@V?$basic_string@DU?$char_traits@D@std@@V?$allocator@D@2@@std@@ULoggerInfo@log4z@zsummer@@@1@@Z 004208d0 f i log4z.obj
 0001:0001f930       ??$construct@U?$pair@_JV?$basic_string@DU?$char_traits@D@std@@V?$allocator@D@2@@std@@@std@@ABU12@@?$_Wrap_alloc@V?$allocator@U?$_List_node@U?$pair@_JV?$basic_string@DU?$char_traits@D@std@@V?$allocator@D@2@@std@@@std@@PAX@std@@@std@@@std@@QAEXPAU?$pair@_JV?$basic_string@DU?$char_traits@D@std@@V?$allocator@D@2@@std@@@1@ABU21@@Z 00420930 f i log4z.obj
 0001:0001f9a0       ??$construct@U?$pair@_JV?$basic_string@DU?$char_traits@D@std@@V?$allocator@D@2@@std@@@std@@ABU12@@?$allocator@U?$_List_node@U?$pair@_JV?$basic_string@DU?$char_traits@D@std@@V?$allocator@D@2@@std@@@std@@PAX@std@@@std@@QAEXPAU?$pair@_JV?$basic_string@DU?$char_traits@D@std@@V?$allocator@D@2@@std@@@1@ABU21@@Z 004209a0 f i log4z.obj
 0001:0001faa0       ??$construct@U?$pair@_JV?$basic_string@DU?$char_traits@D@std@@V?$allocator@D@2@@std@@@std@@ABU12@@?$allocator_traits@V?$allocator@U?$_List_node@U?$pair@_JV?$basic_string@DU?$char_traits@D@std@@V?$allocator@D@2@@std@@@std@@PAX@std@@@std@@@std@@SAXAAV?$allocator@U?$_List_node@U?$pair@_JV?$basic_string@DU?$char_traits@D@std@@V?$allocator@D@2@@std@@@std@@PAX@std@@@1@PAU?$pair@_JV?$basic_string@DU?$char_traits@D@std@@V?$allocator@D@2@@std@@@1@ABU31@@Z 00420aa0 f i log4z.obj
 0001:0001fb00       ??$construct@U?$pair@_JV?$basic_string@DU?$char_traits@D@std@@V?$allocator@D@2@@std@@@std@@U12@@?$_Wrap_alloc@V?$allocator@U?$_List_node@U?$pair@_JV?$basic_string@DU?$char_traits@D@std@@V?$allocator@D@2@@std@@@std@@PAX@std@@@std@@@std@@QAEXPAU?$pair@_JV?$basic_string@DU?$char_traits@D@std@@V?$allocator@D@2@@std@@@1@$$QAU21@@Z 00420b00 f i log4z.obj
 0001:0001fb70       ??$construct@U?$pair@_JV?$basic_string@DU?$char_traits@D@std@@V?$allocator@D@2@@std@@@std@@U12@@?$allocator@U?$_List_node@U?$pair@_JV?$basic_string@DU?$char_traits@D@std@@V?$allocator@D@2@@std@@@std@@PAX@std@@@std@@QAEXPAU?$pair@_JV?$basic_string@DU?$char_traits@D@std@@V?$allocator@D@2@@std@@@1@$$QAU21@@Z 00420b70 f i log4z.obj
 0001:0001fc10       ??$construct@U?$pair@_JV?$basic_string@DU?$char_traits@D@std@@V?$allocator@D@2@@std@@@std@@U12@@?$allocator_traits@V?$allocator@U?$_List_node@U?$pair@_JV?$basic_string@DU?$char_traits@D@std@@V?$allocator@D@2@@std@@@std@@PAX@std@@@std@@@std@@SAXAAV?$allocator@U?$_List_node@U?$pair@_JV?$basic_string@DU?$char_traits@D@std@@V?$allocator@D@2@@std@@@std@@PAX@std@@@1@PAU?$pair@_JV?$basic_string@DU?$char_traits@D@std@@V?$allocator@D@2@@std@@@1@$$QAU31@@Z 00420c10 f i log4z.obj
 0001:0001fc70       ??$construct@U_Container_proxy@std@@U12@@?$_Wrap_alloc@V?$allocator@U_Container_proxy@std@@@std@@@std@@QAEXPAU_Container_proxy@1@$$QAU21@@Z 00420c70 f i log4z.obj
 0001:0001fce0       ??$construct@U_Container_proxy@std@@U12@@?$allocator@U_Container_proxy@std@@@std@@QAEXPAU_Container_proxy@1@$$QAU21@@Z 00420ce0 f i log4z.obj
 0001:0001fd90       ??$construct@U_Container_proxy@std@@U12@@?$allocator_traits@V?$allocator@U_Container_proxy@std@@@std@@@std@@SAXAAV?$allocator@U_Container_proxy@std@@@1@PAU_Container_proxy@1@$$QAU31@@Z 00420d90 f i log4z.obj
 0001:0001fdf0       ??$destroy@PAPAULogData@log4z@zsummer@@@?$_Wrap_alloc@V?$allocator@PAULogData@log4z@zsummer@@@std@@@std@@QAEXPAPAPAULogData@log4z@zsummer@@@Z 00420df0 f i log4z.obj
 0001:0001fe50       ??$destroy@PAPAULogData@log4z@zsummer@@@?$allocator@PAULogData@log4z@zsummer@@@std@@QAEXPAPAPAULogData@log4z@zsummer@@@Z 00420e50 f i log4z.obj
 0001:0001fe90       ??$destroy@PAPAULogData@log4z@zsummer@@@?$allocator_traits@V?$allocator@PAULogData@log4z@zsummer@@@std@@@std@@SAXAAV?$allocator@PAULogData@log4z@zsummer@@@1@PAPAPAULogData@log4z@zsummer@@@Z 00420e90 f i log4z.obj
 0001:0001fee0       ??$destroy@PAU?$_List_node@U?$pair@_JV?$basic_string@DU?$char_traits@D@std@@V?$allocator@D@2@@std@@@std@@PAX@std@@@?$_Wrap_alloc@V?$allocator@U?$_List_node@U?$pair@_JV?$basic_string@DU?$char_traits@D@std@@V?$allocator@D@2@@std@@@std@@PAX@std@@@std@@@std@@QAEXPAPAU?$_List_node@U?$pair@_JV?$basic_string@DU?$char_traits@D@std@@V?$allocator@D@2@@std@@@std@@PAX@1@@Z 00420ee0 f i log4z.obj
 0001:0001ff40       ??$destroy@PAU?$_List_node@U?$pair@_JV?$basic_string@DU?$char_traits@D@std@@V?$allocator@D@2@@std@@@std@@PAX@std@@@?$allocator@U?$_List_node@U?$pair@_JV?$basic_string@DU?$char_traits@D@std@@V?$allocator@D@2@@std@@@std@@PAX@std@@@std@@QAEXPAPAU?$_List_node@U?$pair@_JV?$basic_string@DU?$char_traits@D@std@@V?$allocator@D@2@@std@@@std@@PAX@1@@Z 00420f40 f i log4z.obj
 0001:0001ff80       ??$destroy@PAU?$_List_node@U?$pair@_JV?$basic_string@DU?$char_traits@D@std@@V?$allocator@D@2@@std@@@std@@PAX@std@@@?$allocator_traits@V?$allocator@U?$_List_node@U?$pair@_JV?$basic_string@DU?$char_traits@D@std@@V?$allocator@D@2@@std@@@std@@PAX@std@@@std@@@std@@SAXAAV?$allocator@U?$_List_node@U?$pair@_JV?$basic_string@DU?$char_traits@D@std@@V?$allocator@D@2@@std@@@std@@PAX@std@@@1@PAPAU?$_List_node@U?$pair@_JV?$basic_string@DU?$char_traits@D@std@@V?$allocator@D@2@@std@@@std@@PAX@1@@Z 00420f80 f i log4z.obj
 0001:0001ffd0       ??$destroy@PAU?$_Tree_node@U?$pair@$$CBV?$basic_string@DU?$char_traits@D@std@@V?$allocator@D@2@@std@@H@std@@PAX@std@@@?$_Wrap_alloc@V?$allocator@U?$_Tree_node@U?$pair@$$CBV?$basic_string@DU?$char_traits@D@std@@V?$allocator@D@2@@std@@H@std@@PAX@std@@@std@@@std@@QAEXPAPAU?$_Tree_node@U?$pair@$$CBV?$basic_string@DU?$char_traits@D@std@@V?$allocator@D@2@@std@@H@std@@PAX@1@@Z 00420fd0 f i log4z.obj
 0001:00020030       ??$destroy@PAU?$_Tree_node@U?$pair@$$CBV?$basic_string@DU?$char_traits@D@std@@V?$allocator@D@2@@std@@H@std@@PAX@std@@@?$allocator@U?$_Tree_node@U?$pair@$$CBV?$basic_string@DU?$char_traits@D@std@@V?$allocator@D@2@@std@@H@std@@PAX@std@@@std@@QAEXPAPAU?$_Tree_node@U?$pair@$$CBV?$basic_string@DU?$char_traits@D@std@@V?$allocator@D@2@@std@@H@std@@PAX@1@@Z 00421030 f i log4z.obj
 0001:00020070       ??$destroy@PAU?$_Tree_node@U?$pair@$$CBV?$basic_string@DU?$char_traits@D@std@@V?$allocator@D@2@@std@@H@std@@PAX@std@@@?$allocator_traits@V?$allocator@U?$_Tree_node@U?$pair@$$CBV?$basic_string@DU?$char_traits@D@std@@V?$allocator@D@2@@std@@H@std@@PAX@std@@@std@@@std@@SAXAAV?$allocator@U?$_Tree_node@U?$pair@$$CBV?$basic_string@DU?$char_traits@D@std@@V?$allocator@D@2@@std@@H@std@@PAX@std@@@1@PAPAU?$_Tree_node@U?$pair@$$CBV?$basic_string@DU?$char_traits@D@std@@V?$allocator@D@2@@std@@H@std@@PAX@1@@Z 00421070 f i log4z.obj
 0001:000200c0       ??$destroy@PAU?$_Tree_node@U?$pair@$$CBV?$basic_string@DU?$char_traits@D@std@@V?$allocator@D@2@@std@@ULoggerInfo@log4z@zsummer@@@std@@PAX@std@@@?$_Wrap_alloc@V?$allocator@U?$_Tree_node@U?$pair@$$CBV?$basic_string@DU?$char_traits@D@std@@V?$allocator@D@2@@std@@ULoggerInfo@log4z@zsummer@@@std@@PAX@std@@@std@@@std@@QAEXPAPAU?$_Tree_node@U?$pair@$$CBV?$basic_string@DU?$char_traits@D@std@@V?$allocator@D@2@@std@@ULoggerInfo@log4z@zsummer@@@std@@PAX@1@@Z 004210c0 f i log4z.obj
 0001:00020120       ??$destroy@PAU?$_Tree_node@U?$pair@$$CBV?$basic_string@DU?$char_traits@D@std@@V?$allocator@D@2@@std@@ULoggerInfo@log4z@zsummer@@@std@@PAX@std@@@?$allocator@U?$_Tree_node@U?$pair@$$CBV?$basic_string@DU?$char_traits@D@std@@V?$allocator@D@2@@std@@ULoggerInfo@log4z@zsummer@@@std@@PAX@std@@@std@@QAEXPAPAU?$_Tree_node@U?$pair@$$CBV?$basic_string@DU?$char_traits@D@std@@V?$allocator@D@2@@std@@ULoggerInfo@log4z@zsummer@@@std@@PAX@1@@Z 00421120 f i log4z.obj
 0001:00020160       ??$destroy@PAU?$_Tree_node@U?$pair@$$CBV?$basic_string@DU?$char_traits@D@std@@V?$allocator@D@2@@std@@ULoggerInfo@log4z@zsummer@@@std@@PAX@std@@@?$allocator_traits@V?$allocator@U?$_Tree_node@U?$pair@$$CBV?$basic_string@DU?$char_traits@D@std@@V?$allocator@D@2@@std@@ULoggerInfo@log4z@zsummer@@@std@@PAX@std@@@std@@@std@@SAXAAV?$allocator@U?$_Tree_node@U?$pair@$$CBV?$basic_string@DU?$char_traits@D@std@@V?$allocator@D@2@@std@@ULoggerInfo@log4z@zsummer@@@std@@PAX@std@@@1@PAPAU?$_Tree_node@U?$pair@$$CBV?$basic_string@DU?$char_traits@D@std@@V?$allocator@D@2@@std@@ULoggerInfo@log4z@zsummer@@@std@@PAX@1@@Z 00421160 f i log4z.obj
 0001:000201b0       ??$destroy@PAULogData@log4z@zsummer@@@?$_Wrap_alloc@V?$allocator@PAULogData@log4z@zsummer@@@std@@@std@@QAEXPAPAULogData@log4z@zsummer@@@Z 004211b0 f i log4z.obj
 0001:00020210       ??$destroy@PAULogData@log4z@zsummer@@@?$allocator@PAULogData@log4z@zsummer@@@std@@QAEXPAPAULogData@log4z@zsummer@@@Z 00421210 f i log4z.obj
 0001:00020250       ??$destroy@PAULogData@log4z@zsummer@@@?$allocator_traits@V?$allocator@PAULogData@log4z@zsummer@@@std@@@std@@SAXAAV?$allocator@PAULogData@log4z@zsummer@@@1@PAPAULogData@log4z@zsummer@@@Z 00421250 f i log4z.obj
 0001:000202a0       ??$destroy@U?$pair@$$CBV?$basic_string@DU?$char_traits@D@std@@V?$allocator@D@2@@std@@H@std@@@?$_Wrap_alloc@V?$allocator@U?$_Tree_node@U?$pair@$$CBV?$basic_string@DU?$char_traits@D@std@@V?$allocator@D@2@@std@@H@std@@PAX@std@@@std@@@std@@QAEXPAU?$pair@$$CBV?$basic_string@DU?$char_traits@D@std@@V?$allocator@D@2@@std@@H@1@@Z 004212a0 f i log4z.obj
[...]
 0004:0000079c       __imp_?get_accDescription@CWnd@@UAEJUtagVARIANT@@PAPA_W@Z 0049379c     mfc140d:mfc140d.dll
 0004:000007a0       __imp_?get_accValue@CWnd@@UAEJUtagVARIANT@@PAPA_W@Z 004937a0     mfc140d:mfc140d.dll
 0004:000007a4       __imp_?get_accName@CWnd@@UAEJUtagVARIANT@@PAPA_W@Z 004937a4     mfc140d:mfc140d.dll
 0004:000007a8       __imp_?get_accChild@CWnd@@UAEJUtagVARIANT@@PAPAUIDispatch@@@Z 004937a8     mfc140d:mfc140d.dll
 0004:000007ac       __imp_?get_accChildCount@CWnd@@UAEJPAJ@Z 004937ac     mfc140d:mfc140d.dll
 0004:000007b0       __imp_?get_accParent@CWnd@@UAEJPAPAUIDispatch@@@Z 004937b0     mfc140d:mfc140d.dll
 0004:000007b4       __imp_?EnsureStdObj@CWnd@@UAEJXZ 004937b4     mfc140d:mfc140d.dll
 0004:000007b8       __imp_?GetInterfaceMap@CWnd@@MBEPBUAFX_INTERFACEMAP@@XZ 004937b8     mfc140d:mfc140d.dll
 0004:000007bc       __imp_?OnDrawIconicThumbnailOrLivePreview@CWnd@@UAEXAAVCDC@@VCRect@@VCSize@@HAAH@Z 004937bc     mfc140d:mfc140d.dll
 0004:000007c0       __imp_?EndModalLoop@CWnd@@UAEXH@Z 004937c0     mfc140d:mfc140d.dll
 0004:000007c4       __imp_?ContinueModal@CWnd@@UAEHXZ 004937c4     mfc140d:mfc140d.dll
 0004:000007c8       __imp_?WinHelpInternal@CWnd@@UAEXKI@Z 004937c8     mfc140d:mfc140d.dll
 0004:000007cc       __imp_?HtmlHelpA@CWnd@@UAEXKI@Z 004937cc     mfc140d:mfc140d.dll
 0004:000007d0       __imp_?WinHelpA@CWnd@@UAEXKI@Z 004937d0     mfc140d:mfc140d.dll
 0004:000007d4       __imp_?GetScrollBarCtrl@CWnd@@UBEPAVCScrollBar@@H@Z 004937d4     mfc140d:mfc140d.dll
 0004:000007d8       __imp_?OnToolHitTest@CWnd@@UBEHVCPoint@@PAUtagTOOLINFOA@@@Z 004937d8     mfc140d:mfc140d.dll
 0004:000007dc       __imp_?SetMenu@CWnd@@UAEHPAVCMenu@@@Z 004937dc     mfc140d:mfc140d.dll
 0004:000007e0       __imp_?GetMenu@CWnd@@UBEPAVCMenu@@XZ 004937e0     mfc140d:mfc140d.dll
 0004:000007e4       __imp_?GetWindowTextA@CWnd@@QBEXAAV?$CStringT@DV?$StrTraitMFC_DLL@DV?$ChTraitsCRT@D@ATL@@@@@ATL@@@Z 004937e4     mfc140d:mfc140d.dll
 0004:000007e8       __imp_?GetDlgItem@CWnd@@QBEPAV1@H@Z 004937e8     mfc140d:mfc140d.dll
 0004:000007ec       __imp_?CalcWindowRect@CWnd@@UAEXPAUtagRECT@@I@Z 004937ec     mfc140d:mfc140d.dll
 0004:000007f0       __imp_?PreCreateWindow@CWnd@@UAEHAAUtagCREATESTRUCTA@@@Z 004937f0     mfc140d:mfc140d.dll
 0004:000007f4       __imp_?DestroyWindow@CWnd@@UAEHXZ 004937f4     mfc140d:mfc140d.dll
 0004:000007f8       __imp_?CreateEx@CWnd@@UAEHKPBD0KABUtagRECT@@PAV1@IPAX@Z 004937f8     mfc140d:mfc140d.dll
 0004:000007fc       __imp_?CreateEx@CWnd@@UAEHKPBD0KHHHHPAUHWND__@@PAUHMENU__@@PAX@Z 004937fc     mfc140d:mfc140d.dll
 0004:00000800       __imp_?Create@CWnd@@UAEHPBD0KABUtagRECT@@PAV1@IPAUCCreateContext@@@Z 00493800     mfc140d:mfc140d.dll
 0004:00000804       __imp_?PreSubclassWindow@CWnd@@UAEXXZ 00493804     mfc140d:mfc140d.dll
 0004:00000808       __imp_?GetConnectionHook@CCmdTarget@@MAEPAUIConnectionPoint@@ABU_GUID@@@Z 00493808     mfc140d:mfc140d.dll
 0004:0000080c       __imp_?GetExtraConnectionPoints@CCmdTarget@@MAEHPAVCPtrArray@@@Z 0049380c     mfc140d:mfc140d.dll
 0004:00000810       __imp_?GetInterfaceHook@CCmdTarget@@UAEPAUIUnknown@@PBX@Z 00493810     mfc140d:mfc140d.dll
 0004:00000814       __imp_?OnCreateAggregates@CCmdTarget@@UAEHXZ 00493814     mfc140d:mfc140d.dll
 0004:00000818       __imp_?GetEventSinkMap@CCmdTarget@@MBEPBUAFX_EVENTSINKMAP@@XZ 00493818     mfc140d:mfc140d.dll
 0004:0000081c       __imp_?GetConnectionMap@CCmdTarget@@MBEPBUAFX_CONNECTIONMAP@@XZ 0049381c     mfc140d:mfc140d.dll
 0004:00000820       __imp_?GetDispatchMap@CCmdTarget@@MBEPBUAFX_DISPMAP@@XZ 00493820     mfc140d:mfc140d.dll
 0004:00000824       __imp_?GetCommandMap@CCmdTarget@@MBEPBUAFX_OLECMDMAP@@XZ 00493824     mfc140d:mfc140d.dll
 0004:00000828       __imp_?GetTypeLib@CCmdTarget@@UAEJKPAPAUITypeLib@@@Z 00493828     mfc140d:mfc140d.dll
 0004:0000082c       __imp_?GetTypeLibCache@CCmdTarget@@UAEPAVCTypeLibCache@@XZ 0049382c     mfc140d:mfc140d.dll
 0004:00000830       __imp_?GetTypeInfoCount@CCmdTarget@@UAEIXZ 00493830     mfc140d:mfc140d.dll
 0004:00000834       __imp_?GetDispatchIID@CCmdTarget@@UAEHPAU_GUID@@@Z 00493834     mfc140d:mfc140d.dll
 0004:00000838       __imp_?IsInvokeAllowed@CCmdTarget@@UAEHJ@Z 00493838     mfc140d:mfc140d.dll
 0004:0000083c       __imp_?DDX_Control@@YGXPAVCDataExchange@@HAAVCWnd@@@Z 0049383c     mfc140d:mfc140d.dll
 0004:00000840       __imp_??1CBrush@@UAE@XZ    00493840     mfc140d:mfc140d.dll
 0004:00000844       __imp_?Format@?$CStringT@DV?$StrTraitMFC_DLL@DV?$ChTraitsCRT@D@ATL@@@@@ATL@@QAAXPBDZZ 00493844     mfc140d:mfc140d.dll
 0004:00000848       __imp_??1?$CStringT@DV?$StrTraitMFC_DLL@DV?$ChTraitsCRT@D@ATL@@@@@ATL@@QAE@XZ 00493848     mfc140d:mfc140d.dll
 0004:0000084c       __imp_??0?$CStringT@DV?$StrTraitMFC_DLL@DV?$ChTraitsCRT@D@ATL@@@@@ATL@@QAE@XZ 0049384c     mfc140d:mfc140d.dll
 0004:00000850       __imp_?GetLength@?$CSimpleStringT@D$00@ATL@@QBEHXZ 00493850     mfc140d:mfc140d.dll
 0004:00000854       __imp_?GetBuffer@?$CSimpleStringT@D$00@ATL@@QAEPADH@Z 00493854     mfc140d:mfc140d.dll
 0004:00000858       __imp_?Empty@?$CSimpleStringT@D$00@ATL@@QAEXXZ 00493858     mfc140d:mfc140d.dll
 0004:0000085c       __imp_?Append@?$CSimpleStringT@D$00@ATL@@QAEXPBD@Z 0049385c     mfc140d:mfc140d.dll
 0004:00000860       __imp_??B?$CSimpleStringT@D$00@ATL@@QBEPBDXZ 00493860     mfc140d:mfc140d.dll
 0004:00000864       __imp_?Serialize@CObject@@UAEXAAVCArchive@@@Z 00493864     mfc140d:mfc140d.dll
 0004:00000868       __imp_??3CObject@@SGXPAX@Z 00493868     mfc140d:mfc140d.dll
 0004:0000086c       __imp_?GetThisMessageMap@CDialogEx@@KGPBUAFX_MSGMAP@@XZ 0049386c     mfc140d:mfc140d.dll
 0004:00000870       __imp_?AfxGetMainWnd@@YGPAVCWnd@@XZ 00493870     mfc140d:mfc140d.dll
 0004:00000874       __imp_??1CEdit@@UAE@XZ     00493874     mfc140d:mfc140d.dll
 0004:00000878       __imp_?IsFrameWnd@CWnd@@UBEHXZ 00493878     mfc140d:mfc140d.dll
 0004:0000087c       __imp_?ResizeDynamicLayout@CWnd@@MAEXXZ 0049387c     mfc140d:mfc140d.dll
 0004:00000880       __imp_??0CEdit@@QAE@XZ     00493880     mfc140d:mfc140d.dll
 0004:00000884       __imp_?SetLimitText@CEdit@@QAEXI@Z 00493884     mfc140d:mfc140d.dll
 0004:00000888       __imp_?OnFinalRelease@CWnd@@UAEXXZ 00493888     mfc140d:mfc140d.dll
 0004:0000088c       __imp_?SetCheck@CButton@@QAEXH@Z 0049388c     mfc140d:mfc140d.dll
 0004:00000890       __imp_?OnGesturePressAndTap@CWnd@@MAEHVCPoint@@J@Z 00493890     mfc140d:mfc140d.dll
 0004:00000894       __imp_?OnGestureTwoFingerTap@CWnd@@MAEHVCPoint@@@Z 00493894     mfc140d:mfc140d.dll
 0004:00000898       __imp_?OnGestureRotate@CWnd@@MAEHVCPoint@@N@Z 00493898     mfc140d:mfc140d.dll
 0004:0000089c       __imp_?OnGesturePan@CWnd@@MAEHVCPoint@@0@Z 0049389c     mfc140d:mfc140d.dll
 0004:000008a0       __imp_?OnGestureZoom@CWnd@@MAEHVCPoint@@J@Z 004938a0     mfc140d:mfc140d.dll
 0004:000008a4       __imp_?GetGestureStatus@CWnd@@MAEKVCPoint@@@Z 004938a4     mfc140d:mfc140d.dll
 0004:000008a8       __imp_?OnTouchInput@CWnd@@MAEHVCPoint@@HHPAUtagTOUCHINPUT@@@Z 004938a8     mfc140d:mfc140d.dll
 0004:000008ac       __imp_?OnTouchInputs@CWnd@@MAEHIPAUtagTOUCHINPUT@@@Z 004938ac     mfc140d:mfc140d.dll
 0004:000008b0       __imp_?OnChildNotify@CWnd@@MAEHIIJPAJ@Z 004938b0     mfc140d:mfc140d.dll
 0004:000008b4       __imp_?PostNcDestroy@CWnd@@MAEXXZ 004938b4     mfc140d:mfc140d.dll
 0004:000008b8       __imp_?DefWindowProcA@CWnd@@MAEJIIJ@Z 004938b8     mfc140d:mfc140d.dll
 0004:000008bc       __imp_?OnWndMsg@CWnd@@MAEHIIJPAJ@Z 004938bc     mfc140d:mfc140d.dll
 0004:000008c0       __imp_?WindowProc@CWnd@@MAEJIIJ@Z 004938c0     mfc140d:mfc140d.dll
 0004:000008c4       __imp_?OnAmbientProperty@CWnd@@UAEHPAVCOleControlSite@@JPAUtagVARIANT@@@Z 004938c4     mfc140d:mfc140d.dll
 0004:000008c8       __imp_?EndModalState@CWnd@@UAEXXZ 004938c8     mfc140d:mfc140d.dll
 0004:000008cc       __imp_?BeginModalState@CWnd@@UAEXXZ 004938cc     mfc140d:mfc140d.dll
 0004:000008d0       __imp_?DoDataExchange@CWnd@@MAEXPAVCDataExchange@@@Z 004938d0     mfc140d:mfc140d.dll
 0004:000008d4       __imp_?GetSuperWndProcAddr@CWnd@@MAEPAP6GJPAUHWND__@@IIJ@ZXZ 004938d4     mfc140d:mfc140d.dll
 0004:000008d8       __imp_?GetOccDialogInfo@CDialog@@MAEPAU_AFX_OCC_DIALOG_INFO@@XZ 004938d8     mfc140d:mfc140d.dll
 0004:000008dc       __imp_?SetOccDialogInfo@CDialog@@MAEHPAU_AFX_OCC_DIALOG_INFO@@@Z 004938dc     mfc140d:mfc140d.dll
 0004:000008e0       __imp_?CheckAutoCenter@CDialog@@UAEHXZ 004938e0     mfc140d:mfc140d.dll
 0004:000008e4       __imp_?OnCmdMsg@CDialog@@UAEHIHPAXPAUAFX_CMDHANDLERINFO@@@Z 004938e4     mfc140d:mfc140d.dll
 0004:000008e8       __imp_?Dump@CDialog@@UBEXAAVCDumpContext@@@Z 004938e8     mfc140d:mfc140d.dll
 0004:000008ec       __imp_?AssertValid@CDialog@@UBEXXZ 004938ec     mfc140d:mfc140d.dll
 0004:000008f0       __imp_??1CDialog@@UAE@XZ   004938f0     mfc140d:mfc140d.dll
 0004:000008f4       __imp_?OnCancel@CDialog@@MAEXXZ 004938f4     mfc140d:mfc140d.dll
 0004:000008f8       __imp_?OnOK@CDialog@@MAEXXZ 004938f8     mfc140d:mfc140d.dll
 0004:000008fc       __imp_?OnSetFont@CDialog@@UAEXPAVCFont@@@Z 004938fc     mfc140d:mfc140d.dll
 0004:00000900       __imp_?OnInitDialog@CDialog@@UAEHXZ 00493900     mfc140d:mfc140d.dll
 0004:00000904       __imp_?DoModal@CDialog@@UAEHXZ 00493904     mfc140d:mfc140d.dll
 0004:00000908       __imp_?CreateIndirect@CDialog@@UAEHPAXPAVCWnd@@@Z 00493908     mfc140d:mfc140d.dll
 0004:0000090c       __imp_?CreateIndirect@CDialog@@UAEHPBUDLGTEMPLATE@@PAVCWnd@@PAX@Z 0049390c     mfc140d:mfc140d.dll
 0004:00000910       __imp_?Create@CDialog@@UAEHIPAVCWnd@@@Z 00493910     mfc140d:mfc140d.dll
 0004:00000914       __imp_?Create@CDialog@@UAEHPBDPAVCWnd@@@Z 00493914     mfc140d:mfc140d.dll
 0004:00000918       __imp_?CreateControlSite@CWnd@@MAEHPAVCOleControlContainer@@PAPAVCOleControlSite@@IABU_GUID@@@Z 00493918     mfc140d:mfc140d.dll
 0004:0000091c       __imp_?AfxMessageBox@@YGHIII@Z 0049391c     mfc140d:mfc140d.dll
 0004:00000920       __imp_?CreateControlContainer@CWnd@@MAEHPAPAVCOleControlContainer@@@Z 00493920     mfc140d:mfc140d.dll
 0004:00000924       __imp_?OnNotify@CWnd@@MAEHIJPAJ@Z 00493924     mfc140d:mfc140d.dll
 0004:00000928       __imp_?CreateAccessibleProxy@CWnd@@UAEJIJPAJ@Z 00493928     mfc140d:mfc140d.dll
 0004:0000092c       __imp_?SetProxy@CWnd@@UAEJPAUIAccessibleProxy@@@Z 0049392c     mfc140d:mfc140d.dll
 0004:00000930       __imp_?put_accValue@CWnd@@UAEJUtagVARIANT@@PA_W@Z 00493930     mfc140d:mfc140d.dll
 0004:00000934       __imp_?put_accName@CWnd@@UAEJUtagVARIANT@@PA_W@Z 00493934     mfc140d:mfc140d.dll
 0004:00000938       __imp_?accDoDefaultAction@CWnd@@UAEJUtagVARIANT@@@Z 00493938     mfc140d:mfc140d.dll
 0004:0000093c       __imp_?accHitTest@CWnd@@UAEJJJPAUtagVARIANT@@@Z 0049393c     mfc140d:mfc140d.dll
 0004:00000940       __imp_?AfxWinMain@@YGHPAUHINSTANCE__@@0PADH@Z 00493940     mfc140d:mfc140d.dll
 0004:00000944       __imp_?AfxGetModuleState@@YGPAVAFX_MODULE_STATE@@XZ 00493944     mfc140d:mfc140d.dll
 0004:00000948       __imp_?_AfxSocketInit@@YGHPAUWSAData@@@Z 00493948     mfc140d:mfc140d.dll
 0004:0000094c       __imp_?RestartInstance@CWinApp@@UAEHXZ 0049394c     mfc140d:mfc140d.dll
 0004:00000950       __imp_?accNavigate@CWnd@@UAEJJUtagVARIANT@@PAU2@@Z 00493950     mfc140d:mfc140d.dll
 0004:00000954       __imp_?ExitInstance@CWinApp@@UAEHXZ 00493954     mfc140d:mfc140d.dll
 0004:00000958       \177mfc140d_NULL_THUNK_DATA 00493958     mfc140d:mfc140d.dll
 0004:00000a7c       __imp___invalid_parameter  00493a7c     ucrtd:ucrtbased.dll
 0004:00000a80       __imp___CrtDbgReportW      00493a80     ucrtd:ucrtbased.dll
 0004:00000a84       __imp__free                00493a84     ucrtd:ucrtbased.dll
 0004:00000a88       __imp__malloc              00493a88     ucrtd:ucrtbased.dll
 0004:00000a8c       __imp__rand                00493a8c     ucrtd:ucrtbased.dll
 0004:00000a90       __imp__atoi                00493a90     ucrtd:ucrtbased.dll
 0004:00000a94       __imp____acrt_iob_func     00493a94     ucrtd:ucrtbased.dll
 0004:00000a98       __imp__fclose              00493a98     ucrtd:ucrtbased.dll
 0004:00000a9c       __imp__fflush              00493a9c     ucrtd:ucrtbased.dll
 0004:00000aa0       __imp__fopen               00493aa0     ucrtd:ucrtbased.dll
 0004:00000aa4       __imp__fread               00493aa4     ucrtd:ucrtbased.dll
 0004:00000aa8       __imp__fseek               00493aa8     ucrtd:ucrtbased.dll
 0004:00000aac       __imp__ftell               00493aac     ucrtd:ucrtbased.dll
 0004:00000ab0       __imp__fwrite              00493ab0     ucrtd:ucrtbased.dll
 0004:00000ab4       __imp__remove              00493ab4     ucrtd:ucrtbased.dll
 0004:00000ab8       __imp____stdio_common_vfprintf 00493ab8     ucrtd:ucrtbased.dll
 0004:00000abc       __imp__tolower             00493abc     ucrtd:ucrtbased.dll
 0004:00000ac0       __imp___localtime64_s      00493ac0     ucrtd:ucrtbased.dll
 0004:00000ac4       __imp___mktime64           00493ac4     ucrtd:ucrtbased.dll
 0004:00000ac8       __imp___time64             00493ac8     ucrtd:ucrtbased.dll
 0004:00000acc       __imp___beginthreadex      00493acc     ucrtd:ucrtbased.dll
 0004:00000ad0       __imp__wcscpy_s            00493ad0     ucrtd:ucrtbased.dll
 0004:00000ad4       __imp____stdio_common_vswprintf_s 00493ad4     ucrtd:ucrtbased.dll
 0004:00000ad8       __imp___invalid_parameter_noinfo 00493ad8     ucrtd:ucrtbased.dll
 0004:00000adc       __imp___errno              00493adc     ucrtd:ucrtbased.dll
 0004:00000ae0       __imp__wcslen              00493ae0     ucrtd:ucrtbased.dll
 0004:00000ae4       __imp____stdio_common_vsnprintf_s 00493ae4     ucrtd:ucrtbased.dll
 0004:00000ae8       __imp___mbscmp             00493ae8     ucrtd:ucrtbased.dll
 0004:00000aec       __imp__setlocale           00493aec     ucrtd:ucrtbased.dll
 0004:00000af0       __imp___CrtDbgReport       00493af0     ucrtd:ucrtbased.dll
 0004:00000af4       __imp___free_dbg           00493af4     ucrtd:ucrtbased.dll
 0004:00000af8       __imp__terminate           00493af8     ucrtd:ucrtbased.dll
 0004:00000afc       __imp___callnewh           00493afc     ucrtd:ucrtbased.dll
 0004:00000b00       __imp___seh_filter_dll     00493b00     ucrtd:ucrtbased.dll
 0004:00000b04       __imp___configure_narrow_argv 00493b04     ucrtd:ucrtbased.dll
 0004:00000b08       __imp___initialize_narrow_environment 00493b08     ucrtd:ucrtbased.dll
 0004:00000b0c       __imp___initialize_onexit_table 00493b0c     ucrtd:ucrtbased.dll
 0004:00000b10       __imp___register_onexit_function 00493b10     ucrtd:ucrtbased.dll
 0004:00000b14       __imp___execute_onexit_table 00493b14     ucrtd:ucrtbased.dll
 0004:00000b18       __imp___crt_atexit         00493b18     ucrtd:ucrtbased.dll
 0004:00000b1c       __imp___crt_at_quick_exit  00493b1c     ucrtd:ucrtbased.dll
 0004:00000b20       __imp___cexit              00493b20     ucrtd:ucrtbased.dll
 0004:00000b24       __imp___seh_filter_exe     00493b24     ucrtd:ucrtbased.dll
 0004:00000b28       __imp___set_app_type       00493b28     ucrtd:ucrtbased.dll
 0004:00000b2c       __imp____setusermatherr    00493b2c     ucrtd:ucrtbased.dll
 0004:00000b30       __imp___get_narrow_winmain_command_line 00493b30     ucrtd:ucrtbased.dll
 0004:00000b34       __imp___initterm           00493b34     ucrtd:ucrtbased.dll
 0004:00000b38       __imp___initterm_e         00493b38     ucrtd:ucrtbased.dll
 0004:00000b3c       __imp__exit                00493b3c     ucrtd:ucrtbased.dll
 0004:00000b40       __imp___exit               00493b40     ucrtd:ucrtbased.dll
 0004:00000b44       __imp___set_fmode          00493b44     ucrtd:ucrtbased.dll
 0004:00000b48       __imp___c_exit             00493b48     ucrtd:ucrtbased.dll
 0004:00000b4c       __imp___register_thread_local_exe_atexit_callback 00493b4c     ucrtd:ucrtbased.dll
 0004:00000b50       __imp___configthreadlocale 00493b50     ucrtd:ucrtbased.dll
 0004:00000b54       __imp___set_new_mode       00493b54     ucrtd:ucrtbased.dll
 0004:00000b58       __imp____p__commode        00493b58     ucrtd:ucrtbased.dll
 0004:00000b5c       __imp___controlfp_s        00493b5c     ucrtd:ucrtbased.dll
 0004:00000b60       __imp___wmakepath_s        00493b60     ucrtd:ucrtbased.dll
 0004:00000b64       __imp___wsplitpath_s       00493b64     ucrtd:ucrtbased.dll
 0004:00000b68       __imp__strnicmp            00493b68     ucrtd:ucrtbased.dll
 0004:00000b68       __imp___strnicmp           00493b68     ucrtd:ucrtbased.dll
 0004:00000b6c       __imp__strupr              00493b6c     ucrtd:ucrtbased.dll
 0004:00000b6c       __imp___strupr             00493b6c     ucrtd:ucrtbased.dll
 0004:00000b70       __imp__memicmp             00493b70     ucrtd:ucrtbased.dll
 0004:00000b70       __imp___memicmp            00493b70     ucrtd:ucrtbased.dll
 0004:00000b74       __imp___strlwr             00493b74     ucrtd:ucrtbased.dll
 0004:00000b74       __imp__strlwr              00493b74     ucrtd:ucrtbased.dll
 0004:00000b78       __imp___setmbcp            00493b78     ucrtd:ucrtbased.dll
 0004:00000b7c       __imp___recalloc           00493b7c     ucrtd:ucrtbased.dll
 0004:00000b80       __imp__strcat              00493b80     ucrtd:ucrtbased.dll
 0004:00000b84       __imp__pow                 00493b84     ucrtd:ucrtbased.dll
 0004:00000b88       __imp___strupr_s           00493b88     ucrtd:ucrtbased.dll
 0004:00000b8c       __imp__strlen              00493b8c     ucrtd:ucrtbased.dll
 0004:00000b90       __imp__strcpy              00493b90     ucrtd:ucrtbased.dll
 0004:00000b94       __imp__strcmp              00493b94     ucrtd:ucrtbased.dll
 0004:00000b98       __imp__toupper             00493b98     ucrtd:ucrtbased.dll
 0004:00000b9c       __imp__isalnum             00493b9c     ucrtd:ucrtbased.dll
 0004:00000ba0       __imp__isxdigit            00493ba0     ucrtd:ucrtbased.dll
 0004:00000ba4       __imp__isdigit             00493ba4     ucrtd:ucrtbased.dll
 0004:00000ba8       __imp__isalpha             00493ba8     ucrtd:ucrtbased.dll
 0004:00000bac       __imp____stdio_common_vsprintf 00493bac     ucrtd:ucrtbased.dll
 0004:00000bb0       __imp____stdio_common_vsprintf_s 00493bb0     ucrtd:ucrtbased.dll
 0004:00000bb4       \177ucrtbased_NULL_THUNK_DATA 00493bb4     ucrtd:ucrtbased.dll
 0004:00000c1c       __IMPORT_DESCRIPTOR_MSVCP140D 00493c1c     msvcprtd:MSVCP140D.dll
 0004:00000c30       __IMPORT_DESCRIPTOR_SHLWAPI 00493c30     shlwapi:SHLWAPI.dll
 0004:00000c44       __IMPORT_DESCRIPTOR_USER32 00493c44     User32:USER32.dll
 0004:00000c58       __IMPORT_DESCRIPTOR_dbghelp 00493c58     dbghelp:dbghelp.dll
 0004:00000c6c       __IMPORT_DESCRIPTOR_mfc140d 00493c6c     mfc140d:mfc140d.dll
 0004:00000c80       __IMPORT_DESCRIPTOR_KERNEL32 00493c80     kernel32:KERNEL32.dll
 0004:00000c94       __IMPORT_DESCRIPTOR_GDI32  00493c94     gdi32:GDI32.dll
 0004:00000ca8       __IMPORT_DESCRIPTOR_COMCTL32 00493ca8     comctl32:COMCTL32.dll
 0004:00000cbc       __IMPORT_DESCRIPTOR_OLEAUT32 00493cbc     oleaut32:OLEAUT32.dll
 0004:00000cd0       __IMPORT_DESCRIPTOR_gdiplus 00493cd0     gdiplus:gdiplus.dll
 0004:00000ce4       __IMPORT_DESCRIPTOR_WS2_32 00493ce4     ws2_32:WS2_32.dll
 0004:00000cf8       __IMPORT_DESCRIPTOR_PELib  00493cf8     PELib:PELib.dll
 0004:00000d0c       __IMPORT_DESCRIPTOR_16Edit 00493d0c     16Edit:16Edit.DLL
 0004:00000d20       __IMPORT_DESCRIPTOR_VCRUNTIME140D 00493d20     vcruntimed:VCRUNTIME140D.dll
 0004:00000d34       __IMPORT_DESCRIPTOR_ucrtbased 00493d34     ucrtd:ucrtbased.dll
 0004:00000d48       __NULL_IMPORT_DESCRIPTOR   00493d48     msvcprtd:MSVCP140D.dll
 0005:00000000       __tls_start                00496000     MSVCRTD:tlssup.obj
 0005:0000013c       __Init_thread_epoch        0049613c     MSVCRTD:thread_safe_statics.obj
 0005:00000241       __tls_end                  00496241     MSVCRTD:tlssup.obj
 0007:00000000       ___guard_check_icall_fptr  00498000     MSVCRTD:guard_support.obj
