 PETOOLS

 Timestamp is 5d29a912 (Sat Jul 13 17:49:06 2019)

 Preferred load address is 00400000

 Start         Length     Name                   Class
 0001:00000000 00005ca0H .text$di                CODE
 0001:00005ca0 0002ae00H .text$mn                CODE
 0001:00030aa0 00002c80H .text$x                 CODE
 0001:00033720 000014b8H .text$yd                CODE
 0002:00000000 00000104H .CRT$XCA                DATA
 0002:00000104 00000104H .CRT$XCAA               DATA
 0002:00000208 0000010cH .CRT$XCL                DATA
 0002:00000314 0000018cH .CRT$XCU                DATA
 0002:000004a0 00000104H .CRT$XCZ                DATA
 0002:000005a4 00000104H .CRT$XIA                DATA
 0002:000006a8 00000104H .CRT$XIAA               DATA
 0002:000007ac 00000104H .CRT$XIAC               DATA
 0002:000008b0 00000104H .CRT$XIC                DATA
 0002:000009b4 00000104H .CRT$XIZ                DATA
 0002:00000ab8 00000004H .CRT$XLA                DATA
 0002:00000abc 00000004H .CRT$XLZ                DATA
 0002:00000ac0 00000104H .CRT$XPA                DATA
 0002:00000bc4 00000104H .CRT$XPZ                DATA
 0002:00000cc8 00000104H .CRT$XTA                DATA
 0002:00000dcc 00000104H .CRT$XTZ                DATA
 0002:00000ed0 00008f20H .rdata                  DATA
 0002:00009df0 0000011cH .rdata$T                DATA
 0002:00009f0c 00000da4H .rdata$r                DATA
 0002:0000acb0 00000238H .rdata$sxdata           DATA
 0002:0000aee8 00000160H .rdata$zzzdbg           DATA
 0002:0000b048 00000104H .rtc$IAA                DATA
 0002:0000b14c 00000190H .rtc$IMZ                DATA
 0002:0000b2dc 00000104H .rtc$IZZ                DATA
 0002:0000b3e0 00000104H .rtc$TAA                DATA
 0002:0000b4e4 00000190H .rtc$TMZ                DATA
 0002:0000b674 00000104H .rtc$TZZ                DATA
 0002:0000b778 0000174cH .xdata$x                DATA
 0002:0000cec4 00000104H ATL$__a                 DATA
 0002:0000cfc8 00000104H ATL$__z                 DATA
 0002:0000d0cc 00000000H .edata                  DATA
 0003:00000000 00000178H .data                   DATA
 0003:00000178 00000568H .data$r                 DATA
 0003:000006e0 00002f54H .bss                    DATA
 0004:00000000 00000be0H .idata$5                DATA
 0004:00000be0 00000140H .idata$2                DATA
 0004:00000d20 00000014H .idata$3                DATA
 0004:00000d34 00000be0H .idata$4                DATA
 0004:00001914 00001062H .idata$6                DATA
 0005:00000000 000001f9H .gfids$y                DATA
 0006:00000000 00000104H .giats$y                DATA
 0007:00000000 00000104H .tls                    DATA
 0007:00000104 00000104H .tls$                   DATA
 0007:00000208 00000101H .tls$ZZZ                DATA
 0008:00000000 00000104H .00cfg                  DATA
 0009:00000000 00000940H .rsrc$01                DATA
 0009:00000940 00018970H .rsrc$02                DATA

  Address         Publics by Value              Rva+Base       Lib:Object

 0000:00000000       ___guard_longjmp_count     00000000     <absolute>
 0000:00000000       ___guard_fids_count        00000000     <absolute>
 0000:00000000       ___guard_fids_table        00000000     <absolute>
 0000:00000000       ___guard_iat_table         00000000     <absolute>
 0000:00000000       ___guard_iat_count         00000000     <absolute>
 0000:00000000       ___guard_longjmp_table     00000000     <absolute>
 0000:00000000       ___dynamic_value_reloc_table 00000000     <absolute>
 0000:0000002c       __tls_array                0000002c     <absolute>
 0000:00000041       ___safe_se_handler_count   00000041     <absolute>
 0000:00000100       ___guard_flags             00000100     <absolute>
 0000:00000000       ___ImageBase               00400000     <linker-defined>
 0001:00005ca0       ?OnBnClickedOk@CAddPatch@@QAEXXZ 00406ca0 f   AddPatch.obj
 0001:00005f80       ?OnBnClickedRadio1@CAddPatch@@QAEXXZ 00406f80 f   AddPatch.obj
 0001:00006060       ?OnBnClickedRadio2@CAddPatch@@QAEXXZ 00407060 f   AddPatch.obj
 0001:00006140       ?OnBnClickedRadio3@CAddPatch@@QAEXXZ 00407140 f   AddPatch.obj
 0001:00006220       ??$__vcrt_va_start_verify_argument_type@QB_W@@YAXXZ 00407220 f i AddPatch.obj
 0001:00006250       ??0?$CTraceCategoryEx@$0CAAA@$0A@@ATL@@QAE@PBD@Z 00407250 f i AddPatch.obj
 0001:000062b0       ??0CAddPatch@@QAE@PAVCWnd@@@Z 004072b0 f   AddPatch.obj
 0001:000063d0       ??1CAddPatch@@UAE@XZ       004073d0 f   AddPatch.obj
 0001:00006460       ??1CDialogEx@@UAE@XZ       00407460 f i AddPatch.obj
 0001:000064e0       ??_ECAddPatch@@UAEPAXI@Z   004074e0 f i AddPatch.obj
 0001:000064e0       ??_GCAddPatch@@UAEPAXI@Z   004074e0 f i AddPatch.obj
 0001:00006570       ?DoDataExchange@CAddPatch@@MAEXPAVCDataExchange@@@Z 00407570 f   AddPatch.obj
 0001:00006620       ?GetMessageMap@CAddPatch@@MBEPBUAFX_MSGMAP@@XZ 00407620 f   AddPatch.obj
 0001:00006670       ?GetRuntimeClass@CAddPatch@@UBEPAUCRuntimeClass@@XZ 00407670 f   AddPatch.obj
 0001:000066b0       ?GetThisClass@CAddPatch@@SGPAUCRuntimeClass@@XZ 004076b0 f   AddPatch.obj
 0001:000066f0       ?GetThisMessageMap@CAddPatch@@KGPBUAFX_MSGMAP@@XZ 004076f0 f   AddPatch.obj
 0001:00006730       ?InitDisaDate@CAddPatch@@QAEHXZ 00407730 f   AddPatch.obj
 0001:00006b10       ?OnInitDialog@CAddPatch@@UAEHXZ 00407b10 f   AddPatch.obj
 0001:00006dd0       ?RegisterCategory@CTrace@ATL@@SAXPBDI@Z 00407dd0 f i AddPatch.obj
 0001:00006f70       ?_GetBaseClass@CAddPatch@@KGPAUCRuntimeClass@@XZ 00407f70 f   AddPatch.obj
 0001:00006fc0       ?__empty_global_delete@@YAXPAX@Z 00407fc0 f i AddPatch.obj
 0001:00006ff0       ?__empty_global_delete@@YAXPAXI@Z 00407ff0 f i AddPatch.obj
 0001:00006ff0       ?__global_delete@@YAXPAXI@Z 00407ff0 f i AddPatch.obj
 0001:00007020       ___local_stdio_printf_options 00408020 f i AddPatch.obj
 0001:00007060       __vswprintf_s_l            00408060 f i AddPatch.obj
 0001:00007110       _swprintf_s                00408110 f i AddPatch.obj
 0001:00007190       ?OnBnClickedButton1@CAddSectionDlg@@QAEXXZ 00408190 f   AddSectionDlg.obj
 0001:000073f0       ??0CAddSectionDlg@@QAE@PAVCWnd@@@Z 004083f0 f   AddSectionDlg.obj
 0001:000074d0       ??1CAddSectionDlg@@UAE@XZ  004084d0 f   AddSectionDlg.obj
 0001:00007550       ??_ECAddSectionDlg@@UAEPAXI@Z 00408550 f i AddSectionDlg.obj
 0001:00007550       ??_GCAddSectionDlg@@UAEPAXI@Z 00408550 f i AddSectionDlg.obj
 0001:000075e0       ?DoDataExchange@CAddSectionDlg@@MAEXPAVCDataExchange@@@Z 004085e0 f   AddSectionDlg.obj
 0001:00007670       ?GetMessageMap@CAddSectionDlg@@MBEPBUAFX_MSGMAP@@XZ 00408670 f   AddSectionDlg.obj
 0001:000076c0       ?GetRuntimeClass@CAddSectionDlg@@UBEPAUCRuntimeClass@@XZ 004086c0 f   AddSectionDlg.obj
 0001:00007700       ?GetThisClass@CAddSectionDlg@@SGPAUCRuntimeClass@@XZ 00408700 f   AddSectionDlg.obj
 0001:00007740       ?GetThisMessageMap@CAddSectionDlg@@KGPBUAFX_MSGMAP@@XZ 00408740 f   AddSectionDlg.obj
 0001:00007780       ?OnInitDialog@CAddSectionDlg@@UAEHXZ 00408780 f   AddSectionDlg.obj
 0001:000077f0       ?_GetBaseClass@CAddSectionDlg@@KGPAUCRuntimeClass@@XZ 004087f0 f   AddSectionDlg.obj
 0001:00007840       ??$?0$$V@?$_Compressed_pair@U?$_Wrap_alloc@V?$allocator@D@std@@@std@@V?$_String_val@U?$_Simple_types@D@std@@@2@$00@std@@QAE@U_Zero_then_variadic_args_t@1@@Z 00408840 f i DialogFirst.obj
 0001:000078a0       ??$?0AAU?$_Wrap_alloc@V?$allocator@D@std@@@std@@@?$_Wrap_alloc@V?$allocator@U_Container_proxy@std@@@std@@@std@@QAE@AAU?$_Wrap_alloc@V?$allocator@D@std@@@1@@Z 004088a0 f i DialogFirst.obj
 0001:00007910       ??$?0D@?$allocator@U_Container_proxy@std@@@std@@QAE@ABV?$allocator@D@1@@Z 00408910 f i DialogFirst.obj
 0001:00007950       ??$_Debug_pointer@$$CBD@std@@YAXPBDPB_WI@Z 00408950 f i DialogFirst.obj
 0001:000079c0       ??$_Debug_pointer_if@$$CBD@std@@YAX_NPBDPB_WI@Z 004089c0 f i DialogFirst.obj
 0001:00007a40       ??$_Unfancy@D@std@@YAPADPAD@Z 00408a40 f i DialogFirst.obj
 0001:00007a80       ??$_Unfancy@U_Container_proxy@std@@@std@@YAPAU_Container_proxy@0@PAU10@@Z 00408a80 f i DialogFirst.obj
 0001:00007ac0       ??$_Unfancy@_W@std@@YAPA_WPA_W@Z 00408ac0 f i DialogFirst.obj
 0001:00007b00       ??$addressof@PAD@std@@YAPAPADAAPAD@Z 00408b00 f i DialogFirst.obj
 0001:00007b40       ??$addressof@U_Container_proxy@std@@@std@@YAPAU_Container_proxy@0@AAU10@@Z 00408b40 f i DialogFirst.obj
 0001:00007b80       ??$construct@PADAAPAD@?$_Wrap_alloc@V?$allocator@D@std@@@std@@QAEXPAPADAAPAD@Z 00408b80 f i DialogFirst.obj
 0001:00007bf0       ??$construct@PADAAPAD@?$allocator@D@std@@QAEXPAPADAAPAD@Z 00408bf0 f i DialogFirst.obj
 0001:00007ca0       ??$construct@PADAAPAD@?$allocator_traits@V?$allocator@D@std@@@std@@SAXAAV?$allocator@D@1@PAPADAAPAD@Z 00408ca0 f i DialogFirst.obj
 0001:00007d00       ??$construct@U_Container_proxy@std@@U12@@?$_Wrap_alloc@V?$allocator@U_Container_proxy@std@@@std@@@std@@QAEXPAU_Container_proxy@1@$$QAU21@@Z 00408d00 f i DialogFirst.obj
 0001:00007d70       ??$construct@U_Container_proxy@std@@U12@@?$allocator@U_Container_proxy@std@@@std@@QAEXPAU_Container_proxy@1@$$QAU21@@Z 00408d70 f i DialogFirst.obj
 0001:00007e20       ??$construct@U_Container_proxy@std@@U12@@?$allocator_traits@V?$allocator@U_Container_proxy@std@@@std@@@std@@SAXAAV?$allocator@U_Container_proxy@std@@@1@PAU_Container_proxy@1@$$QAU31@@Z 00408e20 f i DialogFirst.obj
 0001:00007e80       ??$destroy@PAD@?$_Wrap_alloc@V?$allocator@D@std@@@std@@QAEXPAPAD@Z 00408e80 f i DialogFirst.obj
 0001:00007ee0       ??$destroy@PAD@?$allocator@D@std@@QAEXPAPAD@Z 00408ee0 f i DialogFirst.obj
 0001:00007f20       ??$destroy@PAD@?$allocator_traits@V?$allocator@D@std@@@std@@SAXAAV?$allocator@D@1@PAPAD@Z 00408f20 f i DialogFirst.obj
 0001:00007f70       ??$destroy@U_Container_proxy@std@@@?$_Wrap_alloc@V?$allocator@U_Container_proxy@std@@@std@@@std@@QAEXPAU_Container_proxy@1@@Z 00408f70 f i DialogFirst.obj
 0001:00007fd0       ??$destroy@U_Container_proxy@std@@@?$allocator@U_Container_proxy@std@@@std@@QAEXPAU_Container_proxy@1@@Z 00408fd0 f i DialogFirst.obj
 0001:00008010       ??$destroy@U_Container_proxy@std@@@?$allocator_traits@V?$allocator@U_Container_proxy@std@@@std@@@std@@SAXAAV?$allocator@U_Container_proxy@std@@@1@PAU_Container_proxy@1@@Z 00409010 f i DialogFirst.obj
 0001:00008060       ??$forward@AAPAD@std@@YAAAPADAAPAD@Z 00409060 f i DialogFirst.obj
 0001:000080a0       ??$forward@AAU?$_Wrap_alloc@V?$allocator@D@std@@@std@@@std@@YAAAU?$_Wrap_alloc@V?$allocator@D@std@@@0@AAU10@@Z 004090a0 f i DialogFirst.obj
 0001:000080e0       ??$forward@U_Container_proxy@std@@@std@@YA$$QAU_Container_proxy@0@AAU10@@Z 004090e0 f i DialogFirst.obj
 0001:00008120       ??0?$_String_alloc@U?$_String_base_types@DV?$allocator@D@std@@@std@@@std@@QAE@XZ 00409120 f i DialogFirst.obj
 0001:000081d0       ??0?$_String_val@U?$_Simple_types@D@std@@@std@@QAE@XZ 004091d0 f i DialogFirst.obj
 0001:00008290       ??0?$_Wrap_alloc@V?$allocator@D@std@@@std@@QAE@XZ 00409290 f i DialogFirst.obj
 0001:000082f0       ??0?$allocator@D@std@@QAE@XZ 004092f0 f i DialogFirst.obj
 0001:00008330       ??0?$basic_string@DU?$char_traits@D@std@@V?$allocator@D@2@@std@@QAE@PBD@Z 00409330 f i DialogFirst.obj
 0001:000083f0       ??0Data_t@_bstr_t@@QAE@PB_W@Z 004093f0 f i DialogFirst.obj
 0001:00008490       ??0DialogFirst@@QAE@PAVCWnd@@@Z 00409490 f   DialogFirst.obj
 0001:00008800       ??0_Bxty@?$_String_val@U?$_Simple_types@D@std@@@std@@QAE@XZ 00409800 f i DialogFirst.obj
 0001:00008840       ??0_Container_base12@std@@QAE@XZ 00409840 f i DialogFirst.obj
 0001:00008890       ??0_Container_proxy@std@@QAE@XZ 00409890 f i DialogFirst.obj
 0001:000088e0       ??0_bstr_t@@QAE@PB_W@Z     004098e0 f i DialogFirst.obj
 0001:000089f0       ??1?$_Compressed_pair@U?$_Wrap_alloc@V?$allocator@D@std@@@std@@V?$_String_val@U?$_Simple_types@D@std@@@2@$00@std@@QAE@XZ 004099f0 f i DialogFirst.obj
 0001:00008a40       ??1?$_String_alloc@U?$_String_base_types@DV?$allocator@D@std@@@std@@@std@@QAE@XZ 00409a40 f i DialogFirst.obj
 0001:00008ad0       ??1?$_String_val@U?$_Simple_types@D@std@@@std@@QAE@XZ 00409ad0 f i DialogFirst.obj
 0001:00008b30       ??1?$basic_string@DU?$char_traits@D@std@@V?$allocator@D@2@@std@@QAE@XZ 00409b30 f i DialogFirst.obj
 0001:00008bd0       ??1Data_t@_bstr_t@@AAE@XZ  00409bd0 f i DialogFirst.obj
 0001:00008c20       ??1DialogFirst@@UAE@XZ     00409c20 f   DialogFirst.obj
 0001:00008ea0       ??1_Bxty@?$_String_val@U?$_Simple_types@D@std@@@std@@QAE@XZ 00409ea0 f i DialogFirst.obj
 0001:00008ee0       ??1_Container_base12@std@@QAE@XZ 00409ee0 f i DialogFirst.obj
 0001:00008f70       ??1_bstr_t@@QAE@XZ         00409f70 f i DialogFirst.obj
 0001:00008fc0       ??2@YAPAXIPAX@Z            00409fc0 f i DialogFirst.obj
 0001:00009000       ??2Data_t@_bstr_t@@SAPAXI@Z 0040a000 f i DialogFirst.obj
 0001:00009050       ??A?$vector@U_DelayItem@@V?$allocator@U_DelayItem@@@std@@@std@@QAEAAU_DelayItem@@I@Z 0040a050 f i DialogFirst.obj
 0001:00009170       ??A?$vector@U_ImportItem@@V?$allocator@U_ImportItem@@@std@@@std@@QAEAAU_ImportItem@@I@Z 0040a170 f i DialogFirst.obj
 0001:00009290       ??A?$vector@U_OrdinalFuncs@@V?$allocator@U_OrdinalFuncs@@@std@@@std@@QAEAAU_OrdinalFuncs@@I@Z 0040a290 f i DialogFirst.obj
 0001:000093b0       ??A?$vector@U_RelocItem@@V?$allocator@U_RelocItem@@@std@@@std@@QAEAAU_RelocItem@@I@Z 0040a3b0 f i DialogFirst.obj
 0001:000094d0       ??A?$vector@U_ResourceItem@@V?$allocator@U_ResourceItem@@@std@@@std@@QAEAAU_ResourceItem@@I@Z 0040a4d0 f i DialogFirst.obj
 0001:000095f0       ??B_bstr_t@@QBEPADXZ       0040a5f0 f i DialogFirst.obj
 0001:00009670       ??_GData_t@_bstr_t@@AAEPAXI@Z 0040a670 f i DialogFirst.obj
 0001:000096e0       ??_EDialogFirst@@UAEPAXI@Z 0040a6e0 f i DialogFirst.obj
 0001:000096e0       ??_GDialogFirst@@UAEPAXI@Z 0040a6e0 f i DialogFirst.obj
 0001:00009770       ?DoDataExchange@DialogFirst@@MAEXPAVCDataExchange@@@Z 0040a770 f   DialogFirst.obj
 0001:00009b10       ?EnumChildProc@DialogFirst@@CGHPAUHWND__@@J@Z 0040ab10 f   DialogFirst.obj
 0001:00009c40       ?GetMessageMap@DialogFirst@@MBEPBUAFX_MSGMAP@@XZ 0040ac40 f   DialogFirst.obj
 0001:00009c90       ?GetRuntimeClass@DialogFirst@@UBEPAUCRuntimeClass@@XZ 0040ac90 f   DialogFirst.obj
 0001:00009cd0       ?GetString@Data_t@_bstr_t@@QBEPBDXZ 0040acd0 f i DialogFirst.obj
 0001:00009d40       ?GetThisClass@DialogFirst@@SGPAUCRuntimeClass@@XZ 0040ad40 f   DialogFirst.obj
 0001:00009d80       ?GetThisMessageMap@DialogFirst@@KGPBUAFX_MSGMAP@@XZ 0040ad80 f   DialogFirst.obj
 0001:00009dc0       ?Init@DialogFirst@@QAEXH@Z 0040adc0 f   DialogFirst.obj
 0001:00009e60       ?OnInitDialog@DialogFirst@@UAEHXZ 0040ae60 f   DialogFirst.obj
 0001:00009ec0       ?Release@Data_t@_bstr_t@@QAEKXZ 0040aec0 f i DialogFirst.obj
 0001:00009f70       ?Reset@DialogFirst@@AAEXXZ 0040af70 f   DialogFirst.obj
 0001:00009fe0       ?SetDlgUI@DialogFirst@@AAEHXZ 0040afe0 f   DialogFirst.obj
 0001:0000b170       ?SetExportCtrl@DialogFirst@@AAEHXZ 0040c170 f   DialogFirst.obj
 0001:0000b620       ?SetImportCtrl@DialogFirst@@AAEHXZ 0040c620 f   DialogFirst.obj
 0001:0000bc50       ?SetRelay@DialogFirst@@AAEHXZ 0040cc50 f   DialogFirst.obj
 0001:0000c2a0       ?SetReloc@DialogFirst@@AAEHXZ 0040d2a0 f   DialogFirst.obj
 0001:0000c7a0       ?SetResource@DialogFirst@@AAEHXZ 0040d7a0 f   DialogFirst.obj
 0001:0000cbe0       ?WorkThreadProc@DialogFirst@@CGIPAX@Z 0040dbe0 f   DialogFirst.obj
 0001:0000d300       ?_Alloc_proxy@?$_String_alloc@U?$_String_base_types@DV?$allocator@D@std@@@std@@@std@@QAEXXZ 0040e300 f i DialogFirst.obj
 0001:0000d400       ?_Allocate@std@@YAPAXII_N@Z 0040e400 f i DialogFirst.obj
 0001:0000d660       ?_Bx@?$_String_alloc@U?$_String_base_types@DV?$allocator@D@std@@@std@@@std@@QAEAAT_Bxty@?$_String_val@U?$_Simple_types@D@std@@@2@XZ 0040e660 f i DialogFirst.obj
 0001:0000d6c0       ?_Check_offset@?$basic_string@DU?$char_traits@D@std@@V?$allocator@D@2@@std@@QBEXI@Z 0040e6c0 f i DialogFirst.obj
 0001:0000d730       ?_Clamp_suffix_size@?$basic_string@DU?$char_traits@D@std@@V?$allocator@D@2@@std@@QBEIII@Z 0040e730 f i DialogFirst.obj
 0001:0000d7b0       ?_Copy@?$basic_string@DU?$char_traits@D@std@@V?$allocator@D@2@@std@@QAEXII@Z 0040e7b0 f i DialogFirst.obj
 0001:0000da70       ?_Deallocate@std@@YAXPAXII@Z 0040ea70 f i DialogFirst.obj
 0001:0000de90       ?_Eos@?$basic_string@DU?$char_traits@D@std@@V?$allocator@D@2@@std@@QAEXI@Z 0040ee90 f i DialogFirst.obj
 0001:0000df20       ?_Free@Data_t@_bstr_t@@AAEXXZ 0040ef20 f i DialogFirst.obj
 0001:0000dfd0       ?_Free@_bstr_t@@AAEXXZ     0040efd0 f i DialogFirst.obj
 0001:0000e040       ?_Free_proxy@?$_String_alloc@U?$_String_base_types@DV?$allocator@D@std@@@std@@@std@@QAEXXZ 0040f040 f i DialogFirst.obj
 0001:0000e130       ?_GetBaseClass@DialogFirst@@KGPAUCRuntimeClass@@XZ 0040f130 f   DialogFirst.obj
 0001:0000e180       ?_Get_data@?$_String_alloc@U?$_String_base_types@DV?$allocator@D@std@@@std@@@std@@QAEAAV?$_String_val@U?$_Simple_types@D@std@@@2@XZ 0040f180 f i DialogFirst.obj
 0001:0000e1d0       ?_Get_data@?$_String_alloc@U?$_String_base_types@DV?$allocator@D@std@@@std@@@std@@QBEABV?$_String_val@U?$_Simple_types@D@std@@@2@XZ 0040f1d0 f i DialogFirst.obj
 0001:0000e220       ?_Get_data@?$_String_alloc@U?$_String_base_types@_WV?$allocator@_W@std@@@std@@@std@@QBEABV?$_String_val@U?$_Simple_types@_W@std@@@2@XZ 0040f220 f i DialogFirst.obj
 0001:0000e270       ?_Get_data@?$_Vector_alloc@U?$_Vec_base_types@U_DelayItem@@V?$allocator@U_DelayItem@@@std@@@std@@@std@@QAEAAV?$_Vector_val@U?$_Simple_types@U_DelayItem@@@std@@@2@XZ 0040f270 f i DialogFirst.obj
 0001:0000e2c0       ?_Get_data@?$_Vector_alloc@U?$_Vec_base_types@U_DelayItem@@V?$allocator@U_DelayItem@@@std@@@std@@@std@@QBEABV?$_Vector_val@U?$_Simple_types@U_DelayItem@@@std@@@2@XZ 0040f2c0 f i DialogFirst.obj
 0001:0000e310       ?_Get_data@?$_Vector_alloc@U?$_Vec_base_types@U_ImportItem@@V?$allocator@U_ImportItem@@@std@@@std@@@std@@QAEAAV?$_Vector_val@U?$_Simple_types@U_ImportItem@@@std@@@2@XZ 0040f310 f i DialogFirst.obj
 0001:0000e360       ?_Get_data@?$_Vector_alloc@U?$_Vec_base_types@U_ImportItem@@V?$allocator@U_ImportItem@@@std@@@std@@@std@@QBEABV?$_Vector_val@U?$_Simple_types@U_ImportItem@@@std@@@2@XZ 0040f360 f i DialogFirst.obj
 0001:0000e3b0       ?_Get_data@?$_Vector_alloc@U?$_Vec_base_types@U_OrdinalFuncs@@V?$allocator@U_OrdinalFuncs@@@std@@@std@@@std@@QAEAAV?$_Vector_val@U?$_Simple_types@U_OrdinalFuncs@@@std@@@2@XZ 0040f3b0 f i DialogFirst.obj
 0001:0000e400       ?_Get_data@?$_Vector_alloc@U?$_Vec_base_types@U_OrdinalFuncs@@V?$allocator@U_OrdinalFuncs@@@std@@@std@@@std@@QBEABV?$_Vector_val@U?$_Simple_types@U_OrdinalFuncs@@@std@@@2@XZ 0040f400 f i DialogFirst.obj
 0001:0000e450       ?_Get_data@?$_Vector_alloc@U?$_Vec_base_types@U_RelocItem@@V?$allocator@U_RelocItem@@@std@@@std@@@std@@QAEAAV?$_Vector_val@U?$_Simple_types@U_RelocItem@@@std@@@2@XZ 0040f450 f i DialogFirst.obj
 0001:0000e4a0       ?_Get_data@?$_Vector_alloc@U?$_Vec_base_types@U_RelocItem@@V?$allocator@U_RelocItem@@@std@@@std@@@std@@QBEABV?$_Vector_val@U?$_Simple_types@U_RelocItem@@@std@@@2@XZ 0040f4a0 f i DialogFirst.obj
 0001:0000e4f0       ?_Get_data@?$_Vector_alloc@U?$_Vec_base_types@U_ResourceItem@@V?$allocator@U_ResourceItem@@@std@@@std@@@std@@QAEAAV?$_Vector_val@U?$_Simple_types@U_ResourceItem@@@std@@@2@XZ 0040f4f0 f i DialogFirst.obj
 0001:0000e540       ?_Get_data@?$_Vector_alloc@U?$_Vec_base_types@U_ResourceItem@@V?$allocator@U_ResourceItem@@@std@@@std@@@std@@QBEABV?$_Vector_val@U?$_Simple_types@U_ResourceItem@@@std@@@2@XZ 0040f540 f i DialogFirst.obj
 0001:0000e590       ?_Get_first@?$_Compressed_pair@U?$_Wrap_alloc@V?$allocator@D@std@@@std@@V?$_String_val@U?$_Simple_types@D@std@@@2@$00@std@@QAEAAU?$_Wrap_alloc@V?$allocator@D@std@@@2@XZ 0040f590 f i DialogFirst.obj
 0001:0000e5d0       ?_Get_first@?$_Compressed_pair@U?$_Wrap_alloc@V?$allocator@D@std@@@std@@V?$_String_val@U?$_Simple_types@D@std@@@2@$00@std@@QBEABU?$_Wrap_alloc@V?$allocator@D@std@@@2@XZ 0040f5d0 f i DialogFirst.obj
 0001:0000e610       ?_Get_second@?$_Compressed_pair@U?$_Wrap_alloc@V?$allocator@D@std@@@std@@V?$_String_val@U?$_Simple_types@D@std@@@2@$00@std@@QAEAAV?$_String_val@U?$_Simple_types@D@std@@@2@XZ 0040f610 f i DialogFirst.obj
 0001:0000e650       ?_Get_second@?$_Compressed_pair@U?$_Wrap_alloc@V?$allocator@D@std@@@std@@V?$_String_val@U?$_Simple_types@D@std@@@2@$00@std@@QBEABV?$_String_val@U?$_Simple_types@D@std@@@2@XZ 0040f650 f i DialogFirst.obj
 0001:0000e690       ?_Get_second@?$_Compressed_pair@U?$_Wrap_alloc@V?$allocator@U_DelayItem@@@std@@@std@@V?$_Vector_val@U?$_Simple_types@U_DelayItem@@@std@@@2@$00@std@@QAEAAV?$_Vector_val@U?$_Simple_types@U_DelayItem@@@std@@@2@XZ 0040f690 f i DialogFirst.obj
 0001:0000e6d0       ?_Get_second@?$_Compressed_pair@U?$_Wrap_alloc@V?$allocator@U_DelayItem@@@std@@@std@@V?$_Vector_val@U?$_Simple_types@U_DelayItem@@@std@@@2@$00@std@@QBEABV?$_Vector_val@U?$_Simple_types@U_DelayItem@@@std@@@2@XZ 0040f6d0 f i DialogFirst.obj
 0001:0000e710       ?_Get_second@?$_Compressed_pair@U?$_Wrap_alloc@V?$allocator@U_ImportItem@@@std@@@std@@V?$_Vector_val@U?$_Simple_types@U_ImportItem@@@std@@@2@$00@std@@QAEAAV?$_Vector_val@U?$_Simple_types@U_ImportItem@@@std@@@2@XZ 0040f710 f i DialogFirst.obj
 0001:0000e750       ?_Get_second@?$_Compressed_pair@U?$_Wrap_alloc@V?$allocator@U_ImportItem@@@std@@@std@@V?$_Vector_val@U?$_Simple_types@U_ImportItem@@@std@@@2@$00@std@@QBEABV?$_Vector_val@U?$_Simple_types@U_ImportItem@@@std@@@2@XZ 0040f750 f i DialogFirst.obj
 0001:0000e790       ?_Get_second@?$_Compressed_pair@U?$_Wrap_alloc@V?$allocator@U_OrdinalFuncs@@@std@@@std@@V?$_Vector_val@U?$_Simple_types@U_OrdinalFuncs@@@std@@@2@$00@std@@QAEAAV?$_Vector_val@U?$_Simple_types@U_OrdinalFuncs@@@std@@@2@XZ 0040f790 f i DialogFirst.obj
 0001:0000e7d0       ?_Get_second@?$_Compressed_pair@U?$_Wrap_alloc@V?$allocator@U_OrdinalFuncs@@@std@@@std@@V?$_Vector_val@U?$_Simple_types@U_OrdinalFuncs@@@std@@@2@$00@std@@QBEABV?$_Vector_val@U?$_Simple_types@U_OrdinalFuncs@@@std@@@2@XZ 0040f7d0 f i DialogFirst.obj
 0001:0000e810       ?_Get_second@?$_Compressed_pair@U?$_Wrap_alloc@V?$allocator@U_RelocItem@@@std@@@std@@V?$_Vector_val@U?$_Simple_types@U_RelocItem@@@std@@@2@$00@std@@QAEAAV?$_Vector_val@U?$_Simple_types@U_RelocItem@@@std@@@2@XZ 0040f810 f i DialogFirst.obj
 0001:0000e850       ?_Get_second@?$_Compressed_pair@U?$_Wrap_alloc@V?$allocator@U_RelocItem@@@std@@@std@@V?$_Vector_val@U?$_Simple_types@U_RelocItem@@@std@@@2@$00@std@@QBEABV?$_Vector_val@U?$_Simple_types@U_RelocItem@@@std@@@2@XZ 0040f850 f i DialogFirst.obj
 0001:0000e890       ?_Get_second@?$_Compressed_pair@U?$_Wrap_alloc@V?$allocator@U_ResourceItem@@@std@@@std@@V?$_Vector_val@U?$_Simple_types@U_ResourceItem@@@std@@@2@$00@std@@QAEAAV?$_Vector_val@U?$_Simple_types@U_ResourceItem@@@std@@@2@XZ 0040f890 f i DialogFirst.obj
 0001:0000e8d0       ?_Get_second@?$_Compressed_pair@U?$_Wrap_alloc@V?$allocator@U_ResourceItem@@@std@@@std@@V?$_Vector_val@U?$_Simple_types@U_ResourceItem@@@std@@@2@$00@std@@QBEABV?$_Vector_val@U?$_Simple_types@U_ResourceItem@@@std@@@2@XZ 0040f8d0 f i DialogFirst.obj
 0001:0000e910       ?_Get_second@?$_Compressed_pair@U?$_Wrap_alloc@V?$allocator@_W@std@@@std@@V?$_String_val@U?$_Simple_types@_W@std@@@2@$00@std@@QBEABV?$_String_val@U?$_Simple_types@_W@std@@@2@XZ 0040f910 f i DialogFirst.obj
 0001:0000e950       ?_Getal@?$_String_alloc@U?$_String_base_types@DV?$allocator@D@std@@@std@@@std@@QAEAAU?$_Wrap_alloc@V?$allocator@D@std@@@2@XZ 0040f950 f i DialogFirst.obj
 0001:0000e9a0       ?_Getal@?$_String_alloc@U?$_String_base_types@DV?$allocator@D@std@@@std@@@std@@QBEABU?$_Wrap_alloc@V?$allocator@D@std@@@2@XZ 0040f9a0 f i DialogFirst.obj
 0001:0000e9f0       ?_Grow@?$basic_string@DU?$char_traits@D@std@@V?$allocator@D@2@@std@@QAE_NI_N@Z 0040f9f0 f i DialogFirst.obj
 0001:0000eb20       ?_Inside@?$basic_string@DU?$char_traits@D@std@@V?$allocator@D@2@@std@@QAE_NPBD@Z 0040fb20 f i DialogFirst.obj
 0001:0000ebb0       ?_Myfirst@?$_Vector_alloc@U?$_Vec_base_types@U_DelayItem@@V?$allocator@U_DelayItem@@@std@@@std@@@std@@QAEAAPAU_DelayItem@@XZ 0040fbb0 f i DialogFirst.obj
 0001:0000ec10       ?_Myfirst@?$_Vector_alloc@U?$_Vec_base_types@U_DelayItem@@V?$allocator@U_DelayItem@@@std@@@std@@@std@@QBEABQAU_DelayItem@@XZ 0040fc10 f i DialogFirst.obj
 0001:0000ec70       ?_Myfirst@?$_Vector_alloc@U?$_Vec_base_types@U_ImportItem@@V?$allocator@U_ImportItem@@@std@@@std@@@std@@QAEAAPAU_ImportItem@@XZ 0040fc70 f i DialogFirst.obj
 0001:0000ecd0       ?_Myfirst@?$_Vector_alloc@U?$_Vec_base_types@U_ImportItem@@V?$allocator@U_ImportItem@@@std@@@std@@@std@@QBEABQAU_ImportItem@@XZ 0040fcd0 f i DialogFirst.obj
 0001:0000ed30       ?_Myfirst@?$_Vector_alloc@U?$_Vec_base_types@U_OrdinalFuncs@@V?$allocator@U_OrdinalFuncs@@@std@@@std@@@std@@QAEAAPAU_OrdinalFuncs@@XZ 0040fd30 f i DialogFirst.obj
 0001:0000ed90       ?_Myfirst@?$_Vector_alloc@U?$_Vec_base_types@U_OrdinalFuncs@@V?$allocator@U_OrdinalFuncs@@@std@@@std@@@std@@QBEABQAU_OrdinalFuncs@@XZ 0040fd90 f i DialogFirst.obj
 0001:0000edf0       ?_Myfirst@?$_Vector_alloc@U?$_Vec_base_types@U_RelocItem@@V?$allocator@U_RelocItem@@@std@@@std@@@std@@QAEAAPAU_RelocItem@@XZ 0040fdf0 f i DialogFirst.obj
 0001:0000ee50       ?_Myfirst@?$_Vector_alloc@U?$_Vec_base_types@U_RelocItem@@V?$allocator@U_RelocItem@@@std@@@std@@@std@@QBEABQAU_RelocItem@@XZ 0040fe50 f i DialogFirst.obj
 0001:0000eeb0       ?_Myfirst@?$_Vector_alloc@U?$_Vec_base_types@U_ResourceItem@@V?$allocator@U_ResourceItem@@@std@@@std@@@std@@QAEAAPAU_ResourceItem@@XZ 0040feb0 f i DialogFirst.obj
 0001:0000ef10       ?_Myfirst@?$_Vector_alloc@U?$_Vec_base_types@U_ResourceItem@@V?$allocator@U_ResourceItem@@@std@@@std@@@std@@QBEABQAU_ResourceItem@@XZ 0040ff10 f i DialogFirst.obj
 0001:0000ef70       ?_Mylast@?$_Vector_alloc@U?$_Vec_base_types@U_DelayItem@@V?$allocator@U_DelayItem@@@std@@@std@@@std@@QBEABQAU_DelayItem@@XZ 0040ff70 f i DialogFirst.obj
 0001:0000efd0       ?_Mylast@?$_Vector_alloc@U?$_Vec_base_types@U_ImportItem@@V?$allocator@U_ImportItem@@@std@@@std@@@std@@QBEABQAU_ImportItem@@XZ 0040ffd0 f i DialogFirst.obj
 0001:0000f030       ?_Mylast@?$_Vector_alloc@U?$_Vec_base_types@U_OrdinalFuncs@@V?$allocator@U_OrdinalFuncs@@@std@@@std@@@std@@QBEABQAU_OrdinalFuncs@@XZ 00410030 f i DialogFirst.obj
 0001:0000f090       ?_Mylast@?$_Vector_alloc@U?$_Vec_base_types@U_RelocItem@@V?$allocator@U_RelocItem@@@std@@@std@@@std@@QBEABQAU_RelocItem@@XZ 00410090 f i DialogFirst.obj
 0001:0000f0f0       ?_Mylast@?$_Vector_alloc@U?$_Vec_base_types@U_ResourceItem@@V?$allocator@U_ResourceItem@@@std@@@std@@@std@@QBEABQAU_ResourceItem@@XZ 004100f0 f i DialogFirst.obj
 0001:0000f150       ?_Myproxy@?$_String_alloc@U?$_String_base_types@DV?$allocator@D@std@@@std@@@std@@QAEAAPAU_Container_proxy@2@XZ 00410150 f i DialogFirst.obj
 0001:0000f1a0       ?_Myptr@?$_String_alloc@U?$_String_base_types@DV?$allocator@D@std@@@std@@@std@@QAEPADXZ 004101a0 f i DialogFirst.obj
 0001:0000f200       ?_Myptr@?$_String_alloc@U?$_String_base_types@DV?$allocator@D@std@@@std@@@std@@QBEPBDXZ 00410200 f i DialogFirst.obj
 0001:0000f260       ?_Myptr@?$_String_alloc@U?$_String_base_types@_WV?$allocator@_W@std@@@std@@@std@@QBEPB_WXZ 00410260 f i DialogFirst.obj
 0001:0000f2c0       ?_Myptr@?$_String_val@U?$_Simple_types@D@std@@@std@@QAEPADXZ 004102c0 f i DialogFirst.obj
 0001:0000f350       ?_Myptr@?$_String_val@U?$_Simple_types@D@std@@@std@@QBEPBDXZ 00410350 f i DialogFirst.obj
 0001:0000f3e0       ?_Myptr@?$_String_val@U?$_Simple_types@_W@std@@@std@@QBEPB_WXZ 004103e0 f i DialogFirst.obj
 0001:0000f470       ?_Myres@?$_String_alloc@U?$_String_base_types@DV?$allocator@D@std@@@std@@@std@@QAEAAIXZ 00410470 f i DialogFirst.obj
 0001:0000f4d0       ?_Mysize@?$_String_alloc@U?$_String_base_types@DV?$allocator@D@std@@@std@@@std@@QAEAAIXZ 004104d0 f i DialogFirst.obj
 0001:0000f530       ?_Mysize@?$_String_alloc@U?$_String_base_types@DV?$allocator@D@std@@@std@@@std@@QBEABIXZ 00410530 f i DialogFirst.obj
 0001:0000f590       ?_Orphan_all@?$_String_alloc@U?$_String_base_types@DV?$allocator@D@std@@@std@@@std@@QAEXXZ 00410590 f i DialogFirst.obj
 0001:0000f5f0       ?_Orphan_all@_Container_base12@std@@QAEXXZ 004105f0 f i DialogFirst.obj
 0001:0000f700       ?_Tidy@?$basic_string@DU?$char_traits@D@std@@V?$allocator@D@2@@std@@QAEX_NI@Z 00410700 f i DialogFirst.obj
 0001:0000f820       ?_Xlen@?$basic_string@DU?$char_traits@D@std@@V?$allocator@D@2@@std@@QBEXXZ 00410820 f i DialogFirst.obj
 0001:0000f880       ?_Xran@?$basic_string@DU?$char_traits@D@std@@V?$allocator@D@2@@std@@QBEXXZ 00410880 f i DialogFirst.obj
 0001:0000f8e0       ?address@?$_Wrap_alloc@V?$allocator@U_Container_proxy@std@@@std@@@std@@QBEPAU_Container_proxy@2@AAU32@@Z 004108e0 f i DialogFirst.obj
 0001:0000f940       ?allocate@?$_Wrap_alloc@V?$allocator@D@std@@@std@@QAEPADI@Z 00410940 f i DialogFirst.obj
 0001:0000f9a0       ?allocate@?$_Wrap_alloc@V?$allocator@U_Container_proxy@std@@@std@@@std@@QAEPAU_Container_proxy@2@I@Z 004109a0 f i DialogFirst.obj
 0001:0000fa00       ?allocate@?$allocator@D@std@@QAEPADI@Z 00410a00 f i DialogFirst.obj
 0001:0000fa60       ?allocate@?$allocator@U_Container_proxy@std@@@std@@QAEPAU_Container_proxy@2@I@Z 00410a60 f i DialogFirst.obj
 0001:0000fac0       ?assign@?$basic_string@DU?$char_traits@D@std@@V?$allocator@D@2@@std@@QAEAAV12@ABV12@II@Z 00410ac0 f i DialogFirst.obj
 0001:0000fbc0       ?assign@?$basic_string@DU?$char_traits@D@std@@V?$allocator@D@2@@std@@QAEAAV12@PBD@Z 00410bc0 f i DialogFirst.obj
 0001:0000fc50       ?assign@?$basic_string@DU?$char_traits@D@std@@V?$allocator@D@2@@std@@QAEAAV12@PBDI@Z 00410c50 f i DialogFirst.obj
 0001:0000fd70       ?assign@?$char_traits@D@std@@SAXAADABD@Z 00410d70 f i DialogFirst.obj
 0001:0000fdb0       ?c_str@?$basic_string@DU?$char_traits@D@std@@V?$allocator@D@2@@std@@QBEPBDXZ 00410db0 f i DialogFirst.obj
 0001:0000fe40       ?c_str@?$basic_string@_WU?$char_traits@_W@std@@V?$allocator@_W@2@@std@@QBEPB_WXZ 00410e40 f i DialogFirst.obj
 0001:0000fed0       ?copy@?$char_traits@D@std@@SAPADPADPBDI@Z 00410ed0 f i DialogFirst.obj
 0001:0000ff50       ?deallocate@?$_Wrap_alloc@V?$allocator@D@std@@@std@@QAEXPADI@Z 00410f50 f i DialogFirst.obj
 0001:0000ffb0       ?deallocate@?$_Wrap_alloc@V?$allocator@U_Container_proxy@std@@@std@@@std@@QAEXPAU_Container_proxy@2@I@Z 00410fb0 f i DialogFirst.obj
 0001:00010010       ?deallocate@?$allocator@D@std@@QAEXPADI@Z 00411010 f i DialogFirst.obj
 0001:00010070       ?deallocate@?$allocator@U_Container_proxy@std@@@std@@QAEXPAU_Container_proxy@2@I@Z 00411070 f i DialogFirst.obj
 0001:000100d0       ?erase@?$basic_string@DU?$char_traits@D@std@@V?$allocator@D@2@@std@@QAEAAV12@I@Z 004110d0 f i DialogFirst.obj
 0001:00010140       ?erase@?$basic_string@DU?$char_traits@D@std@@V?$allocator@D@2@@std@@QAEAAV12@II@Z 00411140 f i DialogFirst.obj
 0001:00010220       ?length@?$char_traits@D@std@@SAIPBD@Z 00411220 f i DialogFirst.obj
 0001:000102a0       ?max_size@?$_Wrap_alloc@V?$allocator@D@std@@@std@@QBEIU_Nil@2@@Z 004112a0 f i DialogFirst.obj
 0001:00010300       ?max_size@?$allocator@D@std@@QBEIXZ 00411300 f i DialogFirst.obj
 0001:00010340       ?max_size@?$allocator_traits@V?$allocator@D@std@@@std@@SAIABV?$allocator@D@2@@Z 00411340 f i DialogFirst.obj
 0001:00010390       ?max_size@?$basic_string@DU?$char_traits@D@std@@V?$allocator@D@2@@std@@QBEIXZ 00411390 f i DialogFirst.obj
 0001:00010430       ?move@?$char_traits@D@std@@SAPADPADPBDI@Z 00411430 f i DialogFirst.obj
 0001:000104c0       ?pointer_to@?$pointer_traits@PAU_Container_proxy@std@@@std@@SAPAU_Container_proxy@2@AAU32@@Z 004114c0 f i DialogFirst.obj
 0001:00010510       ?size@?$vector@U_DelayItem@@V?$allocator@U_DelayItem@@@std@@@std@@QBEIXZ 00411510 f i DialogFirst.obj
 0001:00010580       ?size@?$vector@U_ImportItem@@V?$allocator@U_ImportItem@@@std@@@std@@QBEIXZ 00411580 f i DialogFirst.obj
 0001:000105f0       ?size@?$vector@U_OrdinalFuncs@@V?$allocator@U_OrdinalFuncs@@@std@@@std@@QBEIXZ 004115f0 f i DialogFirst.obj
 0001:00010660       ?size@?$vector@U_RelocItem@@V?$allocator@U_RelocItem@@@std@@@std@@QBEIXZ 00411660 f i DialogFirst.obj
 0001:000106d0       ?size@?$vector@U_ResourceItem@@V?$allocator@U_ResourceItem@@@std@@@std@@QBEIXZ 004116d0 f i DialogFirst.obj
 0001:00010930       ??0CDisaDialog@@QAE@PAVCWnd@@@Z 00411930 f   DisaDialog.obj
 0001:00010a10       ??1CDisaDialog@@UAE@XZ     00411a10 f   DisaDialog.obj
 0001:00010a90       ??_GCDisaDialog@@UAEPAXI@Z 00411a90 f i DisaDialog.obj
 0001:00010a90       ??_ECDisaDialog@@UAEPAXI@Z 00411a90 f i DisaDialog.obj
 0001:00010b20       ?DoDataExchange@CDisaDialog@@MAEXPAVCDataExchange@@@Z 00411b20 f   DisaDialog.obj
 0001:00010ba0       ?GetMessageMap@CDisaDialog@@MBEPBUAFX_MSGMAP@@XZ 00411ba0 f   DisaDialog.obj
 0001:00010bf0       ?GetRuntimeClass@CDisaDialog@@UBEPAUCRuntimeClass@@XZ 00411bf0 f   DisaDialog.obj
 0001:00010c30       ?GetThisClass@CDisaDialog@@SGPAUCRuntimeClass@@XZ 00411c30 f   DisaDialog.obj
 0001:00010c70       ?GetThisMessageMap@CDisaDialog@@KGPBUAFX_MSGMAP@@XZ 00411c70 f   DisaDialog.obj
 0001:00010cb0       ?InitDisaDate@CDisaDialog@@QAEHXZ 00411cb0 f   DisaDialog.obj
 0001:00011020       ?OnInitDialog@CDisaDialog@@UAEHXZ 00412020 f   DisaDialog.obj
 0001:00011090       ?SetDlgUI@CDisaDialog@@QAEXXZ 00412090 f   DisaDialog.obj
 0001:000114c0       ?_GetBaseClass@CDisaDialog@@KGPAUCRuntimeClass@@XZ 004124c0 f   DisaDialog.obj
 0001:00011510       ?OnSelchangeTab1@CEncryptDlg@@QAEXPAUtagNMHDR@@PAJ@Z 00412510 f   EncryptDlg.obj
 0001:000115f0       ?OnMsgSave@CEncryptDlg@@IAEJIJ@Z 004125f0 f   EncryptDlg.obj
 0001:00011630       ??0CEncryptDlg@@QAE@PAVCWnd@@@Z 00412630 f   EncryptDlg.obj
 0001:00011730       ??1CEncryptDlg@@UAE@XZ     00412730 f   EncryptDlg.obj
 0001:000117c0       ??_ECEncryptDlg@@UAEPAXI@Z 004127c0 f i EncryptDlg.obj
 0001:000117c0       ??_GCEncryptDlg@@UAEPAXI@Z 004127c0 f i EncryptDlg.obj
 0001:00011850       ?DoDataExchange@CEncryptDlg@@MAEXPAVCDataExchange@@@Z 00412850 f   EncryptDlg.obj
 0001:000118d0       ?GetMessageMap@CEncryptDlg@@MBEPBUAFX_MSGMAP@@XZ 004128d0 f   EncryptDlg.obj
 0001:00011920       ?GetRuntimeClass@CEncryptDlg@@UBEPAUCRuntimeClass@@XZ 00412920 f   EncryptDlg.obj
 0001:00011960       ?GetThisClass@CEncryptDlg@@SGPAUCRuntimeClass@@XZ 00412960 f   EncryptDlg.obj
 0001:000119a0       ?GetThisMessageMap@CEncryptDlg@@KGPBUAFX_MSGMAP@@XZ 004129a0 f   EncryptDlg.obj
 0001:000119e0       ?OnInitDialog@CEncryptDlg@@UAEHXZ 004129e0 f   EncryptDlg.obj
 0001:00011a40       ?_GetBaseClass@CEncryptDlg@@KGPAUCRuntimeClass@@XZ 00412a40 f   EncryptDlg.obj
 0001:00011a90       ?_AfxInitManaged@@YAHXZ    00412a90 f i GlobeVar.obj
 0001:00011ac0       ??$AtlAdd@H@ATL@@YAJPAHHH@Z 00412ac0 f i GlobeVar.obj
 0001:00011b40       ??$AtlAdd@I@ATL@@YAJPAIII@Z 00412b40 f i GlobeVar.obj
 0001:00011bb0       ??$AtlAdd@K@ATL@@YAJPAKKK@Z 00412bb0 f i GlobeVar.obj
 0001:00011c20       ??$AtlAlignUp@H@ATL@@YGHHK@Z 00412c20 f i GlobeVar.obj
 0001:00011c70       ??$AtlMultiply@I@ATL@@YAJPAIII@Z 00412c70 f i GlobeVar.obj
 0001:00011cf0       ??$AtlMultiply@K@ATL@@YAJPAKKK@Z 00412cf0 f i GlobeVar.obj
 0001:00011d70       ??$__vcrt_va_start_verify_argument_type@PBD@@YAXXZ 00412d70 f i GlobeVar.obj
 0001:00011da0       ??0?$CHeapPtr@DVCCRTAllocator@ATL@@@ATL@@QAE@XZ 00412da0 f i GlobeVar.obj
 0001:00011e00       ??0?$CHeapPtr@_WVCCRTAllocator@ATL@@@ATL@@QAE@XZ 00412e00 f i GlobeVar.obj
 0001:00011e60       ??0?$CHeapPtrBase@DVCCRTAllocator@ATL@@@ATL@@IAE@XZ 00412e60 f i GlobeVar.obj
 0001:00011eb0       ??0?$CHeapPtrBase@_WVCCRTAllocator@ATL@@@ATL@@IAE@XZ 00412eb0 f i GlobeVar.obj
 0001:00011f00       ??0?$CSimpleArray@GV?$CSimpleArrayEqualHelper@G@ATL@@@ATL@@QAE@XZ 00412f00 f i GlobeVar.obj
 0001:00011f60       ??0?$CTraceCategoryEx@$00$0A@@ATL@@QAE@PBD@Z 00412f60 f i GlobeVar.obj
 0001:00011fc0       ??0?$CTraceCategoryEx@$01$0A@@ATL@@QAE@PBD@Z 00412fc0 f i GlobeVar.obj
 0001:00012020       ??0?$CTraceCategoryEx@$03$0A@@ATL@@QAE@PBD@Z 00413020 f i GlobeVar.obj
 0001:00012080       ??0?$CTraceCategoryEx@$07$0A@@ATL@@QAE@PBD@Z 00413080 f i GlobeVar.obj
 0001:000120e0       ??0?$CTraceCategoryEx@$0BA@$0A@@ATL@@QAE@PBD@Z 004130e0 f i GlobeVar.obj
 0001:00012140       ??0?$CTraceCategoryEx@$0BAA@$0A@@ATL@@QAE@PBD@Z 00413140 f i GlobeVar.obj
 0001:000121a0       ??0?$CTraceCategoryEx@$0BAAA@$0A@@ATL@@QAE@PBD@Z 004131a0 f i GlobeVar.obj
 0001:00012200       ??0?$CTraceCategoryEx@$0BAAAA@$0A@@ATL@@QAE@PBD@Z 00413200 f i GlobeVar.obj
 0001:00012260       ??0?$CTraceCategoryEx@$0BAAAAA@$0A@@ATL@@QAE@PBD@Z 00413260 f i GlobeVar.obj
 0001:000122c0       ??0?$CTraceCategoryEx@$0CA@$0A@@ATL@@QAE@PBD@Z 004132c0 f i GlobeVar.obj
 0001:00012320       ??0?$CTraceCategoryEx@$0CAA@$0A@@ATL@@QAE@PBD@Z 00413320 f i GlobeVar.obj
 0001:00012380       ??0?$CTraceCategoryEx@$0CAAAA@$0A@@ATL@@QAE@PBD@Z 00413380 f i GlobeVar.obj
 0001:000123e0       ??0?$CTraceCategoryEx@$0CAAAAA@$0A@@ATL@@QAE@PBD@Z 004133e0 f i GlobeVar.obj
 0001:00012440       ??0?$CTraceCategoryEx@$0EA@$0A@@ATL@@QAE@PBD@Z 00413440 f i GlobeVar.obj
 0001:000124a0       ??0?$CTraceCategoryEx@$0EAA@$0A@@ATL@@QAE@PBD@Z 004134a0 f i GlobeVar.obj
 0001:00012500       ??0?$CTraceCategoryEx@$0EAAA@$0A@@ATL@@QAE@PBD@Z 00413500 f i GlobeVar.obj
 0001:00012560       ??0?$CTraceCategoryEx@$0EAAAA@$0A@@ATL@@QAE@PBD@Z 00413560 f i GlobeVar.obj
 0001:000125c0       ??0?$CTraceCategoryEx@$0EAAAAA@$0A@@ATL@@QAE@PBD@Z 004135c0 f i GlobeVar.obj
 0001:00012620       ??0?$CTraceCategoryEx@$0IA@$0A@@ATL@@QAE@PBD@Z 00413620 f i GlobeVar.obj
 0001:00012680       ??0?$CTraceCategoryEx@$0IAA@$0A@@ATL@@QAE@PBD@Z 00413680 f i GlobeVar.obj
 0001:000126e0       ??0?$CTraceCategoryEx@$0IAAA@$0A@@ATL@@QAE@PBD@Z 004136e0 f i GlobeVar.obj
 0001:00012740       ??0?$CTraceCategoryEx@$0IAAAA@$0A@@ATL@@QAE@PBD@Z 00413740 f i GlobeVar.obj
 0001:000127a0       ??0CAtlComModule@ATL@@QAE@XZ 004137a0 f i GlobeVar.obj
 0001:000128d0       ??0CAtlStringMgr@ATL@@QAE@PAUIAtlMemMgr@1@@Z 004138d0 f i GlobeVar.obj
 0001:00012960       ??0CAtlWinModule@ATL@@QAE@XZ 00413960 f i GlobeVar.obj
 0001:00012a30       ??0CComCriticalSection@ATL@@QAE@XZ 00413a30 f i GlobeVar.obj
 0001:00012a90       ??0CDCCache@CImage@ATL@@QAE@XZ 00413a90 f i GlobeVar.obj
 0001:00012b00       ??0CInitGDIPlus@CImage@ATL@@QAE@XZ 00413b00 f i GlobeVar.obj
 0001:00012bb0       ??0CNilStringData@ATL@@QAE@XZ 00413bb0 f i GlobeVar.obj
 0001:00012c50       ??0CPreserveLastError@ATL@@QAE@XZ 00413c50 f i GlobeVar.obj
 0001:00012cc0       ??0CTraceFileAndLineInfo@ATL@@QAE@PBDH@Z 00413cc0 f i GlobeVar.obj
 0001:00012d10       ??0CWin32Heap@ATL@@QAE@PAX@Z 00413d10 f i GlobeVar.obj
 0001:00012dc0       ??0_ATL_COM_MODULE70@ATL@@QAE@XZ 00413dc0 f i GlobeVar.obj
 0001:00012e20       ??0_ATL_WIN_MODULE70@ATL@@QAE@XZ 00413e20 f i GlobeVar.obj
 0001:00012ed0       ??1?$CHeapPtr@DVCCRTAllocator@ATL@@@ATL@@QAE@XZ 00413ed0 f i GlobeVar.obj
 0001:00012f20       ??1?$CHeapPtr@_WVCCRTAllocator@ATL@@@ATL@@QAE@XZ 00413f20 f i GlobeVar.obj
 0001:00012f70       ??1?$CHeapPtrBase@DVCCRTAllocator@ATL@@@ATL@@QAE@XZ 00413f70 f i GlobeVar.obj
 0001:00012fc0       ??1?$CHeapPtrBase@_WVCCRTAllocator@ATL@@@ATL@@QAE@XZ 00413fc0 f i GlobeVar.obj
 0001:00013010       ??1?$CSimpleArray@GV?$CSimpleArrayEqualHelper@G@ATL@@@ATL@@QAE@XZ 00414010 f i GlobeVar.obj
 0001:000130a0       ??1CAtlComModule@ATL@@QAE@XZ 004140a0 f i GlobeVar.obj
 0001:00013130       ??1CAtlStringMgr@ATL@@UAE@XZ 00414130 f i GlobeVar.obj
 0001:00013180       ??1CAtlWinModule@ATL@@QAE@XZ 00414180 f i GlobeVar.obj
 0001:00013210       ??1CComCriticalSection@ATL@@QAE@XZ 00414210 f i GlobeVar.obj
 0001:00013250       ??1CDCCache@CImage@ATL@@QAE@XZ 00414250 f i GlobeVar.obj
 0001:000132f0       ??1CInitGDIPlus@CImage@ATL@@QAE@XZ 004142f0 f i GlobeVar.obj
 0001:00013360       ??1CPreserveLastError@ATL@@QAE@XZ 00414360 f i GlobeVar.obj
 0001:000133c0       ??1CWin32Heap@ATL@@UAE@XZ  004143c0 f i GlobeVar.obj
 0001:00013490       ??1_ATL_COM_MODULE70@ATL@@QAE@XZ 00414490 f i GlobeVar.obj
 0001:000134f0       ??1_ATL_WIN_MODULE70@ATL@@QAE@XZ 004144f0 f i GlobeVar.obj
 0001:00013550       ??A?$CSimpleArray@GV?$CSimpleArrayEqualHelper@G@ATL@@@ATL@@QAEAAGH@Z 00414550 f i GlobeVar.obj
 0001:00013620       ??B?$CHeapPtrBase@DVCCRTAllocator@ATL@@@ATL@@QBEPADXZ 00414620 f i GlobeVar.obj
 0001:00013660       ??B?$CHeapPtrBase@_WVCCRTAllocator@ATL@@@ATL@@QBEPA_WXZ 00414660 f i GlobeVar.obj
 0001:000136a0       ??B?$CTraceCategoryEx@$01$0A@@ATL@@QAEIXZ 004146a0 f i GlobeVar.obj
 0001:000136e0       ??B?$CTraceCategoryEx@$0CA@$0A@@ATL@@QAEIXZ 004146e0 f i GlobeVar.obj
 0001:00013720       ??RCTraceFileAndLineInfo@ATL@@QBAXHIPBDZZ 00414720 f i GlobeVar.obj
 0001:00013840       ??_GCAtlStringMgr@ATL@@UAEPAXI@Z 00414840 f i GlobeVar.obj
 0001:00013840       ??_ECAtlStringMgr@ATL@@UAEPAXI@Z 00414840 f i GlobeVar.obj
 0001:000138b0       ??_ECWin32Heap@ATL@@UAEPAXI@Z 004148b0 f i GlobeVar.obj
 0001:000138b0       ??_GCWin32Heap@ATL@@UAEPAXI@Z 004148b0 f i GlobeVar.obj
 0001:00013920       ??_H@YGXPAXIIP6EPAX0@Z@Z   00414920 f i GlobeVar.obj
 0001:000139d0       ?AddRef@CStringData@ATL@@QAEXXZ 004149d0 f i GlobeVar.obj
 0001:00013a70       ?Allocate@?$CHeapPtr@DVCCRTAllocator@ATL@@@ATL@@QAE_NI@Z 00414a70 f i GlobeVar.obj
 0001:00013b30       ?Allocate@?$CHeapPtr@_WVCCRTAllocator@ATL@@@ATL@@QAE_NI@Z 00414b30 f i GlobeVar.obj
 0001:00013bf0       ?Allocate@CAtlStringMgr@ATL@@UAEPAUCStringData@2@HH@Z 00414bf0 f i GlobeVar.obj
 0001:00013e80       ?Allocate@CCRTAllocator@ATL@@SAPAXI@Z 00414e80 f i GlobeVar.obj
 0001:00013ee0       ?Allocate@CWin32Heap@ATL@@UAEPAXI@Z 00414ee0 f i GlobeVar.obj
 0001:00013f50       ?AllocateBytes@?$CHeapPtrBase@DVCCRTAllocator@ATL@@@ATL@@QAE_NI@Z 00414f50 f i GlobeVar.obj
 0001:00014010       ?AllocateBytes@?$CHeapPtrBase@_WVCCRTAllocator@ATL@@@ATL@@QAE_NI@Z 00415010 f i GlobeVar.obj
 0001:000140d0       ?AtlWinModuleInit@ATL@@YGJPAU_ATL_WIN_MODULE70@1@@Z 004150d0 f i GlobeVar.obj
 0001:000141f0       ?AtlWinModuleTerm@ATL@@YGJPAU_ATL_WIN_MODULE70@1@PAUHINSTANCE__@@@Z 004151f0 f i GlobeVar.obj
 0001:000142f0       ?CImageStaticInitialize@CImage@ATL@@CA_NXZ 004152f0 f i GlobeVar.obj
 0001:00014340       ?Clone@CAtlStringMgr@ATL@@UAEPAUIAtlStringMgr@2@XZ 00415340 f i GlobeVar.obj
 0001:00014380       ?Create16EditWindow@@YAXPAEIII@Z 00415380 f   GlobeVar.obj
 0001:00014490       ?Free@?$CHeapPtrBase@DVCCRTAllocator@ATL@@@ATL@@QAEXXZ 00415490 f i GlobeVar.obj
 0001:00014500       ?Free@?$CHeapPtrBase@_WVCCRTAllocator@ATL@@@ATL@@QAEXXZ 00415500 f i GlobeVar.obj
 0001:00014570       ?Free@CAtlStringMgr@ATL@@UAEXPAUCStringData@2@@Z 00415570 f i GlobeVar.obj
 0001:00014670       ?Free@CCRTAllocator@ATL@@SAXPAX@Z 00415670 f i GlobeVar.obj
 0001:000146d0       ?Free@CWin32Heap@ATL@@UAEXPAX@Z 004156d0 f i GlobeVar.obj
 0001:00014790       ?GetCDCCacheInstance@CImage@ATL@@CAPAVCDCCache@12@XZ 00415790 f i GlobeVar.obj
 0001:00014840       ?GetCategoryName@CTrace@ATL@@CAPA_WI@Z 00415840 f i GlobeVar.obj
 0001:000148c0       ?GetInitGDIPlusInstance@CImage@ATL@@CAPAVCInitGDIPlus@12@XZ 004158c0 f i GlobeVar.obj
 0001:00014970       ?GetInstance@CAtlStringMgr@ATL@@SAPAUIAtlStringMgr@2@XZ 00415970 f i GlobeVar.obj
 0001:00014ab0       ?GetModuleInstance@CAtlBaseModule@ATL@@QAEPAUHINSTANCE__@@XZ 00415ab0 f i GlobeVar.obj
 0001:00014af0       ?GetNilString@CAtlStringMgr@ATL@@UAEPAUCStringData@2@XZ 00415af0 f i GlobeVar.obj
 0001:00014b50       ?GetSize@?$CSimpleArray@GV?$CSimpleArrayEqualHelper@G@ATL@@@ATL@@QBEHXZ 00415b50 f i GlobeVar.obj
 0001:00014b90       ?GetSize@CWin32Heap@ATL@@UAEIPAX@Z 00415b90 f i GlobeVar.obj
 0001:00014c00       ?Init@CComCriticalSection@ATL@@QAEJXZ 00415c00 f i GlobeVar.obj
 0001:00014c90       ?Reallocate@CAtlStringMgr@ATL@@UAEPAUCStringData@2@PAU32@HH@Z 00415c90 f i GlobeVar.obj
 0001:00014f40       ?Reallocate@CWin32Heap@ATL@@UAEPAXPAXI@Z 00415f40 f i GlobeVar.obj
 0001:00015010       ?ReleaseGDIPlus@CInitGDIPlus@CImage@ATL@@QAEXXZ 00416010 f i GlobeVar.obj
 0001:000150b0       ?RemoveAll@?$CSimpleArray@GV?$CSimpleArrayEqualHelper@G@ATL@@@ATL@@QAEXXZ 004160b0 f i GlobeVar.obj
 0001:00015170       ?SetManager@CNilStringData@ATL@@QAEXPAUIAtlStringMgr@2@@Z 00416170 f i GlobeVar.obj
 0001:00015210       ?StaticInitialize@CAtlStringMgr@ATL@@CA_NXZ 00416210 f i GlobeVar.obj
 0001:00015260       ?Term@CAtlComModule@ATL@@QAEXXZ 00416260 f i GlobeVar.obj
 0001:00015360       ?Term@CAtlWinModule@ATL@@QAEXXZ 00416360 f i GlobeVar.obj
 0001:000153c0       ?Term@CComCriticalSection@ATL@@QAEJXZ 004163c0 f i GlobeVar.obj
 0001:00015420       ?TraceV@CTrace@ATL@@CAXPBDHIIPB_W@Z 00416420 f i GlobeVar.obj
 0001:00015780       ?TraceV@CTrace@ATL@@SAXPBDHII0PAD@Z 00416780 f i GlobeVar.obj
 0001:00015a30       ?_AtlInitializeCriticalSectionEx@ATL@@YAHPAU_RTL_CRITICAL_SECTION@@KK@Z 00416a30 f i GlobeVar.obj
 0001:00015a90       ?_AtlRaiseException@ATL@@YAXKK@Z 00416a90 f i GlobeVar.obj
 0001:00015af0       _HRESULT_FROM_WIN32        00416af0 f i GlobeVar.obj
 0001:00015b60       __vscprintf                00416b60 f i GlobeVar.obj
 0001:00015bc0       __vscprintf_l              00416bc0 f i GlobeVar.obj
 0001:00015c70       __vsnprintf_s              00416c70 f i GlobeVar.obj
 0001:00015ce0       __vsnprintf_s_l            00416ce0 f i GlobeVar.obj
 0001:00015d90       ?GPTUnhandledExceptionFilter@HelpFunc@@SGJPAU_EXCEPTION_POINTERS@@@Z 00416d90 f   HelpFunc.obj
 0001:00015ee0       ?ThreadProc@HelpFunc@@SGKPAX@Z 00416ee0 f   HelpFunc.obj
 0001:000162d0       ??0Ini@@QAE@XZ             004172d0 f   Ini.obj
 0001:00016330       ??1Ini@@QAE@XZ             00417330 f   Ini.obj
 0001:00016370       ?GetIntKey@Ini@@QAEHPAD00@Z 00417370 f   Ini.obj
 0001:00016440       ?GetPath@Ini@@QAEPADXZ     00417440 f   Ini.obj
 0001:00016480       ?GetStrKey@Ini@@QAEXPAD000@Z 00417480 f   Ini.obj
 0001:00016560       ?_tcsrchr@@YAPADPADI@Z     00417560 f i Ini.obj
 0001:000165c0       __tcsrchr                  004175c0 f i Ini.obj
 0001:00016620       ??$__vcrt_va_start_verify_argument_type@QBD@@YAXXZ 00417620 f i LOG.obj
 0001:00016650       ??0LOG@@QAE@XZ             00417650 f   LOG.obj
 0001:000167f0       ??1LOG@@QAE@XZ             004177f0 f   LOG.obj
 0001:00016830       ?GetPath@LOG@@QAEPADXZ     00417830 f i LOG.obj
 0001:00016870       ?GetTemp@LOG@@QAEPADXZ     00417870 f i LOG.obj
 0001:000168b0       ?LogControl@LOG@@QAEHPAD@Z 004178b0 f   LOG.obj
 0001:00016c10       __vsnprintf_l              00417c10 f i LOG.obj
 0001:00016cc0       __vsprintf_l               00417cc0 f i LOG.obj
 0001:00016f10       _sprintf                   00417f10 f i LOG.obj
 0001:00016f90       ??0MFCEdit@@QAE@XZ         00417f90 f   MFCEdit.obj
 0001:00016ff0       ??1MFCEdit@@UAE@XZ         00417ff0 f   MFCEdit.obj
 0001:00017050       ??_GMFCEdit@@UAEPAXI@Z     00418050 f i MFCEdit.obj
 0001:00017050       ??_EMFCEdit@@UAEPAXI@Z     00418050 f i MFCEdit.obj
 0001:000170e0       ?GetMessageMap@MFCEdit@@MBEPBUAFX_MSGMAP@@XZ 004180e0 f   MFCEdit.obj
 0001:00017130       ?GetRuntimeClass@MFCEdit@@UBEPAUCRuntimeClass@@XZ 00418130 f   MFCEdit.obj
 0001:00017170       ?GetThisClass@MFCEdit@@SGPAUCRuntimeClass@@XZ 00418170 f   MFCEdit.obj
 0001:000171b0       ?GetThisMessageMap@MFCEdit@@KGPBUAFX_MSGMAP@@XZ 004181b0 f   MFCEdit.obj
 0001:000171f0       ?PreSubclassWindow@MFCEdit@@UAEXXZ 004181f0 f   MFCEdit.obj
 0001:00017290       ?_GetBaseClass@MFCEdit@@KGPAUCRuntimeClass@@XZ 00418290 f   MFCEdit.obj
 0001:000172e0       ?OnMouseMove@MFCStatic@@QAEXIVCPoint@@@Z 004182e0 f   MFCStatic.obj
 0001:00017350       ?OnMouseLeave@MFCStatic@@QAEXXZ 00418350 f   MFCStatic.obj
 0001:000173d0       ??0MFCStatic@@QAE@XZ       004183d0 f   MFCStatic.obj
 0001:00017430       ??1MFCStatic@@UAE@XZ       00418430 f   MFCStatic.obj
 0001:00017490       ??_GMFCStatic@@UAEPAXI@Z   00418490 f i MFCStatic.obj
 0001:00017490       ??_EMFCStatic@@UAEPAXI@Z   00418490 f i MFCStatic.obj
 0001:00017520       ?GetMessageMap@MFCStatic@@MBEPBUAFX_MSGMAP@@XZ 00418520 f   MFCStatic.obj
 0001:00017570       ?GetRuntimeClass@MFCStatic@@UBEPAUCRuntimeClass@@XZ 00418570 f   MFCStatic.obj
 0001:000175b0       ?GetThisClass@MFCStatic@@SGPAUCRuntimeClass@@XZ 004185b0 f   MFCStatic.obj
 0001:000175f0       ?GetThisMessageMap@MFCStatic@@KGPBUAFX_MSGMAP@@XZ 004185f0 f   MFCStatic.obj
 0001:00017630       ?PreSubclassWindow@MFCStatic@@UAEXXZ 00418630 f   MFCStatic.obj
 0001:000176d0       ?_GetBaseClass@MFCStatic@@KGPAUCRuntimeClass@@XZ 004186d0 f   MFCStatic.obj
 0001:00017720       ??0CRect@@QAE@XZ           00418720 f i MFCStatus.obj
 0001:00017790       ??0MFCStatus@@QAE@XZ       00418790 f   MFCStatus.obj
 0001:00017850       ??1MFCStatus@@UAE@XZ       00418850 f   MFCStatus.obj
 0001:000178c0       ??_GMFCStatus@@UAEPAXI@Z   004188c0 f i MFCStatus.obj
 0001:000178c0       ??_EMFCStatus@@UAEPAXI@Z   004188c0 f i MFCStatus.obj
 0001:00017950       ?GetMessageMap@MFCStatus@@MBEPBUAFX_MSGMAP@@XZ 00418950 f   MFCStatus.obj
 0001:000179a0       ?GetRuntimeClass@MFCStatus@@UBEPAUCRuntimeClass@@XZ 004189a0 f   MFCStatus.obj
 0001:000179e0       ?GetThisClass@MFCStatus@@SGPAUCRuntimeClass@@XZ 004189e0 f   MFCStatus.obj
 0001:00017a20       ?GetThisMessageMap@MFCStatus@@KGPBUAFX_MSGMAP@@XZ 00418a20 f   MFCStatus.obj
 0001:00017a60       ?SetUI@MFCStatus@@QAEXXZ   00418a60 f   MFCStatus.obj
 0001:00017c40       ?_GetBaseClass@MFCStatus@@KGPAUCRuntimeClass@@XZ 00418c40 f   MFCStatus.obj
 0001:00017c90       ?OnLvnColumnclick@MyListCtrl@@QAEXPAUtagNMHDR@@PAJ@Z 00418c90 f   MyListCtrl.obj
 0001:00017df0       ?OnNMClick@MyListCtrl@@QAEXPAUtagNMHDR@@PAJ@Z 00418df0 f   MyListCtrl.obj
 0001:00017e40       ?OnLvnItemchanged@MyListCtrl@@QAEXPAUtagNMHDR@@PAJ@Z 00418e40 f   MyListCtrl.obj
 0001:00019210       ??0MyListCtrl@@QAE@XZ      0041a210 f   MyListCtrl.obj
 0001:00019270       ??1MyListCtrl@@UAE@XZ      0041a270 f   MyListCtrl.obj
 0001:000192d0       ??A?$vector@U_ElementItem@@V?$allocator@U_ElementItem@@@std@@@std@@QAEAAU_ElementItem@@I@Z 0041a2d0 f i MyListCtrl.obj
 0001:000193f0       ??A?$vector@U_EntryDataItem@@V?$allocator@U_EntryDataItem@@@std@@@std@@QAEAAU_EntryDataItem@@I@Z 0041a3f0 f i MyListCtrl.obj
 0001:00019510       ??A?$vector@U_ThunkItem@@V?$allocator@U_ThunkItem@@@std@@@std@@QAEAAU_ThunkItem@@I@Z 0041a510 f i MyListCtrl.obj
 0001:00019630       ??_GMyListCtrl@@UAEPAXI@Z  0041a630 f i MyListCtrl.obj
 0001:00019630       ??_EMyListCtrl@@UAEPAXI@Z  0041a630 f i MyListCtrl.obj
 0001:000196c0       ?Clear@MyListCtrl@@QAEXXZ  0041a6c0 f   MyListCtrl.obj
 0001:00019770       ?GetHeaderCtrl@CMFCListCtrl@@UAEAAVCMFCHeaderCtrl@@XZ 0041a770 f i MyListCtrl.obj
 0001:000197b0       ?GetMessageMap@MyListCtrl@@MBEPBUAFX_MSGMAP@@XZ 0041a7b0 f   MyListCtrl.obj
 0001:00019800       ?GetRuntimeClass@MyListCtrl@@UBEPAUCRuntimeClass@@XZ 0041a800 f   MyListCtrl.obj
 0001:00019840       ?GetThisClass@MyListCtrl@@SGPAUCRuntimeClass@@XZ 0041a840 f   MyListCtrl.obj
 0001:00019880       ?GetThisMessageMap@MyListCtrl@@KGPBUAFX_MSGMAP@@XZ 0041a880 f   MyListCtrl.obj
 0001:000198c0       ?ListCompare@MyListCtrl@@SGHJJJ@Z 0041a8c0 f   MyListCtrl.obj
 0001:00019dd0       ?OnGetCellBkColor@CMFCListCtrl@@UAEKHH@Z 0041add0 f i MyListCtrl.obj
 0001:00019e30       ?OnGetCellFont@CMFCListCtrl@@UAEPAUHFONT__@@HHK@Z 0041ae30 f i MyListCtrl.obj
 0001:00019e70       ?OnGetCellTextColor@CMFCListCtrl@@UAEKHH@Z 0041ae70 f i MyListCtrl.obj
 0001:00019ed0       ?PreSubclassWindow@MyListCtrl@@MAEXXZ 0041aed0 f   MyListCtrl.obj
 0001:00019f90       ?SetHeaders@MyListCtrl@@QAEXQAY0IA@DH@Z 0041af90 f   MyListCtrl.obj
 0001:0001a0e0       ?SetStyle@MyListCtrl@@QAEXK@Z 0041b0e0 f   MyListCtrl.obj
 0001:0001a180       ?Width@CRect@@QBEHXZ       0041b180 f i MyListCtrl.obj
 0001:0001a1d0       ?_GetBaseClass@MyListCtrl@@KGPAUCRuntimeClass@@XZ 0041b1d0 f   MyListCtrl.obj
 0001:0001a220       ?_Get_data@?$_Vector_alloc@U?$_Vec_base_types@U_ElementItem@@V?$allocator@U_ElementItem@@@std@@@std@@@std@@QAEAAV?$_Vector_val@U?$_Simple_types@U_ElementItem@@@std@@@2@XZ 0041b220 f i MyListCtrl.obj
 0001:0001a270       ?_Get_data@?$_Vector_alloc@U?$_Vec_base_types@U_ElementItem@@V?$allocator@U_ElementItem@@@std@@@std@@@std@@QBEABV?$_Vector_val@U?$_Simple_types@U_ElementItem@@@std@@@2@XZ 0041b270 f i MyListCtrl.obj
 0001:0001a2c0       ?_Get_data@?$_Vector_alloc@U?$_Vec_base_types@U_EntryDataItem@@V?$allocator@U_EntryDataItem@@@std@@@std@@@std@@QAEAAV?$_Vector_val@U?$_Simple_types@U_EntryDataItem@@@std@@@2@XZ 0041b2c0 f i MyListCtrl.obj
 0001:0001a310       ?_Get_data@?$_Vector_alloc@U?$_Vec_base_types@U_EntryDataItem@@V?$allocator@U_EntryDataItem@@@std@@@std@@@std@@QBEABV?$_Vector_val@U?$_Simple_types@U_EntryDataItem@@@std@@@2@XZ 0041b310 f i MyListCtrl.obj
 0001:0001a360       ?_Get_data@?$_Vector_alloc@U?$_Vec_base_types@U_ThunkItem@@V?$allocator@U_ThunkItem@@@std@@@std@@@std@@QAEAAV?$_Vector_val@U?$_Simple_types@U_ThunkItem@@@std@@@2@XZ 0041b360 f i MyListCtrl.obj
 0001:0001a3b0       ?_Get_data@?$_Vector_alloc@U?$_Vec_base_types@U_ThunkItem@@V?$allocator@U_ThunkItem@@@std@@@std@@@std@@QBEABV?$_Vector_val@U?$_Simple_types@U_ThunkItem@@@std@@@2@XZ 0041b3b0 f i MyListCtrl.obj
 0001:0001a400       ?_Get_second@?$_Compressed_pair@U?$_Wrap_alloc@V?$allocator@U_ElementItem@@@std@@@std@@V?$_Vector_val@U?$_Simple_types@U_ElementItem@@@std@@@2@$00@std@@QAEAAV?$_Vector_val@U?$_Simple_types@U_ElementItem@@@std@@@2@XZ 0041b400 f i MyListCtrl.obj
 0001:0001a440       ?_Get_second@?$_Compressed_pair@U?$_Wrap_alloc@V?$allocator@U_ElementItem@@@std@@@std@@V?$_Vector_val@U?$_Simple_types@U_ElementItem@@@std@@@2@$00@std@@QBEABV?$_Vector_val@U?$_Simple_types@U_ElementItem@@@std@@@2@XZ 0041b440 f i MyListCtrl.obj
 0001:0001a480       ?_Get_second@?$_Compressed_pair@U?$_Wrap_alloc@V?$allocator@U_EntryDataItem@@@std@@@std@@V?$_Vector_val@U?$_Simple_types@U_EntryDataItem@@@std@@@2@$00@std@@QAEAAV?$_Vector_val@U?$_Simple_types@U_EntryDataItem@@@std@@@2@XZ 0041b480 f i MyListCtrl.obj
 0001:0001a4c0       ?_Get_second@?$_Compressed_pair@U?$_Wrap_alloc@V?$allocator@U_EntryDataItem@@@std@@@std@@V?$_Vector_val@U?$_Simple_types@U_EntryDataItem@@@std@@@2@$00@std@@QBEABV?$_Vector_val@U?$_Simple_types@U_EntryDataItem@@@std@@@2@XZ 0041b4c0 f i MyListCtrl.obj
 0001:0001a500       ?_Get_second@?$_Compressed_pair@U?$_Wrap_alloc@V?$allocator@U_ThunkItem@@@std@@@std@@V?$_Vector_val@U?$_Simple_types@U_ThunkItem@@@std@@@2@$00@std@@QAEAAV?$_Vector_val@U?$_Simple_types@U_ThunkItem@@@std@@@2@XZ 0041b500 f i MyListCtrl.obj
 0001:0001a540       ?_Get_second@?$_Compressed_pair@U?$_Wrap_alloc@V?$allocator@U_ThunkItem@@@std@@@std@@V?$_Vector_val@U?$_Simple_types@U_ThunkItem@@@std@@@2@$00@std@@QBEABV?$_Vector_val@U?$_Simple_types@U_ThunkItem@@@std@@@2@XZ 0041b540 f i MyListCtrl.obj
 0001:0001a580       ?_Myfirst@?$_Vector_alloc@U?$_Vec_base_types@U_ElementItem@@V?$allocator@U_ElementItem@@@std@@@std@@@std@@QAEAAPAU_ElementItem@@XZ 0041b580 f i MyListCtrl.obj
 0001:0001a5e0       ?_Myfirst@?$_Vector_alloc@U?$_Vec_base_types@U_ElementItem@@V?$allocator@U_ElementItem@@@std@@@std@@@std@@QBEABQAU_ElementItem@@XZ 0041b5e0 f i MyListCtrl.obj
 0001:0001a640       ?_Myfirst@?$_Vector_alloc@U?$_Vec_base_types@U_EntryDataItem@@V?$allocator@U_EntryDataItem@@@std@@@std@@@std@@QAEAAPAU_EntryDataItem@@XZ 0041b640 f i MyListCtrl.obj
 0001:0001a6a0       ?_Myfirst@?$_Vector_alloc@U?$_Vec_base_types@U_EntryDataItem@@V?$allocator@U_EntryDataItem@@@std@@@std@@@std@@QBEABQAU_EntryDataItem@@XZ 0041b6a0 f i MyListCtrl.obj
 0001:0001a700       ?_Myfirst@?$_Vector_alloc@U?$_Vec_base_types@U_ThunkItem@@V?$allocator@U_ThunkItem@@@std@@@std@@@std@@QAEAAPAU_ThunkItem@@XZ 0041b700 f i MyListCtrl.obj
 0001:0001a760       ?_Myfirst@?$_Vector_alloc@U?$_Vec_base_types@U_ThunkItem@@V?$allocator@U_ThunkItem@@@std@@@std@@@std@@QBEABQAU_ThunkItem@@XZ 0041b760 f i MyListCtrl.obj
 0001:0001a7c0       ?_Mylast@?$_Vector_alloc@U?$_Vec_base_types@U_ElementItem@@V?$allocator@U_ElementItem@@@std@@@std@@@std@@QBEABQAU_ElementItem@@XZ 0041b7c0 f i MyListCtrl.obj
 0001:0001a820       ?_Mylast@?$_Vector_alloc@U?$_Vec_base_types@U_EntryDataItem@@V?$allocator@U_EntryDataItem@@@std@@@std@@@std@@QBEABQAU_EntryDataItem@@XZ 0041b820 f i MyListCtrl.obj
 0001:0001a880       ?_Mylast@?$_Vector_alloc@U?$_Vec_base_types@U_ThunkItem@@V?$allocator@U_ThunkItem@@@std@@@std@@@std@@QBEABQAU_ThunkItem@@XZ 0041b880 f i MyListCtrl.obj
 0001:0001a8e0       ?length@?$basic_string@DU?$char_traits@D@std@@V?$allocator@D@2@@std@@QBEIXZ 0041b8e0 f i MyListCtrl.obj
 0001:0001a940       ?size@?$vector@U_ElementItem@@V?$allocator@U_ElementItem@@@std@@@std@@QBEIXZ 0041b940 f i MyListCtrl.obj
 0001:0001a9b0       ?size@?$vector@U_EntryDataItem@@V?$allocator@U_EntryDataItem@@@std@@@std@@QBEIXZ 0041b9b0 f i MyListCtrl.obj
 0001:0001aa20       ?size@?$vector@U_ThunkItem@@V?$allocator@U_ThunkItem@@@std@@@std@@QBEIXZ 0041ba20 f i MyListCtrl.obj
 0001:0001aa90       ??0CPETOOLSApp@@QAE@XZ     0041ba90 f   PETOOLS.obj
 0001:0001ab00       ??1CPETOOLSApp@@UAE@XZ     0041bb00 f i PETOOLS.obj
 0001:0001ab50       ??_ECPETOOLSApp@@UAEPAXI@Z 0041bb50 f i PETOOLS.obj
 0001:0001ab50       ??_GCPETOOLSApp@@UAEPAXI@Z 0041bb50 f i PETOOLS.obj
 0001:0001abe0       ?GetApplicationRecoveryParameter@CWinApp@@UAEPAXXZ 0041bbe0 f i PETOOLS.obj
 0001:0001ac20       ?GetApplicationRecoveryPingInterval@CWinApp@@UAEKXZ 0041bc20 f i PETOOLS.obj
 0001:0001ac60       ?GetApplicationRestartFlags@CWinApp@@UAEKXZ 0041bc60 f i PETOOLS.obj
 0001:0001aca0       ?GetMessageMap@CPETOOLSApp@@MBEPBUAFX_MSGMAP@@XZ 0041bca0 f   PETOOLS.obj
 0001:0001acf0       ?GetThisMessageMap@CPETOOLSApp@@KGPBUAFX_MSGMAP@@XZ 0041bcf0 f   PETOOLS.obj
 0001:0001ad30       ?InitInstance@CPETOOLSApp@@UAEHXZ 0041bd30 f   PETOOLS.obj
 0001:0001afd0       ?ReopenPreviousFilesAtRestart@CWinApp@@UBEHXZ 0041bfd0 f i PETOOLS.obj
 0001:0001b020       ?RestoreAutosavedFilesAtRestart@CWinApp@@UBEHXZ 0041c020 f i PETOOLS.obj
 0001:0001b070       ?SupportsApplicationRecovery@CWinApp@@UBEHXZ 0041c070 f i PETOOLS.obj
 0001:0001b0c0       ?SupportsAutosaveAtInterval@CWinApp@@UBEHXZ 0041c0c0 f i PETOOLS.obj
 0001:0001b110       ?SupportsAutosaveAtRestart@CWinApp@@UBEHXZ 0041c110 f i PETOOLS.obj
 0001:0001b160       ?SupportsRestartManager@CWinApp@@UBEHXZ 0041c160 f i PETOOLS.obj
 0001:0001b1b0       ?OnPaint@CPETOOLSDlg@@IAEXXZ 0041c1b0 f   PETOOLSDlg.obj
 0001:0001b3b0       ?OnQueryDragIcon@CPETOOLSDlg@@IAEPAUHICON__@@XZ 0041c3b0 f   PETOOLSDlg.obj
 0001:0001b3f0       ?OnBnClickedMfcbutton1@CPETOOLSDlg@@QAEXXZ 0041c3f0 f   PETOOLSDlg.obj
 0001:0001b7d0       ?OnBnClickedMfcbutton3@CPETOOLSDlg@@QAEXXZ 0041c7d0 f   PETOOLSDlg.obj
 0001:0001bbd0       ?OnBnClickedMfcbutton4@CPETOOLSDlg@@QAEXXZ 0041cbd0 f   PETOOLSDlg.obj
 0001:0001bfd0       ?OnCbnSelchangeComboboxex1@CPETOOLSDlg@@QAEXXZ 0041cfd0 f   PETOOLSDlg.obj
 0001:0001c1a0       ?OnCbnSelchangeComboboxex2@CPETOOLSDlg@@QAEXXZ 0041d1a0 f   PETOOLSDlg.obj
 0001:0001c6b0       ?OnBnClickedMfcbutton2@CPETOOLSDlg@@QAEXXZ 0041d6b0 f   PETOOLSDlg.obj
 0001:0001c8b0       ?OnOpen@CPETOOLSDlg@@QAEXXZ 0041d8b0 f   PETOOLSDlg.obj
 0001:0001ca40       ?OnDisa@CPETOOLSDlg@@QAEXXZ 0041da40 f   PETOOLSDlg.obj
 0001:0001cb80       ?OnReset@CPETOOLSDlg@@QAEXXZ 0041db80 f   PETOOLSDlg.obj
 0001:0001cc10       ?OnClsRelocData@CPETOOLSDlg@@QAEXXZ 0041dc10 f   PETOOLSDlg.obj
 0001:0001cd30       ?OnEncryptImportTable@CPETOOLSDlg@@QAEXXZ 0041dd30 f   PETOOLSDlg.obj
 0001:0001ce40       ?OnTest@CPETOOLSDlg@@QAEXXZ 0041de40 f   PETOOLSDlg.obj
 0001:0001cec0       ?OnUpdateUi@CPETOOLSDlg@@IAEJIJ@Z 0041dec0 f   PETOOLSDlg.obj
 0001:0001cf80       ?OnSaveFile@CPETOOLSDlg@@QAEXXZ 0041df80 f   PETOOLSDlg.obj
 0001:0001d110       ?OnSaveAs@CPETOOLSDlg@@QAEXXZ 0041e110 f   PETOOLSDlg.obj
 0001:0001d370       ?OnAddPatch@CPETOOLSDlg@@QAEXXZ 0041e370 f   PETOOLSDlg.obj
 0001:0001d4b0       ?OnAddSection@CPETOOLSDlg@@QAEXXZ 0041e4b0 f   PETOOLSDlg.obj
 0001:0001d600       ?OnEncrypt@CPETOOLSDlg@@QAEXXZ 0041e600 f   PETOOLSDlg.obj
 0001:0001d740       ?OnPosCalc@CPETOOLSDlg@@QAEXXZ 0041e740 f   PETOOLSDlg.obj
 0001:0001d8e0       ?OnHexEditView@CPETOOLSDlg@@QAEXXZ 0041e8e0 f   PETOOLSDlg.obj
 0001:0001d950       ??0CPETOOLSDlg@@QAE@PAVCWnd@@@Z 0041e950 f   PETOOLSDlg.obj
 0001:0001e4a0       ??0CRect@@QAE@HHHH@Z       0041f4a0 f i PETOOLSDlg.obj
 0001:0001e510       ??1CPETOOLSDlg@@UAE@XZ     0041f510 f   PETOOLSDlg.obj
 0001:0001ee90       ??A?$vector@U_IMAGE_SECTION_HEADER@@V?$allocator@U_IMAGE_SECTION_HEADER@@@std@@@std@@QAEAAU_IMAGE_SECTION_HEADER@@I@Z 0041fe90 f i PETOOLSDlg.obj
 0001:0001efb0       ??_ECPETOOLSDlg@@UAEPAXI@Z 0041ffb0 f i PETOOLSDlg.obj
 0001:0001efb0       ??_GCPETOOLSDlg@@UAEPAXI@Z 0041ffb0 f i PETOOLSDlg.obj
 0001:0001f040       ?DoDataExchange@CPETOOLSDlg@@MAEXPAVCDataExchange@@@Z 00420040 f   PETOOLSDlg.obj
 0001:0001fd50       ?EnumChildProc@CPETOOLSDlg@@SGHPAUHWND__@@J@Z 00420d50 f   PETOOLSDlg.obj
 0001:0001fe80       ?GetMessageMap@CPETOOLSDlg@@MBEPBUAFX_MSGMAP@@XZ 00420e80 f   PETOOLSDlg.obj
 0001:0001fed0       ?GetThisMessageMap@CPETOOLSDlg@@KGPBUAFX_MSGMAP@@XZ 00420ed0 f   PETOOLSDlg.obj
 0001:0001ff10       ?Height@CRect@@QBEHXZ      00420f10 f i PETOOLSDlg.obj
 0001:0001ff60       ?OnInitDialog@CPETOOLSDlg@@MAEHXZ 00420f60 f   PETOOLSDlg.obj
 0001:000200a0       ?Reset@CPETOOLSDlg@@QAEXXZ 004210a0 f   PETOOLSDlg.obj
 0001:00020130       ?SetControlUI@CPETOOLSDlg@@QAEXQADPAVCMFCButton@@PAD@Z 00421130 f   PETOOLSDlg.obj
 0001:00020330       ?SetControlUI@CPETOOLSDlg@@QAEXQADPAVCWnd@@PADH@Z 00421330 f   PETOOLSDlg.obj
 0001:00020490       ?SetControlUI@CPETOOLSDlg@@QAEXQADPAVMFCEdit@@PADHH@Z 00421490 f   PETOOLSDlg.obj
 0001:00020620       ?SetControlUI@CPETOOLSDlg@@QAEXQADPAVMFCStatic@@PADH@Z 00421620 f   PETOOLSDlg.obj
 0001:000208c0       ?SetCtrlContent@CPETOOLSDlg@@QAEHXZ 004218c0 f   PETOOLSDlg.obj
 0001:00021990       ?SetDlgUI@CPETOOLSDlg@@QAEHXZ 00422990 f   PETOOLSDlg.obj
 0001:00022c20       ?SetDumpFunc@CPETOOLSDlg@@QAEHXZ 00423c20 f   PETOOLSDlg.obj
 0001:00022cc0       ?_Get_data@?$_Vector_alloc@U?$_Vec_base_types@U_IMAGE_SECTION_HEADER@@V?$allocator@U_IMAGE_SECTION_HEADER@@@std@@@std@@@std@@QAEAAV?$_Vector_val@U?$_Simple_types@U_IMAGE_SECTION_HEADER@@@std@@@2@XZ 00423cc0 f i PETOOLSDlg.obj
 0001:00022d10       ?_Get_data@?$_Vector_alloc@U?$_Vec_base_types@U_IMAGE_SECTION_HEADER@@V?$allocator@U_IMAGE_SECTION_HEADER@@@std@@@std@@@std@@QBEABV?$_Vector_val@U?$_Simple_types@U_IMAGE_SECTION_HEADER@@@std@@@2@XZ 00423d10 f i PETOOLSDlg.obj
 0001:00022d60       ?_Get_second@?$_Compressed_pair@U?$_Wrap_alloc@V?$allocator@U_IMAGE_SECTION_HEADER@@@std@@@std@@V?$_Vector_val@U?$_Simple_types@U_IMAGE_SECTION_HEADER@@@std@@@2@$00@std@@QAEAAV?$_Vector_val@U?$_Simple_types@U_IMAGE_SECTION_HEADER@@@std@@@2@XZ 00423d60 f i PETOOLSDlg.obj
 0001:00022da0       ?_Get_second@?$_Compressed_pair@U?$_Wrap_alloc@V?$allocator@U_IMAGE_SECTION_HEADER@@@std@@@std@@V?$_Vector_val@U?$_Simple_types@U_IMAGE_SECTION_HEADER@@@std@@@2@$00@std@@QBEABV?$_Vector_val@U?$_Simple_types@U_IMAGE_SECTION_HEADER@@@std@@@2@XZ 00423da0 f i PETOOLSDlg.obj
 0001:00022de0       ?_Myfirst@?$_Vector_alloc@U?$_Vec_base_types@U_IMAGE_SECTION_HEADER@@V?$allocator@U_IMAGE_SECTION_HEADER@@@std@@@std@@@std@@QAEAAPAU_IMAGE_SECTION_HEADER@@XZ 00423de0 f i PETOOLSDlg.obj
 0001:00022e40       ?_Myfirst@?$_Vector_alloc@U?$_Vec_base_types@U_IMAGE_SECTION_HEADER@@V?$allocator@U_IMAGE_SECTION_HEADER@@@std@@@std@@@std@@QBEABQAU_IMAGE_SECTION_HEADER@@XZ 00423e40 f i PETOOLSDlg.obj
 0001:00022ea0       ?_Mylast@?$_Vector_alloc@U?$_Vec_base_types@U_IMAGE_SECTION_HEADER@@V?$allocator@U_IMAGE_SECTION_HEADER@@@std@@@std@@@std@@QBEABQAU_IMAGE_SECTION_HEADER@@XZ 00423ea0 f i PETOOLSDlg.obj
 0001:00022f00       ?size@?$vector@U_IMAGE_SECTION_HEADER@@V?$allocator@U_IMAGE_SECTION_HEADER@@@std@@@std@@QBEIXZ 00423f00 f i PETOOLSDlg.obj
 0001:00022f70       __tcscmp                   00423f70 f i PETOOLSDlg.obj
 0001:000231c0       ?OnBnClickedButton1@CPosCalcDlg@@QAEXXZ 004241c0 f   PosCalcDlg.obj
 0001:00023270       ?OnBnClickedButton2@CPosCalcDlg@@QAEXXZ 00424270 f   PosCalcDlg.obj
 0001:00023320       ?OnBnClickedButton3@CPosCalcDlg@@QAEXXZ 00424320 f   PosCalcDlg.obj
 0001:000233d0       ?OnBnClickedButton4@CPosCalcDlg@@QAEXXZ 004243d0 f   PosCalcDlg.obj
 0001:00023a20       ?OnBnClickedButton5@CPosCalcDlg@@QAEXXZ 00424a20 f   PosCalcDlg.obj
 0001:00023b20       ??0CPosCalcDlg@@QAE@PAVCWnd@@@Z 00424b20 f   PosCalcDlg.obj
 0001:00023c50       ??1CPosCalcDlg@@UAE@XZ     00424c50 f   PosCalcDlg.obj
 0001:00023d10       ??HATL@@YA?AV?$CStringT@DV?$StrTraitMFC_DLL@DV?$ChTraitsCRT@D@ATL@@@@@0@PBDABV10@@Z 00424d10 f i PosCalcDlg.obj
 0001:00023ec0       ??_GCPosCalcDlg@@UAEPAXI@Z 00424ec0 f i PosCalcDlg.obj
 0001:00023ec0       ??_ECPosCalcDlg@@UAEPAXI@Z 00424ec0 f i PosCalcDlg.obj
 0001:00023f50       ?DoDataExchange@CPosCalcDlg@@MAEXPAVCDataExchange@@@Z 00424f50 f   PosCalcDlg.obj
 0001:00024000       ?GetMessageMap@CPosCalcDlg@@MBEPBUAFX_MSGMAP@@XZ 00425000 f   PosCalcDlg.obj
 0001:00024050       ?GetRuntimeClass@CPosCalcDlg@@UBEPAUCRuntimeClass@@XZ 00425050 f   PosCalcDlg.obj
 0001:00024090       ?GetThisClass@CPosCalcDlg@@SGPAUCRuntimeClass@@XZ 00425090 f   PosCalcDlg.obj
 0001:000240d0       ?GetThisMessageMap@CPosCalcDlg@@KGPBUAFX_MSGMAP@@XZ 004250d0 f   PosCalcDlg.obj
 0001:00024110       ?OnInitDialog@CPosCalcDlg@@UAEHXZ 00425110 f   PosCalcDlg.obj
 0001:000241c0       ?_GetBaseClass@CPosCalcDlg@@KGPAUCRuntimeClass@@XZ 004251c0 f   PosCalcDlg.obj
 0001:00024210       ?OnSetValue@CProBarThread@@QAEXIJ@Z 00425210 f   ProBarThread.obj
 0001:00024250       ??0CProBarThread@@QAE@XZ   00425250 f   ProBarThread.obj
 0001:000242b0       ??1CProBarThread@@UAE@XZ   004252b0 f   ProBarThread.obj
 0001:00024310       ??_ECProBarThread@@UAEPAXI@Z 00425310 f i ProBarThread.obj
 0001:00024310       ??_GCProBarThread@@UAEPAXI@Z 00425310 f i ProBarThread.obj
 0001:000243a0       ?Create@CProBarThread@@QAEXXZ 004253a0 f   ProBarThread.obj
 0001:000245d0       ?CreateObject@CProBarThread@@SGPAVCObject@@XZ 004255d0 f   ProBarThread.obj
 0001:000246b0       ?ExitInstance@CProBarThread@@UAEHXZ 004256b0 f   ProBarThread.obj
 0001:00024720       ?GetMessageMap@CProBarThread@@MBEPBUAFX_MSGMAP@@XZ 00425720 f   ProBarThread.obj
 0001:00024770       ?GetRuntimeClass@CProBarThread@@UBEPAUCRuntimeClass@@XZ 00425770 f   ProBarThread.obj
 0001:000247b0       ?GetThisClass@CProBarThread@@SGPAUCRuntimeClass@@XZ 004257b0 f   ProBarThread.obj
 0001:000247f0       ?GetThisMessageMap@CProBarThread@@KGPBUAFX_MSGMAP@@XZ 004257f0 f   ProBarThread.obj
 0001:00024830       ?InitInstance@CProBarThread@@UAEHXZ 00425830 f   ProBarThread.obj
 0001:00024870       ?SetProValue@CProBarThread@@QAEXH@Z 00425870 f   ProBarThread.obj
 0001:00024920       ?ThreadProc1@@YAXPAX@Z     00425920 f   ProBarThread.obj
 0001:00024b20       ?ThreadProc@@YAXPAX@Z      00425b20 f   ProBarThread.obj
 0001:00024b50       ?_GetBaseClass@CProBarThread@@KGPAUCRuntimeClass@@XZ 00425b50 f   ProBarThread.obj
 0001:00024ba0       ??0CProgressDialog@@QAE@PAVCWnd@@@Z 00425ba0 f   ProgressDialog.obj
 0001:00024c60       ??1CProgressDialog@@UAE@XZ 00425c60 f   ProgressDialog.obj
 0001:00024cd0       ??_ECProgressDialog@@UAEPAXI@Z 00425cd0 f i ProgressDialog.obj
 0001:00024cd0       ??_GCProgressDialog@@UAEPAXI@Z 00425cd0 f i ProgressDialog.obj
 0001:00024d60       ?DoDataExchange@CProgressDialog@@MAEXPAVCDataExchange@@@Z 00425d60 f   ProgressDialog.obj
 0001:00024de0       ?GetMessageMap@CProgressDialog@@MBEPBUAFX_MSGMAP@@XZ 00425de0 f   ProgressDialog.obj
 0001:00024e30       ?GetRuntimeClass@CProgressDialog@@UBEPAUCRuntimeClass@@XZ 00425e30 f   ProgressDialog.obj
 0001:00024e70       ?GetThisClass@CProgressDialog@@SGPAUCRuntimeClass@@XZ 00425e70 f   ProgressDialog.obj
 0001:00024eb0       ?GetThisMessageMap@CProgressDialog@@KGPBUAFX_MSGMAP@@XZ 00425eb0 f   ProgressDialog.obj
 0001:00024ef0       ?_GetBaseClass@CProgressDialog@@KGPAUCRuntimeClass@@XZ 00425ef0 f   ProgressDialog.obj
 0001:00024f40       ?OnSize@CTabPage1@@QAEXIHH@Z 00425f40 f   TabPage1.obj
 0001:00024fc0       ?OnBnClickedButton1@CTabPage1@@QAEXXZ 00425fc0 f   TabPage1.obj
 0001:00025000       ??0CTabPage1@@QAE@PAVCWnd@@@Z 00426000 f   TabPage1.obj
 0001:00025110       ??1CTabPage1@@UAE@XZ       00426110 f   TabPage1.obj
 0001:000251a0       ??BCRect@@QAEPAUtagRECT@@XZ 004261a0 f i TabPage1.obj
 0001:000251e0       ??_GCTabPage1@@UAEPAXI@Z   004261e0 f i TabPage1.obj
 0001:000251e0       ??_ECTabPage1@@UAEPAXI@Z   004261e0 f i TabPage1.obj
 0001:00025270       ?DoDataExchange@CTabPage1@@MAEXPAVCDataExchange@@@Z 00426270 f   TabPage1.obj
 0001:00025320       ?GetMessageMap@CTabPage1@@MBEPBUAFX_MSGMAP@@XZ 00426320 f   TabPage1.obj
 0001:00025370       ?GetRuntimeClass@CTabPage1@@UBEPAUCRuntimeClass@@XZ 00426370 f   TabPage1.obj
 0001:000253b0       ?GetThisClass@CTabPage1@@SGPAUCRuntimeClass@@XZ 004263b0 f   TabPage1.obj
 0001:000253f0       ?GetThisMessageMap@CTabPage1@@KGPBUAFX_MSGMAP@@XZ 004263f0 f   TabPage1.obj
 0001:00025430       ?InitDisaDate@CTabPage1@@QAEHXZ 00426430 f   TabPage1.obj
 0001:00025470       ?OnInitDialog@CTabPage1@@UAEHXZ 00426470 f   TabPage1.obj
 0001:00025710       ?ReSize@CTabPage1@@QAEXPAVCWnd@@HH@Z 00426710 f   TabPage1.obj
 0001:000258a0       ?_GetBaseClass@CTabPage1@@KGPAUCRuntimeClass@@XZ 004268a0 f   TabPage1.obj
 0001:000258f0       ?OnBnClickedButton1@CTabPage2@@QAEXXZ 004268f0 f   TabPage2.obj
 0001:00025930       ??$?0U?$_Wrap_alloc@V?$allocator@D@std@@@std@@$$V@?$_Compressed_pair@U?$_Wrap_alloc@V?$allocator@D@std@@@std@@V?$_String_val@U?$_Simple_types@D@std@@@2@$00@std@@QAE@U_One_then_variadic_args_t@1@$$QAU?$_Wrap_alloc@V?$allocator@D@std@@@1@@Z 00426930 f i TabPage2.obj
 0001:000259a0       ??$?0U?$_Wrap_alloc@V?$allocator@D@std@@@std@@X@?$_String_alloc@U?$_String_base_types@DV?$allocator@D@std@@@std@@@std@@QAE@$$QAU?$_Wrap_alloc@V?$allocator@D@std@@@1@@Z 004269a0 f i TabPage2.obj
 0001:00025a60       ??$?0V?$allocator@D@std@@@?$_Wrap_alloc@V?$allocator@D@std@@@std@@QAE@$$QAV?$allocator@D@1@@Z 00426a60 f i TabPage2.obj
 0001:00025ad0       ??$forward@U?$_Wrap_alloc@V?$allocator@D@std@@@std@@@std@@YA$$QAU?$_Wrap_alloc@V?$allocator@D@std@@@0@AAU10@@Z 00426ad0 f i TabPage2.obj
 0001:00025b10       ??$forward@V?$allocator@D@std@@@std@@YA$$QAV?$allocator@D@0@AAV10@@Z 00426b10 f i TabPage2.obj
 0001:00025b50       ??$move@AAU?$_Wrap_alloc@V?$allocator@D@std@@@std@@@std@@YA$$QAU?$_Wrap_alloc@V?$allocator@D@std@@@0@AAU10@@Z 00426b50 f i TabPage2.obj
 0001:00025b90       ??0?$_Wrap_alloc@V?$allocator@D@std@@@std@@QAE@$$QAU01@@Z 00426b90 f i TabPage2.obj
 0001:00025c00       ??0?$allocator@D@std@@QAE@ABV01@@Z 00426c00 f i TabPage2.obj
 0001:00025c40       ??0?$basic_string@DU?$char_traits@D@std@@V?$allocator@D@2@@std@@QAE@ABV01@@Z 00426c40 f i TabPage2.obj
 0001:00025d30       ??0CTabPage2@@QAE@PAVCWnd@@@Z 00426d30 f   TabPage2.obj
 0001:00025e20       ??1CTabPage2@@UAE@XZ       00426e20 f   TabPage2.obj
 0001:00025eb0       ??_ECTabPage2@@UAEPAXI@Z   00426eb0 f i TabPage2.obj
 0001:00025eb0       ??_GCTabPage2@@UAEPAXI@Z   00426eb0 f i TabPage2.obj
 0001:00025f40       ?DoDataExchange@CTabPage2@@MAEXPAVCDataExchange@@@Z 00426f40 f   TabPage2.obj
 0001:00025ff0       ?GetMessageMap@CTabPage2@@MBEPBUAFX_MSGMAP@@XZ 00426ff0 f   TabPage2.obj
 0001:00026040       ?GetRuntimeClass@CTabPage2@@UBEPAUCRuntimeClass@@XZ 00427040 f   TabPage2.obj
 0001:00026080       ?GetThisClass@CTabPage2@@SGPAUCRuntimeClass@@XZ 00427080 f   TabPage2.obj
 0001:000260c0       ?GetThisMessageMap@CTabPage2@@KGPBUAFX_MSGMAP@@XZ 004270c0 f   TabPage2.obj
 0001:00026100       ?OnInitDialog@CTabPage2@@UAEHXZ 00427100 f   TabPage2.obj
 0001:00026490       ?_GetBaseClass@CTabPage2@@KGPAUCRuntimeClass@@XZ 00427490 f   TabPage2.obj
 0001:000264e0       ?append@?$basic_string@DU?$char_traits@D@std@@V?$allocator@D@2@@std@@QAEAAV12@ABV12@II@Z 004274e0 f i TabPage2.obj
 0001:00026600       ?append@?$basic_string@DU?$char_traits@D@std@@V?$allocator@D@2@@std@@QAEAAV12@PBD@Z 00427600 f i TabPage2.obj
 0001:00026690       ?append@?$basic_string@DU?$char_traits@D@std@@V?$allocator@D@2@@std@@QAEAAV12@PBDI@Z 00427690 f i TabPage2.obj
 0001:00026800       ?compare@?$char_traits@D@std@@SAHPBD0I@Z 00427800 f i TabPage2.obj
 0001:00026880       ?eq@?$char_traits@D@std@@SA_NABD0@Z 00427880 f i TabPage2.obj
 0001:000268f0       ?find_last_of@?$basic_string@DU?$char_traits@D@std@@V?$allocator@D@2@@std@@QBEIDI@Z 004278f0 f i TabPage2.obj
 0001:00026950       ?rfind@?$basic_string@DU?$char_traits@D@std@@V?$allocator@D@2@@std@@QBEIPBDII@Z 00427950 f i TabPage2.obj
 0001:00026b10       ?select_on_container_copy_construction@?$_Wrap_alloc@V?$allocator@D@std@@@std@@QBE?AU12@U_Nil@2@@Z 00427b10 f i TabPage2.obj
 0001:00026b80       ?select_on_container_copy_construction@?$allocator_traits@V?$allocator@D@std@@@std@@SA?AV?$allocator@D@2@ABV32@@Z 00427b80 f i TabPage2.obj
 0001:00026bd2       ??3@YAXPAX@Z               00427bd2 f   mfc140d:mfc140d.dll
 0001:00026bd8       ?GetThisMessageMap@CDialogEx@@KGPBUAFX_MSGMAP@@XZ 00427bd8 f   mfc140d:mfc140d.dll
 0001:00026bde       ??3CObject@@SGXPAX@Z       00427bde f   mfc140d:mfc140d.dll
 0001:00026be4       ?Serialize@CObject@@UAEXAAVCArchive@@@Z 00427be4 f   mfc140d:mfc140d.dll
 0001:00026bea       ??B?$CSimpleStringT@D$00@ATL@@QBEPBDXZ 00427bea f   mfc140d:mfc140d.dll
 0001:00026bf0       ?Append@?$CSimpleStringT@D$00@ATL@@QAEXPBD@Z 00427bf0 f   mfc140d:mfc140d.dll
 0001:00026bf6       ?Empty@?$CSimpleStringT@D$00@ATL@@QAEXXZ 00427bf6 f   mfc140d:mfc140d.dll
 0001:00026bfc       ?GetBuffer@?$CSimpleStringT@D$00@ATL@@QAEPADH@Z 00427bfc f   mfc140d:mfc140d.dll
 0001:00026c02       ?GetLength@?$CSimpleStringT@D$00@ATL@@QBEHXZ 00427c02 f   mfc140d:mfc140d.dll
 0001:00026c08       ??0?$CStringT@DV?$StrTraitMFC_DLL@DV?$ChTraitsCRT@D@ATL@@@@@ATL@@QAE@XZ 00427c08 f   mfc140d:mfc140d.dll
 0001:00026c0e       ??1?$CStringT@DV?$StrTraitMFC_DLL@DV?$ChTraitsCRT@D@ATL@@@@@ATL@@QAE@XZ 00427c0e f   mfc140d:mfc140d.dll
 0001:00026c14       ?Format@?$CStringT@DV?$StrTraitMFC_DLL@DV?$ChTraitsCRT@D@ATL@@@@@ATL@@QAAXPBDZZ 00427c14 f   mfc140d:mfc140d.dll
 0001:00026c1a       ??1CBrush@@UAE@XZ          00427c1a f   mfc140d:mfc140d.dll
 0001:00026c20       ?DDX_Control@@YGXPAVCDataExchange@@HAAVCWnd@@@Z 00427c20 f   mfc140d:mfc140d.dll
 0001:00026c26       ?IsInvokeAllowed@CCmdTarget@@UAEHJ@Z 00427c26 f   mfc140d:mfc140d.dll
 0001:00026c2c       ?GetDispatchIID@CCmdTarget@@UAEHPAU_GUID@@@Z 00427c2c f   mfc140d:mfc140d.dll
 0001:00026c32       ?GetTypeInfoCount@CCmdTarget@@UAEIXZ 00427c32 f   mfc140d:mfc140d.dll
 0001:00026c38       ?GetTypeLibCache@CCmdTarget@@UAEPAVCTypeLibCache@@XZ 00427c38 f   mfc140d:mfc140d.dll
 0001:00026c3e       ?GetTypeLib@CCmdTarget@@UAEJKPAPAUITypeLib@@@Z 00427c3e f   mfc140d:mfc140d.dll
 0001:00026c44       ?GetCommandMap@CCmdTarget@@MBEPBUAFX_OLECMDMAP@@XZ 00427c44 f   mfc140d:mfc140d.dll
 0001:00026c4a       ?GetDispatchMap@CCmdTarget@@MBEPBUAFX_DISPMAP@@XZ 00427c4a f   mfc140d:mfc140d.dll
 0001:00026c50       ?GetConnectionMap@CCmdTarget@@MBEPBUAFX_CONNECTIONMAP@@XZ 00427c50 f   mfc140d:mfc140d.dll
 0001:00026c56       ?GetEventSinkMap@CCmdTarget@@MBEPBUAFX_EVENTSINKMAP@@XZ 00427c56 f   mfc140d:mfc140d.dll
 0001:00026c5c       ?OnCreateAggregates@CCmdTarget@@UAEHXZ 00427c5c f   mfc140d:mfc140d.dll
 0001:00026c62       ?GetInterfaceHook@CCmdTarget@@UAEPAUIUnknown@@PBX@Z 00427c62 f   mfc140d:mfc140d.dll
 0001:00026c68       ?GetExtraConnectionPoints@CCmdTarget@@MAEHPAVCPtrArray@@@Z 00427c68 f   mfc140d:mfc140d.dll
 0001:00026c6e       ?GetConnectionHook@CCmdTarget@@MAEPAUIConnectionPoint@@ABU_GUID@@@Z 00427c6e f   mfc140d:mfc140d.dll
 0001:00026c74       ?PreSubclassWindow@CWnd@@UAEXXZ 00427c74 f   mfc140d:mfc140d.dll
 0001:00026c7a       ?Create@CWnd@@UAEHPBD0KABUtagRECT@@PAV1@IPAUCCreateContext@@@Z 00427c7a f   mfc140d:mfc140d.dll
 0001:00026c80       ?CreateEx@CWnd@@UAEHKPBD0KHHHHPAUHWND__@@PAUHMENU__@@PAX@Z 00427c80 f   mfc140d:mfc140d.dll
 0001:00026c86       ?CreateEx@CWnd@@UAEHKPBD0KABUtagRECT@@PAV1@IPAX@Z 00427c86 f   mfc140d:mfc140d.dll
 0001:00026c8c       ?DestroyWindow@CWnd@@UAEHXZ 00427c8c f   mfc140d:mfc140d.dll
 0001:00026c92       ?PreCreateWindow@CWnd@@UAEHAAUtagCREATESTRUCTA@@@Z 00427c92 f   mfc140d:mfc140d.dll
 0001:00026c98       ?CalcWindowRect@CWnd@@UAEXPAUtagRECT@@I@Z 00427c98 f   mfc140d:mfc140d.dll
 0001:00026c9e       ?GetDlgItem@CWnd@@QBEPAV1@H@Z 00427c9e f   mfc140d:mfc140d.dll
 0001:00026ca4       ?GetWindowTextA@CWnd@@QBEXAAV?$CStringT@DV?$StrTraitMFC_DLL@DV?$ChTraitsCRT@D@ATL@@@@@ATL@@@Z 00427ca4 f   mfc140d:mfc140d.dll
 0001:00026caa       ?GetMenu@CWnd@@UBEPAVCMenu@@XZ 00427caa f   mfc140d:mfc140d.dll
 0001:00026cb0       ?SetMenu@CWnd@@UAEHPAVCMenu@@@Z 00427cb0 f   mfc140d:mfc140d.dll
 0001:00026cb6       ?OnToolHitTest@CWnd@@UBEHVCPoint@@PAUtagTOOLINFOA@@@Z 00427cb6 f   mfc140d:mfc140d.dll
 0001:00026cbc       ?GetScrollBarCtrl@CWnd@@UBEPAVCScrollBar@@H@Z 00427cbc f   mfc140d:mfc140d.dll
 0001:00026cc2       ?WinHelpA@CWnd@@UAEXKI@Z   00427cc2 f   mfc140d:mfc140d.dll
 0001:00026cc8       ?HtmlHelpA@CWnd@@UAEXKI@Z  00427cc8 f   mfc140d:mfc140d.dll
 0001:00026cce       ?WinHelpInternal@CWnd@@UAEXKI@Z 00427cce f   mfc140d:mfc140d.dll
 0001:00026cd4       ?ContinueModal@CWnd@@UAEHXZ 00427cd4 f   mfc140d:mfc140d.dll
 0001:00026cda       ?EndModalLoop@CWnd@@UAEXH@Z 00427cda f   mfc140d:mfc140d.dll
 0001:00026ce0       ?OnDrawIconicThumbnailOrLivePreview@CWnd@@UAEXAAVCDC@@VCRect@@VCSize@@HAAH@Z 00427ce0 f   mfc140d:mfc140d.dll
 0001:00026ce6       ?GetInterfaceMap@CWnd@@MBEPBUAFX_INTERFACEMAP@@XZ 00427ce6 f   mfc140d:mfc140d.dll
 0001:00026cec       ?EnsureStdObj@CWnd@@UAEJXZ 00427cec f   mfc140d:mfc140d.dll
 0001:00026cf2       ?get_accParent@CWnd@@UAEJPAPAUIDispatch@@@Z 00427cf2 f   mfc140d:mfc140d.dll
 0001:00026cf8       ?get_accChildCount@CWnd@@UAEJPAJ@Z 00427cf8 f   mfc140d:mfc140d.dll
 0001:00026cfe       ?get_accChild@CWnd@@UAEJUtagVARIANT@@PAPAUIDispatch@@@Z 00427cfe f   mfc140d:mfc140d.dll
 0001:00026d04       ?get_accName@CWnd@@UAEJUtagVARIANT@@PAPA_W@Z 00427d04 f   mfc140d:mfc140d.dll
 0001:00026d0a       ?get_accValue@CWnd@@UAEJUtagVARIANT@@PAPA_W@Z 00427d0a f   mfc140d:mfc140d.dll
 0001:00026d10       ?get_accDescription@CWnd@@UAEJUtagVARIANT@@PAPA_W@Z 00427d10 f   mfc140d:mfc140d.dll
 0001:00026d16       ?get_accRole@CWnd@@UAEJUtagVARIANT@@PAU2@@Z 00427d16 f   mfc140d:mfc140d.dll
 0001:00026d1c       ?get_accState@CWnd@@UAEJUtagVARIANT@@PAU2@@Z 00427d1c f   mfc140d:mfc140d.dll
 0001:00026d22       ?get_accHelp@CWnd@@UAEJUtagVARIANT@@PAPA_W@Z 00427d22 f   mfc140d:mfc140d.dll
 0001:00026d28       ?get_accHelpTopic@CWnd@@UAEJPAPA_WUtagVARIANT@@PAJ@Z 00427d28 f   mfc140d:mfc140d.dll
 0001:00026d2e       ?get_accKeyboardShortcut@CWnd@@UAEJUtagVARIANT@@PAPA_W@Z 00427d2e f   mfc140d:mfc140d.dll
 0001:00026d34       ?get_accFocus@CWnd@@UAEJPAUtagVARIANT@@@Z 00427d34 f   mfc140d:mfc140d.dll
 0001:00026d3a       ?get_accSelection@CWnd@@UAEJPAUtagVARIANT@@@Z 00427d3a f   mfc140d:mfc140d.dll
 0001:00026d40       ?get_accDefaultAction@CWnd@@UAEJUtagVARIANT@@PAPA_W@Z 00427d40 f   mfc140d:mfc140d.dll
 0001:00026d46       ?accSelect@CWnd@@UAEJJUtagVARIANT@@@Z 00427d46 f   mfc140d:mfc140d.dll
 0001:00026d4c       ?accLocation@CWnd@@UAEJPAJ000UtagVARIANT@@@Z 00427d4c f   mfc140d:mfc140d.dll
[...]
 0004:00000780       __imp_?put_accName@CWnd@@UAEJUtagVARIANT@@PA_W@Z 00448780     mfc140d:mfc140d.dll
 0004:00000784       __imp_?accDoDefaultAction@CWnd@@UAEJUtagVARIANT@@@Z 00448784     mfc140d:mfc140d.dll
 0004:00000788       __imp_?accHitTest@CWnd@@UAEJJJPAUtagVARIANT@@@Z 00448788     mfc140d:mfc140d.dll
 0004:0000078c       __imp_?accNavigate@CWnd@@UAEJJUtagVARIANT@@PAU2@@Z 0044878c     mfc140d:mfc140d.dll
 0004:00000790       __imp_?accLocation@CWnd@@UAEJPAJ000UtagVARIANT@@@Z 00448790     mfc140d:mfc140d.dll
 0004:00000794       __imp_?accSelect@CWnd@@UAEJJUtagVARIANT@@@Z 00448794     mfc140d:mfc140d.dll
 0004:00000798       __imp_?get_accDefaultAction@CWnd@@UAEJUtagVARIANT@@PAPA_W@Z 00448798     mfc140d:mfc140d.dll
 0004:0000079c       __imp_?get_accSelection@CWnd@@UAEJPAUtagVARIANT@@@Z 0044879c     mfc140d:mfc140d.dll
 0004:000007a0       __imp_?get_accFocus@CWnd@@UAEJPAUtagVARIANT@@@Z 004487a0     mfc140d:mfc140d.dll
 0004:000007a4       __imp_?get_accKeyboardShortcut@CWnd@@UAEJUtagVARIANT@@PAPA_W@Z 004487a4     mfc140d:mfc140d.dll
 0004:000007a8       __imp_?get_accHelpTopic@CWnd@@UAEJPAPA_WUtagVARIANT@@PAJ@Z 004487a8     mfc140d:mfc140d.dll
 0004:000007ac       __imp_?get_accHelp@CWnd@@UAEJUtagVARIANT@@PAPA_W@Z 004487ac     mfc140d:mfc140d.dll
 0004:000007b0       __imp_?get_accState@CWnd@@UAEJUtagVARIANT@@PAU2@@Z 004487b0     mfc140d:mfc140d.dll
 0004:000007b4       __imp_?get_accRole@CWnd@@UAEJUtagVARIANT@@PAU2@@Z 004487b4     mfc140d:mfc140d.dll
 0004:000007b8       __imp_?get_accDescription@CWnd@@UAEJUtagVARIANT@@PAPA_W@Z 004487b8     mfc140d:mfc140d.dll
 0004:000007bc       __imp_?get_accValue@CWnd@@UAEJUtagVARIANT@@PAPA_W@Z 004487bc     mfc140d:mfc140d.dll
 0004:000007c0       __imp_?get_accName@CWnd@@UAEJUtagVARIANT@@PAPA_W@Z 004487c0     mfc140d:mfc140d.dll
 0004:000007c4       __imp_?get_accChild@CWnd@@UAEJUtagVARIANT@@PAPAUIDispatch@@@Z 004487c4     mfc140d:mfc140d.dll
 0004:000007c8       __imp_?get_accChildCount@CWnd@@UAEJPAJ@Z 004487c8     mfc140d:mfc140d.dll
 0004:000007cc       __imp_?get_accParent@CWnd@@UAEJPAPAUIDispatch@@@Z 004487cc     mfc140d:mfc140d.dll
 0004:000007d0       __imp_?EnsureStdObj@CWnd@@UAEJXZ 004487d0     mfc140d:mfc140d.dll
 0004:000007d4       __imp_?GetInterfaceMap@CWnd@@MBEPBUAFX_INTERFACEMAP@@XZ 004487d4     mfc140d:mfc140d.dll
 0004:000007d8       __imp_?OnDrawIconicThumbnailOrLivePreview@CWnd@@UAEXAAVCDC@@VCRect@@VCSize@@HAAH@Z 004487d8     mfc140d:mfc140d.dll
 0004:000007dc       __imp_?EndModalLoop@CWnd@@UAEXH@Z 004487dc     mfc140d:mfc140d.dll
 0004:000007e0       __imp_?ContinueModal@CWnd@@UAEHXZ 004487e0     mfc140d:mfc140d.dll
 0004:000007e4       __imp_?WinHelpInternal@CWnd@@UAEXKI@Z 004487e4     mfc140d:mfc140d.dll
 0004:000007e8       __imp_?HtmlHelpA@CWnd@@UAEXKI@Z 004487e8     mfc140d:mfc140d.dll
 0004:000007ec       __imp_?WinHelpA@CWnd@@UAEXKI@Z 004487ec     mfc140d:mfc140d.dll
 0004:000007f0       __imp_?GetScrollBarCtrl@CWnd@@UBEPAVCScrollBar@@H@Z 004487f0     mfc140d:mfc140d.dll
 0004:000007f4       __imp_?OnToolHitTest@CWnd@@UBEHVCPoint@@PAUtagTOOLINFOA@@@Z 004487f4     mfc140d:mfc140d.dll
 0004:000007f8       __imp_?SetMenu@CWnd@@UAEHPAVCMenu@@@Z 004487f8     mfc140d:mfc140d.dll
 0004:000007fc       __imp_?GetMenu@CWnd@@UBEPAVCMenu@@XZ 004487fc     mfc140d:mfc140d.dll
 0004:00000800       __imp_?GetWindowTextA@CWnd@@QBEXAAV?$CStringT@DV?$StrTraitMFC_DLL@DV?$ChTraitsCRT@D@ATL@@@@@ATL@@@Z 00448800     mfc140d:mfc140d.dll
 0004:00000804       __imp_?GetDlgItem@CWnd@@QBEPAV1@H@Z 00448804     mfc140d:mfc140d.dll
 0004:00000808       __imp_?CalcWindowRect@CWnd@@UAEXPAUtagRECT@@I@Z 00448808     mfc140d:mfc140d.dll
 0004:0000080c       __imp_?PreCreateWindow@CWnd@@UAEHAAUtagCREATESTRUCTA@@@Z 0044880c     mfc140d:mfc140d.dll
 0004:00000810       __imp_?DestroyWindow@CWnd@@UAEHXZ 00448810     mfc140d:mfc140d.dll
 0004:00000814       __imp_?CreateEx@CWnd@@UAEHKPBD0KABUtagRECT@@PAV1@IPAX@Z 00448814     mfc140d:mfc140d.dll
 0004:00000818       __imp_?CreateEx@CWnd@@UAEHKPBD0KHHHHPAUHWND__@@PAUHMENU__@@PAX@Z 00448818     mfc140d:mfc140d.dll
 0004:0000081c       __imp_?Create@CWnd@@UAEHPBD0KABUtagRECT@@PAV1@IPAUCCreateContext@@@Z 0044881c     mfc140d:mfc140d.dll
 0004:00000820       __imp_?PreSubclassWindow@CWnd@@UAEXXZ 00448820     mfc140d:mfc140d.dll
 0004:00000824       __imp_?GetConnectionHook@CCmdTarget@@MAEPAUIConnectionPoint@@ABU_GUID@@@Z 00448824     mfc140d:mfc140d.dll
 0004:00000828       __imp_?GetExtraConnectionPoints@CCmdTarget@@MAEHPAVCPtrArray@@@Z 00448828     mfc140d:mfc140d.dll
 0004:0000082c       __imp_?GetInterfaceHook@CCmdTarget@@UAEPAUIUnknown@@PBX@Z 0044882c     mfc140d:mfc140d.dll
 0004:00000830       __imp_?OnCreateAggregates@CCmdTarget@@UAEHXZ 00448830     mfc140d:mfc140d.dll
 0004:00000834       __imp_?GetEventSinkMap@CCmdTarget@@MBEPBUAFX_EVENTSINKMAP@@XZ 00448834     mfc140d:mfc140d.dll
 0004:00000838       __imp_?GetConnectionMap@CCmdTarget@@MBEPBUAFX_CONNECTIONMAP@@XZ 00448838     mfc140d:mfc140d.dll
 0004:0000083c       __imp_?GetDispatchMap@CCmdTarget@@MBEPBUAFX_DISPMAP@@XZ 0044883c     mfc140d:mfc140d.dll
 0004:00000840       __imp_?GetCommandMap@CCmdTarget@@MBEPBUAFX_OLECMDMAP@@XZ 00448840     mfc140d:mfc140d.dll
 0004:00000844       __imp_?GetTypeLib@CCmdTarget@@UAEJKPAPAUITypeLib@@@Z 00448844     mfc140d:mfc140d.dll
 0004:00000848       __imp_?GetTypeLibCache@CCmdTarget@@UAEPAVCTypeLibCache@@XZ 00448848     mfc140d:mfc140d.dll
 0004:0000084c       __imp_?GetTypeInfoCount@CCmdTarget@@UAEIXZ 0044884c     mfc140d:mfc140d.dll
 0004:00000850       __imp_?GetDispatchIID@CCmdTarget@@UAEHPAU_GUID@@@Z 00448850     mfc140d:mfc140d.dll
 0004:00000854       __imp_?IsInvokeAllowed@CCmdTarget@@UAEHJ@Z 00448854     mfc140d:mfc140d.dll
 0004:00000858       __imp_?DDX_Control@@YGXPAVCDataExchange@@HAAVCWnd@@@Z 00448858     mfc140d:mfc140d.dll
 0004:0000085c       __imp_?AfxMessageBox@@YGHPBDII@Z 0044885c     mfc140d:mfc140d.dll
 0004:00000860       __imp_?AfxGetMainWnd@@YGPAVCWnd@@XZ 00448860     mfc140d:mfc140d.dll
 0004:00000864       __imp_??1CEdit@@UAE@XZ     00448864     mfc140d:mfc140d.dll
 0004:00000868       __imp_?SetLimitText@CEdit@@QAEXI@Z 00448868     mfc140d:mfc140d.dll
 0004:0000086c       __imp_??0CEdit@@QAE@XZ     0044886c     mfc140d:mfc140d.dll
 0004:00000870       __imp_?SetCheck@CButton@@QAEXH@Z 00448870     mfc140d:mfc140d.dll
 0004:00000874       __imp_?PreInitDialog@CDialog@@MAEXXZ 00448874     mfc140d:mfc140d.dll
 0004:00000878       __imp_?GetOccDialogInfo@CDialog@@MAEPAU_AFX_OCC_DIALOG_INFO@@XZ 00448878     mfc140d:mfc140d.dll
 0004:0000087c       __imp_??1CBrush@@UAE@XZ    0044887c     mfc140d:mfc140d.dll
 0004:00000880       __imp_?Format@?$CStringT@DV?$StrTraitMFC_DLL@DV?$ChTraitsCRT@D@ATL@@@@@ATL@@QAAXPBDZZ 00448880     mfc140d:mfc140d.dll
 0004:00000884       __imp_??1?$CStringT@DV?$StrTraitMFC_DLL@DV?$ChTraitsCRT@D@ATL@@@@@ATL@@QAE@XZ 00448884     mfc140d:mfc140d.dll
 0004:00000888       __imp_??0?$CStringT@DV?$StrTraitMFC_DLL@DV?$ChTraitsCRT@D@ATL@@@@@ATL@@QAE@XZ 00448888     mfc140d:mfc140d.dll
 0004:0000088c       __imp_?SetOccDialogInfo@CDialog@@MAEHPAU_AFX_OCC_DIALOG_INFO@@@Z 0044888c     mfc140d:mfc140d.dll
 0004:00000890       __imp_?CheckAutoCenter@CDialog@@UAEHXZ 00448890     mfc140d:mfc140d.dll
 0004:00000894       __imp_?OnCmdMsg@CDialog@@UAEHIHPAXPAUAFX_CMDHANDLERINFO@@@Z 00448894     mfc140d:mfc140d.dll
 0004:00000898       __imp_?Dump@CDialog@@UBEXAAVCDumpContext@@@Z 00448898     mfc140d:mfc140d.dll
 0004:0000089c       __imp_?AssertValid@CDialog@@UBEXXZ 0044889c     mfc140d:mfc140d.dll
 0004:000008a0       __imp_??1CDialog@@UAE@XZ   004488a0     mfc140d:mfc140d.dll
 0004:000008a4       __imp_?MoveWindow@CWnd@@QAEXHHHHH@Z 004488a4     mfc140d:mfc140d.dll
 0004:000008a8       __imp_?ShowWindow@CWnd@@QAEHH@Z 004488a8     mfc140d:mfc140d.dll
 0004:000008ac       __imp_?DrawIcon@CDC@@QAEHHHPAUHICON__@@@Z 004488ac     mfc140d:mfc140d.dll
 0004:000008b0       __imp_?SetWindowTextA@CWnd@@QAEXPBD@Z 004488b0     mfc140d:mfc140d.dll
 0004:000008b4       __imp_?GetLength@?$CSimpleStringT@D$00@ATL@@QBEHXZ 004488b4     mfc140d:mfc140d.dll
 0004:000008b8       __imp_?GetBuffer@?$CSimpleStringT@D$00@ATL@@QAEPADH@Z 004488b8     mfc140d:mfc140d.dll
 0004:000008bc       __imp_?Empty@?$CSimpleStringT@D$00@ATL@@QAEXXZ 004488bc     mfc140d:mfc140d.dll
 0004:000008c0       __imp_?Append@?$CSimpleStringT@D$00@ATL@@QAEXPBD@Z 004488c0     mfc140d:mfc140d.dll
 0004:000008c4       __imp_??B?$CSimpleStringT@D$00@ATL@@QBEPBDXZ 004488c4     mfc140d:mfc140d.dll
 0004:000008c8       __imp_?OnCancel@CDialog@@MAEXXZ 004488c8     mfc140d:mfc140d.dll
 0004:000008cc       __imp_?OnOK@CDialog@@MAEXXZ 004488cc     mfc140d:mfc140d.dll
 0004:000008d0       __imp_?OnSetFont@CDialog@@UAEXPAVCFont@@@Z 004488d0     mfc140d:mfc140d.dll
 0004:000008d4       __imp_?OnInitDialog@CDialog@@UAEHXZ 004488d4     mfc140d:mfc140d.dll
 0004:000008d8       __imp_?DoModal@CDialog@@UAEHXZ 004488d8     mfc140d:mfc140d.dll
 0004:000008dc       __imp_?CreateIndirect@CDialog@@UAEHPAXPAVCWnd@@@Z 004488dc     mfc140d:mfc140d.dll
 0004:000008e0       __imp_?CreateIndirect@CDialog@@UAEHPBUDLGTEMPLATE@@PAVCWnd@@PAX@Z 004488e0     mfc140d:mfc140d.dll
 0004:000008e4       __imp_?Create@CDialog@@UAEHIPAVCWnd@@@Z 004488e4     mfc140d:mfc140d.dll
 0004:000008e8       __imp_?Create@CDialog@@UAEHPBDPAVCWnd@@@Z 004488e8     mfc140d:mfc140d.dll
 0004:000008ec       __imp_?CreateControlSite@CWnd@@MAEHPAVCOleControlContainer@@PAPAVCOleControlSite@@IABU_GUID@@@Z 004488ec     mfc140d:mfc140d.dll
 0004:000008f0       __imp_?CreateControlContainer@CWnd@@MAEHPAPAVCOleControlContainer@@@Z 004488f0     mfc140d:mfc140d.dll
 0004:000008f4       __imp_?OnFinalRelease@CWnd@@UAEXXZ 004488f4     mfc140d:mfc140d.dll
 0004:000008f8       __imp_?IsFrameWnd@CWnd@@UBEHXZ 004488f8     mfc140d:mfc140d.dll
 0004:000008fc       __imp_?ResizeDynamicLayout@CWnd@@MAEXXZ 004488fc     mfc140d:mfc140d.dll
 0004:00000900       __imp_?OnGesturePressAndTap@CWnd@@MAEHVCPoint@@J@Z 00448900     mfc140d:mfc140d.dll
 0004:00000904       __imp_?Serialize@CObject@@UAEXAAVCArchive@@@Z 00448904     mfc140d:mfc140d.dll
 0004:00000908       __imp_??3CObject@@SGXPAX@Z 00448908     mfc140d:mfc140d.dll
 0004:0000090c       __imp_?GetThisMessageMap@CDialogEx@@KGPBUAFX_MSGMAP@@XZ 0044890c     mfc140d:mfc140d.dll
 0004:00000910       __imp_?OnGestureTwoFingerTap@CWnd@@MAEHVCPoint@@@Z 00448910     mfc140d:mfc140d.dll
 0004:00000914       __imp_?OnGestureRotate@CWnd@@MAEHVCPoint@@N@Z 00448914     mfc140d:mfc140d.dll
 0004:00000918       __imp_?OnGesturePan@CWnd@@MAEHVCPoint@@0@Z 00448918     mfc140d:mfc140d.dll
 0004:0000091c       __imp_?OnGestureZoom@CWnd@@MAEHVCPoint@@J@Z 0044891c     mfc140d:mfc140d.dll
 0004:00000920       __imp_?GetGestureStatus@CWnd@@MAEKVCPoint@@@Z 00448920     mfc140d:mfc140d.dll
 0004:00000924       __imp_?OnTouchInput@CWnd@@MAEHVCPoint@@HHPAUtagTOUCHINPUT@@@Z 00448924     mfc140d:mfc140d.dll
 0004:00000928       __imp_?OnTouchInputs@CWnd@@MAEHIPAUtagTOUCHINPUT@@@Z 00448928     mfc140d:mfc140d.dll
 0004:0000092c       __imp_??2@YAPAXI@Z         0044892c     mfc140d:mfc140d.dll
 0004:00000930       __imp_?OnShowWindow@CWnd@@IAEXHI@Z 00448930     mfc140d:mfc140d.dll
 0004:00000934       __imp_??4?$CStringT@DV?$StrTraitMFC_DLL@DV?$ChTraitsCRT@D@ATL@@@@@ATL@@QAEAAV01@PBD@Z 00448934     mfc140d:mfc140d.dll
 0004:00000938       __imp_?OnCommand@CDialogEx@@MAEHIJ@Z 00448938     mfc140d:mfc140d.dll
 0004:0000093c       __imp_?PreTranslateMessage@CDialogEx@@UAEHPAUtagMSG@@@Z 0044893c     mfc140d:mfc140d.dll
 0004:00000940       __imp_??0CDialogEx@@QAE@IPAVCWnd@@@Z 00448940     mfc140d:mfc140d.dll
 0004:00000944       __imp_?GetThisClass@CDialogEx@@SGPAUCRuntimeClass@@XZ 00448944     mfc140d:mfc140d.dll
 0004:00000948       __imp_??1CDialogImpl@@MAE@XZ 00448948     mfc140d:mfc140d.dll
 0004:0000094c       __imp_?DeleteAllItems@CListCtrl@@QAEHXZ 0044894c     mfc140d:mfc140d.dll
 0004:00000950       __imp_?InsertItem@CListCtrl@@QAEHHPBD@Z 00448950     mfc140d:mfc140d.dll
 0004:00000954       __imp_?SetItemText@CListCtrl@@QAEHHHPBD@Z 00448954     mfc140d:mfc140d.dll
 0004:00000958       __imp_?SetColumnWidth@CListCtrl@@QAEHHH@Z 00448958     mfc140d:mfc140d.dll
 0004:0000095c       __imp_??0CFileDialog@@QAE@HPBD0K0PAVCWnd@@KH@Z 0044895c     mfc140d:mfc140d.dll
 0004:00000960       __imp_?SetColumn@CListCtrl@@QAEHHPBUtagLVCOLUMNA@@@Z 00448960     mfc140d:mfc140d.dll
 0004:00000964       __imp_?AfxGetModuleState@@YGPAVAFX_MODULE_STATE@@XZ 00448964     mfc140d:mfc140d.dll
 0004:00000968       __imp_?OnChildNotify@CWnd@@MAEHIIJPAJ@Z 00448968     mfc140d:mfc140d.dll
 0004:0000096c       __imp_?PostNcDestroy@CWnd@@MAEXXZ 0044896c     mfc140d:mfc140d.dll
 0004:00000970       __imp_?DefWindowProcA@CWnd@@MAEJIIJ@Z 00448970     mfc140d:mfc140d.dll
 0004:00000974       __imp_?OnWndMsg@CWnd@@MAEHIIJPAJ@Z 00448974     mfc140d:mfc140d.dll
 0004:00000978       __imp_?WindowProc@CWnd@@MAEJIIJ@Z 00448978     mfc140d:mfc140d.dll
 0004:0000097c       __imp_?OnAmbientProperty@CWnd@@UAEHPAVCOleControlSite@@JPAUtagVARIANT@@@Z 0044897c     mfc140d:mfc140d.dll
 0004:00000980       __imp_??1CFile@@UAE@XZ     00448980     mfc140d:mfc140d.dll
 0004:00000984       __imp_?EndModalState@CWnd@@UAEXXZ 00448984     mfc140d:mfc140d.dll
 0004:00000988       __imp_?InitLibId@CWinApp@@UAEXXZ 00448988     mfc140d:mfc140d.dll
 0004:0000098c       __imp_??3@YAXPAX@Z         0044898c     mfc140d:mfc140d.dll
 0004:00000990       __imp_??_U@YAPAXI@Z        00448990     mfc140d:mfc140d.dll
 0004:00000994       __imp_?_AfxSocketInit@@YGHPAUWSAData@@@Z 00448994     mfc140d:mfc140d.dll
 0004:00000998       __imp_?AfxWinMain@@YGHPAUHINSTANCE__@@0PADH@Z 00448998     mfc140d:mfc140d.dll
 0004:0000099c       \177mfc140d_NULL_THUNK_DATA 0044899c     mfc140d:mfc140d.dll
 0004:00000ac4       __imp__strcat              00448ac4     ucrtd:ucrtbased.dll
 0004:00000ac8       __imp___mbsrchr            00448ac8     ucrtd:ucrtbased.dll
 0004:00000acc       __imp__strcat_s            00448acc     ucrtd:ucrtbased.dll
 0004:00000ad0       __imp__strcmp              00448ad0     ucrtd:ucrtbased.dll
 0004:00000ad4       __imp___mbscmp             00448ad4     ucrtd:ucrtbased.dll
 0004:00000ad8       __imp__setlocale           00448ad8     ucrtd:ucrtbased.dll
 0004:00000adc       __imp___CrtDbgReport       00448adc     ucrtd:ucrtbased.dll
 0004:00000ae0       __imp___seh_filter_dll     00448ae0     ucrtd:ucrtbased.dll
 0004:00000ae4       __imp___configure_narrow_argv 00448ae4     ucrtd:ucrtbased.dll
 0004:00000ae8       __imp___initialize_narrow_environment 00448ae8     ucrtd:ucrtbased.dll
 0004:00000aec       __imp___initialize_onexit_table 00448aec     ucrtd:ucrtbased.dll
 0004:00000af0       __imp___register_onexit_function 00448af0     ucrtd:ucrtbased.dll
 0004:00000af4       __imp___execute_onexit_table 00448af4     ucrtd:ucrtbased.dll
 0004:00000af8       __imp___crt_atexit         00448af8     ucrtd:ucrtbased.dll
 0004:00000afc       __imp___crt_at_quick_exit  00448afc     ucrtd:ucrtbased.dll
 0004:00000b00       __imp___cexit              00448b00     ucrtd:ucrtbased.dll
 0004:00000b04       __imp___seh_filter_exe     00448b04     ucrtd:ucrtbased.dll
 0004:00000b08       __imp___set_app_type       00448b08     ucrtd:ucrtbased.dll
 0004:00000b0c       __imp____setusermatherr    00448b0c     ucrtd:ucrtbased.dll
 0004:00000b10       __imp___get_narrow_winmain_command_line 00448b10     ucrtd:ucrtbased.dll
 0004:00000b14       __imp___initterm           00448b14     ucrtd:ucrtbased.dll
 0004:00000b18       __imp___initterm_e         00448b18     ucrtd:ucrtbased.dll
 0004:00000b1c       __imp___exit               00448b1c     ucrtd:ucrtbased.dll
 0004:00000b20       __imp___set_fmode          00448b20     ucrtd:ucrtbased.dll
 0004:00000b24       __imp___c_exit             00448b24     ucrtd:ucrtbased.dll
 0004:00000b28       __imp___register_thread_local_exe_atexit_callback 00448b28     ucrtd:ucrtbased.dll
 0004:00000b2c       __imp___configthreadlocale 00448b2c     ucrtd:ucrtbased.dll
 0004:00000b30       __imp___set_new_mode       00448b30     ucrtd:ucrtbased.dll
 0004:00000b34       __imp____p__commode        00448b34     ucrtd:ucrtbased.dll
 0004:00000b38       __imp__terminate           00448b38     ucrtd:ucrtbased.dll
 0004:00000b3c       __imp____stdio_common_vsprintf_s 00448b3c     ucrtd:ucrtbased.dll
 0004:00000b40       __imp___controlfp_s        00448b40     ucrtd:ucrtbased.dll
 0004:00000b44       __imp___wmakepath_s        00448b44     ucrtd:ucrtbased.dll
 0004:00000b48       __imp___wsplitpath_s       00448b48     ucrtd:ucrtbased.dll
 0004:00000b4c       __imp___recalloc           00448b4c     ucrtd:ucrtbased.dll
 0004:00000b50       __imp__malloc              00448b50     ucrtd:ucrtbased.dll
 0004:00000b54       __imp__free                00448b54     ucrtd:ucrtbased.dll
 0004:00000b58       __imp____stdio_common_vsnprintf_s 00448b58     ucrtd:ucrtbased.dll
 0004:00000b5c       __imp____stdio_common_vsprintf 00448b5c     ucrtd:ucrtbased.dll
 0004:00000b60       __imp__wcslen              00448b60     ucrtd:ucrtbased.dll
 0004:00000b64       __imp___beginthreadex      00448b64     ucrtd:ucrtbased.dll
 0004:00000b68       __imp__strlen              00448b68     ucrtd:ucrtbased.dll
 0004:00000b6c       __imp___errno              00448b6c     ucrtd:ucrtbased.dll
 0004:00000b70       __imp___invalid_parameter_noinfo 00448b70     ucrtd:ucrtbased.dll
 0004:00000b74       __imp___invalid_parameter  00448b74     ucrtd:ucrtbased.dll
 0004:00000b78       __imp___CrtDbgReportW      00448b78     ucrtd:ucrtbased.dll
 0004:00000b7c       __imp____stdio_common_vswprintf_s 00448b7c     ucrtd:ucrtbased.dll
 0004:00000b80       __imp___setmbcp            00448b80     ucrtd:ucrtbased.dll
 0004:00000b84       __imp__wcscpy_s            00448b84     ucrtd:ucrtbased.dll
 0004:00000b88       __imp__exit                00448b88     ucrtd:ucrtbased.dll
 0004:00000b8c       \177ucrtbased_NULL_THUNK_DATA 00448b8c     ucrtd:ucrtbased.dll
 0004:00000be0       __IMPORT_DESCRIPTOR_mfc140d 00448be0     mfc140d:mfc140d.dll
 0004:00000bf4       __IMPORT_DESCRIPTOR_KERNEL32 00448bf4     kernel32:KERNEL32.dll
 0004:00000c08       __IMPORT_DESCRIPTOR_USER32 00448c08     user32:USER32.dll
 0004:00000c1c       __IMPORT_DESCRIPTOR_GDI32  00448c1c     gdi32:GDI32.dll
 0004:00000c30       __IMPORT_DESCRIPTOR_COMCTL32 00448c30     comctl32:COMCTL32.dll
 0004:00000c44       __IMPORT_DESCRIPTOR_SHLWAPI 00448c44     shlwapi:SHLWAPI.dll
 0004:00000c58       __IMPORT_DESCRIPTOR_OLEAUT32 00448c58     oleaut32:OLEAUT32.dll
 0004:00000c6c       __IMPORT_DESCRIPTOR_gdiplus 00448c6c     gdiplus:gdiplus.dll
 0004:00000c80       __IMPORT_DESCRIPTOR_WS2_32 00448c80     ws2_32:WS2_32.dll
 0004:00000c94       __IMPORT_DESCRIPTOR_Disassembler 00448c94     Disassembler:Disassembler.dll
 0004:00000ca8       __IMPORT_DESCRIPTOR_Dump   00448ca8     Dump:Dump.dll
 0004:00000cbc       __IMPORT_DESCRIPTOR_PELib  00448cbc     PELib:PELib.dll
 0004:00000cd0       __IMPORT_DESCRIPTOR_16Edit 00448cd0     16Edit:16Edit.DLL
 0004:00000ce4       __IMPORT_DESCRIPTOR_MSVCP140D 00448ce4     msvcprtd:MSVCP140D.dll
 0004:00000cf8       __IMPORT_DESCRIPTOR_VCRUNTIME140D 00448cf8     vcruntimed:VCRUNTIME140D.dll
 0004:00000d0c       __IMPORT_DESCRIPTOR_ucrtbased 00448d0c     ucrtd:ucrtbased.dll
 0004:00000d20       __NULL_IMPORT_DESCRIPTOR   00448d20     mfc140d:mfc140d.dll
 0007:00000000       __tls_start                0044d000     msvcrtd:tlssup.obj
 0007:00000104       __Init_thread_epoch        0044d104     msvcrtd:thread_safe_statics.obj
 0007:00000208       __tls_end                  0044d208     msvcrtd:tlssup.obj
 0008:00000000       ___guard_check_icall_fptr  0044e000     msvcrtd:guard_support.obj
