 PETOOLS

 Timestamp is 5f520de8 (Fri Sep  4 17:50:32 2020)

 Preferred load address is 00400000

 Start         Length     Name                   Class
 0001:00000000 00007290H .text$di                CODE
 0001:00007290 000658b0H .text$mn                CODE
 0001:0006cb40 00005a30H .text$x                 CODE
 0001:00072570 00001467H .text$yd                CODE
 0002:00000000 00000104H .CRT$XCA                DATA
 0002:00000104 00000104H .CRT$XCAA               DATA
 0002:00000208 0000010cH .CRT$XCL                DATA
 0002:00000314 0000018cH .CRT$XCU                DATA
 0002:000004a0 00000104H .CRT$XCZ                DATA
 0002:000005a4 00000104H .CRT$XIA                DATA
 0002:000006a8 00000104H .CRT$XIAA               DATA
 0002:000007ac 00000104H .CRT$XIAC               DATA
 0002:000008b0 00000104H .CRT$XIC                DATA
 0002:000009b4 00000104H .CRT$XIZ                DATA
 0002:00000ab8 00000004H .CRT$XLA                DATA
 0002:00000abc 00000004H .CRT$XLZ                DATA
 0002:00000ac0 00000104H .CRT$XPA                DATA
 0002:00000bc4 00000104H .CRT$XPZ                DATA
 0002:00000cc8 00000104H .CRT$XTA                DATA
 0002:00000dcc 00000104H .CRT$XTZ                DATA
 0002:00000ed0 00012490H .rdata                  DATA
 0002:00013360 0000011cH .rdata$T                DATA
 0002:0001347c 000011a4H .rdata$r                DATA
 0002:00014620 00000564H .rdata$sxdata           DATA
 0002:00014b84 0000016cH .rdata$zzzdbg           DATA
 0002:00014cf0 00000104H .rtc$IAA                DATA
 0002:00014df4 000001acH .rtc$IMZ                DATA
 0002:00014fa0 00000104H .rtc$IZZ                DATA
 0002:000150a4 00000104H .rtc$TAA                DATA
 0002:000151a8 000001acH .rtc$TMZ                DATA
 0002:00015354 00000104H .rtc$TZZ                DATA
 0002:00015458 000043c8H .xdata$x                DATA
 0002:00019820 00000104H ATL$__a                 DATA
 0002:00019924 00000104H ATL$__z                 DATA
 0002:00019a28 00000000H .edata                  DATA
 0003:00000000 0000032cH .data                   DATA
 0003:0000032c 0000072cH .data$r                 DATA
 0003:00000a58 000045acH .bss                    DATA
 0004:00000000 00000c14H .idata$5                DATA
 0004:00000c14 0000012cH .idata$2                DATA
 0004:00000d40 00000014H .idata$3                DATA
 0004:00000d54 00000c14H .idata$4                DATA
 0004:00001968 000011b9H .idata$6                DATA
 0005:00000000 00000108H .tls                    DATA
 0005:00000108 00000139H .tls$                   DATA
 0005:00000241 00000101H .tls$ZZZ                DATA
 0006:00000000 00000239H .gfids$y                DATA
 0007:00000000 00000104H .00cfg                  DATA
 0008:00000000 00000104H .giats$y                DATA
 0009:00000000 00000a60H .rsrc$01                DATA
 0009:00000a60 00019793H .rsrc$02                DATA

  Address         Publics by Value              Rva+Base       Lib:Object

 0000:00000000       ___guard_longjmp_count     00000000     <absolute>
 0000:00000000       ___guard_iat_table         00000000     <absolute>
 0000:00000000       ___guard_iat_count         00000000     <absolute>
 0000:00000000       ___dynamic_value_reloc_table 00000000     <absolute>
 0000:00000000       ___guard_longjmp_table     00000000     <absolute>
 0000:00000000       ___guard_fids_table        00000000     <absolute>
 0000:00000000       ___guard_fids_count        00000000     <absolute>
 0000:0000002c       __tls_array                0000002c     <absolute>
 0000:000000ea       ___safe_se_handler_count   000000ea     <absolute>
 0000:00000100       ___guard_flags             00000100     <absolute>
 0000:00000000       ___ImageBase               00400000     <linker-defined>
 0001:00007290       ??$__vcrt_va_start_verify_argument_type@QBD@@YAXXZ 00408290 f i asmserv.obj
 0001:000072b6       __mbscmp                   004082b6 f   ucrtd:ucrtbased.dll
 0001:000072c0       ?Decodeaddress@@YAHKPADH0@Z 004082c0 f   asmserv.obj
 0001:000072e8       ?GetWindowTextA@CWnd@@QBEHPADH@Z 004082e8 f   mfc140d:mfc140d.dll
 0001:000072f0       ?Disassembleback@@YAKPADKKKH@Z 004082f0 f   asmserv.obj
 0001:00007510       __tcscmp                   00408510 f i PETOOLSDlg.obj
 0001:000075a0       ?Disassembleforward@@YAKPADKKKH@Z 004085a0 f   asmserv.obj
 0001:00007730       ?Isfilling@@YAHKPADKK@Z    00408730 f   asmserv.obj
 0001:00007a30       ?Print3dnow@@YAHPAD0@Z     00408a30 f   asmserv.obj
 0001:00007af0       ?Printfloat10@@YAHPADO@Z   00408af0 f   asmserv.obj
 0001:00007f10       ?Printfloat4@@YAHPADM@Z    00408f10 f   asmserv.obj
 0001:00008070       ?Printfloat8@@YAHPADN@Z    00409070 f   asmserv.obj
 0001:00008210       ___local_stdio_printf_options 00409210 f i asmserv.obj
 0001:00008250       __vsnprintf_l              00409250 f i asmserv.obj
 0001:00008300       __vsprintf_l               00409300 f i asmserv.obj
 0001:00008360       _sprintf                   00409360 f i asmserv.obj
 0001:000083e0       ??$_strupr_s@$0BAA@@@YAHAAY0BAA@D@Z 004093e0 f i assembl.obj
 0001:00008440       ?Assemble@@YAHPADKPAUt_asmmodel@@HH0@Z 00409440 f   assembl.obj
 0001:0000b190       ?OnBnClickedMfcbutton5@CPETOOLSDlg@@QAEXXZ 0040c190 f   PETOOLSDlg.obj
 0001:0000b4d0       ?OnDisa@CPETOOLSDlg@@QAEXXZ 0040c4d0 f   PETOOLSDlg.obj
 0001:0000b5d0       ?OnEncryptImportTable@CPETOOLSDlg@@QAEXXZ 0040c5d0 f   PETOOLSDlg.obj
 0001:0000b710       ?OnSaveAs@CPETOOLSDlg@@QAEXXZ 0040c710 f   PETOOLSDlg.obj
 0001:0000b900       ?OnPosCalc@CPETOOLSDlg@@QAEXXZ 0040c900 f   PETOOLSDlg.obj
 0001:0000ba50       ?EnumChildProc@CPETOOLSDlg@@SGHPAUHWND__@@J@Z 0040ca50 f   PETOOLSDlg.obj
 0001:0000bb50       ?SetControlUI@CPETOOLSDlg@@QAEXQADPAVCMFCButton@@PAD@Z 0040cb50 f   PETOOLSDlg.obj
 0001:0000c9f0       ?OnInitDialog@CPETOOLSDlg@@MAEHXZ 0040d9f0 f   PETOOLSDlg.obj
 0001:0000e580       ??1CPETOOLSDlg@@UAE@XZ     0040f580 f   PETOOLSDlg.obj
 0001:0000eb90       _powl                      0040fb90 f i assembl.obj
 0001:0000ec00       ??$__vcrt_va_start_verify_argument_type@PBD@@YAXXZ 0040fc00 f i disasm.obj
 0001:0000ec30       ??$sprintf_s@$0BAA@@@YAHAAY0BAA@DPBDZZ 0040fc30 f i disasm.obj
 0001:0000eca0       ?Checkcondition@@YAHHK@Z   0040fca0 f   disasm.obj
 0001:00011b90       ?Disasm@@YAKPADKKPAUt_disasm@@H@Z 00412b90 f   disasm.obj
 0001:000141b0       ??0CPETOOLSDlg@@QAE@PAVCWnd@@@Z 004151b0 f   PETOOLSDlg.obj
 0001:00015300       __vsprintf_s_l             00416300 f i disasm.obj
 0001:000153b0       _vsprintf_s                004163b0 f i disasm.obj
 0001:00015410       ??0Ini@@QAE@XZ             00416410 f   Ini.obj
 0001:00015470       ??1Ini@@QAE@XZ             00416470 f   Ini.obj
 0001:000154b0       ?GetIntKey@Ini@@QAEHPAD00@Z 004164b0 f   Ini.obj
 0001:00015580       ?GetPath@Ini@@QAEPADXZ     00416580 f   Ini.obj
 0001:000155c0       ?GetStrKey@Ini@@QAEXPAD000@Z 004165c0 f   Ini.obj
 0001:000156a0       ?strrchr@@YAPADQADH@Z      004166a0 f i Ini.obj
 0001:00015700       ??$?0AAU?$_Wrap_alloc@V?$allocator@D@std@@@std@@@?$_Wrap_alloc@V?$allocator@U_Container_proxy@std@@@std@@@std@@QAE@AAU?$_Wrap_alloc@V?$allocator@D@std@@@1@@Z 00416700 f i DebugLog.obj
 0001:00015770       ??$?0D@?$allocator@U_Container_proxy@std@@@std@@QAE@ABV?$allocator@D@1@@Z 00416770 f i DebugLog.obj
 0001:000157b0       ??$?6DU?$char_traits@D@std@@V?$allocator@D@1@@Log4zStream@log4z@zsummer@@QAEAAV012@ABV?$basic_string@DU?$char_traits@D@std@@V?$allocator@D@2@@std@@@Z 004167b0 f i DebugLog.obj
 0001:00015820       ??$_Unfancy@D@std@@YAPADPAD@Z 00416820 f i DebugLog.obj
 0001:00015860       ??$addressof@PAD@std@@YAPAPADAAPAD@Z 00416860 f i DebugLog.obj
 0001:000158a0       ??$addressof@U_Container_proxy@std@@@std@@YAPAU_Container_proxy@0@AAU10@@Z 004168a0 f i DebugLog.obj
 0001:000158e0       ??$destroy@PAD@?$_Wrap_alloc@V?$allocator@D@std@@@std@@QAEXPAPAD@Z 004168e0 f i DebugLog.obj
 0001:00015940       ??$destroy@PAD@?$allocator@D@std@@QAEXPAPAD@Z 00416940 f i DebugLog.obj
 0001:00015980       ??$destroy@PAD@?$allocator_traits@V?$allocator@D@std@@@std@@SAXAAV?$allocator@D@1@PAPAD@Z 00416980 f i DebugLog.obj
 0001:000159d0       ??$destroy@U_Container_proxy@std@@@?$_Wrap_alloc@V?$allocator@U_Container_proxy@std@@@std@@@std@@QAEXPAU_Container_proxy@1@@Z 004169d0 f i DebugLog.obj
 0001:00015a30       ??$destroy@U_Container_proxy@std@@@?$allocator@U_Container_proxy@std@@@std@@QAEXPAU_Container_proxy@1@@Z 00416a30 f i DebugLog.obj
 0001:00015a70       ??$destroy@U_Container_proxy@std@@@?$allocator_traits@V?$allocator@U_Container_proxy@std@@@std@@@std@@SAXAAV?$allocator@U_Container_proxy@std@@@1@PAU_Container_proxy@1@@Z 00416a70 f i DebugLog.obj
 0001:00015ac0       ??$forward@AAU?$_Wrap_alloc@V?$allocator@D@std@@@std@@@std@@YAAAU?$_Wrap_alloc@V?$allocator@D@std@@@0@AAU10@@Z 00416ac0 f i DebugLog.obj
 0001:00015b00       ??0Log4zBinary@log4z@zsummer@@QAE@PBXI@Z 00416b00 f i DebugLog.obj
 0001:00015b50       ??0Log4zStream@log4z@zsummer@@QAE@PADH@Z 00416b50 f i DebugLog.obj
 0001:00015bc0       ??1?$_Compressed_pair@U?$_Wrap_alloc@V?$allocator@D@std@@@std@@V?$_String_val@U?$_Simple_types@D@std@@@2@$00@std@@QAE@XZ 00416bc0 f i DebugLog.obj
 0001:00015c10       ??1?$_String_alloc@U?$_String_base_types@DV?$allocator@D@std@@@std@@@std@@QAE@XZ 00416c10 f i DebugLog.obj
 0001:00015ca0       ??1?$_String_val@U?$_Simple_types@D@std@@@std@@QAE@XZ 00416ca0 f i DebugLog.obj
 0001:00015d00       ??1?$basic_string@DU?$char_traits@D@std@@V?$allocator@D@2@@std@@QAE@XZ 00416d00 f i DebugLog.obj
 0001:00015da0       ??1_Bxty@?$_String_val@U?$_Simple_types@D@std@@@std@@QAE@XZ 00416da0 f i DebugLog.obj
 0001:00015de0       ??1_Container_base12@std@@QAE@XZ 00416de0 f i DebugLog.obj
 0001:00015e70       ??6Log4zStream@log4z@zsummer@@QAEAAV012@ABVLog4zBinary@12@@Z 00416e70 f i DebugLog.obj
 0001:00015ed0       ??6Log4zStream@log4z@zsummer@@QAEAAV012@PBD@Z 00416ed0 f i DebugLog.obj
 0001:00015f30       ??6Log4zStream@log4z@zsummer@@QAEAAV012@PBX@Z 00416f30 f i DebugLog.obj
 0001:00015f90       ?DebugLog@SurrealDebugLog@@YAXABV?$basic_string@DU?$char_traits@D@std@@V?$allocator@D@2@@std@@@Z 00416f90 f   DebugLog.obj
 0001:000161d0       ?DebugLog@SurrealDebugLog@@YAXABV?$basic_string@DU?$char_traits@D@std@@V?$allocator@D@2@@std@@V23@@Z 004171d0 f   DebugLog.obj
 0001:00016480       ?DebugLogHex@SurrealDebugLog@@YAXABV?$basic_string@DU?$char_traits@D@std@@V?$allocator@D@2@@std@@AAV23@I@Z 00417480 f   DebugLog.obj
 0001:00016700       ?_Bx@?$_String_alloc@U?$_String_base_types@DV?$allocator@D@std@@@std@@@std@@QAEAAT_Bxty@?$_String_val@U?$_Simple_types@D@std@@@2@XZ 00417700 f i DebugLog.obj
 0001:00016760       ?_Deallocate@std@@YAXPAXII@Z 00417760 f i DebugLog.obj
 0001:00016b80       ?_Eos@?$basic_string@DU?$char_traits@D@std@@V?$allocator@D@2@@std@@QAEXI@Z 00417b80 f i DebugLog.obj
 0001:00016c10       ?_Free_proxy@?$_String_alloc@U?$_String_base_types@DV?$allocator@D@std@@@std@@@std@@QAEXXZ 00417c10 f i DebugLog.obj
 0001:00016d00       ?_Get_data@?$_String_alloc@U?$_String_base_types@DV?$allocator@D@std@@@std@@@std@@QAEAAV?$_String_val@U?$_Simple_types@D@std@@@2@XZ 00417d00 f i DebugLog.obj
 0001:00016d50       ?_Get_data@?$_String_alloc@U?$_String_base_types@DV?$allocator@D@std@@@std@@@std@@QBEABV?$_String_val@U?$_Simple_types@D@std@@@2@XZ 00417d50 f i DebugLog.obj
 0001:00016da0       ?_Get_first@?$_Compressed_pair@U?$_Wrap_alloc@V?$allocator@D@std@@@std@@V?$_String_val@U?$_Simple_types@D@std@@@2@$00@std@@QAEAAU?$_Wrap_alloc@V?$allocator@D@std@@@2@XZ 00417da0 f i DebugLog.obj
 0001:00016de0       ?_Get_second@?$_Compressed_pair@U?$_Wrap_alloc@V?$allocator@D@std@@@std@@V?$_String_val@U?$_Simple_types@D@std@@@2@$00@std@@QAEAAV?$_String_val@U?$_Simple_types@D@std@@@2@XZ 00417de0 f i DebugLog.obj
 0001:00016e20       ?_Get_second@?$_Compressed_pair@U?$_Wrap_alloc@V?$allocator@D@std@@@std@@V?$_String_val@U?$_Simple_types@D@std@@@2@$00@std@@QBEABV?$_String_val@U?$_Simple_types@D@std@@@2@XZ 00417e20 f i DebugLog.obj
 0001:00016e60       ?_Getal@?$_String_alloc@U?$_String_base_types@DV?$allocator@D@std@@@std@@@std@@QAEAAU?$_Wrap_alloc@V?$allocator@D@std@@@2@XZ 00417e60 f i DebugLog.obj
 0001:00016eb0       ?_Myproxy@?$_String_alloc@U?$_String_base_types@DV?$allocator@D@std@@@std@@@std@@QAEAAPAU_Container_proxy@2@XZ 00417eb0 f i DebugLog.obj
 0001:00016f00       ?_Myptr@?$_String_alloc@U?$_String_base_types@DV?$allocator@D@std@@@std@@@std@@QBEPBDXZ 00417f00 f i DebugLog.obj
 0001:00016f60       ?_Myptr@?$_String_val@U?$_Simple_types@D@std@@@std@@QAEPADXZ 00417f60 f i DebugLog.obj
 0001:00016ff0       ?_Myptr@?$_String_val@U?$_Simple_types@D@std@@@std@@QBEPBDXZ 00417ff0 f i DebugLog.obj
 0001:00017080       ?_Myres@?$_String_alloc@U?$_String_base_types@DV?$allocator@D@std@@@std@@@std@@QAEAAIXZ 00418080 f i DebugLog.obj
 0001:000170e0       ?_Mysize@?$_String_alloc@U?$_String_base_types@DV?$allocator@D@std@@@std@@@std@@QBEABIXZ 004180e0 f i DebugLog.obj
 0001:00017140       ?_Orphan_all@?$_String_alloc@U?$_String_base_types@DV?$allocator@D@std@@@std@@@std@@QAEXXZ 00418140 f i DebugLog.obj
 0001:000171a0       ?_Orphan_all@_Container_base12@std@@QAEXXZ 004181a0 f i DebugLog.obj
 0001:000172b0       ?_Tidy@?$basic_string@DU?$char_traits@D@std@@V?$allocator@D@2@@std@@QAEX_NI@Z 004182b0 f i DebugLog.obj
 0001:000173d0       ?__empty_global_delete@@YAXPAX@Z 004183d0 f i DebugLog.obj
 0001:00017400       ?__global_delete@@YAXPAXI@Z 00418400 f i DebugLog.obj
 0001:00017400       ?__empty_global_delete@@YAXPAXI@Z 00418400 f i DebugLog.obj
 0001:00017430       ?address@?$_Wrap_alloc@V?$allocator@U_Container_proxy@std@@@std@@@std@@QBEPAU_Container_proxy@2@AAU32@@Z 00418430 f i DebugLog.obj
 0001:00017490       ?assign@?$char_traits@D@std@@SAXAADABD@Z 00418490 f i DebugLog.obj
 0001:000174d0       ?c_str@?$basic_string@DU?$char_traits@D@std@@V?$allocator@D@2@@std@@QBEPBDXZ 004184d0 f i DebugLog.obj
 0001:00017560       ?copy@?$char_traits@D@std@@SAPADPADPBDI@Z 00418560 f i DebugLog.obj
 0001:000175e0       ?deallocate@?$_Wrap_alloc@V?$allocator@D@std@@@std@@QAEXPADI@Z 004185e0 f i DebugLog.obj
 0001:00017640       ?deallocate@?$_Wrap_alloc@V?$allocator@U_Container_proxy@std@@@std@@@std@@QAEXPAU_Container_proxy@2@I@Z 00418640 f i DebugLog.obj
 0001:000176a0       ?deallocate@?$allocator@D@std@@QAEXPADI@Z 004186a0 f i DebugLog.obj
 0001:00017700       ?deallocate@?$allocator@U_Container_proxy@std@@@std@@QAEXPAU_Container_proxy@2@I@Z 00418700 f i DebugLog.obj
 0001:00017760       ?getCurrentLen@Log4zStream@log4z@zsummer@@QAEHXZ 00418760 f i DebugLog.obj
 0001:000177b0       ?getPtr@ILog4zManager@log4z@zsummer@@SAPAV123@XZ 004187b0 f i DebugLog.obj
 0001:00017800       ?getRef@ILog4zManager@log4z@zsummer@@SAAAV123@XZ 00418800 f i DebugLog.obj
 0001:00017850       ?length@?$basic_string@DU?$char_traits@D@std@@V?$allocator@D@2@@std@@QBEIXZ 00418850 f i DebugLog.obj
 0001:000178b0       ?pointer_to@?$pointer_traits@PAU_Container_proxy@std@@@std@@SAPAU_Container_proxy@2@AAU32@@Z 004188b0 f i DebugLog.obj
 0001:00017900       ?writeBinary@Log4zStream@log4z@zsummer@@QAEAAV123@ABVLog4zBinary@23@@Z 00418900 f i DebugLog.obj
 0001:00017b30       ?writeChar@Log4zStream@log4z@zsummer@@QAEAAV123@D@Z 00418b30 f i DebugLog.obj
 0001:00017bb0       ?writePointer@Log4zStream@log4z@zsummer@@QAEAAV123@PBX@Z 00418bb0 f i DebugLog.obj
 0001:00017c40       ?writeString@Log4zStream@log4z@zsummer@@QAEAAV123@PBD@Z 00418c40 f i DebugLog.obj
 0001:00017cb0       ?writeString@Log4zStream@log4z@zsummer@@QAEAAV123@PBDI@Z 00418cb0 f i DebugLog.obj
 0001:00017d60       ?writeULongLong@Log4zStream@log4z@zsummer@@QAEAAV123@_KHH@Z 00418d60 f i DebugLog.obj
 0001:00018390       ??$?0$$QAV?$basic_string@DU?$char_traits@D@std@@V?$allocator@D@2@@std@@$$Z$$V@?$pair@$$CBV?$basic_string@DU?$char_traits@D@std@@V?$allocator@D@2@@std@@H@std@@QAE@Upiecewise_construct_t@1@V?$tuple@$$QAV?$basic_string@DU?$char_traits@D@std@@V?$allocator@D@2@@std@@@1@V?$tuple@$$V@1@@Z 00419390 f i log4z.obj
 0001:00018410       ??$?0$$V@?$_Compressed_pair@U?$_Wrap_alloc@V?$allocator@D@std@@@std@@V?$_String_val@U?$_Simple_types@D@std@@@2@$00@std@@QAE@U_Zero_then_variadic_args_t@1@@Z 00419410 f i log4z.obj
 0001:00018470       ??$?0$$V@?$_Compressed_pair@U?$_Wrap_alloc@V?$allocator@PAULogData@log4z@zsummer@@@std@@@std@@V?$_Deque_val@U?$_Deque_simple_types@PAULogData@log4z@zsummer@@@std@@@2@$00@std@@QAE@U_Zero_then_variadic_args_t@1@@Z 00419470 f i log4z.obj
 0001:000184d0       ??$?0$$V@?$_Compressed_pair@U?$_Wrap_alloc@V?$allocator@PAULogData@log4z@zsummer@@@std@@@std@@V?$_Vector_val@U?$_Simple_types@PAULogData@log4z@zsummer@@@std@@@2@$00@std@@QAE@U_Zero_then_variadic_args_t@1@@Z 004194d0 f i log4z.obj
 0001:00018530       ??$?0$$V@?$_Compressed_pair@U?$_Wrap_alloc@V?$allocator@U?$_List_node@U?$pair@_JV?$basic_string@DU?$char_traits@D@std@@V?$allocator@D@2@@std@@@std@@PAX@std@@@std@@@std@@V?$_List_val@U?$_List_simple_types@U?$pair@_JV?$basic_string@DU?$char_traits@D@std@@V?$allocator@D@2@@std@@@std@@@std@@@2@$00@std@@QAE@U_Zero_then_variadic_args_t@1@@Z 00419530 f i log4z.obj
 0001:00018590       ??$?0$$V@?$_Compressed_pair@U?$_Wrap_alloc@V?$allocator@U?$_Tree_node@U?$pair@$$CBV?$basic_string@DU?$char_traits@D@std@@V?$allocator@D@2@@std@@H@std@@PAX@std@@@std@@@std@@V?$_Tree_val@U?$_Tree_simple_types@U?$pair@$$CBV?$basic_string@DU?$char_traits@D@std@@V?$allocator@D@2@@std@@H@std@@@std@@@2@$00@std@@QAE@U_Zero_then_variadic_args_t@1@@Z 00419590 f i log4z.obj
 0001:000185f0       ??$?0$$V@?$_Compressed_pair@U?$_Wrap_alloc@V?$allocator@U?$_Tree_node@U?$pair@$$CBV?$basic_string@DU?$char_traits@D@std@@V?$allocator@D@2@@std@@ULoggerInfo@log4z@zsummer@@@std@@PAX@std@@@std@@@std@@V?$_Tree_val@U?$_Tree_simple_types@U?$pair@$$CBV?$basic_string@DU?$char_traits@D@std@@V?$allocator@D@2@@std@@ULoggerInfo@log4z@zsummer@@@std@@@std@@@2@$00@std@@QAE@U_Zero_then_variadic_args_t@1@@Z 004195f0 f i log4z.obj
 0001:00018650       ??$?0AAU?$_Wrap_alloc@V?$allocator@PAULogData@log4z@zsummer@@@std@@@std@@@?$_Wrap_alloc@V?$allocator@PAPAULogData@log4z@zsummer@@@std@@@std@@QAE@AAU?$_Wrap_alloc@V?$allocator@PAULogData@log4z@zsummer@@@std@@@1@@Z 00419650 f i log4z.obj
 0001:000186c0       ??$?0AAU?$_Wrap_alloc@V?$allocator@PAULogData@log4z@zsummer@@@std@@@std@@@?$_Wrap_alloc@V?$allocator@U_Container_proxy@std@@@std@@@std@@QAE@AAU?$_Wrap_alloc@V?$allocator@PAULogData@log4z@zsummer@@@std@@@1@@Z 004196c0 f i log4z.obj
 0001:00018730       ??$?0AAU?$_Wrap_alloc@V?$allocator@U?$_List_node@U?$pair@_JV?$basic_string@DU?$char_traits@D@std@@V?$allocator@D@2@@std@@@std@@PAX@std@@@std@@@std@@@?$_Wrap_alloc@V?$allocator@U_Container_proxy@std@@@std@@@std@@QAE@AAU?$_Wrap_alloc@V?$allocator@U?$_List_node@U?$pair@_JV?$basic_string@DU?$char_traits@D@std@@V?$allocator@D@2@@std@@@std@@PAX@std@@@std@@@1@@Z 00419730 f i log4z.obj
 0001:000187a0       ??$?0AAU?$_Wrap_alloc@V?$allocator@U?$_Tree_node@U?$pair@$$CBV?$basic_string@DU?$char_traits@D@std@@V?$allocator@D@2@@std@@H@std@@PAX@std@@@std@@@std@@@?$_Wrap_alloc@V?$allocator@U_Container_proxy@std@@@std@@@std@@QAE@AAU?$_Wrap_alloc@V?$allocator@U?$_Tree_node@U?$pair@$$CBV?$basic_string@DU?$char_traits@D@std@@V?$allocator@D@2@@std@@H@std@@PAX@std@@@std@@@1@@Z 004197a0 f i log4z.obj
 0001:00018810       ??$?0AAU?$_Wrap_alloc@V?$allocator@U?$_Tree_node@U?$pair@$$CBV?$basic_string@DU?$char_traits@D@std@@V?$allocator@D@2@@std@@ULoggerInfo@log4z@zsummer@@@std@@PAX@std@@@std@@@std@@@?$_Wrap_alloc@V?$allocator@U_Container_proxy@std@@@std@@@std@@QAE@AAU?$_Wrap_alloc@V?$allocator@U?$_Tree_node@U?$pair@$$CBV?$basic_string@DU?$char_traits@D@std@@V?$allocator@D@2@@std@@ULoggerInfo@log4z@zsummer@@@std@@PAX@std@@@std@@@1@@Z 00419810 f i log4z.obj
 0001:00018880       ??$?0AAV?$_Tree_iterator@V?$_Tree_val@U?$_Tree_simple_types@U?$pair@$$CBV?$basic_string@DU?$char_traits@D@std@@V?$allocator@D@2@@std@@H@std@@@std@@@std@@@std@@_NX$0A@@?$pair@V?$_Tree_iterator@V?$_Tree_val@U?$_Tree_simple_types@U?$pair@$$CBV?$basic_string@DU?$char_traits@D@std@@V?$allocator@D@2@@std@@H@std@@@std@@@std@@@std@@_N@std@@QAE@AAV?$_Tree_iterator@V?$_Tree_val@U?$_Tree_simple_types@U?$pair@$$CBV?$basic_string@DU?$char_traits@D@std@@V?$allocator@D@2@@std@@H@std@@@std@@@std@@@1@$$QA_N@Z 00419880 f i log4z.obj
 0001:00018900       ??$?0AAV?$_Tree_iterator@V?$_Tree_val@U?$_Tree_simple_types@U?$pair@$$CBV?$basic_string@DU?$char_traits@D@std@@V?$allocator@D@2@@std@@ULoggerInfo@log4z@zsummer@@@std@@@std@@@std@@@std@@_NX$0A@@?$pair@V?$_Tree_iterator@V?$_Tree_val@U?$_Tree_simple_types@U?$pair@$$CBV?$basic_string@DU?$char_traits@D@std@@V?$allocator@D@2@@std@@ULoggerInfo@log4z@zsummer@@@std@@@std@@@std@@@std@@_N@std@@QAE@AAV?$_Tree_iterator@V?$_Tree_val@U?$_Tree_simple_types@U?$pair@$$CBV?$basic_string@DU?$char_traits@D@std@@V?$allocator@D@2@@std@@ULoggerInfo@log4z@zsummer@@@std@@@std@@@std@@@1@$$QA_N@Z 00419900 f i log4z.obj
 0001:00018980       ??$?0AAV?$basic_string@DU?$char_traits@D@std@@V?$allocator@D@2@@std@@AAULoggerInfo@log4z@zsummer@@X$0A@@?$pair@V?$basic_string@DU?$char_traits@D@std@@V?$allocator@D@2@@std@@ULoggerInfo@log4z@zsummer@@@std@@QAE@AAV?$basic_string@DU?$char_traits@D@std@@V?$allocator@D@2@@1@AAULoggerInfo@log4z@zsummer@@@Z 00419980 f i log4z.obj
 0001:00018a50       ??$?0ABU?$less@V?$basic_string@DU?$char_traits@D@std@@V?$allocator@D@2@@std@@@std@@U_Zero_then_variadic_args_t@1@@?$_Compressed_pair@U?$less@V?$basic_string@DU?$char_traits@D@std@@V?$allocator@D@2@@std@@@std@@V?$_Compressed_pair@U?$_Wrap_alloc@V?$allocator@U?$_Tree_node@U?$pair@$$CBV?$basic_string@DU?$char_traits@D@std@@V?$allocator@D@2@@std@@H@std@@PAX@std@@@std@@@std@@V?$_Tree_val@U?$_Tree_simple_types@U?$pair@$$CBV?$basic_string@DU?$char_traits@D@std@@V?$allocator@D@2@@std@@H@std@@@std@@@2@$00@2@$00@std@@QAE@U_One_then_variadic_args_t@1@ABU?$less@V?$basic_string@DU?$char_traits@D@std@@V?$allocator@D@2@@std@@@1@$$QAU_Zero_then_variadic_args_t@1@@Z 00419a50 f i log4z.obj
 0001:00018ad0       ??$?0ABU?$less@V?$basic_string@DU?$char_traits@D@std@@V?$allocator@D@2@@std@@@std@@U_Zero_then_variadic_args_t@1@@?$_Compressed_pair@U?$less@V?$basic_string@DU?$char_traits@D@std@@V?$allocator@D@2@@std@@@std@@V?$_Compressed_pair@U?$_Wrap_alloc@V?$allocator@U?$_Tree_node@U?$pair@$$CBV?$basic_string@DU?$char_traits@D@std@@V?$allocator@D@2@@std@@ULoggerInfo@log4z@zsummer@@@std@@PAX@std@@@std@@@std@@V?$_Tree_val@U?$_Tree_simple_types@U?$pair@$$CBV?$basic_string@DU?$char_traits@D@std@@V?$allocator@D@2@@std@@ULoggerInfo@log4z@zsummer@@@std@@@std@@@2@$00@2@$00@std@@QAE@U_One_then_variadic_args_t@1@ABU?$less@V?$basic_string@DU?$char_traits@D@std@@V?$allocator@D@2@@std@@@1@$$QAU_Zero_then_variadic_args_t@1@@Z 00419ad0 f i log4z.obj
 0001:00018b50       ??$?0ABV?$allocator@D@std@@$$V@?$_Compressed_pair@U?$_Wrap_alloc@V?$allocator@D@std@@@std@@V?$_String_val@U?$_Simple_types@D@std@@@2@$00@std@@QAE@U_One_then_variadic_args_t@1@ABV?$allocator@D@1@@Z 00419b50 f i log4z.obj
 0001:00018bc0       ??$?0ABV?$allocator@D@std@@@?$_Wrap_alloc@V?$allocator@D@std@@@std@@QAE@ABV?$allocator@D@1@@Z 00419bc0 f i log4z.obj
 0001:00018c30       ??$?0ABV?$allocator@D@std@@X@?$_String_alloc@U?$_String_base_types@DV?$allocator@D@std@@@std@@@std@@QAE@ABV?$allocator@D@1@@Z 00419c30 f i log4z.obj
 0001:00018cf0       ??$?0ABV?$basic_string@DU?$char_traits@D@std@@V?$allocator@D@2@@std@@$$Z$$V@?$pair@$$CBV?$basic_string@DU?$char_traits@D@std@@V?$allocator@D@2@@std@@H@std@@QAE@Upiecewise_construct_t@1@V?$tuple@ABV?$basic_string@DU?$char_traits@D@std@@V?$allocator@D@2@@std@@@1@V?$tuple@$$V@1@@Z 00419cf0 f i log4z.obj
 0001:00018d70       ??$?0ABV?$basic_string@DU?$char_traits@D@std@@V?$allocator@D@2@@std@@$0A@@?$tuple@ABV?$basic_string@DU?$char_traits@D@std@@V?$allocator@D@2@@std@@@std@@QAE@ABV?$basic_string@DU?$char_traits@D@std@@V?$allocator@D@2@@1@@Z 00419d70 f i log4z.obj
 0001:00018df0       ??$?0ABV?$basic_string@DU?$char_traits@D@std@@V?$allocator@D@2@@std@@@?$_Tuple_val@ABV?$basic_string@DU?$char_traits@D@std@@V?$allocator@D@2@@std@@@std@@QAE@ABV?$basic_string@DU?$char_traits@D@std@@V?$allocator@D@2@@1@@Z 00419df0 f i log4z.obj
 0001:00018e50       ??$?0PAULogData@log4z@zsummer@@@?$allocator@PAPAULogData@log4z@zsummer@@@std@@QAE@ABV?$allocator@PAULogData@log4z@zsummer@@@1@@Z 00419e50 f i log4z.obj
 0001:00018e90       ??$?0PAULogData@log4z@zsummer@@@?$allocator@U_Container_proxy@std@@@std@@QAE@ABV?$allocator@PAULogData@log4z@zsummer@@@1@@Z 00419e90 f i log4z.obj
 0001:00018ed0       ??$?0U?$_List_node@U?$pair@_JV?$basic_string@DU?$char_traits@D@std@@V?$allocator@D@2@@std@@@std@@PAX@std@@@?$allocator@U_Container_proxy@std@@@std@@QAE@ABV?$allocator@U?$_List_node@U?$pair@_JV?$basic_string@DU?$char_traits@D@std@@V?$allocator@D@2@@std@@@std@@PAX@std@@@1@@Z 00419ed0 f i log4z.obj
 0001:00018f10       ??$?0U?$_Tree_node@U?$pair@$$CBV?$basic_string@DU?$char_traits@D@std@@V?$allocator@D@2@@std@@H@std@@PAX@std@@@?$allocator@U_Container_proxy@std@@@std@@QAE@ABV?$allocator@U?$_Tree_node@U?$pair@$$CBV?$basic_string@DU?$char_traits@D@std@@V?$allocator@D@2@@std@@H@std@@PAX@std@@@1@@Z 00419f10 f i log4z.obj
 0001:00018f50       ??$?0U?$_Tree_node@U?$pair@$$CBV?$basic_string@DU?$char_traits@D@std@@V?$allocator@D@2@@std@@ULoggerInfo@log4z@zsummer@@@std@@PAX@std@@@?$allocator@U_Container_proxy@std@@@std@@QAE@ABV?$allocator@U?$_Tree_node@U?$pair@$$CBV?$basic_string@DU?$char_traits@D@std@@V?$allocator@D@2@@std@@ULoggerInfo@log4z@zsummer@@@std@@PAX@std@@@1@@Z 00419f50 f i log4z.obj
 0001:00018f90       ??$?0U?$_Wrap_alloc@V?$allocator@D@std@@@std@@$$V@?$_Compressed_pair@U?$_Wrap_alloc@V?$allocator@D@std@@@std@@V?$_String_val@U?$_Simple_types@D@std@@@2@$00@std@@QAE@U_One_then_variadic_args_t@1@$$QAU?$_Wrap_alloc@V?$allocator@D@std@@@1@@Z 00419f90 f i log4z.obj
 0001:00019000       ??$?0U?$_Wrap_alloc@V?$allocator@D@std@@@std@@X@?$_String_alloc@U?$_String_base_types@DV?$allocator@D@std@@@std@@@std@@QAE@$$QAU?$_Wrap_alloc@V?$allocator@D@std@@@1@@Z 0041a000 f i log4z.obj
 0001:000190c0       ??$?0U?$_Wrap_alloc@V?$allocator@U?$_List_node@U?$pair@_JV?$basic_string@DU?$char_traits@D@std@@V?$allocator@D@2@@std@@@std@@PAX@std@@@std@@@std@@$$V@?$_Compressed_pair@U?$_Wrap_alloc@V?$allocator@U?$_List_node@U?$pair@_JV?$basic_string@DU?$char_traits@D@std@@V?$allocator@D@2@@std@@@std@@PAX@std@@@std@@@std@@V?$_List_val@U?$_List_simple_types@U?$pair@_JV?$basic_string@DU?$char_traits@D@std@@V?$allocator@D@2@@std@@@std@@@std@@@2@$00@std@@QAE@U_One_then_variadic_args_t@1@$$QAU?$_Wrap_alloc@V?$allocator@U?$_List_node@U?$pair@_JV?$basic_string@DU?$char_traits@D@std@@V?$allocator@D@2@@std@@@std@@PAX@std@@@std@@@1@@Z 0041a0c0 f i log4z.obj
 0001:00019130       ??$?0U?$_Wrap_alloc@V?$allocator@U?$_List_node@U?$pair@_JV?$basic_string@DU?$char_traits@D@std@@V?$allocator@D@2@@std@@@std@@PAX@std@@@std@@@std@@X@?$_List_alloc@U?$_List_base_types@U?$pair@_JV?$basic_string@DU?$char_traits@D@std@@V?$allocator@D@2@@std@@@std@@V?$allocator@U?$pair@_JV?$basic_string@DU?$char_traits@D@std@@V?$allocator@D@2@@std@@@std@@@2@@std@@@std@@QAE@$$QAU?$_Wrap_alloc@V?$allocator@U?$_List_node@U?$pair@_JV?$basic_string@DU?$char_traits@D@std@@V?$allocator@D@2@@std@@@std@@PAX@std@@@std@@@1@@Z 0041a130 f i log4z.obj
 0001:00019260       ??$?0U?$_Wrap_alloc@V?$allocator@U?$_List_node@U?$pair@_JV?$basic_string@DU?$char_traits@D@std@@V?$allocator@D@2@@std@@@std@@PAX@std@@@std@@@std@@X@?$_List_buy@U?$pair@_JV?$basic_string@DU?$char_traits@D@std@@V?$allocator@D@2@@std@@@std@@V?$allocator@U?$pair@_JV?$basic_string@DU?$char_traits@D@std@@V?$allocator@D@2@@std@@@std@@@2@@std@@QAE@$$QAU?$_Wrap_alloc@V?$allocator@U?$_List_node@U?$pair@_JV?$basic_string@DU?$char_traits@D@std@@V?$allocator@D@2@@std@@@std@@PAX@std@@@std@@@1@@Z 0041a260 f i log4z.obj
 0001:000192d0       ??$?0U_Exact_args_t@std@@$0A@@?$tuple@$$V@std@@QAE@U_Exact_args_t@1@@Z 0041a2d0 f i log4z.obj
 0001:00019310       ??$?0V?$_Tree_iterator@V?$_Tree_val@U?$_Tree_simple_types@U?$pair@$$CBV?$basic_string@DU?$char_traits@D@std@@V?$allocator@D@2@@std@@H@std@@@std@@@std@@@std@@_NX$0A@@?$pair@V?$_Tree_iterator@V?$_Tree_val@U?$_Tree_simple_types@U?$pair@$$CBV?$basic_string@DU?$char_traits@D@std@@V?$allocator@D@2@@std@@H@std@@@std@@@std@@@std@@_N@std@@QAE@$$QAV?$_Tree_iterator@V?$_Tree_val@U?$_Tree_simple_types@U?$pair@$$CBV?$basic_string@DU?$char_traits@D@std@@V?$allocator@D@2@@std@@H@std@@@std@@@std@@@1@$$QA_N@Z 0041a310 f i log4z.obj
 0001:00019390       ??$?0V?$_Tree_iterator@V?$_Tree_val@U?$_Tree_simple_types@U?$pair@$$CBV?$basic_string@DU?$char_traits@D@std@@V?$allocator@D@2@@std@@ULoggerInfo@log4z@zsummer@@@std@@@std@@@std@@@std@@_NX$0A@@?$pair@V?$_Tree_iterator@V?$_Tree_val@U?$_Tree_simple_types@U?$pair@$$CBV?$basic_string@DU?$char_traits@D@std@@V?$allocator@D@2@@std@@ULoggerInfo@log4z@zsummer@@@std@@@std@@@std@@@std@@_N@std@@QAE@$$QAV?$_Tree_iterator@V?$_Tree_val@U?$_Tree_simple_types@U?$pair@$$CBV?$basic_string@DU?$char_traits@D@std@@V?$allocator@D@2@@std@@ULoggerInfo@log4z@zsummer@@@std@@@std@@@std@@@1@$$QA_N@Z 0041a390 f i log4z.obj
 0001:00019410       ??$?0V?$allocator@D@std@@@?$_Wrap_alloc@V?$allocator@D@std@@@std@@QAE@$$QAV?$allocator@D@1@@Z 0041a410 f i log4z.obj
 0001:00019480       ??$?0V?$allocator@U?$_List_node@U?$pair@_JV?$basic_string@DU?$char_traits@D@std@@V?$allocator@D@2@@std@@@std@@PAX@std@@@std@@@?$_Wrap_alloc@V?$allocator@U?$_List_node@U?$pair@_JV?$basic_string@DU?$char_traits@D@std@@V?$allocator@D@2@@std@@@std@@PAX@std@@@std@@@std@@QAE@$$QAV?$allocator@U?$_List_node@U?$pair@_JV?$basic_string@DU?$char_traits@D@std@@V?$allocator@D@2@@std@@@std@@PAX@std@@@1@@Z 0041a480 f i log4z.obj
 0001:000194f0       ??$?0V?$basic_string@DU?$char_traits@D@std@@V?$allocator@D@2@@std@@$$V$0A@@?$tuple@$$QAV?$basic_string@DU?$char_traits@D@std@@V?$allocator@D@2@@std@@@std@@QAE@$$QAV?$basic_string@DU?$char_traits@D@std@@V?$allocator@D@2@@1@@Z 0041a4f0 f i log4z.obj
 0001:00019580       ??$?0V?$basic_string@DU?$char_traits@D@std@@V?$allocator@D@2@@std@@@?$_Tuple_val@$$QAV?$basic_string@DU?$char_traits@D@std@@V?$allocator@D@2@@std@@@std@@QAE@$$QAV?$basic_string@DU?$char_traits@D@std@@V?$allocator@D@2@@1@@Z 0041a580 f i log4z.obj
 0001:000195e0       ??$?0V?$basic_string@DU?$char_traits@D@std@@V?$allocator@D@2@@std@@PBDX$0A@@?$pair@V?$basic_string@DU?$char_traits@D@std@@V?$allocator@D@2@@std@@PBD@std@@QAE@ABV?$basic_string@DU?$char_traits@D@std@@V?$allocator@D@2@@1@ABQBD@Z 0041a5e0 f i log4z.obj
 0001:00019650       ??$?0V?$basic_string@DU?$char_traits@D@std@@V?$allocator@D@2@@std@@PBDX$0A@@?$pair@V?$basic_string@DU?$char_traits@D@std@@V?$allocator@D@2@@std@@V12@@std@@QAE@$$QAU?$pair@V?$basic_string@DU?$char_traits@D@std@@V?$allocator@D@2@@std@@PBD@1@@Z 0041a650 f i log4z.obj
 0001:00019720       ??$?0V?$basic_string@DU?$char_traits@D@std@@V?$allocator@D@2@@std@@ULoggerInfo@log4z@zsummer@@X$0A@@?$pair@$$CBV?$basic_string@DU?$char_traits@D@std@@V?$allocator@D@2@@std@@ULoggerInfo@log4z@zsummer@@@std@@QAE@$$QAU?$pair@V?$basic_string@DU?$char_traits@D@std@@V?$allocator@D@2@@std@@ULoggerInfo@log4z@zsummer@@@1@@Z 0041a720 f i log4z.obj
 0001:000197f0       ??$?0V?$basic_string@DU?$char_traits@D@std@@V?$allocator@D@2@@std@@V01@X$0A@@?$pair@V?$basic_string@DU?$char_traits@D@std@@V?$allocator@D@2@@std@@V12@@std@@QAE@$$QAV?$basic_string@DU?$char_traits@D@std@@V?$allocator@D@2@@1@0@Z 0041a7f0 f i log4z.obj
 0001:00019880       ??$?0V?$tuple@$$QAV?$basic_string@DU?$char_traits@D@std@@V?$allocator@D@2@@std@@@std@@V?$tuple@$$V@1@$0A@$$Z$S@?$pair@$$CBV?$basic_string@DU?$char_traits@D@std@@V?$allocator@D@2@@std@@H@std@@QAE@AAV?$tuple@$$QAV?$basic_string@DU?$char_traits@D@std@@V?$allocator@D@2@@std@@@1@AAV?$tuple@$$V@1@U?$integer_sequence@I$0A@@1@U?$integer_sequence@I$S@1@@Z 0041a880 f i log4z.obj
 0001:00019900       ??$?0V?$tuple@ABV?$basic_string@DU?$char_traits@D@std@@V?$allocator@D@2@@std@@@std@@V?$tuple@$$V@1@$0A@$$Z$S@?$pair@$$CBV?$basic_string@DU?$char_traits@D@std@@V?$allocator@D@2@@std@@H@std@@QAE@AAV?$tuple@ABV?$basic_string@DU?$char_traits@D@std@@V?$allocator@D@2@@std@@@1@AAV?$tuple@$$V@1@U?$integer_sequence@I$0A@@1@U?$integer_sequence@I$S@1@@Z 0041a900 f i log4z.obj
 0001:00019980       ??$?0_JAAV?$basic_string@DU?$char_traits@D@std@@V?$allocator@D@2@@std@@X$0A@@?$pair@_JV?$basic_string@DU?$char_traits@D@std@@V?$allocator@D@2@@std@@@std@@QAE@$$QA_JAAV?$basic_string@DU?$char_traits@D@std@@V?$allocator@D@2@@1@@Z 0041a980 f i log4z.obj
 0001:00019a10       ??$?8DD@std@@YA_NABV?$allocator@D@0@0@Z 0041aa10 f i log4z.obj
 0001:00019a40       ??$?8DU?$char_traits@D@std@@V?$allocator@D@1@@std@@YA_NABV?$basic_string@DU?$char_traits@D@std@@V?$allocator@D@2@@0@0@Z 0041aa40 f i log4z.obj
 0001:00019ac0       ??$?8DU?$char_traits@D@std@@V?$allocator@D@1@@std@@YA_NABV?$basic_string@DU?$char_traits@D@std@@V?$allocator@D@2@@0@PBD@Z 0041aac0 f i log4z.obj
 0001:00019b40       ??$?8PAULogData@log4z@zsummer@@PAU012@@std@@YA_NABV?$allocator@PAULogData@log4z@zsummer@@@0@0@Z 0041ab40 f i log4z.obj
 0001:00019b70       ??$?8V?$allocator@D@std@@V01@@std@@YA_NABU?$_Wrap_alloc@V?$allocator@D@std@@@0@0@Z 0041ab70 f i log4z.obj
 0001:00019bd0       ??$?8V?$allocator@PAULogData@log4z@zsummer@@@std@@V01@@std@@YA_NABU?$_Wrap_alloc@V?$allocator@PAULogData@log4z@zsummer@@@std@@@0@0@Z 0041abd0 f i log4z.obj
 0001:00019c30       ??$?9DU?$char_traits@D@std@@V?$allocator@D@1@@std@@YA_NABV?$basic_string@DU?$char_traits@D@std@@V?$allocator@D@2@@0@0@Z 0041ac30 f i log4z.obj
 0001:00019cb0       ??$?9V?$allocator@D@std@@V01@@std@@YA_NABU?$_Wrap_alloc@V?$allocator@D@std@@@0@0@Z 0041acb0 f i log4z.obj
 0001:00019d30       ??$?9V?$allocator@PAULogData@log4z@zsummer@@@std@@V01@@std@@YA_NABU?$_Wrap_alloc@V?$allocator@PAULogData@log4z@zsummer@@@std@@@0@0@Z 0041ad30 f i log4z.obj
 0001:00019db0       ??$?MDU?$char_traits@D@std@@V?$allocator@D@1@@std@@YA_NABV?$basic_string@DU?$char_traits@D@std@@V?$allocator@D@2@@0@0@Z 0041adb0 f i log4z.obj
 0001:00019e30       ??$_Buynode@ABU?$pair@_JV?$basic_string@DU?$char_traits@D@std@@V?$allocator@D@2@@std@@@std@@@?$_List_buy@U?$pair@_JV?$basic_string@DU?$char_traits@D@std@@V?$allocator@D@2@@std@@@std@@V?$allocator@U?$pair@_JV?$basic_string@DU?$char_traits@D@std@@V?$allocator@D@2@@std@@@std@@@2@@std@@QAEPAU?$_List_node@U?$pair@_JV?$basic_string@DU?$char_traits@D@std@@V?$allocator@D@2@@std@@@std@@PAX@1@PAU21@0ABU?$pair@_JV?$basic_string@DU?$char_traits@D@std@@V?$allocator@D@2@@std@@@1@@Z 0041ae30 f i log4z.obj
 0001:00019f70       ??$_Buynode@ABUpiecewise_construct_t@std@@V?$tuple@$$QAV?$basic_string@DU?$char_traits@D@std@@V?$allocator@D@2@@std@@@2@V?$tuple@$$V@2@@?$_Tree_comp_alloc@V?$_Tmap_traits@V?$basic_string@DU?$char_traits@D@std@@V?$allocator@D@2@@std@@HU?$less@V?$basic_string@DU?$char_traits@D@std@@V?$allocator@D@2@@std@@@2@V?$allocator@U?$pair@$$CBV?$basic_string@DU?$char_traits@D@std@@V?$allocator@D@2@@std@@H@std@@@2@$0A@@std@@@std@@QAEPAU?$_Tree_node@U?$pair@$$CBV?$basic_string@DU?$char_traits@D@std@@V?$allocator@D@2@@std@@H@std@@PAX@1@ABUpiecewise_construct_t@1@$$QAV?$tuple@$$QAV?$basic_string@DU?$char_traits@D@std@@V?$allocator@D@2@@std@@@1@$$QAV?$tuple@$$V@1@@Z 0041af70 f i log4z.obj
 0001:0001a0e0       ??$_Buynode@ABUpiecewise_construct_t@std@@V?$tuple@ABV?$basic_string@DU?$char_traits@D@std@@V?$allocator@D@2@@std@@@2@V?$tuple@$$V@2@@?$_Tree_comp_alloc@V?$_Tmap_traits@V?$basic_string@DU?$char_traits@D@std@@V?$allocator@D@2@@std@@HU?$less@V?$basic_string@DU?$char_traits@D@std@@V?$allocator@D@2@@std@@@2@V?$allocator@U?$pair@$$CBV?$basic_string@DU?$char_traits@D@std@@V?$allocator@D@2@@std@@H@std@@@2@$0A@@std@@@std@@QAEPAU?$_Tree_node@U?$pair@$$CBV?$basic_string@DU?$char_traits@D@std@@V?$allocator@D@2@@std@@H@std@@PAX@1@ABUpiecewise_construct_t@1@$$QAV?$tuple@ABV?$basic_string@DU?$char_traits@D@std@@V?$allocator@D@2@@std@@@1@$$QAV?$tuple@$$V@1@@Z 0041b0e0 f i log4z.obj
 0001:0001a250       ??$_Buynode@U?$pair@V?$basic_string@DU?$char_traits@D@std@@V?$allocator@D@2@@std@@ULoggerInfo@log4z@zsummer@@@std@@@?$_Tree_comp_alloc@V?$_Tmap_traits@V?$basic_string@DU?$char_traits@D@std@@V?$allocator@D@2@@std@@ULoggerInfo@log4z@zsummer@@U?$less@V?$basic_string@DU?$char_traits@D@std@@V?$allocator@D@2@@std@@@2@V?$allocator@U?$pair@$$CBV?$basic_string@DU?$char_traits@D@std@@V?$allocator@D@2@@std@@ULoggerInfo@log4z@zsummer@@@std@@@2@$0A@@std@@@std@@QAEPAU?$_Tree_node@U?$pair@$$CBV?$basic_string@DU?$char_traits@D@std@@V?$allocator@D@2@@std@@ULoggerInfo@log4z@zsummer@@@std@@PAX@1@$$QAU?$pair@V?$basic_string@DU?$char_traits@D@std@@V?$allocator@D@2@@std@@ULoggerInfo@log4z@zsummer@@@1@@Z 0041b250 f i log4z.obj
 0001:0001a3a0       ??$_Buynode@U?$pair@_JV?$basic_string@DU?$char_traits@D@std@@V?$allocator@D@2@@std@@@std@@@?$_List_buy@U?$pair@_JV?$basic_string@DU?$char_traits@D@std@@V?$allocator@D@2@@std@@@std@@V?$allocator@U?$pair@_JV?$basic_string@DU?$char_traits@D@std@@V?$allocator@D@2@@std@@@std@@@2@@std@@QAEPAU?$_List_node@U?$pair@_JV?$basic_string@DU?$char_traits@D@std@@V?$allocator@D@2@@std@@@std@@PAX@1@PAU21@0$$QAU?$pair@_JV?$basic_string@DU?$char_traits@D@std@@V?$allocator@D@2@@std@@@1@@Z 0041b3a0 f i log4z.obj
 0001:0001a4e0       ??$_Buynode_if_nil@AAU?$pair@$$CBV?$basic_string@DU?$char_traits@D@std@@V?$allocator@D@2@@std@@H@std@@@?$_Tree@V?$_Tmap_traits@V?$basic_string@DU?$char_traits@D@std@@V?$allocator@D@2@@std@@HU?$less@V?$basic_string@DU?$char_traits@D@std@@V?$allocator@D@2@@std@@@2@V?$allocator@U?$pair@$$CBV?$basic_string@DU?$char_traits@D@std@@V?$allocator@D@2@@std@@H@std@@@2@$0A@@std@@@std@@IAEPAU?$_Tree_node@U?$pair@$$CBV?$basic_string@DU?$char_traits@D@std@@V?$allocator@D@2@@std@@H@std@@PAX@1@PAU21@AAU?$pair@$$CBV?$basic_string@DU?$char_traits@D@std@@V?$allocator@D@2@@std@@H@1@@Z 0041b4e0 f i log4z.obj
 0001:0001a520       ??$_Buynode_if_nil@AAU?$pair@$$CBV?$basic_string@DU?$char_traits@D@std@@V?$allocator@D@2@@std@@ULoggerInfo@log4z@zsummer@@@std@@@?$_Tree@V?$_Tmap_traits@V?$basic_string@DU?$char_traits@D@std@@V?$allocator@D@2@@std@@ULoggerInfo@log4z@zsummer@@U?$less@V?$basic_string@DU?$char_traits@D@std@@V?$allocator@D@2@@std@@@2@V?$allocator@U?$pair@$$CBV?$basic_string@DU?$char_traits@D@std@@V?$allocator@D@2@@std@@ULoggerInfo@log4z@zsummer@@@std@@@2@$0A@@std@@@std@@IAEPAU?$_Tree_node@U?$pair@$$CBV?$basic_string@DU?$char_traits@D@std@@V?$allocator@D@2@@std@@ULoggerInfo@log4z@zsummer@@@std@@PAX@1@PAU21@AAU?$pair@$$CBV?$basic_string@DU?$char_traits@D@std@@V?$allocator@D@2@@std@@ULoggerInfo@log4z@zsummer@@@1@@Z 0041b520 f i log4z.obj
 0001:0001a560       ??$_Const_cast@$$CBD@std@@YA@PBD@Z 0041b560 f i log4z.obj
 0001:0001a5a0       ??$_Copy_memmove@PAPAPAULogData@log4z@zsummer@@PAPAPAU123@@std@@YAPAPAPAULogData@log4z@zsummer@@PAPAPAU123@00@Z 0041b5a0 f i log4z.obj
 0001:0001a630       ??$_Copy_memmove@PAPAULogData@log4z@zsummer@@PAPAU123@@std@@YAPAPAULogData@log4z@zsummer@@PAPAU123@00@Z 0041b630 f i log4z.obj
 0001:0001a6c0       ??$_Debug_lt_pred@AAU?$less@V?$basic_string@DU?$char_traits@D@std@@V?$allocator@D@2@@std@@@std@@AAV?$basic_string@DU?$char_traits@D@std@@V?$allocator@D@2@@2@ABV32@@std@@YA_NAAU?$less@V?$basic_string@DU?$char_traits@D@std@@V?$allocator@D@2@@std@@@0@AAV?$basic_string@DU?$char_traits@D@std@@V?$allocator@D@2@@0@ABV20@PB_WI@Z 0041b6c0 f i log4z.obj
 0001:0001a7a0       ??$_Debug_lt_pred@AAU?$less@V?$basic_string@DU?$char_traits@D@std@@V?$allocator@D@2@@std@@@std@@ABV?$basic_string@DU?$char_traits@D@std@@V?$allocator@D@2@@2@ABV32@@std@@YA_NAAU?$less@V?$basic_string@DU?$char_traits@D@std@@V?$allocator@D@2@@std@@@0@ABV?$basic_string@DU?$char_traits@D@std@@V?$allocator@D@2@@0@1PB_WI@Z 0041b7a0 f i log4z.obj
 0001:0001a880       ??$_Debug_lt_pred@ABU?$less@V?$basic_string@DU?$char_traits@D@std@@V?$allocator@D@2@@std@@@std@@ABV?$basic_string@DU?$char_traits@D@std@@V?$allocator@D@2@@2@ABV32@@std@@YA_NABU?$less@V?$basic_string@DU?$char_traits@D@std@@V?$allocator@D@2@@std@@@0@ABV?$basic_string@DU?$char_traits@D@std@@V?$allocator@D@2@@0@1PB_WI@Z 0041b880 f i log4z.obj
 0001:0001a960       ??$_Debug_pointer@$$CBD@std@@YAXPBDPB_WI@Z 0041b960 f i log4z.obj
 0001:0001a9d0       ??$_Debug_pointer@V?$_String_iterator@V?$_String_val@U?$_Simple_types@D@std@@@std@@@std@@@std@@YAXAAV?$_String_iterator@V?$_String_val@U?$_Simple_types@D@std@@@std@@@0@PB_WI@Z 0041b9d0 f i log4z.obj
 0001:0001aa00       ??$_Debug_pointer_if@$$A6AHH@Z@std@@YAX_NP6AHH@ZPB_WI@Z 0041ba00 f i log4z.obj
 0001:0001aa80       ??$_Debug_pointer_if@$$CBD@std@@YAX_NPBDPB_WI@Z 0041ba80 f i log4z.obj
 0001:0001ab00       ??$_Debug_range2@V?$_List_const_iterator@V?$_List_val@U?$_List_simple_types@U?$pair@_JV?$basic_string@DU?$char_traits@D@std@@V?$allocator@D@2@@std@@@std@@@std@@@std@@@std@@@std@@YAXV?$_List_const_iterator@V?$_List_val@U?$_List_simple_types@U?$pair@_JV?$basic_string@DU?$char_traits@D@std@@V?$allocator@D@2@@std@@@std@@@std@@@std@@@0@0PB_WIUinput_iterator_tag@0@@Z 0041bb00 f i log4z.obj
 0001:0001abb0       ??$_Debug_range@V?$_List_const_iterator@V?$_List_val@U?$_List_simple_types@U?$pair@_JV?$basic_string@DU?$char_traits@D@std@@V?$allocator@D@2@@std@@@std@@@std@@@std@@@std@@@std@@YAXV?$_List_const_iterator@V?$_List_val@U?$_List_simple_types@U?$pair@_JV?$basic_string@DU?$char_traits@D@std@@V?$allocator@D@2@@std@@@std@@@std@@@std@@@0@0PB_WI@Z 0041bbb0 f i log4z.obj
 0001:0001acd0       ??$_Debug_range_ptr2@V?$_String_iterator@V?$_String_val@U?$_Simple_types@D@std@@@std@@@std@@V12@@std@@YAXV?$_String_iterator@V?$_String_val@U?$_Simple_types@D@std@@@std@@@0@0AAV10@PB_WIUrandom_access_iterator_tag@0@@Z 0041bcd0 f i log4z.obj
 0001:0001ae10       ??$_Debug_range_ptr@V?$_String_iterator@V?$_String_val@U?$_Simple_types@D@std@@@std@@@std@@V12@@std@@YAXV?$_String_iterator@V?$_String_val@U?$_Simple_types@D@std@@@std@@@0@0AAV10@PB_WI@Z 0041be10 f i log4z.obj
 0001:0001af40       ??$_Destroy_range1@V?$allocator@PAPAULogData@log4z@zsummer@@@std@@PAPAPAULogData@log4z@zsummer@@@std@@YAXPAPAPAULogData@log4z@zsummer@@0AAU?$_Wrap_alloc@V?$allocator@PAPAULogData@log4z@zsummer@@@std@@@0@U?$integral_constant@_N$00@0@@Z 0041bf40 f i log4z.obj
 0001:0001af70       ??$_Destroy_range1@V?$allocator@PAULogData@log4z@zsummer@@@std@@PAPAULogData@log4z@zsummer@@@std@@YAXPAPAULogData@log4z@zsummer@@0AAU?$_Wrap_alloc@V?$allocator@PAULogData@log4z@zsummer@@@std@@@0@U?$integral_constant@_N$00@0@@Z 0041bf70 f i log4z.obj
 0001:0001afa0       ??$_Destroy_range@V?$allocator@PAPAULogData@log4z@zsummer@@@std@@PAPAPAULogData@log4z@zsummer@@@std@@YAXPAPAPAULogData@log4z@zsummer@@0AAU?$_Wrap_alloc@V?$allocator@PAPAULogData@log4z@zsummer@@@std@@@0@@Z 0041bfa0 f i log4z.obj
 0001:0001b010       ??$_Destroy_range@V?$allocator@PAULogData@log4z@zsummer@@@std@@PAPAULogData@log4z@zsummer@@@std@@YAXPAPAULogData@log4z@zsummer@@0AAU?$_Wrap_alloc@V?$allocator@PAULogData@log4z@zsummer@@@std@@@0@@Z 0041c010 f i log4z.obj
 0001:0001b080       ??$_Insert@ABU?$pair@_JV?$basic_string@DU?$char_traits@D@std@@V?$allocator@D@2@@std@@@std@@@?$list@U?$pair@_JV?$basic_string@DU?$char_traits@D@std@@V?$allocator@D@2@@std@@@std@@V?$allocator@U?$pair@_JV?$basic_string@DU?$char_traits@D@std@@V?$allocator@D@2@@std@@@std@@@2@@std@@QAEXV?$_List_unchecked_const_iterator@V?$_List_val@U?$_List_simple_types@U?$pair@_JV?$basic_string@DU?$char_traits@D@std@@V?$allocator@D@2@@std@@@std@@@std@@@std@@U_Iterator_base0@2@@1@ABU?$pair@_JV?$basic_string@DU?$char_traits@D@std@@V?$allocator@D@2@@std@@@1@@Z 0041c080 f i log4z.obj
 0001:0001b150       ??$_Insert@U?$pair@_JV?$basic_string@DU?$char_traits@D@std@@V?$allocator@D@2@@std@@@std@@@?$list@U?$pair@_JV?$basic_string@DU?$char_traits@D@std@@V?$allocator@D@2@@std@@@std@@V?$allocator@U?$pair@_JV?$basic_string@DU?$char_traits@D@std@@V?$allocator@D@2@@std@@@std@@@2@@std@@QAEXV?$_List_unchecked_const_iterator@V?$_List_val@U?$_List_simple_types@U?$pair@_JV?$basic_string@DU?$char_traits@D@std@@V?$allocator@D@2@@std@@@std@@@std@@@std@@U_Iterator_base0@2@@1@$$QAU?$pair@_JV?$basic_string@DU?$char_traits@D@std@@V?$allocator@D@2@@std@@@1@@Z 0041c150 f i log4z.obj
 0001:0001b220       ??$_Insert_at@AAU?$pair@$$CBV?$basic_string@DU?$char_traits@D@std@@V?$allocator@D@2@@std@@H@std@@PAU?$_Tree_node@U?$pair@$$CBV?$basic_string@DU?$char_traits@D@std@@V?$allocator@D@2@@std@@H@std@@PAX@2@@?$_Tree@V?$_Tmap_traits@V?$basic_string@DU?$char_traits@D@std@@V?$allocator@D@2@@std@@HU?$less@V?$basic_string@DU?$char_traits@D@std@@V?$allocator@D@2@@std@@@2@V?$allocator@U?$pair@$$CBV?$basic_string@DU?$char_traits@D@std@@V?$allocator@D@2@@std@@H@std@@@2@$0A@@std@@@std@@IAE?AV?$_Tree_iterator@V?$_Tree_val@U?$_Tree_simple_types@U?$pair@$$CBV?$basic_string@DU?$char_traits@D@std@@V?$allocator@D@2@@std@@H@std@@@std@@@std@@@1@_NPAU?$_Tree_node@U?$pair@$$CBV?$basic_string@DU?$char_traits@D@std@@V?$allocator@D@2@@std@@H@std@@PAX@1@AAU?$pair@$$CBV?$basic_string@DU?$char_traits@D@std@@V?$allocator@D@2@@std@@H@1@1@Z 0041c220 f i log4z.obj
 0001:0001b7e0       ??$_Insert_at@AAU?$pair@$$CBV?$basic_string@DU?$char_traits@D@std@@V?$allocator@D@2@@std@@ULoggerInfo@log4z@zsummer@@@std@@PAU?$_Tree_node@U?$pair@$$CBV?$basic_string@DU?$char_traits@D@std@@V?$allocator@D@2@@std@@ULoggerInfo@log4z@zsummer@@@std@@PAX@2@@?$_Tree@V?$_Tmap_traits@V?$basic_string@DU?$char_traits@D@std@@V?$allocator@D@2@@std@@ULoggerInfo@log4z@zsummer@@U?$less@V?$basic_string@DU?$char_traits@D@std@@V?$allocator@D@2@@std@@@2@V?$allocator@U?$pair@$$CBV?$basic_string@DU?$char_traits@D@std@@V?$allocator@D@2@@std@@ULoggerInfo@log4z@zsummer@@@std@@@2@$0A@@std@@@std@@IAE?AV?$_Tree_iterator@V?$_Tree_val@U?$_Tree_simple_types@U?$pair@$$CBV?$basic_string@DU?$char_traits@D@std@@V?$allocator@D@2@@std@@ULoggerInfo@log4z@zsummer@@@std@@@std@@@std@@@1@_NPAU?$_Tree_node@U?$pair@$$CBV?$basic_string@DU?$char_traits@D@std@@V?$allocator@D@2@@std@@ULoggerInfo@log4z@zsummer@@@std@@PAX@1@AAU?$pair@$$CBV?$basic_string@DU?$char_traits@D@std@@V?$allocator@D@2@@std@@ULoggerInfo@log4z@zsummer@@@1@1@Z 0041c7e0 f i log4z.obj
 0001:0001bda0       ??$_Insert_hint@AAU?$pair@$$CBV?$basic_string@DU?$char_traits@D@std@@V?$allocator@D@2@@std@@H@std@@PAU?$_Tree_node@U?$pair@$$CBV?$basic_string@DU?$char_traits@D@std@@V?$allocator@D@2@@std@@H@std@@PAX@2@@?$_Tree@V?$_Tmap_traits@V?$basic_string@DU?$char_traits@D@std@@V?$allocator@D@2@@std@@HU?$less@V?$basic_string@DU?$char_traits@D@std@@V?$allocator@D@2@@std@@@2@V?$allocator@U?$pair@$$CBV?$basic_string@DU?$char_traits@D@std@@V?$allocator@D@2@@std@@H@std@@@2@$0A@@std@@@std@@IAE?AV?$_Tree_iterator@V?$_Tree_val@U?$_Tree_simple_types@U?$pair@$$CBV?$basic_string@DU?$char_traits@D@std@@V?$allocator@D@2@@std@@H@std@@@std@@@std@@@1@V?$_Tree_const_iterator@V?$_Tree_val@U?$_Tree_simple_types@U?$pair@$$CBV?$basic_string@DU?$char_traits@D@std@@V?$allocator@D@2@@std@@H@std@@@std@@@std@@@1@AAU?$pair@$$CBV?$basic_string@DU?$char_traits@D@std@@V?$allocator@D@2@@std@@H@1@PAU?$_Tree_node@U?$pair@$$CBV?$basic_string@DU?$char_traits@D@std@@V?$allocator@D@2@@std@@H@std@@PAX@1@@Z 0041cda0 f i log4z.obj
 0001:0001d2f0       ??$_Insert_nohint@AAU?$pair@$$CBV?$basic_string@DU?$char_traits@D@std@@V?$allocator@D@2@@std@@H@std@@PAU?$_Tree_node@U?$pair@$$CBV?$basic_string@DU?$char_traits@D@std@@V?$allocator@D@2@@std@@H@std@@PAX@2@@?$_Tree@V?$_Tmap_traits@V?$basic_string@DU?$char_traits@D@std@@V?$allocator@D@2@@std@@HU?$less@V?$basic_string@DU?$char_traits@D@std@@V?$allocator@D@2@@std@@@2@V?$allocator@U?$pair@$$CBV?$basic_string@DU?$char_traits@D@std@@V?$allocator@D@2@@std@@H@std@@@2@$0A@@std@@@std@@IAE?AU?$pair@V?$_Tree_iterator@V?$_Tree_val@U?$_Tree_simple_types@U?$pair@$$CBV?$basic_string@DU?$char_traits@D@std@@V?$allocator@D@2@@std@@H@std@@@std@@@std@@@std@@_N@1@_NAAU?$pair@$$CBV?$basic_string@DU?$char_traits@D@std@@V?$allocator@D@2@@std@@H@1@PAU?$_Tree_node@U?$pair@$$CBV?$basic_string@DU?$char_traits@D@std@@V?$allocator@D@2@@std@@H@std@@PAX@1@@Z 0041e2f0 f i log4z.obj
 0001:0001d9c0       ??$_Insert_nohint@AAU?$pair@$$CBV?$basic_string@DU?$char_traits@D@std@@V?$allocator@D@2@@std@@ULoggerInfo@log4z@zsummer@@@std@@PAU?$_Tree_node@U?$pair@$$CBV?$basic_string@DU?$char_traits@D@std@@V?$allocator@D@2@@std@@ULoggerInfo@log4z@zsummer@@@std@@PAX@2@@?$_Tree@V?$_Tmap_traits@V?$basic_string@DU?$char_traits@D@std@@V?$allocator@D@2@@std@@ULoggerInfo@log4z@zsummer@@U?$less@V?$basic_string@DU?$char_traits@D@std@@V?$allocator@D@2@@std@@@2@V?$allocator@U?$pair@$$CBV?$basic_string@DU?$char_traits@D@std@@V?$allocator@D@2@@std@@ULoggerInfo@log4z@zsummer@@@std@@@2@$0A@@std@@@std@@IAE?AU?$pair@V?$_Tree_iterator@V?$_Tree_val@U?$_Tree_simple_types@U?$pair@$$CBV?$basic_string@DU?$char_traits@D@std@@V?$allocator@D@2@@std@@ULoggerInfo@log4z@zsummer@@@std@@@std@@@std@@@std@@_N@1@_NAAU?$pair@$$CBV?$basic_string@DU?$char_traits@D@std@@V?$allocator@D@2@@std@@ULoggerInfo@log4z@zsummer@@@1@PAU?$_Tree_node@U?$pair@$$CBV?$basic_string@DU?$char_traits@D@std@@V?$allocator@D@2@@std@@ULoggerInfo@log4z@zsummer@@@std@@PAX@1@@Z 0041e9c0 f i log4z.obj
 0001:0001e090       ??$_Insert_range@V?$_List_const_iterator@V?$_List_val@U?$_List_simple_types@U?$pair@_JV?$basic_string@DU?$char_traits@D@std@@V?$allocator@D@2@@std@@@std@@@std@@@std@@@std@@@?$list@U?$pair@_JV?$basic_string@DU?$char_traits@D@std@@V?$allocator@D@2@@std@@@std@@V?$allocator@U?$pair@_JV?$basic_string@DU?$char_traits@D@std@@V?$allocator@D@2@@std@@@std@@@2@@std@@QAEXV?$_List_unchecked_const_iterator@V?$_List_val@U?$_List_simple_types@U?$pair@_JV?$basic_string@DU?$char_traits@D@std@@V?$allocator@D@2@@std@@@std@@@std@@@std@@U_Iterator_base0@2@@1@V?$_List_const_iterator@V?$_List_val@U?$_List_simple_types@U?$pair@_JV?$basic_string@DU?$char_traits@D@std@@V?$allocator@D@2@@std@@@std@@@std@@@std@@@1@1Uforward_iterator_tag@1@@Z 0041f090 f i log4z.obj
 0001:0001e2f0       ??$_Is_checked@V?$_String_iterator@V?$_String_val@U?$_Simple_types@D@std@@@std@@@std@@@std@@YA?AU?$integral_constant@_N$00@0@V?$_String_iterator@V?$_String_val@U?$_Simple_types@D@std@@@std@@@0@@Z 0041f2f0 f i log4z.obj
 0001:0001e360       ??$_Kfn@$$CBV?$basic_string@DU?$char_traits@D@std@@V?$allocator@D@2@@std@@H@?$_Tmap_traits@V?$basic_string@DU?$char_traits@D@std@@V?$allocator@D@2@@std@@HU?$less@V?$basic_string@DU?$char_traits@D@std@@V?$allocator@D@2@@std@@@2@V?$allocator@U?$pair@$$CBV?$basic_string@DU?$char_traits@D@std@@V?$allocator@D@2@@std@@H@std@@@2@$0A@@std@@SAABV?$basic_string@DU?$char_traits@D@std@@V?$allocator@D@2@@1@ABU?$pair@$$CBV?$basic_string@DU?$char_traits@D@std@@V?$allocator@D@2@@std@@H@1@@Z 0041f360 f i log4z.obj
 0001:0001e3a0       ??$_Kfn@$$CBV?$basic_string@DU?$char_traits@D@std@@V?$allocator@D@2@@std@@ULoggerInfo@log4z@zsummer@@@?$_Tmap_traits@V?$basic_string@DU?$char_traits@D@std@@V?$allocator@D@2@@std@@ULoggerInfo@log4z@zsummer@@U?$less@V?$basic_string@DU?$char_traits@D@std@@V?$allocator@D@2@@std@@@2@V?$allocator@U?$pair@$$CBV?$basic_string@DU?$char_traits@D@std@@V?$allocator@D@2@@std@@ULoggerInfo@log4z@zsummer@@@std@@@2@$0A@@std@@SAABV?$basic_string@DU?$char_traits@D@std@@V?$allocator@D@2@@1@ABU?$pair@$$CBV?$basic_string@DU?$char_traits@D@std@@V?$allocator@D@2@@std@@ULoggerInfo@log4z@zsummer@@@1@@Z 0041f3a0 f i log4z.obj
 0001:0001e3e0       ??$_Lbound@V?$basic_string@DU?$char_traits@D@std@@V?$allocator@D@2@@std@@@?$_Tree@V?$_Tmap_traits@V?$basic_string@DU?$char_traits@D@std@@V?$allocator@D@2@@std@@HU?$less@V?$basic_string@DU?$char_traits@D@std@@V?$allocator@D@2@@std@@@2@V?$allocator@U?$pair@$$CBV?$basic_string@DU?$char_traits@D@std@@V?$allocator@D@2@@std@@H@std@@@2@$0A@@std@@@std@@IBEPAU?$_Tree_node@U?$pair@$$CBV?$basic_string@DU?$char_traits@D@std@@V?$allocator@D@2@@std@@H@std@@PAX@1@ABV?$basic_string@DU?$char_traits@D@std@@V?$allocator@D@2@@1@@Z 0041f3e0 f i log4z.obj
 0001:0001e4d0       ??$_Lbound@V?$basic_string@DU?$char_traits@D@std@@V?$allocator@D@2@@std@@@?$_Tree@V?$_Tmap_traits@V?$basic_string@DU?$char_traits@D@std@@V?$allocator@D@2@@std@@ULoggerInfo@log4z@zsummer@@U?$less@V?$basic_string@DU?$char_traits@D@std@@V?$allocator@D@2@@std@@@2@V?$allocator@U?$pair@$$CBV?$basic_string@DU?$char_traits@D@std@@V?$allocator@D@2@@std@@ULoggerInfo@log4z@zsummer@@@std@@@2@$0A@@std@@@std@@IBEPAU?$_Tree_node@U?$pair@$$CBV?$basic_string@DU?$char_traits@D@std@@V?$allocator@D@2@@std@@ULoggerInfo@log4z@zsummer@@@std@@PAX@1@ABV?$basic_string@DU?$char_traits@D@std@@V?$allocator@D@2@@1@@Z 0041f4d0 f i log4z.obj
 0001:0001e5c0       ??$_Pocca@U?$_Wrap_alloc@V?$allocator@D@std@@@std@@@std@@YAXAAU?$_Wrap_alloc@V?$allocator@D@std@@@0@ABU10@@Z 0041f5c0 f i log4z.obj
 0001:0001e650       ??$_Pocca@U?$_Wrap_alloc@V?$allocator@D@std@@@std@@@std@@YAXAAU?$_Wrap_alloc@V?$allocator@D@std@@@0@ABU10@U?$integral_constant@_N$0A@@0@@Z 0041f650 f i log4z.obj
 0001:0001e680       ??$_Pocma@U?$_Wrap_alloc@V?$allocator@D@std@@@std@@@std@@YAXAAU?$_Wrap_alloc@V?$allocator@D@std@@@0@0@Z 0041f680 f i log4z.obj
 0001:0001e710       ??$_Pocma@U?$_Wrap_alloc@V?$allocator@D@std@@@std@@@std@@YAXAAU?$_Wrap_alloc@V?$allocator@D@std@@@0@0U?$integral_constant@_N$00@0@@Z 0041f710 f i log4z.obj
 0001:0001e7a0       ??$_Pocs@U?$_Wrap_alloc@V?$allocator@PAULogData@log4z@zsummer@@@std@@@std@@@std@@YAXAAU?$_Wrap_alloc@V?$allocator@PAULogData@log4z@zsummer@@@std@@@0@0@Z 0041f7a0 f i log4z.obj
 0001:0001e830       ??$_Pocs@U?$_Wrap_alloc@V?$allocator@PAULogData@log4z@zsummer@@@std@@@std@@@std@@YAXAAU?$_Wrap_alloc@V?$allocator@PAULogData@log4z@zsummer@@@std@@@0@0U?$integral_constant@_N$0A@@0@@Z 0041f830 f i log4z.obj
 0001:0001e8f0       ??$_Ptr_copy_cat@PAPAULogData@log4z@zsummer@@PAPAU123@@std@@YA?AU_Really_trivial_ptr_iterator_tag@0@ABQAPAPAULogData@log4z@zsummer@@0@Z 0041f8f0 f i log4z.obj
 0001:0001e930       ??$_Ptr_move_cat@PAULogData@log4z@zsummer@@PAU123@@std@@YA?AU_Really_trivial_ptr_iterator_tag@0@ABQAPAULogData@log4z@zsummer@@0@Z 0041f930 f i log4z.obj
 0001:0001e970       ??$_Rechecked@PAPAPAULogData@log4z@zsummer@@PAPAPAU123@@std@@YAAAPAPAPAULogData@log4z@zsummer@@AAPAPAPAU123@PAPAPAU123@@Z 0041f970 f i log4z.obj
 0001:0001e9b0       ??$_Rechecked@PAPAULogData@log4z@zsummer@@PAPAU123@@std@@YAAAPAPAULogData@log4z@zsummer@@AAPAPAU123@PAPAU123@@Z 0041f9b0 f i log4z.obj
 0001:0001e9f0       ??$_Rechecked@V?$_String_val@U?$_Simple_types@D@std@@@std@@@std@@YA?AV?$_String_iterator@V?$_String_val@U?$_Simple_types@D@std@@@std@@@0@AAV10@PAD@Z 0041f9f0 f i log4z.obj
 0001:0001ea70       ??$_Swap_adl@PAPAPAULogData@log4z@zsummer@@@std@@YAXAAPAPAPAULogData@log4z@zsummer@@0@Z 0041fa70 f i log4z.obj
 0001:0001ead0       ??$_Swap_adl@PAU?$_List_node@U?$pair@_JV?$basic_string@DU?$char_traits@D@std@@V?$allocator@D@2@@std@@@std@@PAX@std@@@std@@YAXAAPAU?$_List_node@U?$pair@_JV?$basic_string@DU?$char_traits@D@std@@V?$allocator@D@2@@std@@@std@@PAX@0@0@Z 0041fad0 f i log4z.obj
 0001:0001eb30       ??$_Transform_no_deprecate1@PADV?$_String_iterator@V?$_String_val@U?$_Simple_types@D@std@@@std@@@std@@P6AHH@Z@std@@YA?AV?$_String_iterator@V?$_String_val@U?$_Simple_types@D@std@@@std@@@0@PAD0V10@AAP6AHH@ZUrandom_access_iterator_tag@0@3@Z 0041fb30 f i log4z.obj
 0001:0001ec90       ??$_Transform_no_deprecate@V?$_String_iterator@V?$_String_val@U?$_Simple_types@D@std@@@std@@@std@@V12@P6AHH@Z@std@@YA?AV?$_String_iterator@V?$_String_val@U?$_Simple_types@D@std@@@std@@@0@V10@00AAP6AHH@Z@Z 0041fc90 f i log4z.obj
 0001:0001ef00       ??$_Transform_unchecked@PADPADP6AHH@Z@std@@YAPADPAD00AAP6AHH@Z@Z 0041ff00 f i log4z.obj
 0001:0001ef90       ??$_Try_emplace@ABV?$basic_string@DU?$char_traits@D@std@@V?$allocator@D@2@@std@@$$V@?$map@V?$basic_string@DU?$char_traits@D@std@@V?$allocator@D@2@@std@@HU?$less@V?$basic_string@DU?$char_traits@D@std@@V?$allocator@D@2@@std@@@2@V?$allocator@U?$pair@$$CBV?$basic_string@DU?$char_traits@D@std@@V?$allocator@D@2@@std@@H@std@@@2@@std@@QAE?AU?$pair@V?$_Tree_iterator@V?$_Tree_val@U?$_Tree_simple_types@U?$pair@$$CBV?$basic_string@DU?$char_traits@D@std@@V?$allocator@D@2@@std@@H@std@@@std@@@std@@@std@@_N@1@ABV?$basic_string@DU?$char_traits@D@std@@V?$allocator@D@2@@1@@Z 0041ff90 f i log4z.obj
 0001:0001f2e0       ??$_Try_emplace@V?$basic_string@DU?$char_traits@D@std@@V?$allocator@D@2@@std@@$$V@?$map@V?$basic_string@DU?$char_traits@D@std@@V?$allocator@D@2@@std@@HU?$less@V?$basic_string@DU?$char_traits@D@std@@V?$allocator@D@2@@std@@@2@V?$allocator@U?$pair@$$CBV?$basic_string@DU?$char_traits@D@std@@V?$allocator@D@2@@std@@H@std@@@2@@std@@QAE?AU?$pair@V?$_Tree_iterator@V?$_Tree_val@U?$_Tree_simple_types@U?$pair@$$CBV?$basic_string@DU?$char_traits@D@std@@V?$allocator@D@2@@std@@H@std@@@std@@@std@@@std@@_N@1@$$QAV?$basic_string@DU?$char_traits@D@std@@V?$allocator@D@2@@1@@Z 004202e0 f i log4z.obj
 0001:0001f630       ??$_Umove@PAPAULogData@log4z@zsummer@@@?$vector@PAULogData@log4z@zsummer@@V?$allocator@PAULogData@log4z@zsummer@@@std@@@std@@IAEPAPAULogData@log4z@zsummer@@PAPAU234@00@Z 00420630 f i log4z.obj
 0001:0001f6a0       ??$_Unchecked@PAPAPAULogData@log4z@zsummer@@@std@@YAPAPAPAULogData@log4z@zsummer@@PAPAPAU123@@Z 004206a0 f i log4z.obj
 0001:0001f6e0       ??$_Unchecked@PAPAULogData@log4z@zsummer@@@std@@YAPAPAULogData@log4z@zsummer@@PAPAU123@@Z 004206e0 f i log4z.obj
 0001:0001f720       ??$_Unchecked@V?$_String_val@U?$_Simple_types@D@std@@@std@@@std@@YAPADV?$_String_iterator@V?$_String_val@U?$_Simple_types@D@std@@@std@@@0@@Z 00420720 f i log4z.obj
 0001:0001f7d0       ??$_Unfancy@$$CBD@std@@YAPBDPBD@Z 004207d0 f i log4z.obj
 0001:0001f810       ??$_Unfancy@PAULogData@log4z@zsummer@@@std@@YAPAPAULogData@log4z@zsummer@@PAPAU123@@Z 00420810 f i log4z.obj
 0001:0001f850       ??$_Unfancy@U_Container_proxy@std@@@std@@YAPAU_Container_proxy@0@PAU10@@Z 00420850 f i log4z.obj
 0001:0001f890       ??$_Uninitialized_copy@PAPAPAULogData@log4z@zsummer@@PAPAPAU123@V?$allocator@PAPAULogData@log4z@zsummer@@@std@@@std@@YAPAPAPAULogData@log4z@zsummer@@PAPAPAU123@00AAU?$_Wrap_alloc@V?$allocator@PAPAULogData@log4z@zsummer@@@std@@@0@@Z 00420890 f i log4z.obj
 0001:0001f930       ??$_Uninitialized_copy_al_unchecked1@PAPAULogData@log4z@zsummer@@PAPAU123@V?$allocator@PAPAULogData@log4z@zsummer@@@std@@@std@@YAPAPAPAULogData@log4z@zsummer@@PAPAPAU123@00AAU?$_Wrap_alloc@V?$allocator@PAPAULogData@log4z@zsummer@@@std@@@0@U_Really_trivial_ptr_iterator_tag@0@U?$integral_constant@_N$00@0@@Z 00420930 f i log4z.obj
 0001:0001f990       ??$_Uninitialized_copy_al_unchecked@PAPAPAULogData@log4z@zsummer@@PAPAPAU123@V?$allocator@PAPAULogData@log4z@zsummer@@@std@@@std@@YAPAPAPAULogData@log4z@zsummer@@PAPAPAU123@00AAU?$_Wrap_alloc@V?$allocator@PAPAULogData@log4z@zsummer@@@std@@@0@@Z 00420990 f i log4z.obj
 0001:0001fa20       ??$_Uninitialized_default_fill_n1@PAPAPAULogData@log4z@zsummer@@IV?$allocator@PAPAULogData@log4z@zsummer@@@std@@@std@@YAXPAPAPAULogData@log4z@zsummer@@IAAU?$_Wrap_alloc@V?$allocator@PAPAULogData@log4z@zsummer@@@std@@@0@U?$integral_constant@_N$00@0@@Z 00420a20 f i log4z.obj
 0001:0001fa80       ??$_Uninitialized_default_fill_n@PAPAPAULogData@log4z@zsummer@@IV?$allocator@PAPAULogData@log4z@zsummer@@@std@@@std@@YAXPAPAPAULogData@log4z@zsummer@@IAAU?$_Wrap_alloc@V?$allocator@PAPAULogData@log4z@zsummer@@@std@@@0@@Z 00420a80 f i log4z.obj
 0001:0001faf0       ??$_Uninitialized_move@PAPAULogData@log4z@zsummer@@PAPAU123@V?$allocator@PAULogData@log4z@zsummer@@@std@@@std@@YAPAPAULogData@log4z@zsummer@@PAPAU123@00AAU?$_Wrap_alloc@V?$allocator@PAULogData@log4z@zsummer@@@std@@@0@@Z 00420af0 f i log4z.obj
 0001:0001fb90       ??$_Uninitialized_move_al_unchecked1@PAULogData@log4z@zsummer@@PAU123@V?$allocator@PAULogData@log4z@zsummer@@@std@@@std@@YAPAPAULogData@log4z@zsummer@@PAPAU123@00AAU?$_Wrap_alloc@V?$allocator@PAULogData@log4z@zsummer@@@std@@@0@U_Really_trivial_ptr_iterator_tag@0@U?$integral_constant@_N$00@0@@Z 00420b90 f i log4z.obj
 0001:0001fbf0       ??$_Uninitialized_move_al_unchecked@PAPAULogData@log4z@zsummer@@PAPAU123@V?$allocator@PAULogData@log4z@zsummer@@@std@@@std@@YAPAPAULogData@log4z@zsummer@@PAPAU123@00AAU?$_Wrap_alloc@V?$allocator@PAULogData@log4z@zsummer@@@std@@@0@@Z 00420bf0 f i log4z.obj
 0001:0001fc80       ??$addressof@D@std@@YAPADAAD@Z 00420c80 f i log4z.obj
 0001:0001fcc0       ??$addressof@PAPAULogData@log4z@zsummer@@@std@@YAPAPAPAULogData@log4z@zsummer@@AAPAPAU123@@Z 00420cc0 f i log4z.obj
 0001:0001fd00       ??$addressof@PAU?$_List_node@U?$pair@_JV?$basic_string@DU?$char_traits@D@std@@V?$allocator@D@2@@std@@@std@@PAX@std@@@std@@YAPAPAU?$_List_node@U?$pair@_JV?$basic_string@DU?$char_traits@D@std@@V?$allocator@D@2@@std@@@std@@PAX@0@AAPAU10@@Z 00420d00 f i log4z.obj
 0001:0001fd40       ??$addressof@PAU?$_Tree_node@U?$pair@$$CBV?$basic_string@DU?$char_traits@D@std@@V?$allocator@D@2@@std@@H@std@@PAX@std@@@std@@YAPAPAU?$_Tree_node@U?$pair@$$CBV?$basic_string@DU?$char_traits@D@std@@V?$allocator@D@2@@std@@H@std@@PAX@0@AAPAU10@@Z 00420d40 f i log4z.obj
 0001:0001fd80       ??$addressof@PAU?$_Tree_node@U?$pair@$$CBV?$basic_string@DU?$char_traits@D@std@@V?$allocator@D@2@@std@@ULoggerInfo@log4z@zsummer@@@std@@PAX@std@@@std@@YAPAPAU?$_Tree_node@U?$pair@$$CBV?$basic_string@DU?$char_traits@D@std@@V?$allocator@D@2@@std@@ULoggerInfo@log4z@zsummer@@@std@@PAX@0@AAPAU10@@Z 00420d80 f i log4z.obj
 0001:0001fdc0       ??$addressof@QAULogData@log4z@zsummer@@@std@@YAPBQAULogData@log4z@zsummer@@ABQAU123@@Z 00420dc0 f i log4z.obj
 0001:0001fe00       ??$addressof@U?$pair@$$CBV?$basic_string@DU?$char_traits@D@std@@V?$allocator@D@2@@std@@H@std@@@std@@YAPAU?$pair@$$CBV?$basic_string@DU?$char_traits@D@std@@V?$allocator@D@2@@std@@H@0@AAU10@@Z 00420e00 f i log4z.obj
 0001:0001fe40       ??$addressof@U?$pair@$$CBV?$basic_string@DU?$char_traits@D@std@@V?$allocator@D@2@@std@@ULoggerInfo@log4z@zsummer@@@std@@@std@@YAPAU?$pair@$$CBV?$basic_string@DU?$char_traits@D@std@@V?$allocator@D@2@@std@@ULoggerInfo@log4z@zsummer@@@0@AAU10@@Z 00420e40 f i log4z.obj
 0001:0001fe80       ??$addressof@U?$pair@_JV?$basic_string@DU?$char_traits@D@std@@V?$allocator@D@2@@std@@@std@@@std@@YAPAU?$pair@_JV?$basic_string@DU?$char_traits@D@std@@V?$allocator@D@2@@std@@@0@AAU10@@Z 00420e80 f i log4z.obj
 0001:0001fec0       ??$assign@V?$_String_iterator@V?$_String_val@U?$_Simple_types@D@std@@@std@@@std@@@?$basic_string@DU?$char_traits@D@std@@V?$allocator@D@2@@std@@QAEAAV01@V?$_String_iterator@V?$_String_val@U?$_Simple_types@D@std@@@std@@@1@0@Z 00420ec0 f i log4z.obj
 0001:000200e0       ??$construct@PADAAPAD@?$_Wrap_alloc@V?$allocator@D@std@@@std@@QAEXPAPADAAPAD@Z 004210e0 f i log4z.obj
 0001:00020150       ??$construct@PADAAPAD@?$allocator@D@std@@QAEXPAPADAAPAD@Z 00421150 f i log4z.obj
 0001:00020200       ??$construct@PADAAPAD@?$allocator_traits@V?$allocator@D@std@@@std@@SAXAAV?$allocator@D@1@PAPADAAPAD@Z 00421200 f i log4z.obj
 0001:00020260       ??$construct@PAU?$_List_node@U?$pair@_JV?$basic_string@DU?$char_traits@D@std@@V?$allocator@D@2@@std@@@std@@PAX@std@@AAPAU12@@?$_Wrap_alloc@V?$allocator@U?$_List_node@U?$pair@_JV?$basic_string@DU?$char_traits@D@std@@V?$allocator@D@2@@std@@@std@@PAX@std@@@std@@@std@@QAEXPAPAU?$_List_node@U?$pair@_JV?$basic_string@DU?$char_traits@D@std@@V?$allocator@D@2@@std@@@std@@PAX@1@AAPAU21@@Z 00421260 f i log4z.obj
 0001:000202d0       ??$construct@PAU?$_List_node@U?$pair@_JV?$basic_string@DU?$char_traits@D@std@@V?$allocator@D@2@@std@@@std@@PAX@std@@AAPAU12@@?$allocator@U?$_List_node@U?$pair@_JV?$basic_string@DU?$char_traits@D@std@@V?$allocator@D@2@@std@@@std@@PAX@std@@@std@@QAEXPAPAU?$_List_node@U?$pair@_JV?$basic_string@DU?$char_traits@D@std@@V?$allocator@D@2@@std@@@std@@PAX@1@AAPAU21@@Z 004212d0 f i log4z.obj
 0001:00020380       ??$construct@PAU?$_List_node@U?$pair@_JV?$basic_string@DU?$char_traits@D@std@@V?$allocator@D@2@@std@@@std@@PAX@std@@AAPAU12@@?$allocator_traits@V?$allocator@U?$_List_node@U?$pair@_JV?$basic_string@DU?$char_traits@D@std@@V?$allocator@D@2@@std@@@std@@PAX@std@@@std@@@std@@SAXAAV?$allocator@U?$_List_node@U?$pair@_JV?$basic_string@DU?$char_traits@D@std@@V?$allocator@D@2@@std@@@std@@PAX@std@@@1@PAPAU?$_List_node@U?$pair@_JV?$basic_string@DU?$char_traits@D@std@@V?$allocator@D@2@@std@@@std@@PAX@1@AAPAU31@@Z 00421380 f i log4z.obj
 0001:000203e0       ??$construct@PAU?$_Tree_node@U?$pair@$$CBV?$basic_string@DU?$char_traits@D@std@@V?$allocator@D@2@@std@@H@std@@PAX@std@@AAPAU12@@?$_Wrap_alloc@V?$allocator@U?$_Tree_node@U?$pair@$$CBV?$basic_string@DU?$char_traits@D@std@@V?$allocator@D@2@@std@@H@std@@PAX@std@@@std@@@std@@QAEXPAPAU?$_Tree_node@U?$pair@$$CBV?$basic_string@DU?$char_traits@D@std@@V?$allocator@D@2@@std@@H@std@@PAX@1@AAPAU21@@Z 004213e0 f i log4z.obj
 0001:00020450       ??$construct@PAU?$_Tree_node@U?$pair@$$CBV?$basic_string@DU?$char_traits@D@std@@V?$allocator@D@2@@std@@H@std@@PAX@std@@AAPAU12@@?$allocator@U?$_Tree_node@U?$pair@$$CBV?$basic_string@DU?$char_traits@D@std@@V?$allocator@D@2@@std@@H@std@@PAX@std@@@std@@QAEXPAPAU?$_Tree_node@U?$pair@$$CBV?$basic_string@DU?$char_traits@D@std@@V?$allocator@D@2@@std@@H@std@@PAX@1@AAPAU21@@Z 00421450 f i log4z.obj
 0001:00020500       ??$construct@PAU?$_Tree_node@U?$pair@$$CBV?$basic_string@DU?$char_traits@D@std@@V?$allocator@D@2@@std@@H@std@@PAX@std@@AAPAU12@@?$allocator_traits@V?$allocator@U?$_Tree_node@U?$pair@$$CBV?$basic_string@DU?$char_traits@D@std@@V?$allocator@D@2@@std@@H@std@@PAX@std@@@std@@@std@@SAXAAV?$allocator@U?$_Tree_node@U?$pair@$$CBV?$basic_string@DU?$char_traits@D@std@@V?$allocator@D@2@@std@@H@std@@PAX@std@@@1@PAPAU?$_Tree_node@U?$pair@$$CBV?$basic_string@DU?$char_traits@D@std@@V?$allocator@D@2@@std@@H@std@@PAX@1@AAPAU31@@Z 00421500 f i log4z.obj
 0001:00020560       ??$construct@PAU?$_Tree_node@U?$pair@$$CBV?$basic_string@DU?$char_traits@D@std@@V?$allocator@D@2@@std@@ULoggerInfo@log4z@zsummer@@@std@@PAX@std@@AAPAU12@@?$_Wrap_alloc@V?$allocator@U?$_Tree_node@U?$pair@$$CBV?$basic_string@DU?$char_traits@D@std@@V?$allocator@D@2@@std@@ULoggerInfo@log4z@zsummer@@@std@@PAX@std@@@std@@@std@@QAEXPAPAU?$_Tree_node@U?$pair@$$CBV?$basic_string@DU?$char_traits@D@std@@V?$allocator@D@2@@std@@ULoggerInfo@log4z@zsummer@@@std@@PAX@1@AAPAU21@@Z 00421560 f i log4z.obj
 0001:000205d0       ??$construct@PAU?$_Tree_node@U?$pair@$$CBV?$basic_string@DU?$char_traits@D@std@@V?$allocator@D@2@@std@@ULoggerInfo@log4z@zsummer@@@std@@PAX@std@@AAPAU12@@?$allocator@U?$_Tree_node@U?$pair@$$CBV?$basic_string@DU?$char_traits@D@std@@V?$allocator@D@2@@std@@ULoggerInfo@log4z@zsummer@@@std@@PAX@std@@@std@@QAEXPAPAU?$_Tree_node@U?$pair@$$CBV?$basic_string@DU?$char_traits@D@std@@V?$allocator@D@2@@std@@ULoggerInfo@log4z@zsummer@@@std@@PAX@1@AAPAU21@@Z 004215d0 f i log4z.obj
 0001:00020680       ??$construct@PAU?$_Tree_node@U?$pair@$$CBV?$basic_string@DU?$char_traits@D@std@@V?$allocator@D@2@@std@@ULoggerInfo@log4z@zsummer@@@std@@PAX@std@@AAPAU12@@?$allocator_traits@V?$allocator@U?$_Tree_node@U?$pair@$$CBV?$basic_string@DU?$char_traits@D@std@@V?$allocator@D@2@@std@@ULoggerInfo@log4z@zsummer@@@std@@PAX@std@@@std@@@std@@SAXAAV?$allocator@U?$_Tree_node@U?$pair@$$CBV?$basic_string@DU?$char_traits@D@std@@V?$allocator@D@2@@std@@ULoggerInfo@log4z@zsummer@@@std@@PAX@std@@@1@PAPAU?$_Tree_node@U?$pair@$$CBV?$basic_string@DU?$char_traits@D@std@@V?$allocator@D@2@@std@@ULoggerInfo@log4z@zsummer@@@std@@PAX@1@AAPAU31@@Z 00421680 f i log4z.obj
 0001:000206e0       ??$construct@PAULogData@log4z@zsummer@@AAPAU123@@?$_Wrap_alloc@V?$allocator@PAULogData@log4z@zsummer@@@std@@@std@@QAEXPAPAULogData@log4z@zsummer@@AAPAU234@@Z 004216e0 f i log4z.obj
 0001:00020750       ??$construct@PAULogData@log4z@zsummer@@AAPAU123@@?$allocator@PAULogData@log4z@zsummer@@@std@@QAEXPAPAULogData@log4z@zsummer@@AAPAU234@@Z 00421750 f i log4z.obj
 0001:00020800       ??$construct@PAULogData@log4z@zsummer@@AAPAU123@@?$allocator_traits@V?$allocator@PAULogData@log4z@zsummer@@@std@@@std@@SAXAAV?$allocator@PAULogData@log4z@zsummer@@@1@PAPAULogData@log4z@zsummer@@AAPAU345@@Z 00421800 f i log4z.obj
 0001:00020860       ??$construct@PAULogData@log4z@zsummer@@ABQAU123@@?$_Wrap_alloc@V?$allocator@PAULogData@log4z@zsummer@@@std@@@std@@QAEXPAPAULogData@log4z@zsummer@@ABQAU234@@Z 00421860 f i log4z.obj
 0001:000208d0       ??$construct@PAULogData@log4z@zsummer@@ABQAU123@@?$allocator@PAULogData@log4z@zsummer@@@std@@QAEXPAPAULogData@log4z@zsummer@@ABQAU234@@Z 004218d0 f i log4z.obj
 0001:00020980       ??$construct@PAULogData@log4z@zsummer@@ABQAU123@@?$allocator_traits@V?$allocator@PAULogData@log4z@zsummer@@@std@@@std@@SAXAAV?$allocator@PAULogData@log4z@zsummer@@@1@PAPAULogData@log4z@zsummer@@ABQAU345@@Z 00421980 f i log4z.obj
 0001:000209e0       ??$construct@U?$pair@$$CBV?$basic_string@DU?$char_traits@D@std@@V?$allocator@D@2@@std@@H@std@@ABUpiecewise_construct_t@2@V?$tuple@$$QAV?$basic_string@DU?$char_traits@D@std@@V?$allocator@D@2@@std@@@2@V?$tuple@$$V@2@@?$_Wrap_alloc@V?$allocator@U?$_Tree_node@U?$pair@$$CBV?$basic_string@DU?$char_traits@D@std@@V?$allocator@D@2@@std@@H@std@@PAX@std@@@std@@@std@@QAEXPAU?$pair@$$CBV?$basic_string@DU?$char_traits@D@std@@V?$allocator@D@2@@std@@H@1@ABUpiecewise_construct_t@1@$$QAV?$tuple@$$QAV?$basic_string@DU?$char_traits@D@std@@V?$allocator@D@2@@std@@@1@$$QAV?$tuple@$$V@1@@Z 004219e0 f i log4z.obj
 0001:00020a70       ??$construct@U?$pair@$$CBV?$basic_string@DU?$char_traits@D@std@@V?$allocator@D@2@@std@@H@std@@ABUpiecewise_construct_t@2@V?$tuple@$$QAV?$basic_string@DU?$char_traits@D@std@@V?$allocator@D@2@@std@@@2@V?$tuple@$$V@2@@?$allocator@U?$_Tree_node@U?$pair@$$CBV?$basic_string@DU?$char_traits@D@std@@V?$allocator@D@2@@std@@H@std@@PAX@std@@@std@@QAEXPAU?$pair@$$CBV?$basic_string@DU?$char_traits@D@std@@V?$allocator@D@2@@std@@H@1@ABUpiecewise_construct_t@1@$$QAV?$tuple@$$QAV?$basic_string@DU?$char_traits@D@std@@V?$allocator@D@2@@std@@@1@$$QAV?$tuple@$$V@1@@Z 00421a70 f i log4z.obj
 0001:00020bb0       ??$construct@U?$pair@$$CBV?$basic_string@DU?$char_traits@D@std@@V?$allocator@D@2@@std@@H@std@@ABUpiecewise_construct_t@2@V?$tuple@$$QAV?$basic_string@DU?$char_traits@D@std@@V?$allocator@D@2@@std@@@2@V?$tuple@$$V@2@@?$allocator_traits@V?$allocator@U?$_Tree_node@U?$pair@$$CBV?$basic_string@DU?$char_traits@D@std@@V?$allocator@D@2@@std@@H@std@@PAX@std@@@std@@@std@@SAXAAV?$allocator@U?$_Tree_node@U?$pair@$$CBV?$basic_string@DU?$char_traits@D@std@@V?$allocator@D@2@@std@@H@std@@PAX@std@@@1@PAU?$pair@$$CBV?$basic_string@DU?$char_traits@D@std@@V?$allocator@D@2@@std@@H@1@ABUpiecewise_construct_t@1@$$QAV?$tuple@$$QAV?$basic_string@DU?$char_traits@D@std@@V?$allocator@D@2@@std@@@1@$$QAV?$tuple@$$V@1@@Z 00421bb0 f i log4z.obj
 0001:00020c30       ??$construct@U?$pair@$$CBV?$basic_string@DU?$char_traits@D@std@@V?$allocator@D@2@@std@@H@std@@ABUpiecewise_construct_t@2@V?$tuple@ABV?$basic_string@DU?$char_traits@D@std@@V?$allocator@D@2@@std@@@2@V?$tuple@$$V@2@@?$_Wrap_alloc@V?$allocator@U?$_Tree_node@U?$pair@$$CBV?$basic_string@DU?$char_traits@D@std@@V?$allocator@D@2@@std@@H@std@@PAX@std@@@std@@@std@@QAEXPAU?$pair@$$CBV?$basic_string@DU?$char_traits@D@std@@V?$allocator@D@2@@std@@H@1@ABUpiecewise_construct_t@1@$$QAV?$tuple@ABV?$basic_string@DU?$char_traits@D@std@@V?$allocator@D@2@@std@@@1@$$QAV?$tuple@$$V@1@@Z 00421c30 f i log4z.obj
 0001:00020cc0       ??$construct@U?$pair@$$CBV?$basic_string@DU?$char_traits@D@std@@V?$allocator@D@2@@std@@H@std@@ABUpiecewise_construct_t@2@V?$tuple@ABV?$basic_string@DU?$char_traits@D@std@@V?$allocator@D@2@@std@@@2@V?$tuple@$$V@2@@?$allocator@U?$_Tree_node@U?$pair@$$CBV?$basic_string@DU?$char_traits@D@std@@V?$allocator@D@2@@std@@H@std@@PAX@std@@@std@@QAEXPAU?$pair@$$CBV?$basic_string@DU?$char_traits@D@std@@V?$allocator@D@2@@std@@H@1@ABUpiecewise_construct_t@1@$$QAV?$tuple@ABV?$basic_string@DU?$char_traits@D@std@@V?$allocator@D@2@@std@@@1@$$QAV?$tuple@$$V@1@@Z 00421cc0 f i log4z.obj
 0001:00020e00       ??$construct@U?$pair@$$CBV?$basic_string@DU?$char_traits@D@std@@V?$allocator@D@2@@std@@H@std@@ABUpiecewise_construct_t@2@V?$tuple@ABV?$basic_string@DU?$char_traits@D@std@@V?$allocator@D@2@@std@@@2@V?$tuple@$$V@2@@?$allocator_traits@V?$allocator@U?$_Tree_node@U?$pair@$$CBV?$basic_string@DU?$char_traits@D@std@@V?$allocator@D@2@@std@@H@std@@PAX@std@@@std@@@std@@SAXAAV?$allocator@U?$_Tree_node@U?$pair@$$CBV?$basic_string@DU?$char_traits@D@std@@V?$allocator@D@2@@std@@H@std@@PAX@std@@@1@PAU?$pair@$$CBV?$basic_string@DU?$char_traits@D@std@@V?$allocator@D@2@@std@@H@1@ABUpiecewise_construct_t@1@$$QAV?$tuple@ABV?$basic_string@DU?$char_traits@D@std@@V?$allocator@D@2@@std@@@1@$$QAV?$tuple@$$V@1@@Z 00421e00 f i log4z.obj
 0001:00020e80       ??$construct@U?$pair@$$CBV?$basic_string@DU?$char_traits@D@std@@V?$allocator@D@2@@std@@ULoggerInfo@log4z@zsummer@@@std@@U?$pair@V?$basic_string@DU?$char_traits@D@std@@V?$allocator@D@2@@std@@ULoggerInfo@log4z@zsummer@@@2@@?$_Wrap_alloc@V?$allocator@U?$_Tree_node@U?$pair@$$CBV?$basic_string@DU?$char_traits@D@std@@V?$allocator@D@2@@std@@ULoggerInfo@log4z@zsummer@@@std@@PAX@std@@@std@@@std@@QAEXPAU?$pair@$$CBV?$basic_string@DU?$char_traits@D@std@@V?$allocator@D@2@@std@@ULoggerInfo@log4z@zsummer@@@1@$$QAU?$pair@V?$basic_string@DU?$char_traits@D@std@@V?$allocator@D@2@@std@@ULoggerInfo@log4z@zsummer@@@1@@Z 00421e80 f i log4z.obj
 0001:00020ef0       ??$construct@U?$pair@$$CBV?$basic_string@DU?$char_traits@D@std@@V?$allocator@D@2@@std@@ULoggerInfo@log4z@zsummer@@@std@@U?$pair@V?$basic_string@DU?$char_traits@D@std@@V?$allocator@D@2@@std@@ULoggerInfo@log4z@zsummer@@@2@@?$allocator@U?$_Tree_node@U?$pair@$$CBV?$basic_string@DU?$char_traits@D@std@@V?$allocator@D@2@@std@@ULoggerInfo@log4z@zsummer@@@std@@PAX@std@@@std@@QAEXPAU?$pair@$$CBV?$basic_string@DU?$char_traits@D@std@@V?$allocator@D@2@@std@@ULoggerInfo@log4z@zsummer@@@1@$$QAU?$pair@V?$basic_string@DU?$char_traits@D@std@@V?$allocator@D@2@@std@@ULoggerInfo@log4z@zsummer@@@1@@Z 00421ef0 f i log4z.obj
 0001:00020ff0       ??$construct@U?$pair@$$CBV?$basic_string@DU?$char_traits@D@std@@V?$allocator@D@2@@std@@ULoggerInfo@log4z@zsummer@@@std@@U?$pair@V?$basic_string@DU?$char_traits@D@std@@V?$allocator@D@2@@std@@ULoggerInfo@log4z@zsummer@@@2@@?$allocator_traits@V?$allocator@U?$_Tree_node@U?$pair@$$CBV?$basic_string@DU?$char_traits@D@std@@V?$allocator@D@2@@std@@ULoggerInfo@log4z@zsummer@@@std@@PAX@std@@@std@@@std@@SAXAAV?$allocator@U?$_Tree_node@U?$pair@$$CBV?$basic_string@DU?$char_traits@D@std@@V?$allocator@D@2@@std@@ULoggerInfo@log4z@zsummer@@@std@@PAX@std@@@1@PAU?$pair@$$CBV?$basic_string@DU?$char_traits@D@std@@V?$allocator@D@2@@std@@ULoggerInfo@log4z@zsummer@@@1@$$QAU?$pair@V?$basic_string@DU?$char_traits@D@std@@V?$allocator@D@2@@std@@ULoggerInfo@log4z@zsummer@@@1@@Z 00421ff0 f i log4z.obj
 0001:00021050       ??$construct@U?$pair@_JV?$basic_string@DU?$char_traits@D@std@@V?$allocator@D@2@@std@@@std@@ABU12@@?$_Wrap_alloc@V?$allocator@U?$_List_node@U?$pair@_JV?$basic_string@DU?$char_traits@D@std@@V?$allocator@D@2@@std@@@std@@PAX@std@@@std@@@std@@QAEXPAU?$pair@_JV?$basic_string@DU?$char_traits@D@std@@V?$allocator@D@2@@std@@@1@ABU21@@Z 00422050 f i log4z.obj
 0001:000210c0       ??$construct@U?$pair@_JV?$basic_string@DU?$char_traits@D@std@@V?$allocator@D@2@@std@@@std@@ABU12@@?$allocator@U?$_List_node@U?$pair@_JV?$basic_string@DU?$char_traits@D@std@@V?$allocator@D@2@@std@@@std@@PAX@std@@@std@@QAEXPAU?$pair@_JV?$basic_string@DU?$char_traits@D@std@@V?$allocator@D@2@@std@@@1@ABU21@@Z 004220c0 f i log4z.obj
 0001:000211c0       ??$construct@U?$pair@_JV?$basic_string@DU?$char_traits@D@std@@V?$allocator@D@2@@std@@@std@@ABU12@@?$allocator_traits@V?$allocator@U?$_List_node@U?$pair@_JV?$basic_string@DU?$char_traits@D@std@@V?$allocator@D@2@@std@@@std@@PAX@std@@@std@@@std@@SAXAAV?$allocator@U?$_List_node@U?$pair@_JV?$basic_string@DU?$char_traits@D@std@@V?$allocator@D@2@@std@@@std@@PAX@std@@@1@PAU?$pair@_JV?$basic_string@DU?$char_traits@D@std@@V?$allocator@D@2@@std@@@1@ABU31@@Z 004221c0 f i log4z.obj
 0001:00021220       ??$construct@U?$pair@_JV?$basic_string@DU?$char_traits@D@std@@V?$allocator@D@2@@std@@@std@@U12@@?$_Wrap_alloc@V?$allocator@U?$_List_node@U?$pair@_JV?$basic_string@DU?$char_traits@D@std@@V?$allocator@D@2@@std@@@std@@PAX@std@@@std@@@std@@QAEXPAU?$pair@_JV?$basic_string@DU?$char_traits@D@std@@V?$allocator@D@2@@std@@@1@$$QAU21@@Z 00422220 f i log4z.obj
 0001:00021290       ??$construct@U?$pair@_JV?$basic_string@DU?$char_traits@D@std@@V?$allocator@D@2@@std@@@std@@U12@@?$allocator@U?$_List_node@U?$pair@_JV?$basic_string@DU?$char_traits@D@std@@V?$allocator@D@2@@std@@@std@@PAX@std@@@std@@QAEXPAU?$pair@_JV?$basic_string@DU?$char_traits@D@std@@V?$allocator@D@2@@std@@@1@$$QAU21@@Z 00422290 f i log4z.obj
 0001:00021330       ??$construct@U?$pair@_JV?$basic_string@DU?$char_traits@D@std@@V?$allocator@D@2@@std@@@std@@U12@@?$allocator_traits@V?$allocator@U?$_List_node@U?$pair@_JV?$basic_string@DU?$char_traits@D@std@@V?$allocator@D@2@@std@@@std@@PAX@std@@@std@@@std@@SAXAAV?$allocator@U?$_List_node@U?$pair@_JV?$basic_string@DU?$char_traits@D@std@@V?$allocator@D@2@@std@@@std@@PAX@std@@@1@PAU?$pair@_JV?$basic_string@DU?$char_traits@D@std@@V?$allocator@D@2@@std@@@1@$$QAU31@@Z 00422330 f i log4z.obj
 0001:00021390       ??$construct@U_Container_proxy@std@@U12@@?$_Wrap_alloc@V?$allocator@U_Container_proxy@std@@@std@@@std@@QAEXPAU_Container_proxy@1@$$QAU21@@Z 00422390 f i log4z.obj
 0001:00021400       ??$construct@U_Container_proxy@std@@U12@@?$allocator@U_Container_proxy@std@@@std@@QAEXPAU_Container_proxy@1@$$QAU21@@Z 00422400 f i log4z.obj
 0001:000214b0       ??$construct@U_Container_proxy@std@@U12@@?$allocator_traits@V?$allocator@U_Container_proxy@std@@@std@@@std@@SAXAAV?$allocator@U_Container_proxy@std@@@1@PAU_Container_proxy@1@$$QAU31@@Z 004224b0 f i log4z.obj
 0001:00021510       ??$destroy@PAPAULogData@log4z@zsummer@@@?$_Wrap_alloc@V?$allocator@PAULogData@log4z@zsummer@@@std@@@std@@QAEXPAPAPAULogData@log4z@zsummer@@@Z 00422510 f i log4z.obj
 0001:00021570       ??$destroy@PAPAULogData@log4z@zsummer@@@?$allocator@PAULogData@log4z@zsummer@@@std@@QAEXPAPAPAULogData@log4z@zsummer@@@Z 00422570 f i log4z.obj
 0001:000215b0       ??$destroy@PAPAULogData@log4z@zsummer@@@?$allocator_traits@V?$allocator@PAULogData@log4z@zsummer@@@std@@@std@@SAXAAV?$allocator@PAULogData@log4z@zsummer@@@1@PAPAPAULogData@log4z@zsummer@@@Z 004225b0 f i log4z.obj
 0001:00021600       ??$destroy@PAU?$_List_node@U?$pair@_JV?$basic_string@DU?$char_traits@D@std@@V?$allocator@D@2@@std@@@std@@PAX@std@@@?$_Wrap_alloc@V?$allocator@U?$_List_node@U?$pair@_JV?$basic_string@DU?$char_traits@D@std@@V?$allocator@D@2@@std@@@std@@PAX@std@@@std@@@std@@QAEXPAPAU?$_List_node@U?$pair@_JV?$basic_string@DU?$char_traits@D@std@@V?$allocator@D@2@@std@@@std@@PAX@1@@Z 00422600 f i log4z.obj
 0001:00021660       ??$destroy@PAU?$_List_node@U?$pair@_JV?$basic_string@DU?$char_traits@D@std@@V?$allocator@D@2@@std@@@std@@PAX@std@@@?$allocator@U?$_List_node@U?$pair@_JV?$basic_string@DU?$char_traits@D@std@@V?$allocator@D@2@@std@@@std@@PAX@std@@@std@@QAEXPAPAU?$_List_node@U?$pair@_JV?$basic_string@DU?$char_traits@D@std@@V?$allocator@D@2@@std@@@std@@PAX@1@@Z 00422660 f i log4z.obj
 0001:000216a0       ??$destroy@PAU?$_List_node@U?$pair@_JV?$basic_string@DU?$char_traits@D@std@@V?$allocator@D@2@@std@@@std@@PAX@std@@@?$allocator_traits@V?$allocator@U?$_List_node@U?$pair@_JV?$basic_string@DU?$char_traits@D@std@@V?$allocator@D@2@@std@@@std@@PAX@std@@@std@@@std@@SAXAAV?$allocator@U?$_List_node@U?$pair@_JV?$basic_string@DU?$char_traits@D@std@@V?$allocator@D@2@@std@@@std@@PAX@std@@@1@PAPAU?$_List_node@U?$pair@_JV?$basic_string@DU?$char_traits@D@std@@V?$allocator@D@2@@std@@@std@@PAX@1@@Z 004226a0 f i log4z.obj
 0001:000216f0       ??$destroy@PAU?$_Tree_node@U?$pair@$$CBV?$basic_string@DU?$char_traits@D@std@@V?$allocator@D@2@@std@@H@std@@PAX@std@@@?$_Wrap_alloc@V?$allocator@U?$_Tree_node@U?$pair@$$CBV?$basic_string@DU?$char_traits@D@std@@V?$allocator@D@2@@std@@H@std@@PAX@std@@@std@@@std@@QAEXPAPAU?$_Tree_node@U?$pair@$$CBV?$basic_string@DU?$char_traits@D@std@@V?$allocator@D@2@@std@@H@std@@PAX@1@@Z 004226f0 f i log4z.obj
 0001:00021750       ??$destroy@PAU?$_Tree_node@U?$pair@$$CBV?$basic_string@DU?$char_traits@D@std@@V?$allocator@D@2@@std@@H@std@@PAX@std@@@?$allocator@U?$_Tree_node@U?$pair@$$CBV?$basic_string@DU?$char_traits@D@std@@V?$allocator@D@2@@std@@H@std@@PAX@std@@@std@@QAEXPAPAU?$_Tree_node@U?$pair@$$CBV?$basic_string@DU?$char_traits@D@std@@V?$allocator@D@2@@std@@H@std@@PAX@1@@Z 00422750 f i log4z.obj
[...]
 0004:000007a0       __imp_?get_accName@CWnd@@UAEJUtagVARIANT@@PAPA_W@Z 004957a0     mfc140d:mfc140d.dll
 0004:000007a4       __imp_?get_accChild@CWnd@@UAEJUtagVARIANT@@PAPAUIDispatch@@@Z 004957a4     mfc140d:mfc140d.dll
 0004:000007a8       __imp_?get_accChildCount@CWnd@@UAEJPAJ@Z 004957a8     mfc140d:mfc140d.dll
 0004:000007ac       __imp_?get_accParent@CWnd@@UAEJPAPAUIDispatch@@@Z 004957ac     mfc140d:mfc140d.dll
 0004:000007b0       __imp_?EnsureStdObj@CWnd@@UAEJXZ 004957b0     mfc140d:mfc140d.dll
 0004:000007b4       __imp_?GetInterfaceMap@CWnd@@MBEPBUAFX_INTERFACEMAP@@XZ 004957b4     mfc140d:mfc140d.dll
 0004:000007b8       __imp_?OnDrawIconicThumbnailOrLivePreview@CWnd@@UAEXAAVCDC@@VCRect@@VCSize@@HAAH@Z 004957b8     mfc140d:mfc140d.dll
 0004:000007bc       __imp_?EndModalLoop@CWnd@@UAEXH@Z 004957bc     mfc140d:mfc140d.dll
 0004:000007c0       __imp_?ContinueModal@CWnd@@UAEHXZ 004957c0     mfc140d:mfc140d.dll
 0004:000007c4       __imp_?WinHelpInternal@CWnd@@UAEXKI@Z 004957c4     mfc140d:mfc140d.dll
 0004:000007c8       __imp_?HtmlHelpA@CWnd@@UAEXKI@Z 004957c8     mfc140d:mfc140d.dll
 0004:000007cc       __imp_?WinHelpA@CWnd@@UAEXKI@Z 004957cc     mfc140d:mfc140d.dll
 0004:000007d0       __imp_?GetScrollBarCtrl@CWnd@@UBEPAVCScrollBar@@H@Z 004957d0     mfc140d:mfc140d.dll
 0004:000007d4       __imp_?OnToolHitTest@CWnd@@UBEHVCPoint@@PAUtagTOOLINFOA@@@Z 004957d4     mfc140d:mfc140d.dll
 0004:000007d8       __imp_?SetMenu@CWnd@@UAEHPAVCMenu@@@Z 004957d8     mfc140d:mfc140d.dll
 0004:000007dc       __imp_?GetMenu@CWnd@@UBEPAVCMenu@@XZ 004957dc     mfc140d:mfc140d.dll
 0004:000007e0       __imp_?GetWindowTextA@CWnd@@QBEXAAV?$CStringT@DV?$StrTraitMFC_DLL@DV?$ChTraitsCRT@D@ATL@@@@@ATL@@@Z 004957e0     mfc140d:mfc140d.dll
 0004:000007e4       __imp_?GetDlgItem@CWnd@@QBEPAV1@H@Z 004957e4     mfc140d:mfc140d.dll
 0004:000007e8       __imp_?CalcWindowRect@CWnd@@UAEXPAUtagRECT@@I@Z 004957e8     mfc140d:mfc140d.dll
 0004:000007ec       __imp_?PreCreateWindow@CWnd@@UAEHAAUtagCREATESTRUCTA@@@Z 004957ec     mfc140d:mfc140d.dll
 0004:000007f0       __imp_?DestroyWindow@CWnd@@UAEHXZ 004957f0     mfc140d:mfc140d.dll
 0004:000007f4       __imp_?CreateEx@CWnd@@UAEHKPBD0KABUtagRECT@@PAV1@IPAX@Z 004957f4     mfc140d:mfc140d.dll
 0004:000007f8       __imp_?CreateEx@CWnd@@UAEHKPBD0KHHHHPAUHWND__@@PAUHMENU__@@PAX@Z 004957f8     mfc140d:mfc140d.dll
 0004:000007fc       __imp_?Create@CWnd@@UAEHPBD0KABUtagRECT@@PAV1@IPAUCCreateContext@@@Z 004957fc     mfc140d:mfc140d.dll
 0004:00000800       __imp_?PreSubclassWindow@CWnd@@UAEXXZ 00495800     mfc140d:mfc140d.dll
 0004:00000804       __imp_?GetConnectionHook@CCmdTarget@@MAEPAUIConnectionPoint@@ABU_GUID@@@Z 00495804     mfc140d:mfc140d.dll
 0004:00000808       __imp_?GetExtraConnectionPoints@CCmdTarget@@MAEHPAVCPtrArray@@@Z 00495808     mfc140d:mfc140d.dll
 0004:0000080c       __imp_?GetInterfaceHook@CCmdTarget@@UAEPAUIUnknown@@PBX@Z 0049580c     mfc140d:mfc140d.dll
 0004:00000810       __imp_?OnCreateAggregates@CCmdTarget@@UAEHXZ 00495810     mfc140d:mfc140d.dll
 0004:00000814       __imp_?GetEventSinkMap@CCmdTarget@@MBEPBUAFX_EVENTSINKMAP@@XZ 00495814     mfc140d:mfc140d.dll
 0004:00000818       __imp_?GetConnectionMap@CCmdTarget@@MBEPBUAFX_CONNECTIONMAP@@XZ 00495818     mfc140d:mfc140d.dll
 0004:0000081c       __imp_?GetDispatchMap@CCmdTarget@@MBEPBUAFX_DISPMAP@@XZ 0049581c     mfc140d:mfc140d.dll
 0004:00000820       __imp_?GetCommandMap@CCmdTarget@@MBEPBUAFX_OLECMDMAP@@XZ 00495820     mfc140d:mfc140d.dll
 0004:00000824       __imp_?GetTypeLib@CCmdTarget@@UAEJKPAPAUITypeLib@@@Z 00495824     mfc140d:mfc140d.dll
 0004:00000828       __imp_?GetTypeLibCache@CCmdTarget@@UAEPAVCTypeLibCache@@XZ 00495828     mfc140d:mfc140d.dll
 0004:0000082c       __imp_?GetTypeInfoCount@CCmdTarget@@UAEIXZ 0049582c     mfc140d:mfc140d.dll
 0004:00000830       __imp_?GetDispatchIID@CCmdTarget@@UAEHPAU_GUID@@@Z 00495830     mfc140d:mfc140d.dll
 0004:00000834       __imp_?IsInvokeAllowed@CCmdTarget@@UAEHJ@Z 00495834     mfc140d:mfc140d.dll
 0004:00000838       __imp_?DDX_Control@@YGXPAVCDataExchange@@HAAVCWnd@@@Z 00495838     mfc140d:mfc140d.dll
 0004:0000083c       __imp_??1CBrush@@UAE@XZ    0049583c     mfc140d:mfc140d.dll
 0004:00000840       __imp_?Format@?$CStringT@DV?$StrTraitMFC_DLL@DV?$ChTraitsCRT@D@ATL@@@@@ATL@@QAAXPBDZZ 00495840     mfc140d:mfc140d.dll
 0004:00000844       __imp_??1?$CStringT@DV?$StrTraitMFC_DLL@DV?$ChTraitsCRT@D@ATL@@@@@ATL@@QAE@XZ 00495844     mfc140d:mfc140d.dll
 0004:00000848       __imp_??0?$CStringT@DV?$StrTraitMFC_DLL@DV?$ChTraitsCRT@D@ATL@@@@@ATL@@QAE@XZ 00495848     mfc140d:mfc140d.dll
 0004:0000084c       __imp_?GetLength@?$CSimpleStringT@D$00@ATL@@QBEHXZ 0049584c     mfc140d:mfc140d.dll
 0004:00000850       __imp_?GetBuffer@?$CSimpleStringT@D$00@ATL@@QAEPADH@Z 00495850     mfc140d:mfc140d.dll
 0004:00000854       __imp_?Empty@?$CSimpleStringT@D$00@ATL@@QAEXXZ 00495854     mfc140d:mfc140d.dll
 0004:00000858       __imp_?Append@?$CSimpleStringT@D$00@ATL@@QAEXPBD@Z 00495858     mfc140d:mfc140d.dll
 0004:0000085c       __imp_??B?$CSimpleStringT@D$00@ATL@@QBEPBDXZ 0049585c     mfc140d:mfc140d.dll
 0004:00000860       __imp_?Serialize@CObject@@UAEXAAVCArchive@@@Z 00495860     mfc140d:mfc140d.dll
 0004:00000864       __imp_??3CObject@@SGXPAX@Z 00495864     mfc140d:mfc140d.dll
 0004:00000868       __imp_?GetThisMessageMap@CDialogEx@@KGPBUAFX_MSGMAP@@XZ 00495868     mfc140d:mfc140d.dll
 0004:0000086c       __imp_?AfxGetMainWnd@@YGPAVCWnd@@XZ 0049586c     mfc140d:mfc140d.dll
 0004:00000870       __imp_??1CEdit@@UAE@XZ     00495870     mfc140d:mfc140d.dll
 0004:00000874       __imp_?IsFrameWnd@CWnd@@UBEHXZ 00495874     mfc140d:mfc140d.dll
 0004:00000878       __imp_?ResizeDynamicLayout@CWnd@@MAEXXZ 00495878     mfc140d:mfc140d.dll
 0004:0000087c       __imp_??0CEdit@@QAE@XZ     0049587c     mfc140d:mfc140d.dll
 0004:00000880       __imp_?SetLimitText@CEdit@@QAEXI@Z 00495880     mfc140d:mfc140d.dll
 0004:00000884       __imp_?ExitInstance@CWinApp@@UAEHXZ 00495884     mfc140d:mfc140d.dll
 0004:00000888       __imp_?SetCheck@CButton@@QAEXH@Z 00495888     mfc140d:mfc140d.dll
 0004:0000088c       __imp_?OnGesturePressAndTap@CWnd@@MAEHVCPoint@@J@Z 0049588c     mfc140d:mfc140d.dll
 0004:00000890       __imp_?OnGestureTwoFingerTap@CWnd@@MAEHVCPoint@@@Z 00495890     mfc140d:mfc140d.dll
 0004:00000894       __imp_?OnGestureRotate@CWnd@@MAEHVCPoint@@N@Z 00495894     mfc140d:mfc140d.dll
 0004:00000898       __imp_?OnGesturePan@CWnd@@MAEHVCPoint@@0@Z 00495898     mfc140d:mfc140d.dll
 0004:0000089c       __imp_?OnGestureZoom@CWnd@@MAEHVCPoint@@J@Z 0049589c     mfc140d:mfc140d.dll
 0004:000008a0       __imp_?GetGestureStatus@CWnd@@MAEKVCPoint@@@Z 004958a0     mfc140d:mfc140d.dll
 0004:000008a4       __imp_?OnTouchInput@CWnd@@MAEHVCPoint@@HHPAUtagTOUCHINPUT@@@Z 004958a4     mfc140d:mfc140d.dll
 0004:000008a8       __imp_?OnTouchInputs@CWnd@@MAEHIPAUtagTOUCHINPUT@@@Z 004958a8     mfc140d:mfc140d.dll
 0004:000008ac       __imp_?OnChildNotify@CWnd@@MAEHIIJPAJ@Z 004958ac     mfc140d:mfc140d.dll
 0004:000008b0       __imp_?PostNcDestroy@CWnd@@MAEXXZ 004958b0     mfc140d:mfc140d.dll
 0004:000008b4       __imp_?DefWindowProcA@CWnd@@MAEJIIJ@Z 004958b4     mfc140d:mfc140d.dll
 0004:000008b8       __imp_?OnWndMsg@CWnd@@MAEHIIJPAJ@Z 004958b8     mfc140d:mfc140d.dll
 0004:000008bc       __imp_?WindowProc@CWnd@@MAEJIIJ@Z 004958bc     mfc140d:mfc140d.dll
 0004:000008c0       __imp_?OnAmbientProperty@CWnd@@UAEHPAVCOleControlSite@@JPAUtagVARIANT@@@Z 004958c0     mfc140d:mfc140d.dll
 0004:000008c4       __imp_?EndModalState@CWnd@@UAEXXZ 004958c4     mfc140d:mfc140d.dll
 0004:000008c8       __imp_?BeginModalState@CWnd@@UAEXXZ 004958c8     mfc140d:mfc140d.dll
 0004:000008cc       __imp_?DoDataExchange@CWnd@@MAEXPAVCDataExchange@@@Z 004958cc     mfc140d:mfc140d.dll
 0004:000008d0       __imp_?GetSuperWndProcAddr@CWnd@@MAEPAP6GJPAUHWND__@@IIJ@ZXZ 004958d0     mfc140d:mfc140d.dll
 0004:000008d4       __imp_?GetOccDialogInfo@CDialog@@MAEPAU_AFX_OCC_DIALOG_INFO@@XZ 004958d4     mfc140d:mfc140d.dll
 0004:000008d8       __imp_?SetOccDialogInfo@CDialog@@MAEHPAU_AFX_OCC_DIALOG_INFO@@@Z 004958d8     mfc140d:mfc140d.dll
 0004:000008dc       __imp_?CheckAutoCenter@CDialog@@UAEHXZ 004958dc     mfc140d:mfc140d.dll
 0004:000008e0       __imp_?OnCmdMsg@CDialog@@UAEHIHPAXPAUAFX_CMDHANDLERINFO@@@Z 004958e0     mfc140d:mfc140d.dll
 0004:000008e4       __imp_?Dump@CDialog@@UBEXAAVCDumpContext@@@Z 004958e4     mfc140d:mfc140d.dll
 0004:000008e8       __imp_?AssertValid@CDialog@@UBEXXZ 004958e8     mfc140d:mfc140d.dll
 0004:000008ec       __imp_??1CDialog@@UAE@XZ   004958ec     mfc140d:mfc140d.dll
 0004:000008f0       __imp_?OnCancel@CDialog@@MAEXXZ 004958f0     mfc140d:mfc140d.dll
 0004:000008f4       __imp_?OnOK@CDialog@@MAEXXZ 004958f4     mfc140d:mfc140d.dll
 0004:000008f8       __imp_?OnSetFont@CDialog@@UAEXPAVCFont@@@Z 004958f8     mfc140d:mfc140d.dll
 0004:000008fc       __imp_?OnInitDialog@CDialog@@UAEHXZ 004958fc     mfc140d:mfc140d.dll
 0004:00000900       __imp_?DoModal@CDialog@@UAEHXZ 00495900     mfc140d:mfc140d.dll
 0004:00000904       __imp_?CreateIndirect@CDialog@@UAEHPAXPAVCWnd@@@Z 00495904     mfc140d:mfc140d.dll
 0004:00000908       __imp_?CreateIndirect@CDialog@@UAEHPBUDLGTEMPLATE@@PAVCWnd@@PAX@Z 00495908     mfc140d:mfc140d.dll
 0004:0000090c       __imp_?Create@CDialog@@UAEHIPAVCWnd@@@Z 0049590c     mfc140d:mfc140d.dll
 0004:00000910       __imp_?Create@CDialog@@UAEHPBDPAVCWnd@@@Z 00495910     mfc140d:mfc140d.dll
 0004:00000914       __imp_?CreateControlSite@CWnd@@MAEHPAVCOleControlContainer@@PAPAVCOleControlSite@@IABU_GUID@@@Z 00495914     mfc140d:mfc140d.dll
 0004:00000918       __imp_?LoadSysPolicies@CWinApp@@UAEHXZ 00495918     mfc140d:mfc140d.dll
 0004:0000091c       __imp_?CreateControlContainer@CWnd@@MAEHPAPAVCOleControlContainer@@@Z 0049591c     mfc140d:mfc140d.dll
 0004:00000920       __imp_?OnNotify@CWnd@@MAEHIJPAJ@Z 00495920     mfc140d:mfc140d.dll
 0004:00000924       __imp_?CreateAccessibleProxy@CWnd@@UAEJIJPAJ@Z 00495924     mfc140d:mfc140d.dll
 0004:00000928       __imp_?SetProxy@CWnd@@UAEJPAUIAccessibleProxy@@@Z 00495928     mfc140d:mfc140d.dll
 0004:0000092c       __imp_?put_accValue@CWnd@@UAEJUtagVARIANT@@PA_W@Z 0049592c     mfc140d:mfc140d.dll
 0004:00000930       __imp_?put_accName@CWnd@@UAEJUtagVARIANT@@PA_W@Z 00495930     mfc140d:mfc140d.dll
 0004:00000934       __imp_?accDoDefaultAction@CWnd@@UAEJUtagVARIANT@@@Z 00495934     mfc140d:mfc140d.dll
 0004:00000938       __imp_?accHitTest@CWnd@@UAEJJJPAUtagVARIANT@@@Z 00495938     mfc140d:mfc140d.dll
 0004:0000093c       __imp_?AfxWinMain@@YGHPAUHINSTANCE__@@0PADH@Z 0049593c     mfc140d:mfc140d.dll
 0004:00000940       __imp_?AfxGetModuleState@@YGPAVAFX_MODULE_STATE@@XZ 00495940     mfc140d:mfc140d.dll
 0004:00000944       __imp_?_AfxSocketInit@@YGHPAUWSAData@@@Z 00495944     mfc140d:mfc140d.dll
 0004:00000948       __imp_?RestartInstance@CWinApp@@UAEHXZ 00495948     mfc140d:mfc140d.dll
 0004:0000094c       __imp_?accNavigate@CWnd@@UAEJJUtagVARIANT@@PAU2@@Z 0049594c     mfc140d:mfc140d.dll
 0004:00000950       __imp_?InitInstance@CWinApp@@UAEHXZ 00495950     mfc140d:mfc140d.dll
 0004:00000954       __imp_?GetWindowTextA@CWnd@@QBEHPADH@Z 00495954     mfc140d:mfc140d.dll
 0004:00000958       \177mfc140d_NULL_THUNK_DATA 00495958     mfc140d:mfc140d.dll
 0004:00000a74       __imp___invalid_parameter  00495a74     ucrtd:ucrtbased.dll
 0004:00000a78       __imp__isprint             00495a78     ucrtd:ucrtbased.dll
 0004:00000a7c       __imp___CrtDbgReportW      00495a7c     ucrtd:ucrtbased.dll
 0004:00000a80       __imp__free                00495a80     ucrtd:ucrtbased.dll
 0004:00000a84       __imp__malloc              00495a84     ucrtd:ucrtbased.dll
 0004:00000a88       __imp__rand                00495a88     ucrtd:ucrtbased.dll
 0004:00000a8c       __imp__atoi                00495a8c     ucrtd:ucrtbased.dll
 0004:00000a90       __imp____acrt_iob_func     00495a90     ucrtd:ucrtbased.dll
 0004:00000a94       __imp__fclose              00495a94     ucrtd:ucrtbased.dll
 0004:00000a98       __imp__fflush              00495a98     ucrtd:ucrtbased.dll
 0004:00000a9c       __imp__fopen               00495a9c     ucrtd:ucrtbased.dll
 0004:00000aa0       __imp__fread               00495aa0     ucrtd:ucrtbased.dll
 0004:00000aa4       __imp__fseek               00495aa4     ucrtd:ucrtbased.dll
 0004:00000aa8       __imp__ftell               00495aa8     ucrtd:ucrtbased.dll
 0004:00000aac       __imp__fwrite              00495aac     ucrtd:ucrtbased.dll
 0004:00000ab0       __imp__remove              00495ab0     ucrtd:ucrtbased.dll
 0004:00000ab4       __imp____stdio_common_vfprintf 00495ab4     ucrtd:ucrtbased.dll
 0004:00000ab8       __imp__tolower             00495ab8     ucrtd:ucrtbased.dll
 0004:00000abc       __imp___localtime64_s      00495abc     ucrtd:ucrtbased.dll
 0004:00000ac0       __imp___mktime64           00495ac0     ucrtd:ucrtbased.dll
 0004:00000ac4       __imp___time64             00495ac4     ucrtd:ucrtbased.dll
 0004:00000ac8       __imp___beginthreadex      00495ac8     ucrtd:ucrtbased.dll
 0004:00000acc       __imp__wcscpy_s            00495acc     ucrtd:ucrtbased.dll
 0004:00000ad0       __imp____stdio_common_vswprintf_s 00495ad0     ucrtd:ucrtbased.dll
 0004:00000ad4       __imp___invalid_parameter_noinfo 00495ad4     ucrtd:ucrtbased.dll
 0004:00000ad8       __imp___errno              00495ad8     ucrtd:ucrtbased.dll
 0004:00000adc       __imp__wcslen              00495adc     ucrtd:ucrtbased.dll
 0004:00000ae0       __imp____stdio_common_vsnprintf_s 00495ae0     ucrtd:ucrtbased.dll
 0004:00000ae4       __imp__setlocale           00495ae4     ucrtd:ucrtbased.dll
 0004:00000ae8       __imp___CrtDbgReport       00495ae8     ucrtd:ucrtbased.dll
 0004:00000aec       __imp___free_dbg           00495aec     ucrtd:ucrtbased.dll
 0004:00000af0       __imp__terminate           00495af0     ucrtd:ucrtbased.dll
 0004:00000af4       __imp___callnewh           00495af4     ucrtd:ucrtbased.dll
 0004:00000af8       __imp___seh_filter_dll     00495af8     ucrtd:ucrtbased.dll
 0004:00000afc       __imp___configure_narrow_argv 00495afc     ucrtd:ucrtbased.dll
 0004:00000b00       __imp___initialize_narrow_environment 00495b00     ucrtd:ucrtbased.dll
 0004:00000b04       __imp___initialize_onexit_table 00495b04     ucrtd:ucrtbased.dll
 0004:00000b08       __imp___register_onexit_function 00495b08     ucrtd:ucrtbased.dll
 0004:00000b0c       __imp___execute_onexit_table 00495b0c     ucrtd:ucrtbased.dll
 0004:00000b10       __imp___crt_atexit         00495b10     ucrtd:ucrtbased.dll
 0004:00000b14       __imp___crt_at_quick_exit  00495b14     ucrtd:ucrtbased.dll
 0004:00000b18       __imp___cexit              00495b18     ucrtd:ucrtbased.dll
 0004:00000b1c       __imp___seh_filter_exe     00495b1c     ucrtd:ucrtbased.dll
 0004:00000b20       __imp___set_app_type       00495b20     ucrtd:ucrtbased.dll
 0004:00000b24       __imp____setusermatherr    00495b24     ucrtd:ucrtbased.dll
 0004:00000b28       __imp___get_narrow_winmain_command_line 00495b28     ucrtd:ucrtbased.dll
 0004:00000b2c       __imp___initterm           00495b2c     ucrtd:ucrtbased.dll
 0004:00000b30       __imp___initterm_e         00495b30     ucrtd:ucrtbased.dll
 0004:00000b34       __imp__exit                00495b34     ucrtd:ucrtbased.dll
 0004:00000b38       __imp___exit               00495b38     ucrtd:ucrtbased.dll
 0004:00000b3c       __imp___set_fmode          00495b3c     ucrtd:ucrtbased.dll
 0004:00000b40       __imp___c_exit             00495b40     ucrtd:ucrtbased.dll
 0004:00000b44       __imp___register_thread_local_exe_atexit_callback 00495b44     ucrtd:ucrtbased.dll
 0004:00000b48       __imp___configthreadlocale 00495b48     ucrtd:ucrtbased.dll
 0004:00000b4c       __imp___set_new_mode       00495b4c     ucrtd:ucrtbased.dll
 0004:00000b50       __imp____p__commode        00495b50     ucrtd:ucrtbased.dll
 0004:00000b54       __imp___controlfp_s        00495b54     ucrtd:ucrtbased.dll
 0004:00000b58       __imp___wmakepath_s        00495b58     ucrtd:ucrtbased.dll
 0004:00000b5c       __imp___wsplitpath_s       00495b5c     ucrtd:ucrtbased.dll
 0004:00000b60       __imp__strnicmp            00495b60     ucrtd:ucrtbased.dll
 0004:00000b60       __imp___strnicmp           00495b60     ucrtd:ucrtbased.dll
 0004:00000b64       __imp__strupr              00495b64     ucrtd:ucrtbased.dll
 0004:00000b64       __imp___strupr             00495b64     ucrtd:ucrtbased.dll
 0004:00000b68       __imp___memicmp            00495b68     ucrtd:ucrtbased.dll
 0004:00000b68       __imp__memicmp             00495b68     ucrtd:ucrtbased.dll
 0004:00000b6c       __imp___strlwr             00495b6c     ucrtd:ucrtbased.dll
 0004:00000b6c       __imp__strlwr              00495b6c     ucrtd:ucrtbased.dll
 0004:00000b70       __imp___setmbcp            00495b70     ucrtd:ucrtbased.dll
 0004:00000b74       __imp___recalloc           00495b74     ucrtd:ucrtbased.dll
 0004:00000b78       __imp__strcat              00495b78     ucrtd:ucrtbased.dll
 0004:00000b7c       __imp__pow                 00495b7c     ucrtd:ucrtbased.dll
 0004:00000b80       __imp___strupr_s           00495b80     ucrtd:ucrtbased.dll
 0004:00000b84       __imp__strlen              00495b84     ucrtd:ucrtbased.dll
 0004:00000b88       __imp__strcpy              00495b88     ucrtd:ucrtbased.dll
 0004:00000b8c       __imp__strcmp              00495b8c     ucrtd:ucrtbased.dll
 0004:00000b90       __imp__toupper             00495b90     ucrtd:ucrtbased.dll
 0004:00000b94       __imp__isalnum             00495b94     ucrtd:ucrtbased.dll
 0004:00000b98       __imp__isxdigit            00495b98     ucrtd:ucrtbased.dll
 0004:00000b9c       __imp__isdigit             00495b9c     ucrtd:ucrtbased.dll
 0004:00000ba0       __imp__isalpha             00495ba0     ucrtd:ucrtbased.dll
 0004:00000ba4       __imp____stdio_common_vsprintf 00495ba4     ucrtd:ucrtbased.dll
 0004:00000ba8       __imp____stdio_common_vsprintf_s 00495ba8     ucrtd:ucrtbased.dll
 0004:00000bac       __imp___mbscmp             00495bac     ucrtd:ucrtbased.dll
 0004:00000bb0       \177ucrtbased_NULL_THUNK_DATA 00495bb0     ucrtd:ucrtbased.dll
 0004:00000c14       __IMPORT_DESCRIPTOR_MSVCP140D 00495c14     msvcprtd:MSVCP140D.dll
 0004:00000c28       __IMPORT_DESCRIPTOR_SHLWAPI 00495c28     shlwapi:SHLWAPI.dll
 0004:00000c3c       __IMPORT_DESCRIPTOR_USER32 00495c3c     User32:USER32.dll
 0004:00000c50       __IMPORT_DESCRIPTOR_dbghelp 00495c50     dbghelp:dbghelp.dll
 0004:00000c64       __IMPORT_DESCRIPTOR_mfc140d 00495c64     mfc140d:mfc140d.dll
 0004:00000c78       __IMPORT_DESCRIPTOR_KERNEL32 00495c78     kernel32:KERNEL32.dll
 0004:00000c8c       __IMPORT_DESCRIPTOR_GDI32  00495c8c     gdi32:GDI32.dll
 0004:00000ca0       __IMPORT_DESCRIPTOR_COMCTL32 00495ca0     comctl32:COMCTL32.dll
 0004:00000cb4       __IMPORT_DESCRIPTOR_OLEAUT32 00495cb4     oleaut32:OLEAUT32.dll
 0004:00000cc8       __IMPORT_DESCRIPTOR_gdiplus 00495cc8     gdiplus:gdiplus.dll
 0004:00000cdc       __IMPORT_DESCRIPTOR_WS2_32 00495cdc     ws2_32:WS2_32.dll
 0004:00000cf0       __IMPORT_DESCRIPTOR_PELib  00495cf0     PELib:PELib.dll
 0004:00000d04       __IMPORT_DESCRIPTOR_16Edit 00495d04     16Edit:16Edit.DLL
 0004:00000d18       __IMPORT_DESCRIPTOR_VCRUNTIME140D 00495d18     vcruntimed:VCRUNTIME140D.dll
 0004:00000d2c       __IMPORT_DESCRIPTOR_ucrtbased 00495d2c     ucrtd:ucrtbased.dll
 0004:00000d40       __NULL_IMPORT_DESCRIPTOR   00495d40     msvcprtd:MSVCP140D.dll
 0005:00000000       __tls_start                00498000     MSVCRTD:tlssup.obj
 0005:0000013c       __Init_thread_epoch        0049813c     MSVCRTD:thread_safe_statics.obj
 0005:00000241       __tls_end                  00498241     MSVCRTD:tlssup.obj
 0007:00000000       ___guard_check_icall_fptr  0049a000     MSVCRTD:guard_support.obj
