 PETOOLS

 Timestamp is 5f51cb1d (Fri Sep  4 13:05:33 2020)

 Preferred load address is 00400000

 Start         Length     Name                   Class
 0001:00000000 00007110H .text$di                CODE
 0001:00007110 00064b30H .text$mn                CODE
 0001:0006bc40 000059e0H .text$x                 CODE
 0001:00071620 00001467H .text$yd                CODE
 0002:00000000 00000104H .CRT$XCA                DATA
 0002:00000104 00000104H .CRT$XCAA               DATA
 0002:00000208 0000010cH .CRT$XCL                DATA
 0002:00000314 0000018cH .CRT$XCU                DATA
 0002:000004a0 00000104H .CRT$XCZ                DATA
 0002:000005a4 00000104H .CRT$XIA                DATA
 0002:000006a8 00000104H .CRT$XIAA               DATA
 0002:000007ac 00000104H .CRT$XIAC               DATA
 0002:000008b0 00000104H .CRT$XIC                DATA
 0002:000009b4 00000104H .CRT$XIZ                DATA
 0002:00000ab8 00000004H .CRT$XLA                DATA
 0002:00000abc 00000004H .CRT$XLZ                DATA
 0002:00000ac0 00000104H .CRT$XPA                DATA
 0002:00000bc4 00000104H .CRT$XPZ                DATA
 0002:00000cc8 00000104H .CRT$XTA                DATA
 0002:00000dcc 00000104H .CRT$XTZ                DATA
 0002:00000ed0 00012114H .rdata                  DATA
 0002:00012fe4 0000011cH .rdata$T                DATA
 0002:00013100 000010c0H .rdata$r                DATA
 0002:000141c0 00000554H .rdata$sxdata           DATA
 0002:00014714 0000016cH .rdata$zzzdbg           DATA
 0002:00014880 00000104H .rtc$IAA                DATA
 0002:00014984 000001a4H .rtc$IMZ                DATA
 0002:00014b28 00000104H .rtc$IZZ                DATA
 0002:00014c2c 00000104H .rtc$TAA                DATA
 0002:00014d30 000001a4H .rtc$TMZ                DATA
 0002:00014ed4 00000104H .rtc$TZZ                DATA
 0002:00014fd8 00004370H .xdata$x                DATA
 0002:00019348 00000104H ATL$__a                 DATA
 0002:0001944c 00000104H ATL$__z                 DATA
 0002:00019550 00000000H .edata                  DATA
 0003:00000000 0000032cH .data                   DATA
 0003:0000032c 000006e4H .data$r                 DATA
 0003:00000a10 000045acH .bss                    DATA
 0004:00000000 00000c38H .idata$5                DATA
 0004:00000c38 0000012cH .idata$2                DATA
 0004:00000d64 00000014H .idata$3                DATA
 0004:00000d78 00000c38H .idata$4                DATA
 0004:000019b0 000011c4H .idata$6                DATA
 0005:00000000 00000108H .tls                    DATA
 0005:00000108 00000139H .tls$                   DATA
 0005:00000241 00000101H .tls$ZZZ                DATA
 0006:00000000 00000239H .gfids$y                DATA
 0007:00000000 00000104H .00cfg                  DATA
 0008:00000000 00000104H .giats$y                DATA
 0009:00000000 00000940H .rsrc$01                DATA
 0009:00000940 00018970H .rsrc$02                DATA

  Address         Publics by Value              Rva+Base       Lib:Object

 0000:00000000       ___guard_iat_table         00000000     <absolute>
 0000:00000000       ___dynamic_value_reloc_table 00000000     <absolute>
 0000:00000000       ___guard_longjmp_table     00000000     <absolute>
 0000:00000000       ___guard_iat_count         00000000     <absolute>
 0000:00000000       ___guard_fids_table        00000000     <absolute>
 0000:00000000       ___guard_fids_count        00000000     <absolute>
 0000:00000000       ___guard_longjmp_count     00000000     <absolute>
 0000:0000002c       __tls_array                0000002c     <absolute>
 0000:000000e7       ___safe_se_handler_count   000000e7     <absolute>
 0000:00000100       ___guard_flags             00000100     <absolute>
 0000:00000000       ___ImageBase               00400000     <linker-defined>
 0001:00007110       ??$__vcrt_va_start_verify_argument_type@QBD@@YAXXZ 00408110 f i asmserv.obj
 0001:00007140       ?Decodeaddress@@YAHKPADH0@Z 00408140 f   asmserv.obj
 0001:00007170       ?Disassembleback@@YAKPADKKKH@Z 00408170 f   asmserv.obj
 0001:00007420       ?Disassembleforward@@YAKPADKKKH@Z 00408420 f   asmserv.obj
 0001:000075b0       ?Isfilling@@YAHKPADKK@Z    004085b0 f   asmserv.obj
 0001:000078b0       ?Print3dnow@@YAHPAD0@Z     004088b0 f   asmserv.obj
 0001:00007970       ?Printfloat10@@YAHPADO@Z   00408970 f   asmserv.obj
 0001:00007d90       ?Printfloat4@@YAHPADM@Z    00408d90 f   asmserv.obj
 0001:00007ef0       ?Printfloat8@@YAHPADN@Z    00408ef0 f   asmserv.obj
 0001:00008090       ___local_stdio_printf_options 00409090 f i asmserv.obj
 0001:000080d0       __vsnprintf_l              004090d0 f i asmserv.obj
 0001:00008180       __vsprintf_l               00409180 f i asmserv.obj
 0001:000081e0       _sprintf                   004091e0 f i asmserv.obj
 0001:00008260       ??$_strupr_s@$0BAA@@@YAHAAY0BAA@D@Z 00409260 f i assembl.obj
 0001:000082c0       ?Assemble@@YAHPADKPAUt_asmmodel@@HH0@Z 004092c0 f   assembl.obj
 0001:0000ea10       _powl                      0040fa10 f i assembl.obj
 0001:0000ea80       ??$__vcrt_va_start_verify_argument_type@PBD@@YAXXZ 0040fa80 f i disasm.obj
 0001:0000eab0       ??$sprintf_s@$0BAA@@@YAHAAY0BAA@DPBDZZ 0040fab0 f i disasm.obj
 0001:0000eb20       ?Checkcondition@@YAHHK@Z   0040fb20 f   disasm.obj
 0001:00011a10       ?Disasm@@YAKPADKKPAUt_disasm@@H@Z 00412a10 f   disasm.obj
 0001:00015180       __vsprintf_s_l             00416180 f i disasm.obj
 0001:00015230       _vsprintf_s                00416230 f i disasm.obj
 0001:00015290       ??0Ini@@QAE@XZ             00416290 f   Ini.obj
 0001:000152f0       ??1Ini@@QAE@XZ             004162f0 f   Ini.obj
 0001:00015330       ?GetIntKey@Ini@@QAEHPAD00@Z 00416330 f   Ini.obj
 0001:00015400       ?GetPath@Ini@@QAEPADXZ     00416400 f   Ini.obj
 0001:00015440       ?GetStrKey@Ini@@QAEXPAD000@Z 00416440 f   Ini.obj
 0001:00015520       ?strrchr@@YAPADQADH@Z      00416520 f i Ini.obj
 0001:00015580       ??$?0AAU?$_Wrap_alloc@V?$allocator@D@std@@@std@@@?$_Wrap_alloc@V?$allocator@U_Container_proxy@std@@@std@@@std@@QAE@AAU?$_Wrap_alloc@V?$allocator@D@std@@@1@@Z 00416580 f i DebugLog.obj
 0001:000155f0       ??$?0D@?$allocator@U_Container_proxy@std@@@std@@QAE@ABV?$allocator@D@1@@Z 004165f0 f i DebugLog.obj
 0001:00015630       ??$?6DU?$char_traits@D@std@@V?$allocator@D@1@@Log4zStream@log4z@zsummer@@QAEAAV012@ABV?$basic_string@DU?$char_traits@D@std@@V?$allocator@D@2@@std@@@Z 00416630 f i DebugLog.obj
 0001:000156a0       ??$_Unfancy@D@std@@YAPADPAD@Z 004166a0 f i DebugLog.obj
 0001:000156e0       ??$addressof@PAD@std@@YAPAPADAAPAD@Z 004166e0 f i DebugLog.obj
 0001:00015720       ??$addressof@U_Container_proxy@std@@@std@@YAPAU_Container_proxy@0@AAU10@@Z 00416720 f i DebugLog.obj
 0001:00015760       ??$destroy@PAD@?$_Wrap_alloc@V?$allocator@D@std@@@std@@QAEXPAPAD@Z 00416760 f i DebugLog.obj
 0001:000157c0       ??$destroy@PAD@?$allocator@D@std@@QAEXPAPAD@Z 004167c0 f i DebugLog.obj
 0001:00015800       ??$destroy@PAD@?$allocator_traits@V?$allocator@D@std@@@std@@SAXAAV?$allocator@D@1@PAPAD@Z 00416800 f i DebugLog.obj
 0001:00015850       ??$destroy@U_Container_proxy@std@@@?$_Wrap_alloc@V?$allocator@U_Container_proxy@std@@@std@@@std@@QAEXPAU_Container_proxy@1@@Z 00416850 f i DebugLog.obj
 0001:000158b0       ??$destroy@U_Container_proxy@std@@@?$allocator@U_Container_proxy@std@@@std@@QAEXPAU_Container_proxy@1@@Z 004168b0 f i DebugLog.obj
 0001:000158f0       ??$destroy@U_Container_proxy@std@@@?$allocator_traits@V?$allocator@U_Container_proxy@std@@@std@@@std@@SAXAAV?$allocator@U_Container_proxy@std@@@1@PAU_Container_proxy@1@@Z 004168f0 f i DebugLog.obj
 0001:00015940       ??$forward@AAU?$_Wrap_alloc@V?$allocator@D@std@@@std@@@std@@YAAAU?$_Wrap_alloc@V?$allocator@D@std@@@0@AAU10@@Z 00416940 f i DebugLog.obj
 0001:00015980       ??0Log4zBinary@log4z@zsummer@@QAE@PBXI@Z 00416980 f i DebugLog.obj
 0001:000159d0       ??0Log4zStream@log4z@zsummer@@QAE@PADH@Z 004169d0 f i DebugLog.obj
 0001:00015a40       ??1?$_Compressed_pair@U?$_Wrap_alloc@V?$allocator@D@std@@@std@@V?$_String_val@U?$_Simple_types@D@std@@@2@$00@std@@QAE@XZ 00416a40 f i DebugLog.obj
 0001:00015a90       ??1?$_String_alloc@U?$_String_base_types@DV?$allocator@D@std@@@std@@@std@@QAE@XZ 00416a90 f i DebugLog.obj
 0001:00015b20       ??1?$_String_val@U?$_Simple_types@D@std@@@std@@QAE@XZ 00416b20 f i DebugLog.obj
 0001:00015b80       ??1?$basic_string@DU?$char_traits@D@std@@V?$allocator@D@2@@std@@QAE@XZ 00416b80 f i DebugLog.obj
 0001:00015c20       ??1_Bxty@?$_String_val@U?$_Simple_types@D@std@@@std@@QAE@XZ 00416c20 f i DebugLog.obj
 0001:00015c60       ??1_Container_base12@std@@QAE@XZ 00416c60 f i DebugLog.obj
 0001:00015cf0       ??6Log4zStream@log4z@zsummer@@QAEAAV012@ABVLog4zBinary@12@@Z 00416cf0 f i DebugLog.obj
 0001:00015d50       ??6Log4zStream@log4z@zsummer@@QAEAAV012@PBD@Z 00416d50 f i DebugLog.obj
 0001:00015db0       ??6Log4zStream@log4z@zsummer@@QAEAAV012@PBX@Z 00416db0 f i DebugLog.obj
 0001:00015e10       ?DebugLog@SurrealDebugLog@@YAXABV?$basic_string@DU?$char_traits@D@std@@V?$allocator@D@2@@std@@@Z 00416e10 f   DebugLog.obj
 0001:00016050       ?DebugLog@SurrealDebugLog@@YAXABV?$basic_string@DU?$char_traits@D@std@@V?$allocator@D@2@@std@@V23@@Z 00417050 f   DebugLog.obj
 0001:00016300       ?DebugLogHex@SurrealDebugLog@@YAXABV?$basic_string@DU?$char_traits@D@std@@V?$allocator@D@2@@std@@AAV23@I@Z 00417300 f   DebugLog.obj
 0001:00016580       ?_Bx@?$_String_alloc@U?$_String_base_types@DV?$allocator@D@std@@@std@@@std@@QAEAAT_Bxty@?$_String_val@U?$_Simple_types@D@std@@@2@XZ 00417580 f i DebugLog.obj
 0001:000165e0       ?_Deallocate@std@@YAXPAXII@Z 004175e0 f i DebugLog.obj
 0001:00016a00       ?_Eos@?$basic_string@DU?$char_traits@D@std@@V?$allocator@D@2@@std@@QAEXI@Z 00417a00 f i DebugLog.obj
 0001:00016a90       ?_Free_proxy@?$_String_alloc@U?$_String_base_types@DV?$allocator@D@std@@@std@@@std@@QAEXXZ 00417a90 f i DebugLog.obj
 0001:00016b80       ?_Get_data@?$_String_alloc@U?$_String_base_types@DV?$allocator@D@std@@@std@@@std@@QAEAAV?$_String_val@U?$_Simple_types@D@std@@@2@XZ 00417b80 f i DebugLog.obj
 0001:00016bd0       ?_Get_data@?$_String_alloc@U?$_String_base_types@DV?$allocator@D@std@@@std@@@std@@QBEABV?$_String_val@U?$_Simple_types@D@std@@@2@XZ 00417bd0 f i DebugLog.obj
 0001:00016c20       ?_Get_first@?$_Compressed_pair@U?$_Wrap_alloc@V?$allocator@D@std@@@std@@V?$_String_val@U?$_Simple_types@D@std@@@2@$00@std@@QAEAAU?$_Wrap_alloc@V?$allocator@D@std@@@2@XZ 00417c20 f i DebugLog.obj
 0001:00016c60       ?_Get_second@?$_Compressed_pair@U?$_Wrap_alloc@V?$allocator@D@std@@@std@@V?$_String_val@U?$_Simple_types@D@std@@@2@$00@std@@QAEAAV?$_String_val@U?$_Simple_types@D@std@@@2@XZ 00417c60 f i DebugLog.obj
 0001:00016ca0       ?_Get_second@?$_Compressed_pair@U?$_Wrap_alloc@V?$allocator@D@std@@@std@@V?$_String_val@U?$_Simple_types@D@std@@@2@$00@std@@QBEABV?$_String_val@U?$_Simple_types@D@std@@@2@XZ 00417ca0 f i DebugLog.obj
 0001:00016ce0       ?_Getal@?$_String_alloc@U?$_String_base_types@DV?$allocator@D@std@@@std@@@std@@QAEAAU?$_Wrap_alloc@V?$allocator@D@std@@@2@XZ 00417ce0 f i DebugLog.obj
 0001:00016d30       ?_Myproxy@?$_String_alloc@U?$_String_base_types@DV?$allocator@D@std@@@std@@@std@@QAEAAPAU_Container_proxy@2@XZ 00417d30 f i DebugLog.obj
 0001:00016d80       ?_Myptr@?$_String_alloc@U?$_String_base_types@DV?$allocator@D@std@@@std@@@std@@QBEPBDXZ 00417d80 f i DebugLog.obj
 0001:00016de0       ?_Myptr@?$_String_val@U?$_Simple_types@D@std@@@std@@QAEPADXZ 00417de0 f i DebugLog.obj
 0001:00016e70       ?_Myptr@?$_String_val@U?$_Simple_types@D@std@@@std@@QBEPBDXZ 00417e70 f i DebugLog.obj
 0001:00016f00       ?_Myres@?$_String_alloc@U?$_String_base_types@DV?$allocator@D@std@@@std@@@std@@QAEAAIXZ 00417f00 f i DebugLog.obj
 0001:00016f60       ?_Mysize@?$_String_alloc@U?$_String_base_types@DV?$allocator@D@std@@@std@@@std@@QBEABIXZ 00417f60 f i DebugLog.obj
 0001:00016fc0       ?_Orphan_all@?$_String_alloc@U?$_String_base_types@DV?$allocator@D@std@@@std@@@std@@QAEXXZ 00417fc0 f i DebugLog.obj
 0001:00017020       ?_Orphan_all@_Container_base12@std@@QAEXXZ 00418020 f i DebugLog.obj
 0001:00017130       ?_Tidy@?$basic_string@DU?$char_traits@D@std@@V?$allocator@D@2@@std@@QAEX_NI@Z 00418130 f i DebugLog.obj
 0001:00017250       ?__empty_global_delete@@YAXPAX@Z 00418250 f i DebugLog.obj
 0001:00017280       ?__global_delete@@YAXPAXI@Z 00418280 f i DebugLog.obj
 0001:00017280       ?__empty_global_delete@@YAXPAXI@Z 00418280 f i DebugLog.obj
 0001:000172b0       ?address@?$_Wrap_alloc@V?$allocator@U_Container_proxy@std@@@std@@@std@@QBEPAU_Container_proxy@2@AAU32@@Z 004182b0 f i DebugLog.obj
 0001:00017310       ?assign@?$char_traits@D@std@@SAXAADABD@Z 00418310 f i DebugLog.obj
 0001:00017350       ?c_str@?$basic_string@DU?$char_traits@D@std@@V?$allocator@D@2@@std@@QBEPBDXZ 00418350 f i DebugLog.obj
 0001:000173e0       ?copy@?$char_traits@D@std@@SAPADPADPBDI@Z 004183e0 f i DebugLog.obj
 0001:00017460       ?deallocate@?$_Wrap_alloc@V?$allocator@D@std@@@std@@QAEXPADI@Z 00418460 f i DebugLog.obj
 0001:000174c0       ?deallocate@?$_Wrap_alloc@V?$allocator@U_Container_proxy@std@@@std@@@std@@QAEXPAU_Container_proxy@2@I@Z 004184c0 f i DebugLog.obj
 0001:00017520       ?deallocate@?$allocator@D@std@@QAEXPADI@Z 00418520 f i DebugLog.obj
 0001:00017580       ?deallocate@?$allocator@U_Container_proxy@std@@@std@@QAEXPAU_Container_proxy@2@I@Z 00418580 f i DebugLog.obj
 0001:000175e0       ?getCurrentLen@Log4zStream@log4z@zsummer@@QAEHXZ 004185e0 f i DebugLog.obj
 0001:00017630       ?getPtr@ILog4zManager@log4z@zsummer@@SAPAV123@XZ 00418630 f i DebugLog.obj
 0001:00017680       ?getRef@ILog4zManager@log4z@zsummer@@SAAAV123@XZ 00418680 f i DebugLog.obj
 0001:000176d0       ?length@?$basic_string@DU?$char_traits@D@std@@V?$allocator@D@2@@std@@QBEIXZ 004186d0 f i DebugLog.obj
 0001:00017730       ?pointer_to@?$pointer_traits@PAU_Container_proxy@std@@@std@@SAPAU_Container_proxy@2@AAU32@@Z 00418730 f i DebugLog.obj
 0001:00017780       ?writeBinary@Log4zStream@log4z@zsummer@@QAEAAV123@ABVLog4zBinary@23@@Z 00418780 f i DebugLog.obj
 0001:000179b0       ?writeChar@Log4zStream@log4z@zsummer@@QAEAAV123@D@Z 004189b0 f i DebugLog.obj
 0001:00017a30       ?writePointer@Log4zStream@log4z@zsummer@@QAEAAV123@PBX@Z 00418a30 f i DebugLog.obj
 0001:00017ac0       ?writeString@Log4zStream@log4z@zsummer@@QAEAAV123@PBD@Z 00418ac0 f i DebugLog.obj
 0001:00017b30       ?writeString@Log4zStream@log4z@zsummer@@QAEAAV123@PBDI@Z 00418b30 f i DebugLog.obj
 0001:00017be0       ?writeULongLong@Log4zStream@log4z@zsummer@@QAEAAV123@_KHH@Z 00418be0 f i DebugLog.obj
 0001:00018210       ??$?0$$QAV?$basic_string@DU?$char_traits@D@std@@V?$allocator@D@2@@std@@$$Z$$V@?$pair@$$CBV?$basic_string@DU?$char_traits@D@std@@V?$allocator@D@2@@std@@H@std@@QAE@Upiecewise_construct_t@1@V?$tuple@$$QAV?$basic_string@DU?$char_traits@D@std@@V?$allocator@D@2@@std@@@1@V?$tuple@$$V@1@@Z 00419210 f i log4z.obj
 0001:00018290       ??$?0$$V@?$_Compressed_pair@U?$_Wrap_alloc@V?$allocator@D@std@@@std@@V?$_String_val@U?$_Simple_types@D@std@@@2@$00@std@@QAE@U_Zero_then_variadic_args_t@1@@Z 00419290 f i log4z.obj
 0001:000182f0       ??$?0$$V@?$_Compressed_pair@U?$_Wrap_alloc@V?$allocator@PAULogData@log4z@zsummer@@@std@@@std@@V?$_Deque_val@U?$_Deque_simple_types@PAULogData@log4z@zsummer@@@std@@@2@$00@std@@QAE@U_Zero_then_variadic_args_t@1@@Z 004192f0 f i log4z.obj
 0001:00018350       ??$?0$$V@?$_Compressed_pair@U?$_Wrap_alloc@V?$allocator@PAULogData@log4z@zsummer@@@std@@@std@@V?$_Vector_val@U?$_Simple_types@PAULogData@log4z@zsummer@@@std@@@2@$00@std@@QAE@U_Zero_then_variadic_args_t@1@@Z 00419350 f i log4z.obj
 0001:000183b0       ??$?0$$V@?$_Compressed_pair@U?$_Wrap_alloc@V?$allocator@U?$_List_node@U?$pair@_JV?$basic_string@DU?$char_traits@D@std@@V?$allocator@D@2@@std@@@std@@PAX@std@@@std@@@std@@V?$_List_val@U?$_List_simple_types@U?$pair@_JV?$basic_string@DU?$char_traits@D@std@@V?$allocator@D@2@@std@@@std@@@std@@@2@$00@std@@QAE@U_Zero_then_variadic_args_t@1@@Z 004193b0 f i log4z.obj
 0001:00018410       ??$?0$$V@?$_Compressed_pair@U?$_Wrap_alloc@V?$allocator@U?$_Tree_node@U?$pair@$$CBV?$basic_string@DU?$char_traits@D@std@@V?$allocator@D@2@@std@@H@std@@PAX@std@@@std@@@std@@V?$_Tree_val@U?$_Tree_simple_types@U?$pair@$$CBV?$basic_string@DU?$char_traits@D@std@@V?$allocator@D@2@@std@@H@std@@@std@@@2@$00@std@@QAE@U_Zero_then_variadic_args_t@1@@Z 00419410 f i log4z.obj
 0001:00018470       ??$?0$$V@?$_Compressed_pair@U?$_Wrap_alloc@V?$allocator@U?$_Tree_node@U?$pair@$$CBV?$basic_string@DU?$char_traits@D@std@@V?$allocator@D@2@@std@@ULoggerInfo@log4z@zsummer@@@std@@PAX@std@@@std@@@std@@V?$_Tree_val@U?$_Tree_simple_types@U?$pair@$$CBV?$basic_string@DU?$char_traits@D@std@@V?$allocator@D@2@@std@@ULoggerInfo@log4z@zsummer@@@std@@@std@@@2@$00@std@@QAE@U_Zero_then_variadic_args_t@1@@Z 00419470 f i log4z.obj
 0001:000184d0       ??$?0AAU?$_Wrap_alloc@V?$allocator@PAULogData@log4z@zsummer@@@std@@@std@@@?$_Wrap_alloc@V?$allocator@PAPAULogData@log4z@zsummer@@@std@@@std@@QAE@AAU?$_Wrap_alloc@V?$allocator@PAULogData@log4z@zsummer@@@std@@@1@@Z 004194d0 f i log4z.obj
 0001:00018540       ??$?0AAU?$_Wrap_alloc@V?$allocator@PAULogData@log4z@zsummer@@@std@@@std@@@?$_Wrap_alloc@V?$allocator@U_Container_proxy@std@@@std@@@std@@QAE@AAU?$_Wrap_alloc@V?$allocator@PAULogData@log4z@zsummer@@@std@@@1@@Z 00419540 f i log4z.obj
 0001:000185b0       ??$?0AAU?$_Wrap_alloc@V?$allocator@U?$_List_node@U?$pair@_JV?$basic_string@DU?$char_traits@D@std@@V?$allocator@D@2@@std@@@std@@PAX@std@@@std@@@std@@@?$_Wrap_alloc@V?$allocator@U_Container_proxy@std@@@std@@@std@@QAE@AAU?$_Wrap_alloc@V?$allocator@U?$_List_node@U?$pair@_JV?$basic_string@DU?$char_traits@D@std@@V?$allocator@D@2@@std@@@std@@PAX@std@@@std@@@1@@Z 004195b0 f i log4z.obj
 0001:00018620       ??$?0AAU?$_Wrap_alloc@V?$allocator@U?$_Tree_node@U?$pair@$$CBV?$basic_string@DU?$char_traits@D@std@@V?$allocator@D@2@@std@@H@std@@PAX@std@@@std@@@std@@@?$_Wrap_alloc@V?$allocator@U_Container_proxy@std@@@std@@@std@@QAE@AAU?$_Wrap_alloc@V?$allocator@U?$_Tree_node@U?$pair@$$CBV?$basic_string@DU?$char_traits@D@std@@V?$allocator@D@2@@std@@H@std@@PAX@std@@@std@@@1@@Z 00419620 f i log4z.obj
 0001:00018690       ??$?0AAU?$_Wrap_alloc@V?$allocator@U?$_Tree_node@U?$pair@$$CBV?$basic_string@DU?$char_traits@D@std@@V?$allocator@D@2@@std@@ULoggerInfo@log4z@zsummer@@@std@@PAX@std@@@std@@@std@@@?$_Wrap_alloc@V?$allocator@U_Container_proxy@std@@@std@@@std@@QAE@AAU?$_Wrap_alloc@V?$allocator@U?$_Tree_node@U?$pair@$$CBV?$basic_string@DU?$char_traits@D@std@@V?$allocator@D@2@@std@@ULoggerInfo@log4z@zsummer@@@std@@PAX@std@@@std@@@1@@Z 00419690 f i log4z.obj
 0001:00018700       ??$?0AAV?$_Tree_iterator@V?$_Tree_val@U?$_Tree_simple_types@U?$pair@$$CBV?$basic_string@DU?$char_traits@D@std@@V?$allocator@D@2@@std@@H@std@@@std@@@std@@@std@@_NX$0A@@?$pair@V?$_Tree_iterator@V?$_Tree_val@U?$_Tree_simple_types@U?$pair@$$CBV?$basic_string@DU?$char_traits@D@std@@V?$allocator@D@2@@std@@H@std@@@std@@@std@@@std@@_N@std@@QAE@AAV?$_Tree_iterator@V?$_Tree_val@U?$_Tree_simple_types@U?$pair@$$CBV?$basic_string@DU?$char_traits@D@std@@V?$allocator@D@2@@std@@H@std@@@std@@@std@@@1@$$QA_N@Z 00419700 f i log4z.obj
 0001:00018780       ??$?0AAV?$_Tree_iterator@V?$_Tree_val@U?$_Tree_simple_types@U?$pair@$$CBV?$basic_string@DU?$char_traits@D@std@@V?$allocator@D@2@@std@@ULoggerInfo@log4z@zsummer@@@std@@@std@@@std@@@std@@_NX$0A@@?$pair@V?$_Tree_iterator@V?$_Tree_val@U?$_Tree_simple_types@U?$pair@$$CBV?$basic_string@DU?$char_traits@D@std@@V?$allocator@D@2@@std@@ULoggerInfo@log4z@zsummer@@@std@@@std@@@std@@@std@@_N@std@@QAE@AAV?$_Tree_iterator@V?$_Tree_val@U?$_Tree_simple_types@U?$pair@$$CBV?$basic_string@DU?$char_traits@D@std@@V?$allocator@D@2@@std@@ULoggerInfo@log4z@zsummer@@@std@@@std@@@std@@@1@$$QA_N@Z 00419780 f i log4z.obj
 0001:00018800       ??$?0AAV?$basic_string@DU?$char_traits@D@std@@V?$allocator@D@2@@std@@AAULoggerInfo@log4z@zsummer@@X$0A@@?$pair@V?$basic_string@DU?$char_traits@D@std@@V?$allocator@D@2@@std@@ULoggerInfo@log4z@zsummer@@@std@@QAE@AAV?$basic_string@DU?$char_traits@D@std@@V?$allocator@D@2@@1@AAULoggerInfo@log4z@zsummer@@@Z 00419800 f i log4z.obj
 0001:000188d0       ??$?0ABU?$less@V?$basic_string@DU?$char_traits@D@std@@V?$allocator@D@2@@std@@@std@@U_Zero_then_variadic_args_t@1@@?$_Compressed_pair@U?$less@V?$basic_string@DU?$char_traits@D@std@@V?$allocator@D@2@@std@@@std@@V?$_Compressed_pair@U?$_Wrap_alloc@V?$allocator@U?$_Tree_node@U?$pair@$$CBV?$basic_string@DU?$char_traits@D@std@@V?$allocator@D@2@@std@@H@std@@PAX@std@@@std@@@std@@V?$_Tree_val@U?$_Tree_simple_types@U?$pair@$$CBV?$basic_string@DU?$char_traits@D@std@@V?$allocator@D@2@@std@@H@std@@@std@@@2@$00@2@$00@std@@QAE@U_One_then_variadic_args_t@1@ABU?$less@V?$basic_string@DU?$char_traits@D@std@@V?$allocator@D@2@@std@@@1@$$QAU_Zero_then_variadic_args_t@1@@Z 004198d0 f i log4z.obj
 0001:00018950       ??$?0ABU?$less@V?$basic_string@DU?$char_traits@D@std@@V?$allocator@D@2@@std@@@std@@U_Zero_then_variadic_args_t@1@@?$_Compressed_pair@U?$less@V?$basic_string@DU?$char_traits@D@std@@V?$allocator@D@2@@std@@@std@@V?$_Compressed_pair@U?$_Wrap_alloc@V?$allocator@U?$_Tree_node@U?$pair@$$CBV?$basic_string@DU?$char_traits@D@std@@V?$allocator@D@2@@std@@ULoggerInfo@log4z@zsummer@@@std@@PAX@std@@@std@@@std@@V?$_Tree_val@U?$_Tree_simple_types@U?$pair@$$CBV?$basic_string@DU?$char_traits@D@std@@V?$allocator@D@2@@std@@ULoggerInfo@log4z@zsummer@@@std@@@std@@@2@$00@2@$00@std@@QAE@U_One_then_variadic_args_t@1@ABU?$less@V?$basic_string@DU?$char_traits@D@std@@V?$allocator@D@2@@std@@@1@$$QAU_Zero_then_variadic_args_t@1@@Z 00419950 f i log4z.obj
 0001:000189d0       ??$?0ABV?$allocator@D@std@@$$V@?$_Compressed_pair@U?$_Wrap_alloc@V?$allocator@D@std@@@std@@V?$_String_val@U?$_Simple_types@D@std@@@2@$00@std@@QAE@U_One_then_variadic_args_t@1@ABV?$allocator@D@1@@Z 004199d0 f i log4z.obj
 0001:00018a40       ??$?0ABV?$allocator@D@std@@@?$_Wrap_alloc@V?$allocator@D@std@@@std@@QAE@ABV?$allocator@D@1@@Z 00419a40 f i log4z.obj
 0001:00018ab0       ??$?0ABV?$allocator@D@std@@X@?$_String_alloc@U?$_String_base_types@DV?$allocator@D@std@@@std@@@std@@QAE@ABV?$allocator@D@1@@Z 00419ab0 f i log4z.obj
 0001:00018b70       ??$?0ABV?$basic_string@DU?$char_traits@D@std@@V?$allocator@D@2@@std@@$$Z$$V@?$pair@$$CBV?$basic_string@DU?$char_traits@D@std@@V?$allocator@D@2@@std@@H@std@@QAE@Upiecewise_construct_t@1@V?$tuple@ABV?$basic_string@DU?$char_traits@D@std@@V?$allocator@D@2@@std@@@1@V?$tuple@$$V@1@@Z 00419b70 f i log4z.obj
 0001:00018bf0       ??$?0ABV?$basic_string@DU?$char_traits@D@std@@V?$allocator@D@2@@std@@$0A@@?$tuple@ABV?$basic_string@DU?$char_traits@D@std@@V?$allocator@D@2@@std@@@std@@QAE@ABV?$basic_string@DU?$char_traits@D@std@@V?$allocator@D@2@@1@@Z 00419bf0 f i log4z.obj
 0001:00018c70       ??$?0ABV?$basic_string@DU?$char_traits@D@std@@V?$allocator@D@2@@std@@@?$_Tuple_val@ABV?$basic_string@DU?$char_traits@D@std@@V?$allocator@D@2@@std@@@std@@QAE@ABV?$basic_string@DU?$char_traits@D@std@@V?$allocator@D@2@@1@@Z 00419c70 f i log4z.obj
 0001:00018cd0       ??$?0PAULogData@log4z@zsummer@@@?$allocator@PAPAULogData@log4z@zsummer@@@std@@QAE@ABV?$allocator@PAULogData@log4z@zsummer@@@1@@Z 00419cd0 f i log4z.obj
 0001:00018d10       ??$?0PAULogData@log4z@zsummer@@@?$allocator@U_Container_proxy@std@@@std@@QAE@ABV?$allocator@PAULogData@log4z@zsummer@@@1@@Z 00419d10 f i log4z.obj
 0001:00018d50       ??$?0U?$_List_node@U?$pair@_JV?$basic_string@DU?$char_traits@D@std@@V?$allocator@D@2@@std@@@std@@PAX@std@@@?$allocator@U_Container_proxy@std@@@std@@QAE@ABV?$allocator@U?$_List_node@U?$pair@_JV?$basic_string@DU?$char_traits@D@std@@V?$allocator@D@2@@std@@@std@@PAX@std@@@1@@Z 00419d50 f i log4z.obj
 0001:00018d90       ??$?0U?$_Tree_node@U?$pair@$$CBV?$basic_string@DU?$char_traits@D@std@@V?$allocator@D@2@@std@@H@std@@PAX@std@@@?$allocator@U_Container_proxy@std@@@std@@QAE@ABV?$allocator@U?$_Tree_node@U?$pair@$$CBV?$basic_string@DU?$char_traits@D@std@@V?$allocator@D@2@@std@@H@std@@PAX@std@@@1@@Z 00419d90 f i log4z.obj
 0001:00018dd0       ??$?0U?$_Tree_node@U?$pair@$$CBV?$basic_string@DU?$char_traits@D@std@@V?$allocator@D@2@@std@@ULoggerInfo@log4z@zsummer@@@std@@PAX@std@@@?$allocator@U_Container_proxy@std@@@std@@QAE@ABV?$allocator@U?$_Tree_node@U?$pair@$$CBV?$basic_string@DU?$char_traits@D@std@@V?$allocator@D@2@@std@@ULoggerInfo@log4z@zsummer@@@std@@PAX@std@@@1@@Z 00419dd0 f i log4z.obj
 0001:00018e10       ??$?0U?$_Wrap_alloc@V?$allocator@D@std@@@std@@$$V@?$_Compressed_pair@U?$_Wrap_alloc@V?$allocator@D@std@@@std@@V?$_String_val@U?$_Simple_types@D@std@@@2@$00@std@@QAE@U_One_then_variadic_args_t@1@$$QAU?$_Wrap_alloc@V?$allocator@D@std@@@1@@Z 00419e10 f i log4z.obj
 0001:00018e80       ??$?0U?$_Wrap_alloc@V?$allocator@D@std@@@std@@X@?$_String_alloc@U?$_String_base_types@DV?$allocator@D@std@@@std@@@std@@QAE@$$QAU?$_Wrap_alloc@V?$allocator@D@std@@@1@@Z 00419e80 f i log4z.obj
 0001:00018f40       ??$?0U?$_Wrap_alloc@V?$allocator@U?$_List_node@U?$pair@_JV?$basic_string@DU?$char_traits@D@std@@V?$allocator@D@2@@std@@@std@@PAX@std@@@std@@@std@@$$V@?$_Compressed_pair@U?$_Wrap_alloc@V?$allocator@U?$_List_node@U?$pair@_JV?$basic_string@DU?$char_traits@D@std@@V?$allocator@D@2@@std@@@std@@PAX@std@@@std@@@std@@V?$_List_val@U?$_List_simple_types@U?$pair@_JV?$basic_string@DU?$char_traits@D@std@@V?$allocator@D@2@@std@@@std@@@std@@@2@$00@std@@QAE@U_One_then_variadic_args_t@1@$$QAU?$_Wrap_alloc@V?$allocator@U?$_List_node@U?$pair@_JV?$basic_string@DU?$char_traits@D@std@@V?$allocator@D@2@@std@@@std@@PAX@std@@@std@@@1@@Z 00419f40 f i log4z.obj
 0001:00018fb0       ??$?0U?$_Wrap_alloc@V?$allocator@U?$_List_node@U?$pair@_JV?$basic_string@DU?$char_traits@D@std@@V?$allocator@D@2@@std@@@std@@PAX@std@@@std@@@std@@X@?$_List_alloc@U?$_List_base_types@U?$pair@_JV?$basic_string@DU?$char_traits@D@std@@V?$allocator@D@2@@std@@@std@@V?$allocator@U?$pair@_JV?$basic_string@DU?$char_traits@D@std@@V?$allocator@D@2@@std@@@std@@@2@@std@@@std@@QAE@$$QAU?$_Wrap_alloc@V?$allocator@U?$_List_node@U?$pair@_JV?$basic_string@DU?$char_traits@D@std@@V?$allocator@D@2@@std@@@std@@PAX@std@@@std@@@1@@Z 00419fb0 f i log4z.obj
 0001:000190e0       ??$?0U?$_Wrap_alloc@V?$allocator@U?$_List_node@U?$pair@_JV?$basic_string@DU?$char_traits@D@std@@V?$allocator@D@2@@std@@@std@@PAX@std@@@std@@@std@@X@?$_List_buy@U?$pair@_JV?$basic_string@DU?$char_traits@D@std@@V?$allocator@D@2@@std@@@std@@V?$allocator@U?$pair@_JV?$basic_string@DU?$char_traits@D@std@@V?$allocator@D@2@@std@@@std@@@2@@std@@QAE@$$QAU?$_Wrap_alloc@V?$allocator@U?$_List_node@U?$pair@_JV?$basic_string@DU?$char_traits@D@std@@V?$allocator@D@2@@std@@@std@@PAX@std@@@std@@@1@@Z 0041a0e0 f i log4z.obj
 0001:00019150       ??$?0U_Exact_args_t@std@@$0A@@?$tuple@$$V@std@@QAE@U_Exact_args_t@1@@Z 0041a150 f i log4z.obj
 0001:00019190       ??$?0V?$_Tree_iterator@V?$_Tree_val@U?$_Tree_simple_types@U?$pair@$$CBV?$basic_string@DU?$char_traits@D@std@@V?$allocator@D@2@@std@@H@std@@@std@@@std@@@std@@_NX$0A@@?$pair@V?$_Tree_iterator@V?$_Tree_val@U?$_Tree_simple_types@U?$pair@$$CBV?$basic_string@DU?$char_traits@D@std@@V?$allocator@D@2@@std@@H@std@@@std@@@std@@@std@@_N@std@@QAE@$$QAV?$_Tree_iterator@V?$_Tree_val@U?$_Tree_simple_types@U?$pair@$$CBV?$basic_string@DU?$char_traits@D@std@@V?$allocator@D@2@@std@@H@std@@@std@@@std@@@1@$$QA_N@Z 0041a190 f i log4z.obj
 0001:00019210       ??$?0V?$_Tree_iterator@V?$_Tree_val@U?$_Tree_simple_types@U?$pair@$$CBV?$basic_string@DU?$char_traits@D@std@@V?$allocator@D@2@@std@@ULoggerInfo@log4z@zsummer@@@std@@@std@@@std@@@std@@_NX$0A@@?$pair@V?$_Tree_iterator@V?$_Tree_val@U?$_Tree_simple_types@U?$pair@$$CBV?$basic_string@DU?$char_traits@D@std@@V?$allocator@D@2@@std@@ULoggerInfo@log4z@zsummer@@@std@@@std@@@std@@@std@@_N@std@@QAE@$$QAV?$_Tree_iterator@V?$_Tree_val@U?$_Tree_simple_types@U?$pair@$$CBV?$basic_string@DU?$char_traits@D@std@@V?$allocator@D@2@@std@@ULoggerInfo@log4z@zsummer@@@std@@@std@@@std@@@1@$$QA_N@Z 0041a210 f i log4z.obj
 0001:00019290       ??$?0V?$allocator@D@std@@@?$_Wrap_alloc@V?$allocator@D@std@@@std@@QAE@$$QAV?$allocator@D@1@@Z 0041a290 f i log4z.obj
 0001:00019300       ??$?0V?$allocator@U?$_List_node@U?$pair@_JV?$basic_string@DU?$char_traits@D@std@@V?$allocator@D@2@@std@@@std@@PAX@std@@@std@@@?$_Wrap_alloc@V?$allocator@U?$_List_node@U?$pair@_JV?$basic_string@DU?$char_traits@D@std@@V?$allocator@D@2@@std@@@std@@PAX@std@@@std@@@std@@QAE@$$QAV?$allocator@U?$_List_node@U?$pair@_JV?$basic_string@DU?$char_traits@D@std@@V?$allocator@D@2@@std@@@std@@PAX@std@@@1@@Z 0041a300 f i log4z.obj
 0001:00019370       ??$?0V?$basic_string@DU?$char_traits@D@std@@V?$allocator@D@2@@std@@$$V$0A@@?$tuple@$$QAV?$basic_string@DU?$char_traits@D@std@@V?$allocator@D@2@@std@@@std@@QAE@$$QAV?$basic_string@DU?$char_traits@D@std@@V?$allocator@D@2@@1@@Z 0041a370 f i log4z.obj
 0001:00019400       ??$?0V?$basic_string@DU?$char_traits@D@std@@V?$allocator@D@2@@std@@@?$_Tuple_val@$$QAV?$basic_string@DU?$char_traits@D@std@@V?$allocator@D@2@@std@@@std@@QAE@$$QAV?$basic_string@DU?$char_traits@D@std@@V?$allocator@D@2@@1@@Z 0041a400 f i log4z.obj
 0001:00019460       ??$?0V?$basic_string@DU?$char_traits@D@std@@V?$allocator@D@2@@std@@PBDX$0A@@?$pair@V?$basic_string@DU?$char_traits@D@std@@V?$allocator@D@2@@std@@PBD@std@@QAE@ABV?$basic_string@DU?$char_traits@D@std@@V?$allocator@D@2@@1@ABQBD@Z 0041a460 f i log4z.obj
 0001:000194d0       ??$?0V?$basic_string@DU?$char_traits@D@std@@V?$allocator@D@2@@std@@PBDX$0A@@?$pair@V?$basic_string@DU?$char_traits@D@std@@V?$allocator@D@2@@std@@V12@@std@@QAE@$$QAU?$pair@V?$basic_string@DU?$char_traits@D@std@@V?$allocator@D@2@@std@@PBD@1@@Z 0041a4d0 f i log4z.obj
 0001:000195a0       ??$?0V?$basic_string@DU?$char_traits@D@std@@V?$allocator@D@2@@std@@ULoggerInfo@log4z@zsummer@@X$0A@@?$pair@$$CBV?$basic_string@DU?$char_traits@D@std@@V?$allocator@D@2@@std@@ULoggerInfo@log4z@zsummer@@@std@@QAE@$$QAU?$pair@V?$basic_string@DU?$char_traits@D@std@@V?$allocator@D@2@@std@@ULoggerInfo@log4z@zsummer@@@1@@Z 0041a5a0 f i log4z.obj
 0001:00019670       ??$?0V?$basic_string@DU?$char_traits@D@std@@V?$allocator@D@2@@std@@V01@X$0A@@?$pair@V?$basic_string@DU?$char_traits@D@std@@V?$allocator@D@2@@std@@V12@@std@@QAE@$$QAV?$basic_string@DU?$char_traits@D@std@@V?$allocator@D@2@@1@0@Z 0041a670 f i log4z.obj
 0001:00019700       ??$?0V?$tuple@$$QAV?$basic_string@DU?$char_traits@D@std@@V?$allocator@D@2@@std@@@std@@V?$tuple@$$V@1@$0A@$$Z$S@?$pair@$$CBV?$basic_string@DU?$char_traits@D@std@@V?$allocator@D@2@@std@@H@std@@QAE@AAV?$tuple@$$QAV?$basic_string@DU?$char_traits@D@std@@V?$allocator@D@2@@std@@@1@AAV?$tuple@$$V@1@U?$integer_sequence@I$0A@@1@U?$integer_sequence@I$S@1@@Z 0041a700 f i log4z.obj
 0001:00019780       ??$?0V?$tuple@ABV?$basic_string@DU?$char_traits@D@std@@V?$allocator@D@2@@std@@@std@@V?$tuple@$$V@1@$0A@$$Z$S@?$pair@$$CBV?$basic_string@DU?$char_traits@D@std@@V?$allocator@D@2@@std@@H@std@@QAE@AAV?$tuple@ABV?$basic_string@DU?$char_traits@D@std@@V?$allocator@D@2@@std@@@1@AAV?$tuple@$$V@1@U?$integer_sequence@I$0A@@1@U?$integer_sequence@I$S@1@@Z 0041a780 f i log4z.obj
 0001:00019800       ??$?0_JAAV?$basic_string@DU?$char_traits@D@std@@V?$allocator@D@2@@std@@X$0A@@?$pair@_JV?$basic_string@DU?$char_traits@D@std@@V?$allocator@D@2@@std@@@std@@QAE@$$QA_JAAV?$basic_string@DU?$char_traits@D@std@@V?$allocator@D@2@@1@@Z 0041a800 f i log4z.obj
 0001:00019890       ??$?8DD@std@@YA_NABV?$allocator@D@0@0@Z 0041a890 f i log4z.obj
 0001:000198c0       ??$?8DU?$char_traits@D@std@@V?$allocator@D@1@@std@@YA_NABV?$basic_string@DU?$char_traits@D@std@@V?$allocator@D@2@@0@0@Z 0041a8c0 f i log4z.obj
 0001:00019940       ??$?8DU?$char_traits@D@std@@V?$allocator@D@1@@std@@YA_NABV?$basic_string@DU?$char_traits@D@std@@V?$allocator@D@2@@0@PBD@Z 0041a940 f i log4z.obj
 0001:000199c0       ??$?8PAULogData@log4z@zsummer@@PAU012@@std@@YA_NABV?$allocator@PAULogData@log4z@zsummer@@@0@0@Z 0041a9c0 f i log4z.obj
 0001:000199f0       ??$?8V?$allocator@D@std@@V01@@std@@YA_NABU?$_Wrap_alloc@V?$allocator@D@std@@@0@0@Z 0041a9f0 f i log4z.obj
 0001:00019a50       ??$?8V?$allocator@PAULogData@log4z@zsummer@@@std@@V01@@std@@YA_NABU?$_Wrap_alloc@V?$allocator@PAULogData@log4z@zsummer@@@std@@@0@0@Z 0041aa50 f i log4z.obj
 0001:00019ab0       ??$?9DU?$char_traits@D@std@@V?$allocator@D@1@@std@@YA_NABV?$basic_string@DU?$char_traits@D@std@@V?$allocator@D@2@@0@0@Z 0041aab0 f i log4z.obj
 0001:00019b30       ??$?9V?$allocator@D@std@@V01@@std@@YA_NABU?$_Wrap_alloc@V?$allocator@D@std@@@0@0@Z 0041ab30 f i log4z.obj
 0001:00019bb0       ??$?9V?$allocator@PAULogData@log4z@zsummer@@@std@@V01@@std@@YA_NABU?$_Wrap_alloc@V?$allocator@PAULogData@log4z@zsummer@@@std@@@0@0@Z 0041abb0 f i log4z.obj
 0001:00019c30       ??$?MDU?$char_traits@D@std@@V?$allocator@D@1@@std@@YA_NABV?$basic_string@DU?$char_traits@D@std@@V?$allocator@D@2@@0@0@Z 0041ac30 f i log4z.obj
 0001:00019cb0       ??$_Buynode@ABU?$pair@_JV?$basic_string@DU?$char_traits@D@std@@V?$allocator@D@2@@std@@@std@@@?$_List_buy@U?$pair@_JV?$basic_string@DU?$char_traits@D@std@@V?$allocator@D@2@@std@@@std@@V?$allocator@U?$pair@_JV?$basic_string@DU?$char_traits@D@std@@V?$allocator@D@2@@std@@@std@@@2@@std@@QAEPAU?$_List_node@U?$pair@_JV?$basic_string@DU?$char_traits@D@std@@V?$allocator@D@2@@std@@@std@@PAX@1@PAU21@0ABU?$pair@_JV?$basic_string@DU?$char_traits@D@std@@V?$allocator@D@2@@std@@@1@@Z 0041acb0 f i log4z.obj
 0001:00019df0       ??$_Buynode@ABUpiecewise_construct_t@std@@V?$tuple@$$QAV?$basic_string@DU?$char_traits@D@std@@V?$allocator@D@2@@std@@@2@V?$tuple@$$V@2@@?$_Tree_comp_alloc@V?$_Tmap_traits@V?$basic_string@DU?$char_traits@D@std@@V?$allocator@D@2@@std@@HU?$less@V?$basic_string@DU?$char_traits@D@std@@V?$allocator@D@2@@std@@@2@V?$allocator@U?$pair@$$CBV?$basic_string@DU?$char_traits@D@std@@V?$allocator@D@2@@std@@H@std@@@2@$0A@@std@@@std@@QAEPAU?$_Tree_node@U?$pair@$$CBV?$basic_string@DU?$char_traits@D@std@@V?$allocator@D@2@@std@@H@std@@PAX@1@ABUpiecewise_construct_t@1@$$QAV?$tuple@$$QAV?$basic_string@DU?$char_traits@D@std@@V?$allocator@D@2@@std@@@1@$$QAV?$tuple@$$V@1@@Z 0041adf0 f i log4z.obj
 0001:00019f60       ??$_Buynode@ABUpiecewise_construct_t@std@@V?$tuple@ABV?$basic_string@DU?$char_traits@D@std@@V?$allocator@D@2@@std@@@2@V?$tuple@$$V@2@@?$_Tree_comp_alloc@V?$_Tmap_traits@V?$basic_string@DU?$char_traits@D@std@@V?$allocator@D@2@@std@@HU?$less@V?$basic_string@DU?$char_traits@D@std@@V?$allocator@D@2@@std@@@2@V?$allocator@U?$pair@$$CBV?$basic_string@DU?$char_traits@D@std@@V?$allocator@D@2@@std@@H@std@@@2@$0A@@std@@@std@@QAEPAU?$_Tree_node@U?$pair@$$CBV?$basic_string@DU?$char_traits@D@std@@V?$allocator@D@2@@std@@H@std@@PAX@1@ABUpiecewise_construct_t@1@$$QAV?$tuple@ABV?$basic_string@DU?$char_traits@D@std@@V?$allocator@D@2@@std@@@1@$$QAV?$tuple@$$V@1@@Z 0041af60 f i log4z.obj
 0001:0001a0d0       ??$_Buynode@U?$pair@V?$basic_string@DU?$char_traits@D@std@@V?$allocator@D@2@@std@@ULoggerInfo@log4z@zsummer@@@std@@@?$_Tree_comp_alloc@V?$_Tmap_traits@V?$basic_string@DU?$char_traits@D@std@@V?$allocator@D@2@@std@@ULoggerInfo@log4z@zsummer@@U?$less@V?$basic_string@DU?$char_traits@D@std@@V?$allocator@D@2@@std@@@2@V?$allocator@U?$pair@$$CBV?$basic_string@DU?$char_traits@D@std@@V?$allocator@D@2@@std@@ULoggerInfo@log4z@zsummer@@@std@@@2@$0A@@std@@@std@@QAEPAU?$_Tree_node@U?$pair@$$CBV?$basic_string@DU?$char_traits@D@std@@V?$allocator@D@2@@std@@ULoggerInfo@log4z@zsummer@@@std@@PAX@1@$$QAU?$pair@V?$basic_string@DU?$char_traits@D@std@@V?$allocator@D@2@@std@@ULoggerInfo@log4z@zsummer@@@1@@Z 0041b0d0 f i log4z.obj
 0001:0001a220       ??$_Buynode@U?$pair@_JV?$basic_string@DU?$char_traits@D@std@@V?$allocator@D@2@@std@@@std@@@?$_List_buy@U?$pair@_JV?$basic_string@DU?$char_traits@D@std@@V?$allocator@D@2@@std@@@std@@V?$allocator@U?$pair@_JV?$basic_string@DU?$char_traits@D@std@@V?$allocator@D@2@@std@@@std@@@2@@std@@QAEPAU?$_List_node@U?$pair@_JV?$basic_string@DU?$char_traits@D@std@@V?$allocator@D@2@@std@@@std@@PAX@1@PAU21@0$$QAU?$pair@_JV?$basic_string@DU?$char_traits@D@std@@V?$allocator@D@2@@std@@@1@@Z 0041b220 f i log4z.obj
 0001:0001a360       ??$_Buynode_if_nil@AAU?$pair@$$CBV?$basic_string@DU?$char_traits@D@std@@V?$allocator@D@2@@std@@H@std@@@?$_Tree@V?$_Tmap_traits@V?$basic_string@DU?$char_traits@D@std@@V?$allocator@D@2@@std@@HU?$less@V?$basic_string@DU?$char_traits@D@std@@V?$allocator@D@2@@std@@@2@V?$allocator@U?$pair@$$CBV?$basic_string@DU?$char_traits@D@std@@V?$allocator@D@2@@std@@H@std@@@2@$0A@@std@@@std@@IAEPAU?$_Tree_node@U?$pair@$$CBV?$basic_string@DU?$char_traits@D@std@@V?$allocator@D@2@@std@@H@std@@PAX@1@PAU21@AAU?$pair@$$CBV?$basic_string@DU?$char_traits@D@std@@V?$allocator@D@2@@std@@H@1@@Z 0041b360 f i log4z.obj
 0001:0001a3a0       ??$_Buynode_if_nil@AAU?$pair@$$CBV?$basic_string@DU?$char_traits@D@std@@V?$allocator@D@2@@std@@ULoggerInfo@log4z@zsummer@@@std@@@?$_Tree@V?$_Tmap_traits@V?$basic_string@DU?$char_traits@D@std@@V?$allocator@D@2@@std@@ULoggerInfo@log4z@zsummer@@U?$less@V?$basic_string@DU?$char_traits@D@std@@V?$allocator@D@2@@std@@@2@V?$allocator@U?$pair@$$CBV?$basic_string@DU?$char_traits@D@std@@V?$allocator@D@2@@std@@ULoggerInfo@log4z@zsummer@@@std@@@2@$0A@@std@@@std@@IAEPAU?$_Tree_node@U?$pair@$$CBV?$basic_string@DU?$char_traits@D@std@@V?$allocator@D@2@@std@@ULoggerInfo@log4z@zsummer@@@std@@PAX@1@PAU21@AAU?$pair@$$CBV?$basic_string@DU?$char_traits@D@std@@V?$allocator@D@2@@std@@ULoggerInfo@log4z@zsummer@@@1@@Z 0041b3a0 f i log4z.obj
 0001:0001a3e0       ??$_Const_cast@$$CBD@std@@YA@PBD@Z 0041b3e0 f i log4z.obj
 0001:0001a420       ??$_Copy_memmove@PAPAPAULogData@log4z@zsummer@@PAPAPAU123@@std@@YAPAPAPAULogData@log4z@zsummer@@PAPAPAU123@00@Z 0041b420 f i log4z.obj
 0001:0001a4b0       ??$_Copy_memmove@PAPAULogData@log4z@zsummer@@PAPAU123@@std@@YAPAPAULogData@log4z@zsummer@@PAPAU123@00@Z 0041b4b0 f i log4z.obj
 0001:0001a540       ??$_Debug_lt_pred@AAU?$less@V?$basic_string@DU?$char_traits@D@std@@V?$allocator@D@2@@std@@@std@@AAV?$basic_string@DU?$char_traits@D@std@@V?$allocator@D@2@@2@ABV32@@std@@YA_NAAU?$less@V?$basic_string@DU?$char_traits@D@std@@V?$allocator@D@2@@std@@@0@AAV?$basic_string@DU?$char_traits@D@std@@V?$allocator@D@2@@0@ABV20@PB_WI@Z 0041b540 f i log4z.obj
 0001:0001a620       ??$_Debug_lt_pred@AAU?$less@V?$basic_string@DU?$char_traits@D@std@@V?$allocator@D@2@@std@@@std@@ABV?$basic_string@DU?$char_traits@D@std@@V?$allocator@D@2@@2@ABV32@@std@@YA_NAAU?$less@V?$basic_string@DU?$char_traits@D@std@@V?$allocator@D@2@@std@@@0@ABV?$basic_string@DU?$char_traits@D@std@@V?$allocator@D@2@@0@1PB_WI@Z 0041b620 f i log4z.obj
 0001:0001a700       ??$_Debug_lt_pred@ABU?$less@V?$basic_string@DU?$char_traits@D@std@@V?$allocator@D@2@@std@@@std@@ABV?$basic_string@DU?$char_traits@D@std@@V?$allocator@D@2@@2@ABV32@@std@@YA_NABU?$less@V?$basic_string@DU?$char_traits@D@std@@V?$allocator@D@2@@std@@@0@ABV?$basic_string@DU?$char_traits@D@std@@V?$allocator@D@2@@0@1PB_WI@Z 0041b700 f i log4z.obj
 0001:0001a7e0       ??$_Debug_pointer@$$CBD@std@@YAXPBDPB_WI@Z 0041b7e0 f i log4z.obj
 0001:0001a850       ??$_Debug_pointer@V?$_String_iterator@V?$_String_val@U?$_Simple_types@D@std@@@std@@@std@@@std@@YAXAAV?$_String_iterator@V?$_String_val@U?$_Simple_types@D@std@@@std@@@0@PB_WI@Z 0041b850 f i log4z.obj
 0001:0001a880       ??$_Debug_pointer_if@$$A6AHH@Z@std@@YAX_NP6AHH@ZPB_WI@Z 0041b880 f i log4z.obj
 0001:0001a900       ??$_Debug_pointer_if@$$CBD@std@@YAX_NPBDPB_WI@Z 0041b900 f i log4z.obj
 0001:0001a980       ??$_Debug_range2@V?$_List_const_iterator@V?$_List_val@U?$_List_simple_types@U?$pair@_JV?$basic_string@DU?$char_traits@D@std@@V?$allocator@D@2@@std@@@std@@@std@@@std@@@std@@@std@@YAXV?$_List_const_iterator@V?$_List_val@U?$_List_simple_types@U?$pair@_JV?$basic_string@DU?$char_traits@D@std@@V?$allocator@D@2@@std@@@std@@@std@@@std@@@0@0PB_WIUinput_iterator_tag@0@@Z 0041b980 f i log4z.obj
 0001:0001aa30       ??$_Debug_range@V?$_List_const_iterator@V?$_List_val@U?$_List_simple_types@U?$pair@_JV?$basic_string@DU?$char_traits@D@std@@V?$allocator@D@2@@std@@@std@@@std@@@std@@@std@@@std@@YAXV?$_List_const_iterator@V?$_List_val@U?$_List_simple_types@U?$pair@_JV?$basic_string@DU?$char_traits@D@std@@V?$allocator@D@2@@std@@@std@@@std@@@std@@@0@0PB_WI@Z 0041ba30 f i log4z.obj
 0001:0001ab50       ??$_Debug_range_ptr2@V?$_String_iterator@V?$_String_val@U?$_Simple_types@D@std@@@std@@@std@@V12@@std@@YAXV?$_String_iterator@V?$_String_val@U?$_Simple_types@D@std@@@std@@@0@0AAV10@PB_WIUrandom_access_iterator_tag@0@@Z 0041bb50 f i log4z.obj
 0001:0001ac90       ??$_Debug_range_ptr@V?$_String_iterator@V?$_String_val@U?$_Simple_types@D@std@@@std@@@std@@V12@@std@@YAXV?$_String_iterator@V?$_String_val@U?$_Simple_types@D@std@@@std@@@0@0AAV10@PB_WI@Z 0041bc90 f i log4z.obj
 0001:0001adc0       ??$_Destroy_range1@V?$allocator@PAPAULogData@log4z@zsummer@@@std@@PAPAPAULogData@log4z@zsummer@@@std@@YAXPAPAPAULogData@log4z@zsummer@@0AAU?$_Wrap_alloc@V?$allocator@PAPAULogData@log4z@zsummer@@@std@@@0@U?$integral_constant@_N$00@0@@Z 0041bdc0 f i log4z.obj
 0001:0001adf0       ??$_Destroy_range1@V?$allocator@PAULogData@log4z@zsummer@@@std@@PAPAULogData@log4z@zsummer@@@std@@YAXPAPAULogData@log4z@zsummer@@0AAU?$_Wrap_alloc@V?$allocator@PAULogData@log4z@zsummer@@@std@@@0@U?$integral_constant@_N$00@0@@Z 0041bdf0 f i log4z.obj
 0001:0001ae20       ??$_Destroy_range@V?$allocator@PAPAULogData@log4z@zsummer@@@std@@PAPAPAULogData@log4z@zsummer@@@std@@YAXPAPAPAULogData@log4z@zsummer@@0AAU?$_Wrap_alloc@V?$allocator@PAPAULogData@log4z@zsummer@@@std@@@0@@Z 0041be20 f i log4z.obj
 0001:0001ae90       ??$_Destroy_range@V?$allocator@PAULogData@log4z@zsummer@@@std@@PAPAULogData@log4z@zsummer@@@std@@YAXPAPAULogData@log4z@zsummer@@0AAU?$_Wrap_alloc@V?$allocator@PAULogData@log4z@zsummer@@@std@@@0@@Z 0041be90 f i log4z.obj
 0001:0001af00       ??$_Insert@ABU?$pair@_JV?$basic_string@DU?$char_traits@D@std@@V?$allocator@D@2@@std@@@std@@@?$list@U?$pair@_JV?$basic_string@DU?$char_traits@D@std@@V?$allocator@D@2@@std@@@std@@V?$allocator@U?$pair@_JV?$basic_string@DU?$char_traits@D@std@@V?$allocator@D@2@@std@@@std@@@2@@std@@QAEXV?$_List_unchecked_const_iterator@V?$_List_val@U?$_List_simple_types@U?$pair@_JV?$basic_string@DU?$char_traits@D@std@@V?$allocator@D@2@@std@@@std@@@std@@@std@@U_Iterator_base0@2@@1@ABU?$pair@_JV?$basic_string@DU?$char_traits@D@std@@V?$allocator@D@2@@std@@@1@@Z 0041bf00 f i log4z.obj
 0001:0001afd0       ??$_Insert@U?$pair@_JV?$basic_string@DU?$char_traits@D@std@@V?$allocator@D@2@@std@@@std@@@?$list@U?$pair@_JV?$basic_string@DU?$char_traits@D@std@@V?$allocator@D@2@@std@@@std@@V?$allocator@U?$pair@_JV?$basic_string@DU?$char_traits@D@std@@V?$allocator@D@2@@std@@@std@@@2@@std@@QAEXV?$_List_unchecked_const_iterator@V?$_List_val@U?$_List_simple_types@U?$pair@_JV?$basic_string@DU?$char_traits@D@std@@V?$allocator@D@2@@std@@@std@@@std@@@std@@U_Iterator_base0@2@@1@$$QAU?$pair@_JV?$basic_string@DU?$char_traits@D@std@@V?$allocator@D@2@@std@@@1@@Z 0041bfd0 f i log4z.obj
 0001:0001b0a0       ??$_Insert_at@AAU?$pair@$$CBV?$basic_string@DU?$char_traits@D@std@@V?$allocator@D@2@@std@@H@std@@PAU?$_Tree_node@U?$pair@$$CBV?$basic_string@DU?$char_traits@D@std@@V?$allocator@D@2@@std@@H@std@@PAX@2@@?$_Tree@V?$_Tmap_traits@V?$basic_string@DU?$char_traits@D@std@@V?$allocator@D@2@@std@@HU?$less@V?$basic_string@DU?$char_traits@D@std@@V?$allocator@D@2@@std@@@2@V?$allocator@U?$pair@$$CBV?$basic_string@DU?$char_traits@D@std@@V?$allocator@D@2@@std@@H@std@@@2@$0A@@std@@@std@@IAE?AV?$_Tree_iterator@V?$_Tree_val@U?$_Tree_simple_types@U?$pair@$$CBV?$basic_string@DU?$char_traits@D@std@@V?$allocator@D@2@@std@@H@std@@@std@@@std@@@1@_NPAU?$_Tree_node@U?$pair@$$CBV?$basic_string@DU?$char_traits@D@std@@V?$allocator@D@2@@std@@H@std@@PAX@1@AAU?$pair@$$CBV?$basic_string@DU?$char_traits@D@std@@V?$allocator@D@2@@std@@H@1@1@Z 0041c0a0 f i log4z.obj
 0001:0001b660       ??$_Insert_at@AAU?$pair@$$CBV?$basic_string@DU?$char_traits@D@std@@V?$allocator@D@2@@std@@ULoggerInfo@log4z@zsummer@@@std@@PAU?$_Tree_node@U?$pair@$$CBV?$basic_string@DU?$char_traits@D@std@@V?$allocator@D@2@@std@@ULoggerInfo@log4z@zsummer@@@std@@PAX@2@@?$_Tree@V?$_Tmap_traits@V?$basic_string@DU?$char_traits@D@std@@V?$allocator@D@2@@std@@ULoggerInfo@log4z@zsummer@@U?$less@V?$basic_string@DU?$char_traits@D@std@@V?$allocator@D@2@@std@@@2@V?$allocator@U?$pair@$$CBV?$basic_string@DU?$char_traits@D@std@@V?$allocator@D@2@@std@@ULoggerInfo@log4z@zsummer@@@std@@@2@$0A@@std@@@std@@IAE?AV?$_Tree_iterator@V?$_Tree_val@U?$_Tree_simple_types@U?$pair@$$CBV?$basic_string@DU?$char_traits@D@std@@V?$allocator@D@2@@std@@ULoggerInfo@log4z@zsummer@@@std@@@std@@@std@@@1@_NPAU?$_Tree_node@U?$pair@$$CBV?$basic_string@DU?$char_traits@D@std@@V?$allocator@D@2@@std@@ULoggerInfo@log4z@zsummer@@@std@@PAX@1@AAU?$pair@$$CBV?$basic_string@DU?$char_traits@D@std@@V?$allocator@D@2@@std@@ULoggerInfo@log4z@zsummer@@@1@1@Z 0041c660 f i log4z.obj
 0001:0001bc20       ??$_Insert_hint@AAU?$pair@$$CBV?$basic_string@DU?$char_traits@D@std@@V?$allocator@D@2@@std@@H@std@@PAU?$_Tree_node@U?$pair@$$CBV?$basic_string@DU?$char_traits@D@std@@V?$allocator@D@2@@std@@H@std@@PAX@2@@?$_Tree@V?$_Tmap_traits@V?$basic_string@DU?$char_traits@D@std@@V?$allocator@D@2@@std@@HU?$less@V?$basic_string@DU?$char_traits@D@std@@V?$allocator@D@2@@std@@@2@V?$allocator@U?$pair@$$CBV?$basic_string@DU?$char_traits@D@std@@V?$allocator@D@2@@std@@H@std@@@2@$0A@@std@@@std@@IAE?AV?$_Tree_iterator@V?$_Tree_val@U?$_Tree_simple_types@U?$pair@$$CBV?$basic_string@DU?$char_traits@D@std@@V?$allocator@D@2@@std@@H@std@@@std@@@std@@@1@V?$_Tree_const_iterator@V?$_Tree_val@U?$_Tree_simple_types@U?$pair@$$CBV?$basic_string@DU?$char_traits@D@std@@V?$allocator@D@2@@std@@H@std@@@std@@@std@@@1@AAU?$pair@$$CBV?$basic_string@DU?$char_traits@D@std@@V?$allocator@D@2@@std@@H@1@PAU?$_Tree_node@U?$pair@$$CBV?$basic_string@DU?$char_traits@D@std@@V?$allocator@D@2@@std@@H@std@@PAX@1@@Z 0041cc20 f i log4z.obj
 0001:0001d170       ??$_Insert_nohint@AAU?$pair@$$CBV?$basic_string@DU?$char_traits@D@std@@V?$allocator@D@2@@std@@H@std@@PAU?$_Tree_node@U?$pair@$$CBV?$basic_string@DU?$char_traits@D@std@@V?$allocator@D@2@@std@@H@std@@PAX@2@@?$_Tree@V?$_Tmap_traits@V?$basic_string@DU?$char_traits@D@std@@V?$allocator@D@2@@std@@HU?$less@V?$basic_string@DU?$char_traits@D@std@@V?$allocator@D@2@@std@@@2@V?$allocator@U?$pair@$$CBV?$basic_string@DU?$char_traits@D@std@@V?$allocator@D@2@@std@@H@std@@@2@$0A@@std@@@std@@IAE?AU?$pair@V?$_Tree_iterator@V?$_Tree_val@U?$_Tree_simple_types@U?$pair@$$CBV?$basic_string@DU?$char_traits@D@std@@V?$allocator@D@2@@std@@H@std@@@std@@@std@@@std@@_N@1@_NAAU?$pair@$$CBV?$basic_string@DU?$char_traits@D@std@@V?$allocator@D@2@@std@@H@1@PAU?$_Tree_node@U?$pair@$$CBV?$basic_string@DU?$char_traits@D@std@@V?$allocator@D@2@@std@@H@std@@PAX@1@@Z 0041e170 f i log4z.obj
 0001:0001d840       ??$_Insert_nohint@AAU?$pair@$$CBV?$basic_string@DU?$char_traits@D@std@@V?$allocator@D@2@@std@@ULoggerInfo@log4z@zsummer@@@std@@PAU?$_Tree_node@U?$pair@$$CBV?$basic_string@DU?$char_traits@D@std@@V?$allocator@D@2@@std@@ULoggerInfo@log4z@zsummer@@@std@@PAX@2@@?$_Tree@V?$_Tmap_traits@V?$basic_string@DU?$char_traits@D@std@@V?$allocator@D@2@@std@@ULoggerInfo@log4z@zsummer@@U?$less@V?$basic_string@DU?$char_traits@D@std@@V?$allocator@D@2@@std@@@2@V?$allocator@U?$pair@$$CBV?$basic_string@DU?$char_traits@D@std@@V?$allocator@D@2@@std@@ULoggerInfo@log4z@zsummer@@@std@@@2@$0A@@std@@@std@@IAE?AU?$pair@V?$_Tree_iterator@V?$_Tree_val@U?$_Tree_simple_types@U?$pair@$$CBV?$basic_string@DU?$char_traits@D@std@@V?$allocator@D@2@@std@@ULoggerInfo@log4z@zsummer@@@std@@@std@@@std@@@std@@_N@1@_NAAU?$pair@$$CBV?$basic_string@DU?$char_traits@D@std@@V?$allocator@D@2@@std@@ULoggerInfo@log4z@zsummer@@@1@PAU?$_Tree_node@U?$pair@$$CBV?$basic_string@DU?$char_traits@D@std@@V?$allocator@D@2@@std@@ULoggerInfo@log4z@zsummer@@@std@@PAX@1@@Z 0041e840 f i log4z.obj
 0001:0001df10       ??$_Insert_range@V?$_List_const_iterator@V?$_List_val@U?$_List_simple_types@U?$pair@_JV?$basic_string@DU?$char_traits@D@std@@V?$allocator@D@2@@std@@@std@@@std@@@std@@@std@@@?$list@U?$pair@_JV?$basic_string@DU?$char_traits@D@std@@V?$allocator@D@2@@std@@@std@@V?$allocator@U?$pair@_JV?$basic_string@DU?$char_traits@D@std@@V?$allocator@D@2@@std@@@std@@@2@@std@@QAEXV?$_List_unchecked_const_iterator@V?$_List_val@U?$_List_simple_types@U?$pair@_JV?$basic_string@DU?$char_traits@D@std@@V?$allocator@D@2@@std@@@std@@@std@@@std@@U_Iterator_base0@2@@1@V?$_List_const_iterator@V?$_List_val@U?$_List_simple_types@U?$pair@_JV?$basic_string@DU?$char_traits@D@std@@V?$allocator@D@2@@std@@@std@@@std@@@std@@@1@1Uforward_iterator_tag@1@@Z 0041ef10 f i log4z.obj
 0001:0001e170       ??$_Is_checked@V?$_String_iterator@V?$_String_val@U?$_Simple_types@D@std@@@std@@@std@@@std@@YA?AU?$integral_constant@_N$00@0@V?$_String_iterator@V?$_String_val@U?$_Simple_types@D@std@@@std@@@0@@Z 0041f170 f i log4z.obj
 0001:0001e1e0       ??$_Kfn@$$CBV?$basic_string@DU?$char_traits@D@std@@V?$allocator@D@2@@std@@H@?$_Tmap_traits@V?$basic_string@DU?$char_traits@D@std@@V?$allocator@D@2@@std@@HU?$less@V?$basic_string@DU?$char_traits@D@std@@V?$allocator@D@2@@std@@@2@V?$allocator@U?$pair@$$CBV?$basic_string@DU?$char_traits@D@std@@V?$allocator@D@2@@std@@H@std@@@2@$0A@@std@@SAABV?$basic_string@DU?$char_traits@D@std@@V?$allocator@D@2@@1@ABU?$pair@$$CBV?$basic_string@DU?$char_traits@D@std@@V?$allocator@D@2@@std@@H@1@@Z 0041f1e0 f i log4z.obj
 0001:0001e220       ??$_Kfn@$$CBV?$basic_string@DU?$char_traits@D@std@@V?$allocator@D@2@@std@@ULoggerInfo@log4z@zsummer@@@?$_Tmap_traits@V?$basic_string@DU?$char_traits@D@std@@V?$allocator@D@2@@std@@ULoggerInfo@log4z@zsummer@@U?$less@V?$basic_string@DU?$char_traits@D@std@@V?$allocator@D@2@@std@@@2@V?$allocator@U?$pair@$$CBV?$basic_string@DU?$char_traits@D@std@@V?$allocator@D@2@@std@@ULoggerInfo@log4z@zsummer@@@std@@@2@$0A@@std@@SAABV?$basic_string@DU?$char_traits@D@std@@V?$allocator@D@2@@1@ABU?$pair@$$CBV?$basic_string@DU?$char_traits@D@std@@V?$allocator@D@2@@std@@ULoggerInfo@log4z@zsummer@@@1@@Z 0041f220 f i log4z.obj
 0001:0001e260       ??$_Lbound@V?$basic_string@DU?$char_traits@D@std@@V?$allocator@D@2@@std@@@?$_Tree@V?$_Tmap_traits@V?$basic_string@DU?$char_traits@D@std@@V?$allocator@D@2@@std@@HU?$less@V?$basic_string@DU?$char_traits@D@std@@V?$allocator@D@2@@std@@@2@V?$allocator@U?$pair@$$CBV?$basic_string@DU?$char_traits@D@std@@V?$allocator@D@2@@std@@H@std@@@2@$0A@@std@@@std@@IBEPAU?$_Tree_node@U?$pair@$$CBV?$basic_string@DU?$char_traits@D@std@@V?$allocator@D@2@@std@@H@std@@PAX@1@ABV?$basic_string@DU?$char_traits@D@std@@V?$allocator@D@2@@1@@Z 0041f260 f i log4z.obj
 0001:0001e350       ??$_Lbound@V?$basic_string@DU?$char_traits@D@std@@V?$allocator@D@2@@std@@@?$_Tree@V?$_Tmap_traits@V?$basic_string@DU?$char_traits@D@std@@V?$allocator@D@2@@std@@ULoggerInfo@log4z@zsummer@@U?$less@V?$basic_string@DU?$char_traits@D@std@@V?$allocator@D@2@@std@@@2@V?$allocator@U?$pair@$$CBV?$basic_string@DU?$char_traits@D@std@@V?$allocator@D@2@@std@@ULoggerInfo@log4z@zsummer@@@std@@@2@$0A@@std@@@std@@IBEPAU?$_Tree_node@U?$pair@$$CBV?$basic_string@DU?$char_traits@D@std@@V?$allocator@D@2@@std@@ULoggerInfo@log4z@zsummer@@@std@@PAX@1@ABV?$basic_string@DU?$char_traits@D@std@@V?$allocator@D@2@@1@@Z 0041f350 f i log4z.obj
 0001:0001e440       ??$_Pocca@U?$_Wrap_alloc@V?$allocator@D@std@@@std@@@std@@YAXAAU?$_Wrap_alloc@V?$allocator@D@std@@@0@ABU10@@Z 0041f440 f i log4z.obj
 0001:0001e4d0       ??$_Pocca@U?$_Wrap_alloc@V?$allocator@D@std@@@std@@@std@@YAXAAU?$_Wrap_alloc@V?$allocator@D@std@@@0@ABU10@U?$integral_constant@_N$0A@@0@@Z 0041f4d0 f i log4z.obj
 0001:0001e500       ??$_Pocma@U?$_Wrap_alloc@V?$allocator@D@std@@@std@@@std@@YAXAAU?$_Wrap_alloc@V?$allocator@D@std@@@0@0@Z 0041f500 f i log4z.obj
 0001:0001e590       ??$_Pocma@U?$_Wrap_alloc@V?$allocator@D@std@@@std@@@std@@YAXAAU?$_Wrap_alloc@V?$allocator@D@std@@@0@0U?$integral_constant@_N$00@0@@Z 0041f590 f i log4z.obj
 0001:0001e620       ??$_Pocs@U?$_Wrap_alloc@V?$allocator@PAULogData@log4z@zsummer@@@std@@@std@@@std@@YAXAAU?$_Wrap_alloc@V?$allocator@PAULogData@log4z@zsummer@@@std@@@0@0@Z 0041f620 f i log4z.obj
 0001:0001e6b0       ??$_Pocs@U?$_Wrap_alloc@V?$allocator@PAULogData@log4z@zsummer@@@std@@@std@@@std@@YAXAAU?$_Wrap_alloc@V?$allocator@PAULogData@log4z@zsummer@@@std@@@0@0U?$integral_constant@_N$0A@@0@@Z 0041f6b0 f i log4z.obj
 0001:0001e770       ??$_Ptr_copy_cat@PAPAULogData@log4z@zsummer@@PAPAU123@@std@@YA?AU_Really_trivial_ptr_iterator_tag@0@ABQAPAPAULogData@log4z@zsummer@@0@Z 0041f770 f i log4z.obj
 0001:0001e7b0       ??$_Ptr_move_cat@PAULogData@log4z@zsummer@@PAU123@@std@@YA?AU_Really_trivial_ptr_iterator_tag@0@ABQAPAULogData@log4z@zsummer@@0@Z 0041f7b0 f i log4z.obj
 0001:0001e7f0       ??$_Rechecked@PAPAPAULogData@log4z@zsummer@@PAPAPAU123@@std@@YAAAPAPAPAULogData@log4z@zsummer@@AAPAPAPAU123@PAPAPAU123@@Z 0041f7f0 f i log4z.obj
 0001:0001e830       ??$_Rechecked@PAPAULogData@log4z@zsummer@@PAPAU123@@std@@YAAAPAPAULogData@log4z@zsummer@@AAPAPAU123@PAPAU123@@Z 0041f830 f i log4z.obj
 0001:0001e870       ??$_Rechecked@V?$_String_val@U?$_Simple_types@D@std@@@std@@@std@@YA?AV?$_String_iterator@V?$_String_val@U?$_Simple_types@D@std@@@std@@@0@AAV10@PAD@Z 0041f870 f i log4z.obj
 0001:0001e8f0       ??$_Swap_adl@PAPAPAULogData@log4z@zsummer@@@std@@YAXAAPAPAPAULogData@log4z@zsummer@@0@Z 0041f8f0 f i log4z.obj
 0001:0001e950       ??$_Swap_adl@PAU?$_List_node@U?$pair@_JV?$basic_string@DU?$char_traits@D@std@@V?$allocator@D@2@@std@@@std@@PAX@std@@@std@@YAXAAPAU?$_List_node@U?$pair@_JV?$basic_string@DU?$char_traits@D@std@@V?$allocator@D@2@@std@@@std@@PAX@0@0@Z 0041f950 f i log4z.obj
 0001:0001e9b0       ??$_Transform_no_deprecate1@PADV?$_String_iterator@V?$_String_val@U?$_Simple_types@D@std@@@std@@@std@@P6AHH@Z@std@@YA?AV?$_String_iterator@V?$_String_val@U?$_Simple_types@D@std@@@std@@@0@PAD0V10@AAP6AHH@ZUrandom_access_iterator_tag@0@3@Z 0041f9b0 f i log4z.obj
 0001:0001eb10       ??$_Transform_no_deprecate@V?$_String_iterator@V?$_String_val@U?$_Simple_types@D@std@@@std@@@std@@V12@P6AHH@Z@std@@YA?AV?$_String_iterator@V?$_String_val@U?$_Simple_types@D@std@@@std@@@0@V10@00AAP6AHH@Z@Z 0041fb10 f i log4z.obj
 0001:0001ed80       ??$_Transform_unchecked@PADPADP6AHH@Z@std@@YAPADPAD00AAP6AHH@Z@Z 0041fd80 f i log4z.obj
 0001:0001ee10       ??$_Try_emplace@ABV?$basic_string@DU?$char_traits@D@std@@V?$allocator@D@2@@std@@$$V@?$map@V?$basic_string@DU?$char_traits@D@std@@V?$allocator@D@2@@std@@HU?$less@V?$basic_string@DU?$char_traits@D@std@@V?$allocator@D@2@@std@@@2@V?$allocator@U?$pair@$$CBV?$basic_string@DU?$char_traits@D@std@@V?$allocator@D@2@@std@@H@std@@@2@@std@@QAE?AU?$pair@V?$_Tree_iterator@V?$_Tree_val@U?$_Tree_simple_types@U?$pair@$$CBV?$basic_string@DU?$char_traits@D@std@@V?$allocator@D@2@@std@@H@std@@@std@@@std@@@std@@_N@1@ABV?$basic_string@DU?$char_traits@D@std@@V?$allocator@D@2@@1@@Z 0041fe10 f i log4z.obj
 0001:0001f160       ??$_Try_emplace@V?$basic_string@DU?$char_traits@D@std@@V?$allocator@D@2@@std@@$$V@?$map@V?$basic_string@DU?$char_traits@D@std@@V?$allocator@D@2@@std@@HU?$less@V?$basic_string@DU?$char_traits@D@std@@V?$allocator@D@2@@std@@@2@V?$allocator@U?$pair@$$CBV?$basic_string@DU?$char_traits@D@std@@V?$allocator@D@2@@std@@H@std@@@2@@std@@QAE?AU?$pair@V?$_Tree_iterator@V?$_Tree_val@U?$_Tree_simple_types@U?$pair@$$CBV?$basic_string@DU?$char_traits@D@std@@V?$allocator@D@2@@std@@H@std@@@std@@@std@@@std@@_N@1@$$QAV?$basic_string@DU?$char_traits@D@std@@V?$allocator@D@2@@1@@Z 00420160 f i log4z.obj
 0001:0001f4b0       ??$_Umove@PAPAULogData@log4z@zsummer@@@?$vector@PAULogData@log4z@zsummer@@V?$allocator@PAULogData@log4z@zsummer@@@std@@@std@@IAEPAPAULogData@log4z@zsummer@@PAPAU234@00@Z 004204b0 f i log4z.obj
 0001:0001f520       ??$_Unchecked@PAPAPAULogData@log4z@zsummer@@@std@@YAPAPAPAULogData@log4z@zsummer@@PAPAPAU123@@Z 00420520 f i log4z.obj
 0001:0001f560       ??$_Unchecked@PAPAULogData@log4z@zsummer@@@std@@YAPAPAULogData@log4z@zsummer@@PAPAU123@@Z 00420560 f i log4z.obj
 0001:0001f5a0       ??$_Unchecked@V?$_String_val@U?$_Simple_types@D@std@@@std@@@std@@YAPADV?$_String_iterator@V?$_String_val@U?$_Simple_types@D@std@@@std@@@0@@Z 004205a0 f i log4z.obj
 0001:0001f650       ??$_Unfancy@$$CBD@std@@YAPBDPBD@Z 00420650 f i log4z.obj
 0001:0001f690       ??$_Unfancy@PAULogData@log4z@zsummer@@@std@@YAPAPAULogData@log4z@zsummer@@PAPAU123@@Z 00420690 f i log4z.obj
 0001:0001f6d0       ??$_Unfancy@U_Container_proxy@std@@@std@@YAPAU_Container_proxy@0@PAU10@@Z 004206d0 f i log4z.obj
 0001:0001f710       ??$_Uninitialized_copy@PAPAPAULogData@log4z@zsummer@@PAPAPAU123@V?$allocator@PAPAULogData@log4z@zsummer@@@std@@@std@@YAPAPAPAULogData@log4z@zsummer@@PAPAPAU123@00AAU?$_Wrap_alloc@V?$allocator@PAPAULogData@log4z@zsummer@@@std@@@0@@Z 00420710 f i log4z.obj
 0001:0001f7b0       ??$_Uninitialized_copy_al_unchecked1@PAPAULogData@log4z@zsummer@@PAPAU123@V?$allocator@PAPAULogData@log4z@zsummer@@@std@@@std@@YAPAPAPAULogData@log4z@zsummer@@PAPAPAU123@00AAU?$_Wrap_alloc@V?$allocator@PAPAULogData@log4z@zsummer@@@std@@@0@U_Really_trivial_ptr_iterator_tag@0@U?$integral_constant@_N$00@0@@Z 004207b0 f i log4z.obj
 0001:0001f810       ??$_Uninitialized_copy_al_unchecked@PAPAPAULogData@log4z@zsummer@@PAPAPAU123@V?$allocator@PAPAULogData@log4z@zsummer@@@std@@@std@@YAPAPAPAULogData@log4z@zsummer@@PAPAPAU123@00AAU?$_Wrap_alloc@V?$allocator@PAPAULogData@log4z@zsummer@@@std@@@0@@Z 00420810 f i log4z.obj
 0001:0001f8a0       ??$_Uninitialized_default_fill_n1@PAPAPAULogData@log4z@zsummer@@IV?$allocator@PAPAULogData@log4z@zsummer@@@std@@@std@@YAXPAPAPAULogData@log4z@zsummer@@IAAU?$_Wrap_alloc@V?$allocator@PAPAULogData@log4z@zsummer@@@std@@@0@U?$integral_constant@_N$00@0@@Z 004208a0 f i log4z.obj
 0001:0001f900       ??$_Uninitialized_default_fill_n@PAPAPAULogData@log4z@zsummer@@IV?$allocator@PAPAULogData@log4z@zsummer@@@std@@@std@@YAXPAPAPAULogData@log4z@zsummer@@IAAU?$_Wrap_alloc@V?$allocator@PAPAULogData@log4z@zsummer@@@std@@@0@@Z 00420900 f i log4z.obj
 0001:0001f970       ??$_Uninitialized_move@PAPAULogData@log4z@zsummer@@PAPAU123@V?$allocator@PAULogData@log4z@zsummer@@@std@@@std@@YAPAPAULogData@log4z@zsummer@@PAPAU123@00AAU?$_Wrap_alloc@V?$allocator@PAULogData@log4z@zsummer@@@std@@@0@@Z 00420970 f i log4z.obj
 0001:0001fa10       ??$_Uninitialized_move_al_unchecked1@PAULogData@log4z@zsummer@@PAU123@V?$allocator@PAULogData@log4z@zsummer@@@std@@@std@@YAPAPAULogData@log4z@zsummer@@PAPAU123@00AAU?$_Wrap_alloc@V?$allocator@PAULogData@log4z@zsummer@@@std@@@0@U_Really_trivial_ptr_iterator_tag@0@U?$integral_constant@_N$00@0@@Z 00420a10 f i log4z.obj
 0001:0001fa70       ??$_Uninitialized_move_al_unchecked@PAPAULogData@log4z@zsummer@@PAPAU123@V?$allocator@PAULogData@log4z@zsummer@@@std@@@std@@YAPAPAULogData@log4z@zsummer@@PAPAU123@00AAU?$_Wrap_alloc@V?$allocator@PAULogData@log4z@zsummer@@@std@@@0@@Z 00420a70 f i log4z.obj
 0001:0001fb00       ??$addressof@D@std@@YAPADAAD@Z 00420b00 f i log4z.obj
 0001:0001fb40       ??$addressof@PAPAULogData@log4z@zsummer@@@std@@YAPAPAPAULogData@log4z@zsummer@@AAPAPAU123@@Z 00420b40 f i log4z.obj
 0001:0001fb80       ??$addressof@PAU?$_List_node@U?$pair@_JV?$basic_string@DU?$char_traits@D@std@@V?$allocator@D@2@@std@@@std@@PAX@std@@@std@@YAPAPAU?$_List_node@U?$pair@_JV?$basic_string@DU?$char_traits@D@std@@V?$allocator@D@2@@std@@@std@@PAX@0@AAPAU10@@Z 00420b80 f i log4z.obj
 0001:0001fbc0       ??$addressof@PAU?$_Tree_node@U?$pair@$$CBV?$basic_string@DU?$char_traits@D@std@@V?$allocator@D@2@@std@@H@std@@PAX@std@@@std@@YAPAPAU?$_Tree_node@U?$pair@$$CBV?$basic_string@DU?$char_traits@D@std@@V?$allocator@D@2@@std@@H@std@@PAX@0@AAPAU10@@Z 00420bc0 f i log4z.obj
 0001:0001fc00       ??$addressof@PAU?$_Tree_node@U?$pair@$$CBV?$basic_string@DU?$char_traits@D@std@@V?$allocator@D@2@@std@@ULoggerInfo@log4z@zsummer@@@std@@PAX@std@@@std@@YAPAPAU?$_Tree_node@U?$pair@$$CBV?$basic_string@DU?$char_traits@D@std@@V?$allocator@D@2@@std@@ULoggerInfo@log4z@zsummer@@@std@@PAX@0@AAPAU10@@Z 00420c00 f i log4z.obj
 0001:0001fc40       ??$addressof@QAULogData@log4z@zsummer@@@std@@YAPBQAULogData@log4z@zsummer@@ABQAU123@@Z 00420c40 f i log4z.obj
 0001:0001fc80       ??$addressof@U?$pair@$$CBV?$basic_string@DU?$char_traits@D@std@@V?$allocator@D@2@@std@@H@std@@@std@@YAPAU?$pair@$$CBV?$basic_string@DU?$char_traits@D@std@@V?$allocator@D@2@@std@@H@0@AAU10@@Z 00420c80 f i log4z.obj
 0001:0001fcc0       ??$addressof@U?$pair@$$CBV?$basic_string@DU?$char_traits@D@std@@V?$allocator@D@2@@std@@ULoggerInfo@log4z@zsummer@@@std@@@std@@YAPAU?$pair@$$CBV?$basic_string@DU?$char_traits@D@std@@V?$allocator@D@2@@std@@ULoggerInfo@log4z@zsummer@@@0@AAU10@@Z 00420cc0 f i log4z.obj
 0001:0001fd00       ??$addressof@U?$pair@_JV?$basic_string@DU?$char_traits@D@std@@V?$allocator@D@2@@std@@@std@@@std@@YAPAU?$pair@_JV?$basic_string@DU?$char_traits@D@std@@V?$allocator@D@2@@std@@@0@AAU10@@Z 00420d00 f i log4z.obj
 0001:0001fd40       ??$assign@V?$_String_iterator@V?$_String_val@U?$_Simple_types@D@std@@@std@@@std@@@?$basic_string@DU?$char_traits@D@std@@V?$allocator@D@2@@std@@QAEAAV01@V?$_String_iterator@V?$_String_val@U?$_Simple_types@D@std@@@std@@@1@0@Z 00420d40 f i log4z.obj
 0001:0001ff60       ??$construct@PADAAPAD@?$_Wrap_alloc@V?$allocator@D@std@@@std@@QAEXPAPADAAPAD@Z 00420f60 f i log4z.obj
 0001:0001ffd0       ??$construct@PADAAPAD@?$allocator@D@std@@QAEXPAPADAAPAD@Z 00420fd0 f i log4z.obj
 0001:00020080       ??$construct@PADAAPAD@?$allocator_traits@V?$allocator@D@std@@@std@@SAXAAV?$allocator@D@1@PAPADAAPAD@Z 00421080 f i log4z.obj
 0001:000200e0       ??$construct@PAU?$_List_node@U?$pair@_JV?$basic_string@DU?$char_traits@D@std@@V?$allocator@D@2@@std@@@std@@PAX@std@@AAPAU12@@?$_Wrap_alloc@V?$allocator@U?$_List_node@U?$pair@_JV?$basic_string@DU?$char_traits@D@std@@V?$allocator@D@2@@std@@@std@@PAX@std@@@std@@@std@@QAEXPAPAU?$_List_node@U?$pair@_JV?$basic_string@DU?$char_traits@D@std@@V?$allocator@D@2@@std@@@std@@PAX@1@AAPAU21@@Z 004210e0 f i log4z.obj
 0001:00020150       ??$construct@PAU?$_List_node@U?$pair@_JV?$basic_string@DU?$char_traits@D@std@@V?$allocator@D@2@@std@@@std@@PAX@std@@AAPAU12@@?$allocator@U?$_List_node@U?$pair@_JV?$basic_string@DU?$char_traits@D@std@@V?$allocator@D@2@@std@@@std@@PAX@std@@@std@@QAEXPAPAU?$_List_node@U?$pair@_JV?$basic_string@DU?$char_traits@D@std@@V?$allocator@D@2@@std@@@std@@PAX@1@AAPAU21@@Z 00421150 f i log4z.obj
 0001:00020200       ??$construct@PAU?$_List_node@U?$pair@_JV?$basic_string@DU?$char_traits@D@std@@V?$allocator@D@2@@std@@@std@@PAX@std@@AAPAU12@@?$allocator_traits@V?$allocator@U?$_List_node@U?$pair@_JV?$basic_string@DU?$char_traits@D@std@@V?$allocator@D@2@@std@@@std@@PAX@std@@@std@@@std@@SAXAAV?$allocator@U?$_List_node@U?$pair@_JV?$basic_string@DU?$char_traits@D@std@@V?$allocator@D@2@@std@@@std@@PAX@std@@@1@PAPAU?$_List_node@U?$pair@_JV?$basic_string@DU?$char_traits@D@std@@V?$allocator@D@2@@std@@@std@@PAX@1@AAPAU31@@Z 00421200 f i log4z.obj
 0001:00020260       ??$construct@PAU?$_Tree_node@U?$pair@$$CBV?$basic_string@DU?$char_traits@D@std@@V?$allocator@D@2@@std@@H@std@@PAX@std@@AAPAU12@@?$_Wrap_alloc@V?$allocator@U?$_Tree_node@U?$pair@$$CBV?$basic_string@DU?$char_traits@D@std@@V?$allocator@D@2@@std@@H@std@@PAX@std@@@std@@@std@@QAEXPAPAU?$_Tree_node@U?$pair@$$CBV?$basic_string@DU?$char_traits@D@std@@V?$allocator@D@2@@std@@H@std@@PAX@1@AAPAU21@@Z 00421260 f i log4z.obj
 0001:000202d0       ??$construct@PAU?$_Tree_node@U?$pair@$$CBV?$basic_string@DU?$char_traits@D@std@@V?$allocator@D@2@@std@@H@std@@PAX@std@@AAPAU12@@?$allocator@U?$_Tree_node@U?$pair@$$CBV?$basic_string@DU?$char_traits@D@std@@V?$allocator@D@2@@std@@H@std@@PAX@std@@@std@@QAEXPAPAU?$_Tree_node@U?$pair@$$CBV?$basic_string@DU?$char_traits@D@std@@V?$allocator@D@2@@std@@H@std@@PAX@1@AAPAU21@@Z 004212d0 f i log4z.obj
 0001:00020380       ??$construct@PAU?$_Tree_node@U?$pair@$$CBV?$basic_string@DU?$char_traits@D@std@@V?$allocator@D@2@@std@@H@std@@PAX@std@@AAPAU12@@?$allocator_traits@V?$allocator@U?$_Tree_node@U?$pair@$$CBV?$basic_string@DU?$char_traits@D@std@@V?$allocator@D@2@@std@@H@std@@PAX@std@@@std@@@std@@SAXAAV?$allocator@U?$_Tree_node@U?$pair@$$CBV?$basic_string@DU?$char_traits@D@std@@V?$allocator@D@2@@std@@H@std@@PAX@std@@@1@PAPAU?$_Tree_node@U?$pair@$$CBV?$basic_string@DU?$char_traits@D@std@@V?$allocator@D@2@@std@@H@std@@PAX@1@AAPAU31@@Z 00421380 f i log4z.obj
 0001:000203e0       ??$construct@PAU?$_Tree_node@U?$pair@$$CBV?$basic_string@DU?$char_traits@D@std@@V?$allocator@D@2@@std@@ULoggerInfo@log4z@zsummer@@@std@@PAX@std@@AAPAU12@@?$_Wrap_alloc@V?$allocator@U?$_Tree_node@U?$pair@$$CBV?$basic_string@DU?$char_traits@D@std@@V?$allocator@D@2@@std@@ULoggerInfo@log4z@zsummer@@@std@@PAX@std@@@std@@@std@@QAEXPAPAU?$_Tree_node@U?$pair@$$CBV?$basic_string@DU?$char_traits@D@std@@V?$allocator@D@2@@std@@ULoggerInfo@log4z@zsummer@@@std@@PAX@1@AAPAU21@@Z 004213e0 f i log4z.obj
 0001:00020450       ??$construct@PAU?$_Tree_node@U?$pair@$$CBV?$basic_string@DU?$char_traits@D@std@@V?$allocator@D@2@@std@@ULoggerInfo@log4z@zsummer@@@std@@PAX@std@@AAPAU12@@?$allocator@U?$_Tree_node@U?$pair@$$CBV?$basic_string@DU?$char_traits@D@std@@V?$allocator@D@2@@std@@ULoggerInfo@log4z@zsummer@@@std@@PAX@std@@@std@@QAEXPAPAU?$_Tree_node@U?$pair@$$CBV?$basic_string@DU?$char_traits@D@std@@V?$allocator@D@2@@std@@ULoggerInfo@log4z@zsummer@@@std@@PAX@1@AAPAU21@@Z 00421450 f i log4z.obj
 0001:00020500       ??$construct@PAU?$_Tree_node@U?$pair@$$CBV?$basic_string@DU?$char_traits@D@std@@V?$allocator@D@2@@std@@ULoggerInfo@log4z@zsummer@@@std@@PAX@std@@AAPAU12@@?$allocator_traits@V?$allocator@U?$_Tree_node@U?$pair@$$CBV?$basic_string@DU?$char_traits@D@std@@V?$allocator@D@2@@std@@ULoggerInfo@log4z@zsummer@@@std@@PAX@std@@@std@@@std@@SAXAAV?$allocator@U?$_Tree_node@U?$pair@$$CBV?$basic_string@DU?$char_traits@D@std@@V?$allocator@D@2@@std@@ULoggerInfo@log4z@zsummer@@@std@@PAX@std@@@1@PAPAU?$_Tree_node@U?$pair@$$CBV?$basic_string@DU?$char_traits@D@std@@V?$allocator@D@2@@std@@ULoggerInfo@log4z@zsummer@@@std@@PAX@1@AAPAU31@@Z 00421500 f i log4z.obj
 0001:00020560       ??$construct@PAULogData@log4z@zsummer@@AAPAU123@@?$_Wrap_alloc@V?$allocator@PAULogData@log4z@zsummer@@@std@@@std@@QAEXPAPAULogData@log4z@zsummer@@AAPAU234@@Z 00421560 f i log4z.obj
 0001:000205d0       ??$construct@PAULogData@log4z@zsummer@@AAPAU123@@?$allocator@PAULogData@log4z@zsummer@@@std@@QAEXPAPAULogData@log4z@zsummer@@AAPAU234@@Z 004215d0 f i log4z.obj
 0001:00020680       ??$construct@PAULogData@log4z@zsummer@@AAPAU123@@?$allocator_traits@V?$allocator@PAULogData@log4z@zsummer@@@std@@@std@@SAXAAV?$allocator@PAULogData@log4z@zsummer@@@1@PAPAULogData@log4z@zsummer@@AAPAU345@@Z 00421680 f i log4z.obj
 0001:000206e0       ??$construct@PAULogData@log4z@zsummer@@ABQAU123@@?$_Wrap_alloc@V?$allocator@PAULogData@log4z@zsummer@@@std@@@std@@QAEXPAPAULogData@log4z@zsummer@@ABQAU234@@Z 004216e0 f i log4z.obj
 0001:00020750       ??$construct@PAULogData@log4z@zsummer@@ABQAU123@@?$allocator@PAULogData@log4z@zsummer@@@std@@QAEXPAPAULogData@log4z@zsummer@@ABQAU234@@Z 00421750 f i log4z.obj
 0001:00020800       ??$construct@PAULogData@log4z@zsummer@@ABQAU123@@?$allocator_traits@V?$allocator@PAULogData@log4z@zsummer@@@std@@@std@@SAXAAV?$allocator@PAULogData@log4z@zsummer@@@1@PAPAULogData@log4z@zsummer@@ABQAU345@@Z 00421800 f i log4z.obj
 0001:00020860       ??$construct@U?$pair@$$CBV?$basic_string@DU?$char_traits@D@std@@V?$allocator@D@2@@std@@H@std@@ABUpiecewise_construct_t@2@V?$tuple@$$QAV?$basic_string@DU?$char_traits@D@std@@V?$allocator@D@2@@std@@@2@V?$tuple@$$V@2@@?$_Wrap_alloc@V?$allocator@U?$_Tree_node@U?$pair@$$CBV?$basic_string@DU?$char_traits@D@std@@V?$allocator@D@2@@std@@H@std@@PAX@std@@@std@@@std@@QAEXPAU?$pair@$$CBV?$basic_string@DU?$char_traits@D@std@@V?$allocator@D@2@@std@@H@1@ABUpiecewise_construct_t@1@$$QAV?$tuple@$$QAV?$basic_string@DU?$char_traits@D@std@@V?$allocator@D@2@@std@@@1@$$QAV?$tuple@$$V@1@@Z 00421860 f i log4z.obj
 0001:000208f0       ??$construct@U?$pair@$$CBV?$basic_string@DU?$char_traits@D@std@@V?$allocator@D@2@@std@@H@std@@ABUpiecewise_construct_t@2@V?$tuple@$$QAV?$basic_string@DU?$char_traits@D@std@@V?$allocator@D@2@@std@@@2@V?$tuple@$$V@2@@?$allocator@U?$_Tree_node@U?$pair@$$CBV?$basic_string@DU?$char_traits@D@std@@V?$allocator@D@2@@std@@H@std@@PAX@std@@@std@@QAEXPAU?$pair@$$CBV?$basic_string@DU?$char_traits@D@std@@V?$allocator@D@2@@std@@H@1@ABUpiecewise_construct_t@1@$$QAV?$tuple@$$QAV?$basic_string@DU?$char_traits@D@std@@V?$allocator@D@2@@std@@@1@$$QAV?$tuple@$$V@1@@Z 004218f0 f i log4z.obj
 0001:00020a30       ??$construct@U?$pair@$$CBV?$basic_string@DU?$char_traits@D@std@@V?$allocator@D@2@@std@@H@std@@ABUpiecewise_construct_t@2@V?$tuple@$$QAV?$basic_string@DU?$char_traits@D@std@@V?$allocator@D@2@@std@@@2@V?$tuple@$$V@2@@?$allocator_traits@V?$allocator@U?$_Tree_node@U?$pair@$$CBV?$basic_string@DU?$char_traits@D@std@@V?$allocator@D@2@@std@@H@std@@PAX@std@@@std@@@std@@SAXAAV?$allocator@U?$_Tree_node@U?$pair@$$CBV?$basic_string@DU?$char_traits@D@std@@V?$allocator@D@2@@std@@H@std@@PAX@std@@@1@PAU?$pair@$$CBV?$basic_string@DU?$char_traits@D@std@@V?$allocator@D@2@@std@@H@1@ABUpiecewise_construct_t@1@$$QAV?$tuple@$$QAV?$basic_string@DU?$char_traits@D@std@@V?$allocator@D@2@@std@@@1@$$QAV?$tuple@$$V@1@@Z 00421a30 f i log4z.obj
 0001:00020ab0       ??$construct@U?$pair@$$CBV?$basic_string@DU?$char_traits@D@std@@V?$allocator@D@2@@std@@H@std@@ABUpiecewise_construct_t@2@V?$tuple@ABV?$basic_string@DU?$char_traits@D@std@@V?$allocator@D@2@@std@@@2@V?$tuple@$$V@2@@?$_Wrap_alloc@V?$allocator@U?$_Tree_node@U?$pair@$$CBV?$basic_string@DU?$char_traits@D@std@@V?$allocator@D@2@@std@@H@std@@PAX@std@@@std@@@std@@QAEXPAU?$pair@$$CBV?$basic_string@DU?$char_traits@D@std@@V?$allocator@D@2@@std@@H@1@ABUpiecewise_construct_t@1@$$QAV?$tuple@ABV?$basic_string@DU?$char_traits@D@std@@V?$allocator@D@2@@std@@@1@$$QAV?$tuple@$$V@1@@Z 00421ab0 f i log4z.obj
 0001:00020b40       ??$construct@U?$pair@$$CBV?$basic_string@DU?$char_traits@D@std@@V?$allocator@D@2@@std@@H@std@@ABUpiecewise_construct_t@2@V?$tuple@ABV?$basic_string@DU?$char_traits@D@std@@V?$allocator@D@2@@std@@@2@V?$tuple@$$V@2@@?$allocator@U?$_Tree_node@U?$pair@$$CBV?$basic_string@DU?$char_traits@D@std@@V?$allocator@D@2@@std@@H@std@@PAX@std@@@std@@QAEXPAU?$pair@$$CBV?$basic_string@DU?$char_traits@D@std@@V?$allocator@D@2@@std@@H@1@ABUpiecewise_construct_t@1@$$QAV?$tuple@ABV?$basic_string@DU?$char_traits@D@std@@V?$allocator@D@2@@std@@@1@$$QAV?$tuple@$$V@1@@Z 00421b40 f i log4z.obj
 0001:00020c80       ??$construct@U?$pair@$$CBV?$basic_string@DU?$char_traits@D@std@@V?$allocator@D@2@@std@@H@std@@ABUpiecewise_construct_t@2@V?$tuple@ABV?$basic_string@DU?$char_traits@D@std@@V?$allocator@D@2@@std@@@2@V?$tuple@$$V@2@@?$allocator_traits@V?$allocator@U?$_Tree_node@U?$pair@$$CBV?$basic_string@DU?$char_traits@D@std@@V?$allocator@D@2@@std@@H@std@@PAX@std@@@std@@@std@@SAXAAV?$allocator@U?$_Tree_node@U?$pair@$$CBV?$basic_string@DU?$char_traits@D@std@@V?$allocator@D@2@@std@@H@std@@PAX@std@@@1@PAU?$pair@$$CBV?$basic_string@DU?$char_traits@D@std@@V?$allocator@D@2@@std@@H@1@ABUpiecewise_construct_t@1@$$QAV?$tuple@ABV?$basic_string@DU?$char_traits@D@std@@V?$allocator@D@2@@std@@@1@$$QAV?$tuple@$$V@1@@Z 00421c80 f i log4z.obj
 0001:00020d00       ??$construct@U?$pair@$$CBV?$basic_string@DU?$char_traits@D@std@@V?$allocator@D@2@@std@@ULoggerInfo@log4z@zsummer@@@std@@U?$pair@V?$basic_string@DU?$char_traits@D@std@@V?$allocator@D@2@@std@@ULoggerInfo@log4z@zsummer@@@2@@?$_Wrap_alloc@V?$allocator@U?$_Tree_node@U?$pair@$$CBV?$basic_string@DU?$char_traits@D@std@@V?$allocator@D@2@@std@@ULoggerInfo@log4z@zsummer@@@std@@PAX@std@@@std@@@std@@QAEXPAU?$pair@$$CBV?$basic_string@DU?$char_traits@D@std@@V?$allocator@D@2@@std@@ULoggerInfo@log4z@zsummer@@@1@$$QAU?$pair@V?$basic_string@DU?$char_traits@D@std@@V?$allocator@D@2@@std@@ULoggerInfo@log4z@zsummer@@@1@@Z 00421d00 f i log4z.obj
 0001:00020d70       ??$construct@U?$pair@$$CBV?$basic_string@DU?$char_traits@D@std@@V?$allocator@D@2@@std@@ULoggerInfo@log4z@zsummer@@@std@@U?$pair@V?$basic_string@DU?$char_traits@D@std@@V?$allocator@D@2@@std@@ULoggerInfo@log4z@zsummer@@@2@@?$allocator@U?$_Tree_node@U?$pair@$$CBV?$basic_string@DU?$char_traits@D@std@@V?$allocator@D@2@@std@@ULoggerInfo@log4z@zsummer@@@std@@PAX@std@@@std@@QAEXPAU?$pair@$$CBV?$basic_string@DU?$char_traits@D@std@@V?$allocator@D@2@@std@@ULoggerInfo@log4z@zsummer@@@1@$$QAU?$pair@V?$basic_string@DU?$char_traits@D@std@@V?$allocator@D@2@@std@@ULoggerInfo@log4z@zsummer@@@1@@Z 00421d70 f i log4z.obj
 0001:00020e70       ??$construct@U?$pair@$$CBV?$basic_string@DU?$char_traits@D@std@@V?$allocator@D@2@@std@@ULoggerInfo@log4z@zsummer@@@std@@U?$pair@V?$basic_string@DU?$char_traits@D@std@@V?$allocator@D@2@@std@@ULoggerInfo@log4z@zsummer@@@2@@?$allocator_traits@V?$allocator@U?$_Tree_node@U?$pair@$$CBV?$basic_string@DU?$char_traits@D@std@@V?$allocator@D@2@@std@@ULoggerInfo@log4z@zsummer@@@std@@PAX@std@@@std@@@std@@SAXAAV?$allocator@U?$_Tree_node@U?$pair@$$CBV?$basic_string@DU?$char_traits@D@std@@V?$allocator@D@2@@std@@ULoggerInfo@log4z@zsummer@@@std@@PAX@std@@@1@PAU?$pair@$$CBV?$basic_string@DU?$char_traits@D@std@@V?$allocator@D@2@@std@@ULoggerInfo@log4z@zsummer@@@1@$$QAU?$pair@V?$basic_string@DU?$char_traits@D@std@@V?$allocator@D@2@@std@@ULoggerInfo@log4z@zsummer@@@1@@Z 00421e70 f i log4z.obj
 0001:00020ed0       ??$construct@U?$pair@_JV?$basic_string@DU?$char_traits@D@std@@V?$allocator@D@2@@std@@@std@@ABU12@@?$_Wrap_alloc@V?$allocator@U?$_List_node@U?$pair@_JV?$basic_string@DU?$char_traits@D@std@@V?$allocator@D@2@@std@@@std@@PAX@std@@@std@@@std@@QAEXPAU?$pair@_JV?$basic_string@DU?$char_traits@D@std@@V?$allocator@D@2@@std@@@1@ABU21@@Z 00421ed0 f i log4z.obj
 0001:00020f40       ??$construct@U?$pair@_JV?$basic_string@DU?$char_traits@D@std@@V?$allocator@D@2@@std@@@std@@ABU12@@?$allocator@U?$_List_node@U?$pair@_JV?$basic_string@DU?$char_traits@D@std@@V?$allocator@D@2@@std@@@std@@PAX@std@@@std@@QAEXPAU?$pair@_JV?$basic_string@DU?$char_traits@D@std@@V?$allocator@D@2@@std@@@1@ABU21@@Z 00421f40 f i log4z.obj
 0001:00021040       ??$construct@U?$pair@_JV?$basic_string@DU?$char_traits@D@std@@V?$allocator@D@2@@std@@@std@@ABU12@@?$allocator_traits@V?$allocator@U?$_List_node@U?$pair@_JV?$basic_string@DU?$char_traits@D@std@@V?$allocator@D@2@@std@@@std@@PAX@std@@@std@@@std@@SAXAAV?$allocator@U?$_List_node@U?$pair@_JV?$basic_string@DU?$char_traits@D@std@@V?$allocator@D@2@@std@@@std@@PAX@std@@@1@PAU?$pair@_JV?$basic_string@DU?$char_traits@D@std@@V?$allocator@D@2@@std@@@1@ABU31@@Z 00422040 f i log4z.obj
 0001:000210a0       ??$construct@U?$pair@_JV?$basic_string@DU?$char_traits@D@std@@V?$allocator@D@2@@std@@@std@@U12@@?$_Wrap_alloc@V?$allocator@U?$_List_node@U?$pair@_JV?$basic_string@DU?$char_traits@D@std@@V?$allocator@D@2@@std@@@std@@PAX@std@@@std@@@std@@QAEXPAU?$pair@_JV?$basic_string@DU?$char_traits@D@std@@V?$allocator@D@2@@std@@@1@$$QAU21@@Z 004220a0 f i log4z.obj
 0001:00021110       ??$construct@U?$pair@_JV?$basic_string@DU?$char_traits@D@std@@V?$allocator@D@2@@std@@@std@@U12@@?$allocator@U?$_List_node@U?$pair@_JV?$basic_string@DU?$char_traits@D@std@@V?$allocator@D@2@@std@@@std@@PAX@std@@@std@@QAEXPAU?$pair@_JV?$basic_string@DU?$char_traits@D@std@@V?$allocator@D@2@@std@@@1@$$QAU21@@Z 00422110 f i log4z.obj
 0001:000211b0       ??$construct@U?$pair@_JV?$basic_string@DU?$char_traits@D@std@@V?$allocator@D@2@@std@@@std@@U12@@?$allocator_traits@V?$allocator@U?$_List_node@U?$pair@_JV?$basic_string@DU?$char_traits@D@std@@V?$allocator@D@2@@std@@@std@@PAX@std@@@std@@@std@@SAXAAV?$allocator@U?$_List_node@U?$pair@_JV?$basic_string@DU?$char_traits@D@std@@V?$allocator@D@2@@std@@@std@@PAX@std@@@1@PAU?$pair@_JV?$basic_string@DU?$char_traits@D@std@@V?$allocator@D@2@@std@@@1@$$QAU31@@Z 004221b0 f i log4z.obj
 0001:00021210       ??$construct@U_Container_proxy@std@@U12@@?$_Wrap_alloc@V?$allocator@U_Container_proxy@std@@@std@@@std@@QAEXPAU_Container_proxy@1@$$QAU21@@Z 00422210 f i log4z.obj
 0001:00021280       ??$construct@U_Container_proxy@std@@U12@@?$allocator@U_Container_proxy@std@@@std@@QAEXPAU_Container_proxy@1@$$QAU21@@Z 00422280 f i log4z.obj
 0001:00021330       ??$construct@U_Container_proxy@std@@U12@@?$allocator_traits@V?$allocator@U_Container_proxy@std@@@std@@@std@@SAXAAV?$allocator@U_Container_proxy@std@@@1@PAU_Container_proxy@1@$$QAU31@@Z 00422330 f i log4z.obj
 0001:00021390       ??$destroy@PAPAULogData@log4z@zsummer@@@?$_Wrap_alloc@V?$allocator@PAULogData@log4z@zsummer@@@std@@@std@@QAEXPAPAPAULogData@log4z@zsummer@@@Z 00422390 f i log4z.obj
 0001:000213f0       ??$destroy@PAPAULogData@log4z@zsummer@@@?$allocator@PAULogData@log4z@zsummer@@@std@@QAEXPAPAPAULogData@log4z@zsummer@@@Z 004223f0 f i log4z.obj
 0001:00021430       ??$destroy@PAPAULogData@log4z@zsummer@@@?$allocator_traits@V?$allocator@PAULogData@log4z@zsummer@@@std@@@std@@SAXAAV?$allocator@PAULogData@log4z@zsummer@@@1@PAPAPAULogData@log4z@zsummer@@@Z 00422430 f i log4z.obj
 0001:00021480       ??$destroy@PAU?$_List_node@U?$pair@_JV?$basic_string@DU?$char_traits@D@std@@V?$allocator@D@2@@std@@@std@@PAX@std@@@?$_Wrap_alloc@V?$allocator@U?$_List_node@U?$pair@_JV?$basic_string@DU?$char_traits@D@std@@V?$allocator@D@2@@std@@@std@@PAX@std@@@std@@@std@@QAEXPAPAU?$_List_node@U?$pair@_JV?$basic_string@DU?$char_traits@D@std@@V?$allocator@D@2@@std@@@std@@PAX@1@@Z 00422480 f i log4z.obj
 0001:000214e0       ??$destroy@PAU?$_List_node@U?$pair@_JV?$basic_string@DU?$char_traits@D@std@@V?$allocator@D@2@@std@@@std@@PAX@std@@@?$allocator@U?$_List_node@U?$pair@_JV?$basic_string@DU?$char_traits@D@std@@V?$allocator@D@2@@std@@@std@@PAX@std@@@std@@QAEXPAPAU?$_List_node@U?$pair@_JV?$basic_string@DU?$char_traits@D@std@@V?$allocator@D@2@@std@@@std@@PAX@1@@Z 004224e0 f i log4z.obj
 0001:00021520       ??$destroy@PAU?$_List_node@U?$pair@_JV?$basic_string@DU?$char_traits@D@std@@V?$allocator@D@2@@std@@@std@@PAX@std@@@?$allocator_traits@V?$allocator@U?$_List_node@U?$pair@_JV?$basic_string@DU?$char_traits@D@std@@V?$allocator@D@2@@std@@@std@@PAX@std@@@std@@@std@@SAXAAV?$allocator@U?$_List_node@U?$pair@_JV?$basic_string@DU?$char_traits@D@std@@V?$allocator@D@2@@std@@@std@@PAX@std@@@1@PAPAU?$_List_node@U?$pair@_JV?$basic_string@DU?$char_traits@D@std@@V?$allocator@D@2@@std@@@std@@PAX@1@@Z 00422520 f i log4z.obj
 0001:00021570       ??$destroy@PAU?$_Tree_node@U?$pair@$$CBV?$basic_string@DU?$char_traits@D@std@@V?$allocator@D@2@@std@@H@std@@PAX@std@@@?$_Wrap_alloc@V?$allocator@U?$_Tree_node@U?$pair@$$CBV?$basic_string@DU?$char_traits@D@std@@V?$allocator@D@2@@std@@H@std@@PAX@std@@@std@@@std@@QAEXPAPAU?$_Tree_node@U?$pair@$$CBV?$basic_string@DU?$char_traits@D@std@@V?$allocator@D@2@@std@@H@std@@PAX@1@@Z 00422570 f i log4z.obj
 0001:000215d0       ??$destroy@PAU?$_Tree_node@U?$pair@$$CBV?$basic_string@DU?$char_traits@D@std@@V?$allocator@D@2@@std@@H@std@@PAX@std@@@?$allocator@U?$_Tree_node@U?$pair@$$CBV?$basic_string@DU?$char_traits@D@std@@V?$allocator@D@2@@std@@H@std@@PAX@std@@@std@@QAEXPAPAU?$_Tree_node@U?$pair@$$CBV?$basic_string@DU?$char_traits@D@std@@V?$allocator@D@2@@std@@H@std@@PAX@1@@Z 004225d0 f i log4z.obj
 0001:00021610       ??$destroy@PAU?$_Tree_node@U?$pair@$$CBV?$basic_string@DU?$char_traits@D@std@@V?$allocator@D@2@@std@@H@std@@PAX@std@@@?$allocator_traits@V?$allocator@U?$_Tree_node@U?$pair@$$CBV?$basic_string@DU?$char_traits@D@std@@V?$allocator@D@2@@std@@H@std@@PAX@std@@@std@@@std@@SAXAAV?$allocator@U?$_Tree_node@U?$pair@$$CBV?$basic_string@DU?$char_traits@D@std@@V?$allocator@D@2@@std@@H@std@@PAX@std@@@1@PAPAU?$_Tree_node@U?$pair@$$CBV?$basic_string@DU?$char_traits@D@std@@V?$allocator@D@2@@std@@H@std@@PAX@1@@Z 00422610 f i log4z.obj
 0001:00021660       ??$destroy@PAU?$_Tree_node@U?$pair@$$CBV?$basic_string@DU?$char_traits@D@std@@V?$allocator@D@2@@std@@ULoggerInfo@log4z@zsummer@@@std@@PAX@std@@@?$_Wrap_alloc@V?$allocator@U?$_Tree_node@U?$pair@$$CBV?$basic_string@DU?$char_traits@D@std@@V?$allocator@D@2@@std@@ULoggerInfo@log4z@zsummer@@@std@@PAX@std@@@std@@@std@@QAEXPAPAU?$_Tree_node@U?$pair@$$CBV?$basic_string@DU?$char_traits@D@std@@V?$allocator@D@2@@std@@ULoggerInfo@log4z@zsummer@@@std@@PAX@1@@Z 00422660 f i log4z.obj
[...]
 0004:000007b4       __imp_?get_accValue@CWnd@@UAEJUtagVARIANT@@PAPA_W@Z 004937b4     mfc140d:mfc140d.dll
 0004:000007b8       __imp_?get_accName@CWnd@@UAEJUtagVARIANT@@PAPA_W@Z 004937b8     mfc140d:mfc140d.dll
 0004:000007bc       __imp_?get_accChild@CWnd@@UAEJUtagVARIANT@@PAPAUIDispatch@@@Z 004937bc     mfc140d:mfc140d.dll
 0004:000007c0       __imp_?get_accChildCount@CWnd@@UAEJPAJ@Z 004937c0     mfc140d:mfc140d.dll
 0004:000007c4       __imp_?get_accParent@CWnd@@UAEJPAPAUIDispatch@@@Z 004937c4     mfc140d:mfc140d.dll
 0004:000007c8       __imp_?EnsureStdObj@CWnd@@UAEJXZ 004937c8     mfc140d:mfc140d.dll
 0004:000007cc       __imp_?GetInterfaceMap@CWnd@@MBEPBUAFX_INTERFACEMAP@@XZ 004937cc     mfc140d:mfc140d.dll
 0004:000007d0       __imp_?OnDrawIconicThumbnailOrLivePreview@CWnd@@UAEXAAVCDC@@VCRect@@VCSize@@HAAH@Z 004937d0     mfc140d:mfc140d.dll
 0004:000007d4       __imp_?EndModalLoop@CWnd@@UAEXH@Z 004937d4     mfc140d:mfc140d.dll
 0004:000007d8       __imp_?ContinueModal@CWnd@@UAEHXZ 004937d8     mfc140d:mfc140d.dll
 0004:000007dc       __imp_?WinHelpInternal@CWnd@@UAEXKI@Z 004937dc     mfc140d:mfc140d.dll
 0004:000007e0       __imp_?HtmlHelpA@CWnd@@UAEXKI@Z 004937e0     mfc140d:mfc140d.dll
 0004:000007e4       __imp_?WinHelpA@CWnd@@UAEXKI@Z 004937e4     mfc140d:mfc140d.dll
 0004:000007e8       __imp_?GetScrollBarCtrl@CWnd@@UBEPAVCScrollBar@@H@Z 004937e8     mfc140d:mfc140d.dll
 0004:000007ec       __imp_?OnToolHitTest@CWnd@@UBEHVCPoint@@PAUtagTOOLINFOA@@@Z 004937ec     mfc140d:mfc140d.dll
 0004:000007f0       __imp_?SetMenu@CWnd@@UAEHPAVCMenu@@@Z 004937f0     mfc140d:mfc140d.dll
 0004:000007f4       __imp_?GetMenu@CWnd@@UBEPAVCMenu@@XZ 004937f4     mfc140d:mfc140d.dll
 0004:000007f8       __imp_?GetWindowTextA@CWnd@@QBEXAAV?$CStringT@DV?$StrTraitMFC_DLL@DV?$ChTraitsCRT@D@ATL@@@@@ATL@@@Z 004937f8     mfc140d:mfc140d.dll
 0004:000007fc       __imp_?GetDlgItem@CWnd@@QBEPAV1@H@Z 004937fc     mfc140d:mfc140d.dll
 0004:00000800       __imp_?CalcWindowRect@CWnd@@UAEXPAUtagRECT@@I@Z 00493800     mfc140d:mfc140d.dll
 0004:00000804       __imp_?PreCreateWindow@CWnd@@UAEHAAUtagCREATESTRUCTA@@@Z 00493804     mfc140d:mfc140d.dll
 0004:00000808       __imp_?DestroyWindow@CWnd@@UAEHXZ 00493808     mfc140d:mfc140d.dll
 0004:0000080c       __imp_?CreateEx@CWnd@@UAEHKPBD0KABUtagRECT@@PAV1@IPAX@Z 0049380c     mfc140d:mfc140d.dll
 0004:00000810       __imp_?CreateEx@CWnd@@UAEHKPBD0KHHHHPAUHWND__@@PAUHMENU__@@PAX@Z 00493810     mfc140d:mfc140d.dll
 0004:00000814       __imp_?Create@CWnd@@UAEHPBD0KABUtagRECT@@PAV1@IPAUCCreateContext@@@Z 00493814     mfc140d:mfc140d.dll
 0004:00000818       __imp_?PreSubclassWindow@CWnd@@UAEXXZ 00493818     mfc140d:mfc140d.dll
 0004:0000081c       __imp_?GetConnectionHook@CCmdTarget@@MAEPAUIConnectionPoint@@ABU_GUID@@@Z 0049381c     mfc140d:mfc140d.dll
 0004:00000820       __imp_?GetExtraConnectionPoints@CCmdTarget@@MAEHPAVCPtrArray@@@Z 00493820     mfc140d:mfc140d.dll
 0004:00000824       __imp_?GetInterfaceHook@CCmdTarget@@UAEPAUIUnknown@@PBX@Z 00493824     mfc140d:mfc140d.dll
 0004:00000828       __imp_?OnCreateAggregates@CCmdTarget@@UAEHXZ 00493828     mfc140d:mfc140d.dll
 0004:0000082c       __imp_?GetEventSinkMap@CCmdTarget@@MBEPBUAFX_EVENTSINKMAP@@XZ 0049382c     mfc140d:mfc140d.dll
 0004:00000830       __imp_?GetConnectionMap@CCmdTarget@@MBEPBUAFX_CONNECTIONMAP@@XZ 00493830     mfc140d:mfc140d.dll
 0004:00000834       __imp_?GetDispatchMap@CCmdTarget@@MBEPBUAFX_DISPMAP@@XZ 00493834     mfc140d:mfc140d.dll
 0004:00000838       __imp_?GetCommandMap@CCmdTarget@@MBEPBUAFX_OLECMDMAP@@XZ 00493838     mfc140d:mfc140d.dll
 0004:0000083c       __imp_?GetTypeLib@CCmdTarget@@UAEJKPAPAUITypeLib@@@Z 0049383c     mfc140d:mfc140d.dll
 0004:00000840       __imp_?GetTypeLibCache@CCmdTarget@@UAEPAVCTypeLibCache@@XZ 00493840     mfc140d:mfc140d.dll
 0004:00000844       __imp_?GetTypeInfoCount@CCmdTarget@@UAEIXZ 00493844     mfc140d:mfc140d.dll
 0004:00000848       __imp_?GetDispatchIID@CCmdTarget@@UAEHPAU_GUID@@@Z 00493848     mfc140d:mfc140d.dll
 0004:0000084c       __imp_?IsInvokeAllowed@CCmdTarget@@UAEHJ@Z 0049384c     mfc140d:mfc140d.dll
 0004:00000850       __imp_?DDX_Control@@YGXPAVCDataExchange@@HAAVCWnd@@@Z 00493850     mfc140d:mfc140d.dll
 0004:00000854       __imp_??1CBrush@@UAE@XZ    00493854     mfc140d:mfc140d.dll
 0004:00000858       __imp_?Format@?$CStringT@DV?$StrTraitMFC_DLL@DV?$ChTraitsCRT@D@ATL@@@@@ATL@@QAAXPBDZZ 00493858     mfc140d:mfc140d.dll
 0004:0000085c       __imp_??1?$CStringT@DV?$StrTraitMFC_DLL@DV?$ChTraitsCRT@D@ATL@@@@@ATL@@QAE@XZ 0049385c     mfc140d:mfc140d.dll
 0004:00000860       __imp_??0?$CStringT@DV?$StrTraitMFC_DLL@DV?$ChTraitsCRT@D@ATL@@@@@ATL@@QAE@XZ 00493860     mfc140d:mfc140d.dll
 0004:00000864       __imp_?GetLength@?$CSimpleStringT@D$00@ATL@@QBEHXZ 00493864     mfc140d:mfc140d.dll
 0004:00000868       __imp_?GetBuffer@?$CSimpleStringT@D$00@ATL@@QAEPADH@Z 00493868     mfc140d:mfc140d.dll
 0004:0000086c       __imp_?Empty@?$CSimpleStringT@D$00@ATL@@QAEXXZ 0049386c     mfc140d:mfc140d.dll
 0004:00000870       __imp_?Append@?$CSimpleStringT@D$00@ATL@@QAEXPBD@Z 00493870     mfc140d:mfc140d.dll
 0004:00000874       __imp_??B?$CSimpleStringT@D$00@ATL@@QBEPBDXZ 00493874     mfc140d:mfc140d.dll
 0004:00000878       __imp_?Serialize@CObject@@UAEXAAVCArchive@@@Z 00493878     mfc140d:mfc140d.dll
 0004:0000087c       __imp_??3CObject@@SGXPAX@Z 0049387c     mfc140d:mfc140d.dll
 0004:00000880       __imp_?GetThisMessageMap@CDialogEx@@KGPBUAFX_MSGMAP@@XZ 00493880     mfc140d:mfc140d.dll
 0004:00000884       __imp_?AfxGetMainWnd@@YGPAVCWnd@@XZ 00493884     mfc140d:mfc140d.dll
 0004:00000888       __imp_??1CEdit@@UAE@XZ     00493888     mfc140d:mfc140d.dll
 0004:0000088c       __imp_?IsFrameWnd@CWnd@@UBEHXZ 0049388c     mfc140d:mfc140d.dll
 0004:00000890       __imp_?ResizeDynamicLayout@CWnd@@MAEXXZ 00493890     mfc140d:mfc140d.dll
 0004:00000894       __imp_??0CEdit@@QAE@XZ     00493894     mfc140d:mfc140d.dll
 0004:00000898       __imp_?SetLimitText@CEdit@@QAEXI@Z 00493898     mfc140d:mfc140d.dll
 0004:0000089c       __imp_?accLocation@CWnd@@UAEJPAJ000UtagVARIANT@@@Z 0049389c     mfc140d:mfc140d.dll
 0004:000008a0       __imp_?SetCheck@CButton@@QAEXH@Z 004938a0     mfc140d:mfc140d.dll
 0004:000008a4       __imp_?OnGesturePressAndTap@CWnd@@MAEHVCPoint@@J@Z 004938a4     mfc140d:mfc140d.dll
 0004:000008a8       __imp_?OnGestureTwoFingerTap@CWnd@@MAEHVCPoint@@@Z 004938a8     mfc140d:mfc140d.dll
 0004:000008ac       __imp_?OnGestureRotate@CWnd@@MAEHVCPoint@@N@Z 004938ac     mfc140d:mfc140d.dll
 0004:000008b0       __imp_?OnGesturePan@CWnd@@MAEHVCPoint@@0@Z 004938b0     mfc140d:mfc140d.dll
 0004:000008b4       __imp_?OnGestureZoom@CWnd@@MAEHVCPoint@@J@Z 004938b4     mfc140d:mfc140d.dll
 0004:000008b8       __imp_?GetGestureStatus@CWnd@@MAEKVCPoint@@@Z 004938b8     mfc140d:mfc140d.dll
 0004:000008bc       __imp_?OnTouchInput@CWnd@@MAEHVCPoint@@HHPAUtagTOUCHINPUT@@@Z 004938bc     mfc140d:mfc140d.dll
 0004:000008c0       __imp_?OnTouchInputs@CWnd@@MAEHIPAUtagTOUCHINPUT@@@Z 004938c0     mfc140d:mfc140d.dll
 0004:000008c4       __imp_?OnChildNotify@CWnd@@MAEHIIJPAJ@Z 004938c4     mfc140d:mfc140d.dll
 0004:000008c8       __imp_?PostNcDestroy@CWnd@@MAEXXZ 004938c8     mfc140d:mfc140d.dll
 0004:000008cc       __imp_?DefWindowProcA@CWnd@@MAEJIIJ@Z 004938cc     mfc140d:mfc140d.dll
 0004:000008d0       __imp_?OnWndMsg@CWnd@@MAEHIIJPAJ@Z 004938d0     mfc140d:mfc140d.dll
 0004:000008d4       __imp_?WindowProc@CWnd@@MAEJIIJ@Z 004938d4     mfc140d:mfc140d.dll
 0004:000008d8       __imp_?OnAmbientProperty@CWnd@@UAEHPAVCOleControlSite@@JPAUtagVARIANT@@@Z 004938d8     mfc140d:mfc140d.dll
 0004:000008dc       __imp_?EndModalState@CWnd@@UAEXXZ 004938dc     mfc140d:mfc140d.dll
 0004:000008e0       __imp_?BeginModalState@CWnd@@UAEXXZ 004938e0     mfc140d:mfc140d.dll
 0004:000008e4       __imp_?DoDataExchange@CWnd@@MAEXPAVCDataExchange@@@Z 004938e4     mfc140d:mfc140d.dll
 0004:000008e8       __imp_?GetSuperWndProcAddr@CWnd@@MAEPAP6GJPAUHWND__@@IIJ@ZXZ 004938e8     mfc140d:mfc140d.dll
 0004:000008ec       __imp_?GetOccDialogInfo@CDialog@@MAEPAU_AFX_OCC_DIALOG_INFO@@XZ 004938ec     mfc140d:mfc140d.dll
 0004:000008f0       __imp_?SetOccDialogInfo@CDialog@@MAEHPAU_AFX_OCC_DIALOG_INFO@@@Z 004938f0     mfc140d:mfc140d.dll
 0004:000008f4       __imp_?CheckAutoCenter@CDialog@@UAEHXZ 004938f4     mfc140d:mfc140d.dll
 0004:000008f8       __imp_?OnCmdMsg@CDialog@@UAEHIHPAXPAUAFX_CMDHANDLERINFO@@@Z 004938f8     mfc140d:mfc140d.dll
 0004:000008fc       __imp_?Dump@CDialog@@UBEXAAVCDumpContext@@@Z 004938fc     mfc140d:mfc140d.dll
 0004:00000900       __imp_?AssertValid@CDialog@@UBEXXZ 00493900     mfc140d:mfc140d.dll
 0004:00000904       __imp_??1CDialog@@UAE@XZ   00493904     mfc140d:mfc140d.dll
 0004:00000908       __imp_?OnCancel@CDialog@@MAEXXZ 00493908     mfc140d:mfc140d.dll
 0004:0000090c       __imp_?OnOK@CDialog@@MAEXXZ 0049390c     mfc140d:mfc140d.dll
 0004:00000910       __imp_?OnSetFont@CDialog@@UAEXPAVCFont@@@Z 00493910     mfc140d:mfc140d.dll
 0004:00000914       __imp_?OnInitDialog@CDialog@@UAEHXZ 00493914     mfc140d:mfc140d.dll
 0004:00000918       __imp_?DoModal@CDialog@@UAEHXZ 00493918     mfc140d:mfc140d.dll
 0004:0000091c       __imp_?CreateIndirect@CDialog@@UAEHPAXPAVCWnd@@@Z 0049391c     mfc140d:mfc140d.dll
 0004:00000920       __imp_?CreateIndirect@CDialog@@UAEHPBUDLGTEMPLATE@@PAVCWnd@@PAX@Z 00493920     mfc140d:mfc140d.dll
 0004:00000924       __imp_?Create@CDialog@@UAEHIPAVCWnd@@@Z 00493924     mfc140d:mfc140d.dll
 0004:00000928       __imp_?Create@CDialog@@UAEHPBDPAVCWnd@@@Z 00493928     mfc140d:mfc140d.dll
 0004:0000092c       __imp_?CreateControlSite@CWnd@@MAEHPAVCOleControlContainer@@PAPAVCOleControlSite@@IABU_GUID@@@Z 0049392c     mfc140d:mfc140d.dll
 0004:00000930       __imp_??0CShellManager@@QAE@XZ 00493930     mfc140d:mfc140d.dll
 0004:00000934       __imp_?CreateControlContainer@CWnd@@MAEHPAPAVCOleControlContainer@@@Z 00493934     mfc140d:mfc140d.dll
 0004:00000938       __imp_?OnNotify@CWnd@@MAEHIJPAJ@Z 00493938     mfc140d:mfc140d.dll
 0004:0000093c       __imp_?CreateAccessibleProxy@CWnd@@UAEJIJPAJ@Z 0049393c     mfc140d:mfc140d.dll
 0004:00000940       __imp_?SetProxy@CWnd@@UAEJPAUIAccessibleProxy@@@Z 00493940     mfc140d:mfc140d.dll
 0004:00000944       __imp_?put_accValue@CWnd@@UAEJUtagVARIANT@@PA_W@Z 00493944     mfc140d:mfc140d.dll
 0004:00000948       __imp_?put_accName@CWnd@@UAEJUtagVARIANT@@PA_W@Z 00493948     mfc140d:mfc140d.dll
 0004:0000094c       __imp_?accDoDefaultAction@CWnd@@UAEJUtagVARIANT@@@Z 0049394c     mfc140d:mfc140d.dll
 0004:00000950       __imp_?accHitTest@CWnd@@UAEJJJPAUtagVARIANT@@@Z 00493950     mfc140d:mfc140d.dll
 0004:00000954       __imp_?AfxWinMain@@YGHPAUHINSTANCE__@@0PADH@Z 00493954     mfc140d:mfc140d.dll
 0004:00000958       __imp_?AfxGetModuleState@@YGPAVAFX_MODULE_STATE@@XZ 00493958     mfc140d:mfc140d.dll
 0004:0000095c       __imp_?_AfxSocketInit@@YGHPAUWSAData@@@Z 0049395c     mfc140d:mfc140d.dll
 0004:00000960       __imp_?ProcessWndProcException@CWinApp@@UAEJPAVCException@@PBUtagMSG@@@Z 00493960     mfc140d:mfc140d.dll
 0004:00000964       __imp_?accNavigate@CWnd@@UAEJJUtagVARIANT@@PAU2@@Z 00493964     mfc140d:mfc140d.dll
 0004:00000968       __imp_?OnIdle@CWinApp@@UAEHJ@Z 00493968     mfc140d:mfc140d.dll
 0004:0000096c       \177mfc140d_NULL_THUNK_DATA 0049396c     mfc140d:mfc140d.dll
 0004:00000a94       __imp___invalid_parameter  00493a94     ucrtd:ucrtbased.dll
 0004:00000a98       __imp__isprint             00493a98     ucrtd:ucrtbased.dll
 0004:00000a9c       __imp___CrtDbgReportW      00493a9c     ucrtd:ucrtbased.dll
 0004:00000aa0       __imp__free                00493aa0     ucrtd:ucrtbased.dll
 0004:00000aa4       __imp__malloc              00493aa4     ucrtd:ucrtbased.dll
 0004:00000aa8       __imp__rand                00493aa8     ucrtd:ucrtbased.dll
 0004:00000aac       __imp__atoi                00493aac     ucrtd:ucrtbased.dll
 0004:00000ab0       __imp____acrt_iob_func     00493ab0     ucrtd:ucrtbased.dll
 0004:00000ab4       __imp__fclose              00493ab4     ucrtd:ucrtbased.dll
 0004:00000ab8       __imp__fflush              00493ab8     ucrtd:ucrtbased.dll
 0004:00000abc       __imp__fopen               00493abc     ucrtd:ucrtbased.dll
 0004:00000ac0       __imp__fread               00493ac0     ucrtd:ucrtbased.dll
 0004:00000ac4       __imp__fseek               00493ac4     ucrtd:ucrtbased.dll
 0004:00000ac8       __imp__ftell               00493ac8     ucrtd:ucrtbased.dll
 0004:00000acc       __imp__fwrite              00493acc     ucrtd:ucrtbased.dll
 0004:00000ad0       __imp__remove              00493ad0     ucrtd:ucrtbased.dll
 0004:00000ad4       __imp____stdio_common_vfprintf 00493ad4     ucrtd:ucrtbased.dll
 0004:00000ad8       __imp__tolower             00493ad8     ucrtd:ucrtbased.dll
 0004:00000adc       __imp___localtime64_s      00493adc     ucrtd:ucrtbased.dll
 0004:00000ae0       __imp___mktime64           00493ae0     ucrtd:ucrtbased.dll
 0004:00000ae4       __imp___time64             00493ae4     ucrtd:ucrtbased.dll
 0004:00000ae8       __imp___beginthreadex      00493ae8     ucrtd:ucrtbased.dll
 0004:00000aec       __imp__wcscpy_s            00493aec     ucrtd:ucrtbased.dll
 0004:00000af0       __imp____stdio_common_vswprintf_s 00493af0     ucrtd:ucrtbased.dll
 0004:00000af4       __imp___invalid_parameter_noinfo 00493af4     ucrtd:ucrtbased.dll
 0004:00000af8       __imp___errno              00493af8     ucrtd:ucrtbased.dll
 0004:00000afc       __imp__wcslen              00493afc     ucrtd:ucrtbased.dll
 0004:00000b00       __imp____stdio_common_vsnprintf_s 00493b00     ucrtd:ucrtbased.dll
 0004:00000b04       __imp___mbscmp             00493b04     ucrtd:ucrtbased.dll
 0004:00000b08       __imp__setlocale           00493b08     ucrtd:ucrtbased.dll
 0004:00000b0c       __imp___CrtDbgReport       00493b0c     ucrtd:ucrtbased.dll
 0004:00000b10       __imp___free_dbg           00493b10     ucrtd:ucrtbased.dll
 0004:00000b14       __imp__terminate           00493b14     ucrtd:ucrtbased.dll
 0004:00000b18       __imp___callnewh           00493b18     ucrtd:ucrtbased.dll
 0004:00000b1c       __imp___seh_filter_dll     00493b1c     ucrtd:ucrtbased.dll
 0004:00000b20       __imp___configure_narrow_argv 00493b20     ucrtd:ucrtbased.dll
 0004:00000b24       __imp___initialize_narrow_environment 00493b24     ucrtd:ucrtbased.dll
 0004:00000b28       __imp___initialize_onexit_table 00493b28     ucrtd:ucrtbased.dll
 0004:00000b2c       __imp___register_onexit_function 00493b2c     ucrtd:ucrtbased.dll
 0004:00000b30       __imp___execute_onexit_table 00493b30     ucrtd:ucrtbased.dll
 0004:00000b34       __imp___crt_atexit         00493b34     ucrtd:ucrtbased.dll
 0004:00000b38       __imp___crt_at_quick_exit  00493b38     ucrtd:ucrtbased.dll
 0004:00000b3c       __imp___cexit              00493b3c     ucrtd:ucrtbased.dll
 0004:00000b40       __imp___seh_filter_exe     00493b40     ucrtd:ucrtbased.dll
 0004:00000b44       __imp___set_app_type       00493b44     ucrtd:ucrtbased.dll
 0004:00000b48       __imp____setusermatherr    00493b48     ucrtd:ucrtbased.dll
 0004:00000b4c       __imp___get_narrow_winmain_command_line 00493b4c     ucrtd:ucrtbased.dll
 0004:00000b50       __imp___initterm           00493b50     ucrtd:ucrtbased.dll
 0004:00000b54       __imp___initterm_e         00493b54     ucrtd:ucrtbased.dll
 0004:00000b58       __imp__exit                00493b58     ucrtd:ucrtbased.dll
 0004:00000b5c       __imp___exit               00493b5c     ucrtd:ucrtbased.dll
 0004:00000b60       __imp___set_fmode          00493b60     ucrtd:ucrtbased.dll
 0004:00000b64       __imp___c_exit             00493b64     ucrtd:ucrtbased.dll
 0004:00000b68       __imp___register_thread_local_exe_atexit_callback 00493b68     ucrtd:ucrtbased.dll
 0004:00000b6c       __imp___configthreadlocale 00493b6c     ucrtd:ucrtbased.dll
 0004:00000b70       __imp___set_new_mode       00493b70     ucrtd:ucrtbased.dll
 0004:00000b74       __imp____p__commode        00493b74     ucrtd:ucrtbased.dll
 0004:00000b78       __imp___controlfp_s        00493b78     ucrtd:ucrtbased.dll
 0004:00000b7c       __imp___wmakepath_s        00493b7c     ucrtd:ucrtbased.dll
 0004:00000b80       __imp___wsplitpath_s       00493b80     ucrtd:ucrtbased.dll
 0004:00000b84       __imp___strnicmp           00493b84     ucrtd:ucrtbased.dll
 0004:00000b84       __imp__strnicmp            00493b84     ucrtd:ucrtbased.dll
 0004:00000b88       __imp___strupr             00493b88     ucrtd:ucrtbased.dll
 0004:00000b88       __imp__strupr              00493b88     ucrtd:ucrtbased.dll
 0004:00000b8c       __imp__memicmp             00493b8c     ucrtd:ucrtbased.dll
 0004:00000b8c       __imp___memicmp            00493b8c     ucrtd:ucrtbased.dll
 0004:00000b90       __imp___strlwr             00493b90     ucrtd:ucrtbased.dll
 0004:00000b90       __imp__strlwr              00493b90     ucrtd:ucrtbased.dll
 0004:00000b94       __imp___setmbcp            00493b94     ucrtd:ucrtbased.dll
 0004:00000b98       __imp___recalloc           00493b98     ucrtd:ucrtbased.dll
 0004:00000b9c       __imp__strcat              00493b9c     ucrtd:ucrtbased.dll
 0004:00000ba0       __imp__pow                 00493ba0     ucrtd:ucrtbased.dll
 0004:00000ba4       __imp___strupr_s           00493ba4     ucrtd:ucrtbased.dll
 0004:00000ba8       __imp__strlen              00493ba8     ucrtd:ucrtbased.dll
 0004:00000bac       __imp__strcpy              00493bac     ucrtd:ucrtbased.dll
 0004:00000bb0       __imp__strcmp              00493bb0     ucrtd:ucrtbased.dll
 0004:00000bb4       __imp__toupper             00493bb4     ucrtd:ucrtbased.dll
 0004:00000bb8       __imp__isalnum             00493bb8     ucrtd:ucrtbased.dll
 0004:00000bbc       __imp__isxdigit            00493bbc     ucrtd:ucrtbased.dll
 0004:00000bc0       __imp__isdigit             00493bc0     ucrtd:ucrtbased.dll
 0004:00000bc4       __imp__isalpha             00493bc4     ucrtd:ucrtbased.dll
 0004:00000bc8       __imp____stdio_common_vsprintf 00493bc8     ucrtd:ucrtbased.dll
 0004:00000bcc       __imp____stdio_common_vsprintf_s 00493bcc     ucrtd:ucrtbased.dll
 0004:00000bd0       \177ucrtbased_NULL_THUNK_DATA 00493bd0     ucrtd:ucrtbased.dll
 0004:00000c38       __IMPORT_DESCRIPTOR_MSVCP140D 00493c38     msvcprtd:MSVCP140D.dll
 0004:00000c4c       __IMPORT_DESCRIPTOR_SHLWAPI 00493c4c     shlwapi:SHLWAPI.dll
 0004:00000c60       __IMPORT_DESCRIPTOR_USER32 00493c60     User32:USER32.dll
 0004:00000c74       __IMPORT_DESCRIPTOR_dbghelp 00493c74     dbghelp:dbghelp.dll
 0004:00000c88       __IMPORT_DESCRIPTOR_mfc140d 00493c88     mfc140d:mfc140d.dll
 0004:00000c9c       __IMPORT_DESCRIPTOR_KERNEL32 00493c9c     kernel32:KERNEL32.dll
 0004:00000cb0       __IMPORT_DESCRIPTOR_GDI32  00493cb0     gdi32:GDI32.dll
 0004:00000cc4       __IMPORT_DESCRIPTOR_COMCTL32 00493cc4     comctl32:COMCTL32.dll
 0004:00000cd8       __IMPORT_DESCRIPTOR_OLEAUT32 00493cd8     oleaut32:OLEAUT32.dll
 0004:00000cec       __IMPORT_DESCRIPTOR_gdiplus 00493cec     gdiplus:gdiplus.dll
 0004:00000d00       __IMPORT_DESCRIPTOR_WS2_32 00493d00     ws2_32:WS2_32.dll
 0004:00000d14       __IMPORT_DESCRIPTOR_PELib  00493d14     PELib:PELib.dll
 0004:00000d28       __IMPORT_DESCRIPTOR_16Edit 00493d28     16Edit:16Edit.DLL
 0004:00000d3c       __IMPORT_DESCRIPTOR_VCRUNTIME140D 00493d3c     vcruntimed:VCRUNTIME140D.dll
 0004:00000d50       __IMPORT_DESCRIPTOR_ucrtbased 00493d50     ucrtd:ucrtbased.dll
 0004:00000d64       __NULL_IMPORT_DESCRIPTOR   00493d64     msvcprtd:MSVCP140D.dll
 0005:00000000       __tls_start                00496000     MSVCRTD:tlssup.obj
 0005:0000013c       __Init_thread_epoch        0049613c     MSVCRTD:thread_safe_statics.obj
 0005:00000241       __tls_end                  00496241     MSVCRTD:tlssup.obj
 0007:00000000       ___guard_check_icall_fptr  00498000     MSVCRTD:guard_support.obj
