 PETOOLS

 Timestamp is 5f55e680 (Mon Sep  7 15:51:28 2020)

 Preferred load address is 00400000

 Start         Length     Name                   Class
 0001:00000000 00007280H .text$di                CODE
 0001:00007280 00064e90H .text$mn                CODE
 0001:0006c110 00005930H .text$x                 CODE
 0001:00071a40 00001467H .text$yd                CODE
 0002:00000000 00000104H .CRT$XCA                DATA
 0002:00000104 00000104H .CRT$XCAA               DATA
 0002:00000208 0000010cH .CRT$XCL                DATA
 0002:00000314 0000018cH .CRT$XCU                DATA
 0002:000004a0 00000104H .CRT$XCZ                DATA
 0002:000005a4 00000104H .CRT$XIA                DATA
 0002:000006a8 00000104H .CRT$XIAA               DATA
 0002:000007ac 00000104H .CRT$XIAC               DATA
 0002:000008b0 00000104H .CRT$XIC                DATA
 0002:000009b4 00000104H .CRT$XIZ                DATA
 0002:00000ab8 00000004H .CRT$XLA                DATA
 0002:00000abc 00000004H .CRT$XLZ                DATA
 0002:00000ac0 00000104H .CRT$XPA                DATA
 0002:00000bc4 00000104H .CRT$XPZ                DATA
 0002:00000cc8 00000104H .CRT$XTA                DATA
 0002:00000dcc 00000104H .CRT$XTZ                DATA
 0002:00000ed0 00012400H .rdata                  DATA
 0002:000132d0 0000011cH .rdata$T                DATA
 0002:000133ec 000011a4H .rdata$r                DATA
 0002:00014590 00000564H .rdata$sxdata           DATA
 0002:00014af4 0000016cH .rdata$zzzdbg           DATA
 0002:00014c60 00000104H .rtc$IAA                DATA
 0002:00014d64 000001acH .rtc$IMZ                DATA
 0002:00014f10 00000104H .rtc$IZZ                DATA
 0002:00015014 00000104H .rtc$TAA                DATA
 0002:00015118 000001acH .rtc$TMZ                DATA
 0002:000152c4 00000104H .rtc$TZZ                DATA
 0002:000153c8 00004334H .xdata$x                DATA
 0002:000196fc 00000104H ATL$__a                 DATA
 0002:00019800 00000104H ATL$__z                 DATA
 0002:00019904 00000000H .edata                  DATA
 0003:00000000 00000318H .data                   DATA
 0003:00000318 00000728H .data$r                 DATA
 0003:00000a40 000045acH .bss                    DATA
 0004:00000000 00000c1cH .idata$5                DATA
 0004:00000c1c 0000012cH .idata$2                DATA
 0004:00000d48 00000014H .idata$3                DATA
 0004:00000d5c 00000c1cH .idata$4                DATA
 0004:00001978 000011e0H .idata$6                DATA
 0005:00000000 00000108H .tls                    DATA
 0005:00000108 00000139H .tls$                   DATA
 0005:00000241 00000101H .tls$ZZZ                DATA
 0006:00000000 00000239H .gfids$y                DATA
 0007:00000000 00000104H .00cfg                  DATA
 0008:00000000 00000104H .giats$y                DATA
 0009:00000000 00000a60H .rsrc$01                DATA
 0009:00000a60 000198a9H .rsrc$02                DATA

  Address         Publics by Value              Rva+Base       Lib:Object

 0000:00000000       ___guard_iat_table         00000000     <absolute>
 0000:00000000       ___dynamic_value_reloc_table 00000000     <absolute>
 0000:00000000       ___guard_fids_table        00000000     <absolute>
 0000:00000000       ___guard_iat_count         00000000     <absolute>
 0000:00000000       ___guard_longjmp_table     00000000     <absolute>
 0000:00000000       ___guard_fids_count        00000000     <absolute>
 0000:00000000       ___guard_longjmp_count     00000000     <absolute>
 0000:0000002c       __tls_array                0000002c     <absolute>
 0000:000000ea       ___safe_se_handler_count   000000ea     <absolute>
 0000:00000100       ___guard_flags             00000100     <absolute>
 0000:00000000       ___ImageBase               00400000     <linker-defined>
 0001:00007280       ??$__vcrt_va_start_verify_argument_type@QBD@@YAXXZ 00408280 f i asmserv.obj
 0001:000072b0       ?Decodeaddress@@YAHKPADH0@Z 004082b0 f   asmserv.obj
 0001:000072e0       ?Disassembleback@@YAKPADKKKH@Z 004082e0 f   asmserv.obj
 0001:00007590       ?Disassembleforward@@YAKPADKKKH@Z 00408590 f   asmserv.obj
 0001:00007720       ?Isfilling@@YAHKPADKK@Z    00408720 f   asmserv.obj
 0001:00007a20       ?Print3dnow@@YAHPAD0@Z     00408a20 f   asmserv.obj
 0001:00007ae0       ?Printfloat10@@YAHPADO@Z   00408ae0 f   asmserv.obj
 0001:00007f00       ?Printfloat4@@YAHPADM@Z    00408f00 f   asmserv.obj
 0001:00008060       ?Printfloat8@@YAHPADN@Z    00409060 f   asmserv.obj
 0001:00008200       ___local_stdio_printf_options 00409200 f i asmserv.obj
 0001:00008240       __vsnprintf_l              00409240 f i asmserv.obj
 0001:000082f0       __vsprintf_l               004092f0 f i asmserv.obj
 0001:00008350       _sprintf                   00409350 f i asmserv.obj
 0001:000083d0       ??$_strupr_s@$0BAA@@@YAHAAY0BAA@D@Z 004093d0 f i assembl.obj
 0001:00008430       ?Assemble@@YAHPADKPAUt_asmmodel@@HH0@Z 00409430 f   assembl.obj
 0001:0000eb80       _powl                      0040fb80 f i assembl.obj
 0001:0000ebf0       ??$__vcrt_va_start_verify_argument_type@PBD@@YAXXZ 0040fbf0 f i disasm.obj
 0001:0000ec20       ??$sprintf_s@$0BAA@@@YAHAAY0BAA@DPBDZZ 0040fc20 f i disasm.obj
 0001:0000ec90       ?Checkcondition@@YAHHK@Z   0040fc90 f   disasm.obj
 0001:00011b80       ?Disasm@@YAKPADKKPAUt_disasm@@H@Z 00412b80 f   disasm.obj
 0001:000152f0       __vsprintf_s_l             004162f0 f i disasm.obj
 0001:000153a0       _vsprintf_s                004163a0 f i disasm.obj
 0001:00015400       ??0Ini@@QAE@XZ             00416400 f   Ini.obj
 0001:00015460       ??1Ini@@QAE@XZ             00416460 f   Ini.obj
 0001:000154a0       ?GetIntKey@Ini@@QAEHPAD00@Z 004164a0 f   Ini.obj
 0001:00015570       ?GetPath@Ini@@QAEPADXZ     00416570 f   Ini.obj
 0001:000155b0       ?GetStrKey@Ini@@QAEXPAD000@Z 004165b0 f   Ini.obj
 0001:00015690       ?strrchr@@YAPADQADH@Z      00416690 f i Ini.obj
 0001:000156f0       ??$?0AAU?$_Wrap_alloc@V?$allocator@D@std@@@std@@@?$_Wrap_alloc@V?$allocator@U_Container_proxy@std@@@std@@@std@@QAE@AAU?$_Wrap_alloc@V?$allocator@D@std@@@1@@Z 004166f0 f i DebugLog.obj
 0001:00015760       ??$?0D@?$allocator@U_Container_proxy@std@@@std@@QAE@ABV?$allocator@D@1@@Z 00416760 f i DebugLog.obj
 0001:000157a0       ??$_Unfancy@D@std@@YAPADPAD@Z 004167a0 f i DebugLog.obj
 0001:000157e0       ??$addressof@PAD@std@@YAPAPADAAPAD@Z 004167e0 f i DebugLog.obj
 0001:00015820       ??$addressof@U_Container_proxy@std@@@std@@YAPAU_Container_proxy@0@AAU10@@Z 00416820 f i DebugLog.obj
 0001:00015860       ??$destroy@PAD@?$_Wrap_alloc@V?$allocator@D@std@@@std@@QAEXPAPAD@Z 00416860 f i DebugLog.obj
 0001:000158c0       ??$destroy@PAD@?$allocator@D@std@@QAEXPAPAD@Z 004168c0 f i DebugLog.obj
 0001:00015900       ??$destroy@PAD@?$allocator_traits@V?$allocator@D@std@@@std@@SAXAAV?$allocator@D@1@PAPAD@Z 00416900 f i DebugLog.obj
 0001:00015950       ??$destroy@U_Container_proxy@std@@@?$_Wrap_alloc@V?$allocator@U_Container_proxy@std@@@std@@@std@@QAEXPAU_Container_proxy@1@@Z 00416950 f i DebugLog.obj
 0001:000159b0       ??$destroy@U_Container_proxy@std@@@?$allocator@U_Container_proxy@std@@@std@@QAEXPAU_Container_proxy@1@@Z 004169b0 f i DebugLog.obj
 0001:000159f0       ??$destroy@U_Container_proxy@std@@@?$allocator_traits@V?$allocator@U_Container_proxy@std@@@std@@@std@@SAXAAV?$allocator@U_Container_proxy@std@@@1@PAU_Container_proxy@1@@Z 004169f0 f i DebugLog.obj
 0001:00015a40       ??$forward@AAU?$_Wrap_alloc@V?$allocator@D@std@@@std@@@std@@YAAAU?$_Wrap_alloc@V?$allocator@D@std@@@0@AAU10@@Z 00416a40 f i DebugLog.obj
 0001:00015a80       ??1?$_Compressed_pair@U?$_Wrap_alloc@V?$allocator@D@std@@@std@@V?$_String_val@U?$_Simple_types@D@std@@@2@$00@std@@QAE@XZ 00416a80 f i DebugLog.obj
 0001:00015ad0       ??1?$_String_alloc@U?$_String_base_types@DV?$allocator@D@std@@@std@@@std@@QAE@XZ 00416ad0 f i DebugLog.obj
 0001:00015b60       ??1?$_String_val@U?$_Simple_types@D@std@@@std@@QAE@XZ 00416b60 f i DebugLog.obj
 0001:00015bc0       ??1?$basic_string@DU?$char_traits@D@std@@V?$allocator@D@2@@std@@QAE@XZ 00416bc0 f i DebugLog.obj
 0001:00015c60       ??1_Bxty@?$_String_val@U?$_Simple_types@D@std@@@std@@QAE@XZ 00416c60 f i DebugLog.obj
 0001:00015ca0       ??1_Container_base12@std@@QAE@XZ 00416ca0 f i DebugLog.obj
 0001:00015d30       ?DebugLog@SurrealDebugLog@@YAXABV?$basic_string@DU?$char_traits@D@std@@V?$allocator@D@2@@std@@@Z 00416d30 f   DebugLog.obj
 0001:00015d60       ?DebugLog@SurrealDebugLog@@YAXABV?$basic_string@DU?$char_traits@D@std@@V?$allocator@D@2@@std@@V23@@Z 00416d60 f   DebugLog.obj
 0001:00015db0       ?DebugLogHex@SurrealDebugLog@@YAXABV?$basic_string@DU?$char_traits@D@std@@V?$allocator@D@2@@std@@AAV23@I@Z 00416db0 f   DebugLog.obj
 0001:00015de0       ?_Bx@?$_String_alloc@U?$_String_base_types@DV?$allocator@D@std@@@std@@@std@@QAEAAT_Bxty@?$_String_val@U?$_Simple_types@D@std@@@2@XZ 00416de0 f i DebugLog.obj
 0001:00015e40       ?_Deallocate@std@@YAXPAXII@Z 00416e40 f i DebugLog.obj
 0001:00016260       ?_Eos@?$basic_string@DU?$char_traits@D@std@@V?$allocator@D@2@@std@@QAEXI@Z 00417260 f i DebugLog.obj
 0001:000162f0       ?_Free_proxy@?$_String_alloc@U?$_String_base_types@DV?$allocator@D@std@@@std@@@std@@QAEXXZ 004172f0 f i DebugLog.obj
 0001:000163e0       ?_Get_data@?$_String_alloc@U?$_String_base_types@DV?$allocator@D@std@@@std@@@std@@QAEAAV?$_String_val@U?$_Simple_types@D@std@@@2@XZ 004173e0 f i DebugLog.obj
 0001:00016430       ?_Get_first@?$_Compressed_pair@U?$_Wrap_alloc@V?$allocator@D@std@@@std@@V?$_String_val@U?$_Simple_types@D@std@@@2@$00@std@@QAEAAU?$_Wrap_alloc@V?$allocator@D@std@@@2@XZ 00417430 f i DebugLog.obj
 0001:00016470       ?_Get_second@?$_Compressed_pair@U?$_Wrap_alloc@V?$allocator@D@std@@@std@@V?$_String_val@U?$_Simple_types@D@std@@@2@$00@std@@QAEAAV?$_String_val@U?$_Simple_types@D@std@@@2@XZ 00417470 f i DebugLog.obj
 0001:000164b0       ?_Getal@?$_String_alloc@U?$_String_base_types@DV?$allocator@D@std@@@std@@@std@@QAEAAU?$_Wrap_alloc@V?$allocator@D@std@@@2@XZ 004174b0 f i DebugLog.obj
 0001:00016500       ?_Myproxy@?$_String_alloc@U?$_String_base_types@DV?$allocator@D@std@@@std@@@std@@QAEAAPAU_Container_proxy@2@XZ 00417500 f i DebugLog.obj
 0001:00016550       ?_Myptr@?$_String_val@U?$_Simple_types@D@std@@@std@@QAEPADXZ 00417550 f i DebugLog.obj
 0001:000165e0       ?_Myres@?$_String_alloc@U?$_String_base_types@DV?$allocator@D@std@@@std@@@std@@QAEAAIXZ 004175e0 f i DebugLog.obj
 0001:00016640       ?_Orphan_all@?$_String_alloc@U?$_String_base_types@DV?$allocator@D@std@@@std@@@std@@QAEXXZ 00417640 f i DebugLog.obj
 0001:000166a0       ?_Orphan_all@_Container_base12@std@@QAEXXZ 004176a0 f i DebugLog.obj
 0001:000167b0       ?_Tidy@?$basic_string@DU?$char_traits@D@std@@V?$allocator@D@2@@std@@QAEX_NI@Z 004177b0 f i DebugLog.obj
 0001:000168d0       ?__empty_global_delete@@YAXPAX@Z 004178d0 f i DebugLog.obj
 0001:00016900       ?__empty_global_delete@@YAXPAXI@Z 00417900 f i DebugLog.obj
 0001:00016900       ?__global_delete@@YAXPAXI@Z 00417900 f i DebugLog.obj
 0001:00016930       ?address@?$_Wrap_alloc@V?$allocator@U_Container_proxy@std@@@std@@@std@@QBEPAU_Container_proxy@2@AAU32@@Z 00417930 f i DebugLog.obj
 0001:00016990       ?assign@?$char_traits@D@std@@SAXAADABD@Z 00417990 f i DebugLog.obj
 0001:000169d0       ?copy@?$char_traits@D@std@@SAPADPADPBDI@Z 004179d0 f i DebugLog.obj
 0001:00016a50       ?deallocate@?$_Wrap_alloc@V?$allocator@D@std@@@std@@QAEXPADI@Z 00417a50 f i DebugLog.obj
 0001:00016ab0       ?deallocate@?$_Wrap_alloc@V?$allocator@U_Container_proxy@std@@@std@@@std@@QAEXPAU_Container_proxy@2@I@Z 00417ab0 f i DebugLog.obj
 0001:00016b10       ?deallocate@?$allocator@D@std@@QAEXPADI@Z 00417b10 f i DebugLog.obj
 0001:00016b70       ?deallocate@?$allocator@U_Container_proxy@std@@@std@@QAEXPAU_Container_proxy@2@I@Z 00417b70 f i DebugLog.obj
 0001:00016bd0       ?pointer_to@?$pointer_traits@PAU_Container_proxy@std@@@std@@SAPAU_Container_proxy@2@AAU32@@Z 00417bd0 f i DebugLog.obj
 0001:00016c20       ??$?0$$QAV?$basic_string@DU?$char_traits@D@std@@V?$allocator@D@2@@std@@$$Z$$V@?$pair@$$CBV?$basic_string@DU?$char_traits@D@std@@V?$allocator@D@2@@std@@H@std@@QAE@Upiecewise_construct_t@1@V?$tuple@$$QAV?$basic_string@DU?$char_traits@D@std@@V?$allocator@D@2@@std@@@1@V?$tuple@$$V@1@@Z 00417c20 f i log4z.obj
 0001:00016ca0       ??$?0$$V@?$_Compressed_pair@U?$_Wrap_alloc@V?$allocator@D@std@@@std@@V?$_String_val@U?$_Simple_types@D@std@@@2@$00@std@@QAE@U_Zero_then_variadic_args_t@1@@Z 00417ca0 f i log4z.obj
 0001:00016d00       ??$?0$$V@?$_Compressed_pair@U?$_Wrap_alloc@V?$allocator@PAULogData@log4z@zsummer@@@std@@@std@@V?$_Deque_val@U?$_Deque_simple_types@PAULogData@log4z@zsummer@@@std@@@2@$00@std@@QAE@U_Zero_then_variadic_args_t@1@@Z 00417d00 f i log4z.obj
 0001:00016d60       ??$?0$$V@?$_Compressed_pair@U?$_Wrap_alloc@V?$allocator@PAULogData@log4z@zsummer@@@std@@@std@@V?$_Vector_val@U?$_Simple_types@PAULogData@log4z@zsummer@@@std@@@2@$00@std@@QAE@U_Zero_then_variadic_args_t@1@@Z 00417d60 f i log4z.obj
 0001:00016dc0       ??$?0$$V@?$_Compressed_pair@U?$_Wrap_alloc@V?$allocator@U?$_List_node@U?$pair@_JV?$basic_string@DU?$char_traits@D@std@@V?$allocator@D@2@@std@@@std@@PAX@std@@@std@@@std@@V?$_List_val@U?$_List_simple_types@U?$pair@_JV?$basic_string@DU?$char_traits@D@std@@V?$allocator@D@2@@std@@@std@@@std@@@2@$00@std@@QAE@U_Zero_then_variadic_args_t@1@@Z 00417dc0 f i log4z.obj
 0001:00016e20       ??$?0$$V@?$_Compressed_pair@U?$_Wrap_alloc@V?$allocator@U?$_Tree_node@U?$pair@$$CBV?$basic_string@DU?$char_traits@D@std@@V?$allocator@D@2@@std@@H@std@@PAX@std@@@std@@@std@@V?$_Tree_val@U?$_Tree_simple_types@U?$pair@$$CBV?$basic_string@DU?$char_traits@D@std@@V?$allocator@D@2@@std@@H@std@@@std@@@2@$00@std@@QAE@U_Zero_then_variadic_args_t@1@@Z 00417e20 f i log4z.obj
 0001:00016e80       ??$?0$$V@?$_Compressed_pair@U?$_Wrap_alloc@V?$allocator@U?$_Tree_node@U?$pair@$$CBV?$basic_string@DU?$char_traits@D@std@@V?$allocator@D@2@@std@@ULoggerInfo@log4z@zsummer@@@std@@PAX@std@@@std@@@std@@V?$_Tree_val@U?$_Tree_simple_types@U?$pair@$$CBV?$basic_string@DU?$char_traits@D@std@@V?$allocator@D@2@@std@@ULoggerInfo@log4z@zsummer@@@std@@@std@@@2@$00@std@@QAE@U_Zero_then_variadic_args_t@1@@Z 00417e80 f i log4z.obj
 0001:00016ee0       ??$?0AAU?$_Wrap_alloc@V?$allocator@PAULogData@log4z@zsummer@@@std@@@std@@@?$_Wrap_alloc@V?$allocator@PAPAULogData@log4z@zsummer@@@std@@@std@@QAE@AAU?$_Wrap_alloc@V?$allocator@PAULogData@log4z@zsummer@@@std@@@1@@Z 00417ee0 f i log4z.obj
 0001:00016f50       ??$?0AAU?$_Wrap_alloc@V?$allocator@PAULogData@log4z@zsummer@@@std@@@std@@@?$_Wrap_alloc@V?$allocator@U_Container_proxy@std@@@std@@@std@@QAE@AAU?$_Wrap_alloc@V?$allocator@PAULogData@log4z@zsummer@@@std@@@1@@Z 00417f50 f i log4z.obj
 0001:00016fc0       ??$?0AAU?$_Wrap_alloc@V?$allocator@U?$_List_node@U?$pair@_JV?$basic_string@DU?$char_traits@D@std@@V?$allocator@D@2@@std@@@std@@PAX@std@@@std@@@std@@@?$_Wrap_alloc@V?$allocator@U_Container_proxy@std@@@std@@@std@@QAE@AAU?$_Wrap_alloc@V?$allocator@U?$_List_node@U?$pair@_JV?$basic_string@DU?$char_traits@D@std@@V?$allocator@D@2@@std@@@std@@PAX@std@@@std@@@1@@Z 00417fc0 f i log4z.obj
 0001:00017030       ??$?0AAU?$_Wrap_alloc@V?$allocator@U?$_Tree_node@U?$pair@$$CBV?$basic_string@DU?$char_traits@D@std@@V?$allocator@D@2@@std@@H@std@@PAX@std@@@std@@@std@@@?$_Wrap_alloc@V?$allocator@U_Container_proxy@std@@@std@@@std@@QAE@AAU?$_Wrap_alloc@V?$allocator@U?$_Tree_node@U?$pair@$$CBV?$basic_string@DU?$char_traits@D@std@@V?$allocator@D@2@@std@@H@std@@PAX@std@@@std@@@1@@Z 00418030 f i log4z.obj
 0001:000170a0       ??$?0AAU?$_Wrap_alloc@V?$allocator@U?$_Tree_node@U?$pair@$$CBV?$basic_string@DU?$char_traits@D@std@@V?$allocator@D@2@@std@@ULoggerInfo@log4z@zsummer@@@std@@PAX@std@@@std@@@std@@@?$_Wrap_alloc@V?$allocator@U_Container_proxy@std@@@std@@@std@@QAE@AAU?$_Wrap_alloc@V?$allocator@U?$_Tree_node@U?$pair@$$CBV?$basic_string@DU?$char_traits@D@std@@V?$allocator@D@2@@std@@ULoggerInfo@log4z@zsummer@@@std@@PAX@std@@@std@@@1@@Z 004180a0 f i log4z.obj
 0001:00017110       ??$?0AAV?$_Tree_iterator@V?$_Tree_val@U?$_Tree_simple_types@U?$pair@$$CBV?$basic_string@DU?$char_traits@D@std@@V?$allocator@D@2@@std@@H@std@@@std@@@std@@@std@@_NX$0A@@?$pair@V?$_Tree_iterator@V?$_Tree_val@U?$_Tree_simple_types@U?$pair@$$CBV?$basic_string@DU?$char_traits@D@std@@V?$allocator@D@2@@std@@H@std@@@std@@@std@@@std@@_N@std@@QAE@AAV?$_Tree_iterator@V?$_Tree_val@U?$_Tree_simple_types@U?$pair@$$CBV?$basic_string@DU?$char_traits@D@std@@V?$allocator@D@2@@std@@H@std@@@std@@@std@@@1@$$QA_N@Z 00418110 f i log4z.obj
 0001:00017190       ??$?0AAV?$_Tree_iterator@V?$_Tree_val@U?$_Tree_simple_types@U?$pair@$$CBV?$basic_string@DU?$char_traits@D@std@@V?$allocator@D@2@@std@@ULoggerInfo@log4z@zsummer@@@std@@@std@@@std@@@std@@_NX$0A@@?$pair@V?$_Tree_iterator@V?$_Tree_val@U?$_Tree_simple_types@U?$pair@$$CBV?$basic_string@DU?$char_traits@D@std@@V?$allocator@D@2@@std@@ULoggerInfo@log4z@zsummer@@@std@@@std@@@std@@@std@@_N@std@@QAE@AAV?$_Tree_iterator@V?$_Tree_val@U?$_Tree_simple_types@U?$pair@$$CBV?$basic_string@DU?$char_traits@D@std@@V?$allocator@D@2@@std@@ULoggerInfo@log4z@zsummer@@@std@@@std@@@std@@@1@$$QA_N@Z 00418190 f i log4z.obj
 0001:00017210       ??$?0AAV?$basic_string@DU?$char_traits@D@std@@V?$allocator@D@2@@std@@AAULoggerInfo@log4z@zsummer@@X$0A@@?$pair@V?$basic_string@DU?$char_traits@D@std@@V?$allocator@D@2@@std@@ULoggerInfo@log4z@zsummer@@@std@@QAE@AAV?$basic_string@DU?$char_traits@D@std@@V?$allocator@D@2@@1@AAULoggerInfo@log4z@zsummer@@@Z 00418210 f i log4z.obj
 0001:000172e0       ??$?0ABU?$less@V?$basic_string@DU?$char_traits@D@std@@V?$allocator@D@2@@std@@@std@@U_Zero_then_variadic_args_t@1@@?$_Compressed_pair@U?$less@V?$basic_string@DU?$char_traits@D@std@@V?$allocator@D@2@@std@@@std@@V?$_Compressed_pair@U?$_Wrap_alloc@V?$allocator@U?$_Tree_node@U?$pair@$$CBV?$basic_string@DU?$char_traits@D@std@@V?$allocator@D@2@@std@@H@std@@PAX@std@@@std@@@std@@V?$_Tree_val@U?$_Tree_simple_types@U?$pair@$$CBV?$basic_string@DU?$char_traits@D@std@@V?$allocator@D@2@@std@@H@std@@@std@@@2@$00@2@$00@std@@QAE@U_One_then_variadic_args_t@1@ABU?$less@V?$basic_string@DU?$char_traits@D@std@@V?$allocator@D@2@@std@@@1@$$QAU_Zero_then_variadic_args_t@1@@Z 004182e0 f i log4z.obj
 0001:00017360       ??$?0ABU?$less@V?$basic_string@DU?$char_traits@D@std@@V?$allocator@D@2@@std@@@std@@U_Zero_then_variadic_args_t@1@@?$_Compressed_pair@U?$less@V?$basic_string@DU?$char_traits@D@std@@V?$allocator@D@2@@std@@@std@@V?$_Compressed_pair@U?$_Wrap_alloc@V?$allocator@U?$_Tree_node@U?$pair@$$CBV?$basic_string@DU?$char_traits@D@std@@V?$allocator@D@2@@std@@ULoggerInfo@log4z@zsummer@@@std@@PAX@std@@@std@@@std@@V?$_Tree_val@U?$_Tree_simple_types@U?$pair@$$CBV?$basic_string@DU?$char_traits@D@std@@V?$allocator@D@2@@std@@ULoggerInfo@log4z@zsummer@@@std@@@std@@@2@$00@2@$00@std@@QAE@U_One_then_variadic_args_t@1@ABU?$less@V?$basic_string@DU?$char_traits@D@std@@V?$allocator@D@2@@std@@@1@$$QAU_Zero_then_variadic_args_t@1@@Z 00418360 f i log4z.obj
 0001:000173e0       ??$?0ABV?$allocator@D@std@@$$V@?$_Compressed_pair@U?$_Wrap_alloc@V?$allocator@D@std@@@std@@V?$_String_val@U?$_Simple_types@D@std@@@2@$00@std@@QAE@U_One_then_variadic_args_t@1@ABV?$allocator@D@1@@Z 004183e0 f i log4z.obj
 0001:00017450       ??$?0ABV?$allocator@D@std@@@?$_Wrap_alloc@V?$allocator@D@std@@@std@@QAE@ABV?$allocator@D@1@@Z 00418450 f i log4z.obj
 0001:000174c0       ??$?0ABV?$allocator@D@std@@X@?$_String_alloc@U?$_String_base_types@DV?$allocator@D@std@@@std@@@std@@QAE@ABV?$allocator@D@1@@Z 004184c0 f i log4z.obj
 0001:00017580       ??$?0ABV?$basic_string@DU?$char_traits@D@std@@V?$allocator@D@2@@std@@$$Z$$V@?$pair@$$CBV?$basic_string@DU?$char_traits@D@std@@V?$allocator@D@2@@std@@H@std@@QAE@Upiecewise_construct_t@1@V?$tuple@ABV?$basic_string@DU?$char_traits@D@std@@V?$allocator@D@2@@std@@@1@V?$tuple@$$V@1@@Z 00418580 f i log4z.obj
 0001:00017600       ??$?0ABV?$basic_string@DU?$char_traits@D@std@@V?$allocator@D@2@@std@@$0A@@?$tuple@ABV?$basic_string@DU?$char_traits@D@std@@V?$allocator@D@2@@std@@@std@@QAE@ABV?$basic_string@DU?$char_traits@D@std@@V?$allocator@D@2@@1@@Z 00418600 f i log4z.obj
 0001:00017680       ??$?0ABV?$basic_string@DU?$char_traits@D@std@@V?$allocator@D@2@@std@@@?$_Tuple_val@ABV?$basic_string@DU?$char_traits@D@std@@V?$allocator@D@2@@std@@@std@@QAE@ABV?$basic_string@DU?$char_traits@D@std@@V?$allocator@D@2@@1@@Z 00418680 f i log4z.obj
 0001:000176e0       ??$?0PAULogData@log4z@zsummer@@@?$allocator@PAPAULogData@log4z@zsummer@@@std@@QAE@ABV?$allocator@PAULogData@log4z@zsummer@@@1@@Z 004186e0 f i log4z.obj
 0001:00017720       ??$?0PAULogData@log4z@zsummer@@@?$allocator@U_Container_proxy@std@@@std@@QAE@ABV?$allocator@PAULogData@log4z@zsummer@@@1@@Z 00418720 f i log4z.obj
 0001:00017760       ??$?0U?$_List_node@U?$pair@_JV?$basic_string@DU?$char_traits@D@std@@V?$allocator@D@2@@std@@@std@@PAX@std@@@?$allocator@U_Container_proxy@std@@@std@@QAE@ABV?$allocator@U?$_List_node@U?$pair@_JV?$basic_string@DU?$char_traits@D@std@@V?$allocator@D@2@@std@@@std@@PAX@std@@@1@@Z 00418760 f i log4z.obj
 0001:000177a0       ??$?0U?$_Tree_node@U?$pair@$$CBV?$basic_string@DU?$char_traits@D@std@@V?$allocator@D@2@@std@@H@std@@PAX@std@@@?$allocator@U_Container_proxy@std@@@std@@QAE@ABV?$allocator@U?$_Tree_node@U?$pair@$$CBV?$basic_string@DU?$char_traits@D@std@@V?$allocator@D@2@@std@@H@std@@PAX@std@@@1@@Z 004187a0 f i log4z.obj
 0001:000177e0       ??$?0U?$_Tree_node@U?$pair@$$CBV?$basic_string@DU?$char_traits@D@std@@V?$allocator@D@2@@std@@ULoggerInfo@log4z@zsummer@@@std@@PAX@std@@@?$allocator@U_Container_proxy@std@@@std@@QAE@ABV?$allocator@U?$_Tree_node@U?$pair@$$CBV?$basic_string@DU?$char_traits@D@std@@V?$allocator@D@2@@std@@ULoggerInfo@log4z@zsummer@@@std@@PAX@std@@@1@@Z 004187e0 f i log4z.obj
 0001:00017820       ??$?0U?$_Wrap_alloc@V?$allocator@D@std@@@std@@$$V@?$_Compressed_pair@U?$_Wrap_alloc@V?$allocator@D@std@@@std@@V?$_String_val@U?$_Simple_types@D@std@@@2@$00@std@@QAE@U_One_then_variadic_args_t@1@$$QAU?$_Wrap_alloc@V?$allocator@D@std@@@1@@Z 00418820 f i log4z.obj
 0001:00017890       ??$?0U?$_Wrap_alloc@V?$allocator@D@std@@@std@@X@?$_String_alloc@U?$_String_base_types@DV?$allocator@D@std@@@std@@@std@@QAE@$$QAU?$_Wrap_alloc@V?$allocator@D@std@@@1@@Z 00418890 f i log4z.obj
 0001:00017950       ??$?0U?$_Wrap_alloc@V?$allocator@U?$_List_node@U?$pair@_JV?$basic_string@DU?$char_traits@D@std@@V?$allocator@D@2@@std@@@std@@PAX@std@@@std@@@std@@$$V@?$_Compressed_pair@U?$_Wrap_alloc@V?$allocator@U?$_List_node@U?$pair@_JV?$basic_string@DU?$char_traits@D@std@@V?$allocator@D@2@@std@@@std@@PAX@std@@@std@@@std@@V?$_List_val@U?$_List_simple_types@U?$pair@_JV?$basic_string@DU?$char_traits@D@std@@V?$allocator@D@2@@std@@@std@@@std@@@2@$00@std@@QAE@U_One_then_variadic_args_t@1@$$QAU?$_Wrap_alloc@V?$allocator@U?$_List_node@U?$pair@_JV?$basic_string@DU?$char_traits@D@std@@V?$allocator@D@2@@std@@@std@@PAX@std@@@std@@@1@@Z 00418950 f i log4z.obj
 0001:000179c0       ??$?0U?$_Wrap_alloc@V?$allocator@U?$_List_node@U?$pair@_JV?$basic_string@DU?$char_traits@D@std@@V?$allocator@D@2@@std@@@std@@PAX@std@@@std@@@std@@X@?$_List_alloc@U?$_List_base_types@U?$pair@_JV?$basic_string@DU?$char_traits@D@std@@V?$allocator@D@2@@std@@@std@@V?$allocator@U?$pair@_JV?$basic_string@DU?$char_traits@D@std@@V?$allocator@D@2@@std@@@std@@@2@@std@@@std@@QAE@$$QAU?$_Wrap_alloc@V?$allocator@U?$_List_node@U?$pair@_JV?$basic_string@DU?$char_traits@D@std@@V?$allocator@D@2@@std@@@std@@PAX@std@@@std@@@1@@Z 004189c0 f i log4z.obj
 0001:00017af0       ??$?0U?$_Wrap_alloc@V?$allocator@U?$_List_node@U?$pair@_JV?$basic_string@DU?$char_traits@D@std@@V?$allocator@D@2@@std@@@std@@PAX@std@@@std@@@std@@X@?$_List_buy@U?$pair@_JV?$basic_string@DU?$char_traits@D@std@@V?$allocator@D@2@@std@@@std@@V?$allocator@U?$pair@_JV?$basic_string@DU?$char_traits@D@std@@V?$allocator@D@2@@std@@@std@@@2@@std@@QAE@$$QAU?$_Wrap_alloc@V?$allocator@U?$_List_node@U?$pair@_JV?$basic_string@DU?$char_traits@D@std@@V?$allocator@D@2@@std@@@std@@PAX@std@@@std@@@1@@Z 00418af0 f i log4z.obj
 0001:00017b60       ??$?0U_Exact_args_t@std@@$0A@@?$tuple@$$V@std@@QAE@U_Exact_args_t@1@@Z 00418b60 f i log4z.obj
 0001:00017ba0       ??$?0V?$_Tree_iterator@V?$_Tree_val@U?$_Tree_simple_types@U?$pair@$$CBV?$basic_string@DU?$char_traits@D@std@@V?$allocator@D@2@@std@@H@std@@@std@@@std@@@std@@_NX$0A@@?$pair@V?$_Tree_iterator@V?$_Tree_val@U?$_Tree_simple_types@U?$pair@$$CBV?$basic_string@DU?$char_traits@D@std@@V?$allocator@D@2@@std@@H@std@@@std@@@std@@@std@@_N@std@@QAE@$$QAV?$_Tree_iterator@V?$_Tree_val@U?$_Tree_simple_types@U?$pair@$$CBV?$basic_string@DU?$char_traits@D@std@@V?$allocator@D@2@@std@@H@std@@@std@@@std@@@1@$$QA_N@Z 00418ba0 f i log4z.obj
 0001:00017c20       ??$?0V?$_Tree_iterator@V?$_Tree_val@U?$_Tree_simple_types@U?$pair@$$CBV?$basic_string@DU?$char_traits@D@std@@V?$allocator@D@2@@std@@ULoggerInfo@log4z@zsummer@@@std@@@std@@@std@@@std@@_NX$0A@@?$pair@V?$_Tree_iterator@V?$_Tree_val@U?$_Tree_simple_types@U?$pair@$$CBV?$basic_string@DU?$char_traits@D@std@@V?$allocator@D@2@@std@@ULoggerInfo@log4z@zsummer@@@std@@@std@@@std@@@std@@_N@std@@QAE@$$QAV?$_Tree_iterator@V?$_Tree_val@U?$_Tree_simple_types@U?$pair@$$CBV?$basic_string@DU?$char_traits@D@std@@V?$allocator@D@2@@std@@ULoggerInfo@log4z@zsummer@@@std@@@std@@@std@@@1@$$QA_N@Z 00418c20 f i log4z.obj
 0001:00017ca0       ??$?0V?$allocator@D@std@@@?$_Wrap_alloc@V?$allocator@D@std@@@std@@QAE@$$QAV?$allocator@D@1@@Z 00418ca0 f i log4z.obj
 0001:00017d10       ??$?0V?$allocator@U?$_List_node@U?$pair@_JV?$basic_string@DU?$char_traits@D@std@@V?$allocator@D@2@@std@@@std@@PAX@std@@@std@@@?$_Wrap_alloc@V?$allocator@U?$_List_node@U?$pair@_JV?$basic_string@DU?$char_traits@D@std@@V?$allocator@D@2@@std@@@std@@PAX@std@@@std@@@std@@QAE@$$QAV?$allocator@U?$_List_node@U?$pair@_JV?$basic_string@DU?$char_traits@D@std@@V?$allocator@D@2@@std@@@std@@PAX@std@@@1@@Z 00418d10 f i log4z.obj
 0001:00017d80       ??$?0V?$basic_string@DU?$char_traits@D@std@@V?$allocator@D@2@@std@@$$V$0A@@?$tuple@$$QAV?$basic_string@DU?$char_traits@D@std@@V?$allocator@D@2@@std@@@std@@QAE@$$QAV?$basic_string@DU?$char_traits@D@std@@V?$allocator@D@2@@1@@Z 00418d80 f i log4z.obj
 0001:00017e10       ??$?0V?$basic_string@DU?$char_traits@D@std@@V?$allocator@D@2@@std@@@?$_Tuple_val@$$QAV?$basic_string@DU?$char_traits@D@std@@V?$allocator@D@2@@std@@@std@@QAE@$$QAV?$basic_string@DU?$char_traits@D@std@@V?$allocator@D@2@@1@@Z 00418e10 f i log4z.obj
 0001:00017e70       ??$?0V?$basic_string@DU?$char_traits@D@std@@V?$allocator@D@2@@std@@PBDX$0A@@?$pair@V?$basic_string@DU?$char_traits@D@std@@V?$allocator@D@2@@std@@PBD@std@@QAE@ABV?$basic_string@DU?$char_traits@D@std@@V?$allocator@D@2@@1@ABQBD@Z 00418e70 f i log4z.obj
 0001:00017ee0       ??$?0V?$basic_string@DU?$char_traits@D@std@@V?$allocator@D@2@@std@@PBDX$0A@@?$pair@V?$basic_string@DU?$char_traits@D@std@@V?$allocator@D@2@@std@@V12@@std@@QAE@$$QAU?$pair@V?$basic_string@DU?$char_traits@D@std@@V?$allocator@D@2@@std@@PBD@1@@Z 00418ee0 f i log4z.obj
 0001:00017fb0       ??$?0V?$basic_string@DU?$char_traits@D@std@@V?$allocator@D@2@@std@@ULoggerInfo@log4z@zsummer@@X$0A@@?$pair@$$CBV?$basic_string@DU?$char_traits@D@std@@V?$allocator@D@2@@std@@ULoggerInfo@log4z@zsummer@@@std@@QAE@$$QAU?$pair@V?$basic_string@DU?$char_traits@D@std@@V?$allocator@D@2@@std@@ULoggerInfo@log4z@zsummer@@@1@@Z 00418fb0 f i log4z.obj
 0001:00018080       ??$?0V?$basic_string@DU?$char_traits@D@std@@V?$allocator@D@2@@std@@V01@X$0A@@?$pair@V?$basic_string@DU?$char_traits@D@std@@V?$allocator@D@2@@std@@V12@@std@@QAE@$$QAV?$basic_string@DU?$char_traits@D@std@@V?$allocator@D@2@@1@0@Z 00419080 f i log4z.obj
 0001:00018110       ??$?0V?$tuple@$$QAV?$basic_string@DU?$char_traits@D@std@@V?$allocator@D@2@@std@@@std@@V?$tuple@$$V@1@$0A@$$Z$S@?$pair@$$CBV?$basic_string@DU?$char_traits@D@std@@V?$allocator@D@2@@std@@H@std@@QAE@AAV?$tuple@$$QAV?$basic_string@DU?$char_traits@D@std@@V?$allocator@D@2@@std@@@1@AAV?$tuple@$$V@1@U?$integer_sequence@I$0A@@1@U?$integer_sequence@I$S@1@@Z 00419110 f i log4z.obj
 0001:00018190       ??$?0V?$tuple@ABV?$basic_string@DU?$char_traits@D@std@@V?$allocator@D@2@@std@@@std@@V?$tuple@$$V@1@$0A@$$Z$S@?$pair@$$CBV?$basic_string@DU?$char_traits@D@std@@V?$allocator@D@2@@std@@H@std@@QAE@AAV?$tuple@ABV?$basic_string@DU?$char_traits@D@std@@V?$allocator@D@2@@std@@@1@AAV?$tuple@$$V@1@U?$integer_sequence@I$0A@@1@U?$integer_sequence@I$S@1@@Z 00419190 f i log4z.obj
 0001:00018210       ??$?0_JAAV?$basic_string@DU?$char_traits@D@std@@V?$allocator@D@2@@std@@X$0A@@?$pair@_JV?$basic_string@DU?$char_traits@D@std@@V?$allocator@D@2@@std@@@std@@QAE@$$QA_JAAV?$basic_string@DU?$char_traits@D@std@@V?$allocator@D@2@@1@@Z 00419210 f i log4z.obj
 0001:000182a0       ??$?6DU?$char_traits@D@std@@V?$allocator@D@1@@Log4zStream@log4z@zsummer@@QAEAAV012@ABV?$basic_string@DU?$char_traits@D@std@@V?$allocator@D@2@@std@@@Z 004192a0 f i log4z.obj
 0001:00018310       ??$?8DD@std@@YA_NABV?$allocator@D@0@0@Z 00419310 f i log4z.obj
 0001:00018340       ??$?8DU?$char_traits@D@std@@V?$allocator@D@1@@std@@YA_NABV?$basic_string@DU?$char_traits@D@std@@V?$allocator@D@2@@0@0@Z 00419340 f i log4z.obj
 0001:000183c0       ??$?8DU?$char_traits@D@std@@V?$allocator@D@1@@std@@YA_NABV?$basic_string@DU?$char_traits@D@std@@V?$allocator@D@2@@0@PBD@Z 004193c0 f i log4z.obj
 0001:00018440       ??$?8PAULogData@log4z@zsummer@@PAU012@@std@@YA_NABV?$allocator@PAULogData@log4z@zsummer@@@0@0@Z 00419440 f i log4z.obj
 0001:00018470       ??$?8V?$allocator@D@std@@V01@@std@@YA_NABU?$_Wrap_alloc@V?$allocator@D@std@@@0@0@Z 00419470 f i log4z.obj
 0001:000184d0       ??$?8V?$allocator@PAULogData@log4z@zsummer@@@std@@V01@@std@@YA_NABU?$_Wrap_alloc@V?$allocator@PAULogData@log4z@zsummer@@@std@@@0@0@Z 004194d0 f i log4z.obj
 0001:00018530       ??$?9DU?$char_traits@D@std@@V?$allocator@D@1@@std@@YA_NABV?$basic_string@DU?$char_traits@D@std@@V?$allocator@D@2@@0@0@Z 00419530 f i log4z.obj
 0001:000185b0       ??$?9V?$allocator@D@std@@V01@@std@@YA_NABU?$_Wrap_alloc@V?$allocator@D@std@@@0@0@Z 004195b0 f i log4z.obj
 0001:00018630       ??$?9V?$allocator@PAULogData@log4z@zsummer@@@std@@V01@@std@@YA_NABU?$_Wrap_alloc@V?$allocator@PAULogData@log4z@zsummer@@@std@@@0@0@Z 00419630 f i log4z.obj
 0001:000186b0       ??$?MDU?$char_traits@D@std@@V?$allocator@D@1@@std@@YA_NABV?$basic_string@DU?$char_traits@D@std@@V?$allocator@D@2@@0@0@Z 004196b0 f i log4z.obj
 0001:00018730       ??$_Buynode@ABU?$pair@_JV?$basic_string@DU?$char_traits@D@std@@V?$allocator@D@2@@std@@@std@@@?$_List_buy@U?$pair@_JV?$basic_string@DU?$char_traits@D@std@@V?$allocator@D@2@@std@@@std@@V?$allocator@U?$pair@_JV?$basic_string@DU?$char_traits@D@std@@V?$allocator@D@2@@std@@@std@@@2@@std@@QAEPAU?$_List_node@U?$pair@_JV?$basic_string@DU?$char_traits@D@std@@V?$allocator@D@2@@std@@@std@@PAX@1@PAU21@0ABU?$pair@_JV?$basic_string@DU?$char_traits@D@std@@V?$allocator@D@2@@std@@@1@@Z 00419730 f i log4z.obj
 0001:00018870       ??$_Buynode@ABUpiecewise_construct_t@std@@V?$tuple@$$QAV?$basic_string@DU?$char_traits@D@std@@V?$allocator@D@2@@std@@@2@V?$tuple@$$V@2@@?$_Tree_comp_alloc@V?$_Tmap_traits@V?$basic_string@DU?$char_traits@D@std@@V?$allocator@D@2@@std@@HU?$less@V?$basic_string@DU?$char_traits@D@std@@V?$allocator@D@2@@std@@@2@V?$allocator@U?$pair@$$CBV?$basic_string@DU?$char_traits@D@std@@V?$allocator@D@2@@std@@H@std@@@2@$0A@@std@@@std@@QAEPAU?$_Tree_node@U?$pair@$$CBV?$basic_string@DU?$char_traits@D@std@@V?$allocator@D@2@@std@@H@std@@PAX@1@ABUpiecewise_construct_t@1@$$QAV?$tuple@$$QAV?$basic_string@DU?$char_traits@D@std@@V?$allocator@D@2@@std@@@1@$$QAV?$tuple@$$V@1@@Z 00419870 f i log4z.obj
 0001:000189e0       ??$_Buynode@ABUpiecewise_construct_t@std@@V?$tuple@ABV?$basic_string@DU?$char_traits@D@std@@V?$allocator@D@2@@std@@@2@V?$tuple@$$V@2@@?$_Tree_comp_alloc@V?$_Tmap_traits@V?$basic_string@DU?$char_traits@D@std@@V?$allocator@D@2@@std@@HU?$less@V?$basic_string@DU?$char_traits@D@std@@V?$allocator@D@2@@std@@@2@V?$allocator@U?$pair@$$CBV?$basic_string@DU?$char_traits@D@std@@V?$allocator@D@2@@std@@H@std@@@2@$0A@@std@@@std@@QAEPAU?$_Tree_node@U?$pair@$$CBV?$basic_string@DU?$char_traits@D@std@@V?$allocator@D@2@@std@@H@std@@PAX@1@ABUpiecewise_construct_t@1@$$QAV?$tuple@ABV?$basic_string@DU?$char_traits@D@std@@V?$allocator@D@2@@std@@@1@$$QAV?$tuple@$$V@1@@Z 004199e0 f i log4z.obj
 0001:00018b50       ??$_Buynode@U?$pair@V?$basic_string@DU?$char_traits@D@std@@V?$allocator@D@2@@std@@ULoggerInfo@log4z@zsummer@@@std@@@?$_Tree_comp_alloc@V?$_Tmap_traits@V?$basic_string@DU?$char_traits@D@std@@V?$allocator@D@2@@std@@ULoggerInfo@log4z@zsummer@@U?$less@V?$basic_string@DU?$char_traits@D@std@@V?$allocator@D@2@@std@@@2@V?$allocator@U?$pair@$$CBV?$basic_string@DU?$char_traits@D@std@@V?$allocator@D@2@@std@@ULoggerInfo@log4z@zsummer@@@std@@@2@$0A@@std@@@std@@QAEPAU?$_Tree_node@U?$pair@$$CBV?$basic_string@DU?$char_traits@D@std@@V?$allocator@D@2@@std@@ULoggerInfo@log4z@zsummer@@@std@@PAX@1@$$QAU?$pair@V?$basic_string@DU?$char_traits@D@std@@V?$allocator@D@2@@std@@ULoggerInfo@log4z@zsummer@@@1@@Z 00419b50 f i log4z.obj
 0001:00018ca0       ??$_Buynode@U?$pair@_JV?$basic_string@DU?$char_traits@D@std@@V?$allocator@D@2@@std@@@std@@@?$_List_buy@U?$pair@_JV?$basic_string@DU?$char_traits@D@std@@V?$allocator@D@2@@std@@@std@@V?$allocator@U?$pair@_JV?$basic_string@DU?$char_traits@D@std@@V?$allocator@D@2@@std@@@std@@@2@@std@@QAEPAU?$_List_node@U?$pair@_JV?$basic_string@DU?$char_traits@D@std@@V?$allocator@D@2@@std@@@std@@PAX@1@PAU21@0$$QAU?$pair@_JV?$basic_string@DU?$char_traits@D@std@@V?$allocator@D@2@@std@@@1@@Z 00419ca0 f i log4z.obj
 0001:00018de0       ??$_Buynode_if_nil@AAU?$pair@$$CBV?$basic_string@DU?$char_traits@D@std@@V?$allocator@D@2@@std@@H@std@@@?$_Tree@V?$_Tmap_traits@V?$basic_string@DU?$char_traits@D@std@@V?$allocator@D@2@@std@@HU?$less@V?$basic_string@DU?$char_traits@D@std@@V?$allocator@D@2@@std@@@2@V?$allocator@U?$pair@$$CBV?$basic_string@DU?$char_traits@D@std@@V?$allocator@D@2@@std@@H@std@@@2@$0A@@std@@@std@@IAEPAU?$_Tree_node@U?$pair@$$CBV?$basic_string@DU?$char_traits@D@std@@V?$allocator@D@2@@std@@H@std@@PAX@1@PAU21@AAU?$pair@$$CBV?$basic_string@DU?$char_traits@D@std@@V?$allocator@D@2@@std@@H@1@@Z 00419de0 f i log4z.obj
 0001:00018e20       ??$_Buynode_if_nil@AAU?$pair@$$CBV?$basic_string@DU?$char_traits@D@std@@V?$allocator@D@2@@std@@ULoggerInfo@log4z@zsummer@@@std@@@?$_Tree@V?$_Tmap_traits@V?$basic_string@DU?$char_traits@D@std@@V?$allocator@D@2@@std@@ULoggerInfo@log4z@zsummer@@U?$less@V?$basic_string@DU?$char_traits@D@std@@V?$allocator@D@2@@std@@@2@V?$allocator@U?$pair@$$CBV?$basic_string@DU?$char_traits@D@std@@V?$allocator@D@2@@std@@ULoggerInfo@log4z@zsummer@@@std@@@2@$0A@@std@@@std@@IAEPAU?$_Tree_node@U?$pair@$$CBV?$basic_string@DU?$char_traits@D@std@@V?$allocator@D@2@@std@@ULoggerInfo@log4z@zsummer@@@std@@PAX@1@PAU21@AAU?$pair@$$CBV?$basic_string@DU?$char_traits@D@std@@V?$allocator@D@2@@std@@ULoggerInfo@log4z@zsummer@@@1@@Z 00419e20 f i log4z.obj
 0001:00018e60       ??$_Const_cast@$$CBD@std@@YA@PBD@Z 00419e60 f i log4z.obj
 0001:00018ea0       ??$_Copy_memmove@PAPAPAULogData@log4z@zsummer@@PAPAPAU123@@std@@YAPAPAPAULogData@log4z@zsummer@@PAPAPAU123@00@Z 00419ea0 f i log4z.obj
 0001:00018f30       ??$_Copy_memmove@PAPAULogData@log4z@zsummer@@PAPAU123@@std@@YAPAPAULogData@log4z@zsummer@@PAPAU123@00@Z 00419f30 f i log4z.obj
 0001:00018fc0       ??$_Debug_lt_pred@AAU?$less@V?$basic_string@DU?$char_traits@D@std@@V?$allocator@D@2@@std@@@std@@AAV?$basic_string@DU?$char_traits@D@std@@V?$allocator@D@2@@2@ABV32@@std@@YA_NAAU?$less@V?$basic_string@DU?$char_traits@D@std@@V?$allocator@D@2@@std@@@0@AAV?$basic_string@DU?$char_traits@D@std@@V?$allocator@D@2@@0@ABV20@PB_WI@Z 00419fc0 f i log4z.obj
 0001:000190a0       ??$_Debug_lt_pred@AAU?$less@V?$basic_string@DU?$char_traits@D@std@@V?$allocator@D@2@@std@@@std@@ABV?$basic_string@DU?$char_traits@D@std@@V?$allocator@D@2@@2@ABV32@@std@@YA_NAAU?$less@V?$basic_string@DU?$char_traits@D@std@@V?$allocator@D@2@@std@@@0@ABV?$basic_string@DU?$char_traits@D@std@@V?$allocator@D@2@@0@1PB_WI@Z 0041a0a0 f i log4z.obj
 0001:00019180       ??$_Debug_lt_pred@ABU?$less@V?$basic_string@DU?$char_traits@D@std@@V?$allocator@D@2@@std@@@std@@ABV?$basic_string@DU?$char_traits@D@std@@V?$allocator@D@2@@2@ABV32@@std@@YA_NABU?$less@V?$basic_string@DU?$char_traits@D@std@@V?$allocator@D@2@@std@@@0@ABV?$basic_string@DU?$char_traits@D@std@@V?$allocator@D@2@@0@1PB_WI@Z 0041a180 f i log4z.obj
 0001:00019260       ??$_Debug_pointer@$$CBD@std@@YAXPBDPB_WI@Z 0041a260 f i log4z.obj
 0001:000192d0       ??$_Debug_pointer@V?$_String_iterator@V?$_String_val@U?$_Simple_types@D@std@@@std@@@std@@@std@@YAXAAV?$_String_iterator@V?$_String_val@U?$_Simple_types@D@std@@@std@@@0@PB_WI@Z 0041a2d0 f i log4z.obj
 0001:00019300       ??$_Debug_pointer_if@$$A6AHH@Z@std@@YAX_NP6AHH@ZPB_WI@Z 0041a300 f i log4z.obj
 0001:00019380       ??$_Debug_pointer_if@$$CBD@std@@YAX_NPBDPB_WI@Z 0041a380 f i log4z.obj
 0001:00019400       ??$_Debug_range2@V?$_List_const_iterator@V?$_List_val@U?$_List_simple_types@U?$pair@_JV?$basic_string@DU?$char_traits@D@std@@V?$allocator@D@2@@std@@@std@@@std@@@std@@@std@@@std@@YAXV?$_List_const_iterator@V?$_List_val@U?$_List_simple_types@U?$pair@_JV?$basic_string@DU?$char_traits@D@std@@V?$allocator@D@2@@std@@@std@@@std@@@std@@@0@0PB_WIUinput_iterator_tag@0@@Z 0041a400 f i log4z.obj
 0001:000194b0       ??$_Debug_range@V?$_List_const_iterator@V?$_List_val@U?$_List_simple_types@U?$pair@_JV?$basic_string@DU?$char_traits@D@std@@V?$allocator@D@2@@std@@@std@@@std@@@std@@@std@@@std@@YAXV?$_List_const_iterator@V?$_List_val@U?$_List_simple_types@U?$pair@_JV?$basic_string@DU?$char_traits@D@std@@V?$allocator@D@2@@std@@@std@@@std@@@std@@@0@0PB_WI@Z 0041a4b0 f i log4z.obj
 0001:000195d0       ??$_Debug_range_ptr2@V?$_String_iterator@V?$_String_val@U?$_Simple_types@D@std@@@std@@@std@@V12@@std@@YAXV?$_String_iterator@V?$_String_val@U?$_Simple_types@D@std@@@std@@@0@0AAV10@PB_WIUrandom_access_iterator_tag@0@@Z 0041a5d0 f i log4z.obj
 0001:00019710       ??$_Debug_range_ptr@V?$_String_iterator@V?$_String_val@U?$_Simple_types@D@std@@@std@@@std@@V12@@std@@YAXV?$_String_iterator@V?$_String_val@U?$_Simple_types@D@std@@@std@@@0@0AAV10@PB_WI@Z 0041a710 f i log4z.obj
 0001:00019840       ??$_Destroy_range1@V?$allocator@PAPAULogData@log4z@zsummer@@@std@@PAPAPAULogData@log4z@zsummer@@@std@@YAXPAPAPAULogData@log4z@zsummer@@0AAU?$_Wrap_alloc@V?$allocator@PAPAULogData@log4z@zsummer@@@std@@@0@U?$integral_constant@_N$00@0@@Z 0041a840 f i log4z.obj
 0001:00019870       ??$_Destroy_range1@V?$allocator@PAULogData@log4z@zsummer@@@std@@PAPAULogData@log4z@zsummer@@@std@@YAXPAPAULogData@log4z@zsummer@@0AAU?$_Wrap_alloc@V?$allocator@PAULogData@log4z@zsummer@@@std@@@0@U?$integral_constant@_N$00@0@@Z 0041a870 f i log4z.obj
 0001:000198a0       ??$_Destroy_range@V?$allocator@PAPAULogData@log4z@zsummer@@@std@@PAPAPAULogData@log4z@zsummer@@@std@@YAXPAPAPAULogData@log4z@zsummer@@0AAU?$_Wrap_alloc@V?$allocator@PAPAULogData@log4z@zsummer@@@std@@@0@@Z 0041a8a0 f i log4z.obj
 0001:00019910       ??$_Destroy_range@V?$allocator@PAULogData@log4z@zsummer@@@std@@PAPAULogData@log4z@zsummer@@@std@@YAXPAPAULogData@log4z@zsummer@@0AAU?$_Wrap_alloc@V?$allocator@PAULogData@log4z@zsummer@@@std@@@0@@Z 0041a910 f i log4z.obj
 0001:00019980       ??$_Insert@ABU?$pair@_JV?$basic_string@DU?$char_traits@D@std@@V?$allocator@D@2@@std@@@std@@@?$list@U?$pair@_JV?$basic_string@DU?$char_traits@D@std@@V?$allocator@D@2@@std@@@std@@V?$allocator@U?$pair@_JV?$basic_string@DU?$char_traits@D@std@@V?$allocator@D@2@@std@@@std@@@2@@std@@QAEXV?$_List_unchecked_const_iterator@V?$_List_val@U?$_List_simple_types@U?$pair@_JV?$basic_string@DU?$char_traits@D@std@@V?$allocator@D@2@@std@@@std@@@std@@@std@@U_Iterator_base0@2@@1@ABU?$pair@_JV?$basic_string@DU?$char_traits@D@std@@V?$allocator@D@2@@std@@@1@@Z 0041a980 f i log4z.obj
 0001:00019a50       ??$_Insert@U?$pair@_JV?$basic_string@DU?$char_traits@D@std@@V?$allocator@D@2@@std@@@std@@@?$list@U?$pair@_JV?$basic_string@DU?$char_traits@D@std@@V?$allocator@D@2@@std@@@std@@V?$allocator@U?$pair@_JV?$basic_string@DU?$char_traits@D@std@@V?$allocator@D@2@@std@@@std@@@2@@std@@QAEXV?$_List_unchecked_const_iterator@V?$_List_val@U?$_List_simple_types@U?$pair@_JV?$basic_string@DU?$char_traits@D@std@@V?$allocator@D@2@@std@@@std@@@std@@@std@@U_Iterator_base0@2@@1@$$QAU?$pair@_JV?$basic_string@DU?$char_traits@D@std@@V?$allocator@D@2@@std@@@1@@Z 0041aa50 f i log4z.obj
 0001:00019b20       ??$_Insert_at@AAU?$pair@$$CBV?$basic_string@DU?$char_traits@D@std@@V?$allocator@D@2@@std@@H@std@@PAU?$_Tree_node@U?$pair@$$CBV?$basic_string@DU?$char_traits@D@std@@V?$allocator@D@2@@std@@H@std@@PAX@2@@?$_Tree@V?$_Tmap_traits@V?$basic_string@DU?$char_traits@D@std@@V?$allocator@D@2@@std@@HU?$less@V?$basic_string@DU?$char_traits@D@std@@V?$allocator@D@2@@std@@@2@V?$allocator@U?$pair@$$CBV?$basic_string@DU?$char_traits@D@std@@V?$allocator@D@2@@std@@H@std@@@2@$0A@@std@@@std@@IAE?AV?$_Tree_iterator@V?$_Tree_val@U?$_Tree_simple_types@U?$pair@$$CBV?$basic_string@DU?$char_traits@D@std@@V?$allocator@D@2@@std@@H@std@@@std@@@std@@@1@_NPAU?$_Tree_node@U?$pair@$$CBV?$basic_string@DU?$char_traits@D@std@@V?$allocator@D@2@@std@@H@std@@PAX@1@AAU?$pair@$$CBV?$basic_string@DU?$char_traits@D@std@@V?$allocator@D@2@@std@@H@1@1@Z 0041ab20 f i log4z.obj
 0001:0001a0e0       ??$_Insert_at@AAU?$pair@$$CBV?$basic_string@DU?$char_traits@D@std@@V?$allocator@D@2@@std@@ULoggerInfo@log4z@zsummer@@@std@@PAU?$_Tree_node@U?$pair@$$CBV?$basic_string@DU?$char_traits@D@std@@V?$allocator@D@2@@std@@ULoggerInfo@log4z@zsummer@@@std@@PAX@2@@?$_Tree@V?$_Tmap_traits@V?$basic_string@DU?$char_traits@D@std@@V?$allocator@D@2@@std@@ULoggerInfo@log4z@zsummer@@U?$less@V?$basic_string@DU?$char_traits@D@std@@V?$allocator@D@2@@std@@@2@V?$allocator@U?$pair@$$CBV?$basic_string@DU?$char_traits@D@std@@V?$allocator@D@2@@std@@ULoggerInfo@log4z@zsummer@@@std@@@2@$0A@@std@@@std@@IAE?AV?$_Tree_iterator@V?$_Tree_val@U?$_Tree_simple_types@U?$pair@$$CBV?$basic_string@DU?$char_traits@D@std@@V?$allocator@D@2@@std@@ULoggerInfo@log4z@zsummer@@@std@@@std@@@std@@@1@_NPAU?$_Tree_node@U?$pair@$$CBV?$basic_string@DU?$char_traits@D@std@@V?$allocator@D@2@@std@@ULoggerInfo@log4z@zsummer@@@std@@PAX@1@AAU?$pair@$$CBV?$basic_string@DU?$char_traits@D@std@@V?$allocator@D@2@@std@@ULoggerInfo@log4z@zsummer@@@1@1@Z 0041b0e0 f i log4z.obj
 0001:0001a6a0       ??$_Insert_hint@AAU?$pair@$$CBV?$basic_string@DU?$char_traits@D@std@@V?$allocator@D@2@@std@@H@std@@PAU?$_Tree_node@U?$pair@$$CBV?$basic_string@DU?$char_traits@D@std@@V?$allocator@D@2@@std@@H@std@@PAX@2@@?$_Tree@V?$_Tmap_traits@V?$basic_string@DU?$char_traits@D@std@@V?$allocator@D@2@@std@@HU?$less@V?$basic_string@DU?$char_traits@D@std@@V?$allocator@D@2@@std@@@2@V?$allocator@U?$pair@$$CBV?$basic_string@DU?$char_traits@D@std@@V?$allocator@D@2@@std@@H@std@@@2@$0A@@std@@@std@@IAE?AV?$_Tree_iterator@V?$_Tree_val@U?$_Tree_simple_types@U?$pair@$$CBV?$basic_string@DU?$char_traits@D@std@@V?$allocator@D@2@@std@@H@std@@@std@@@std@@@1@V?$_Tree_const_iterator@V?$_Tree_val@U?$_Tree_simple_types@U?$pair@$$CBV?$basic_string@DU?$char_traits@D@std@@V?$allocator@D@2@@std@@H@std@@@std@@@std@@@1@AAU?$pair@$$CBV?$basic_string@DU?$char_traits@D@std@@V?$allocator@D@2@@std@@H@1@PAU?$_Tree_node@U?$pair@$$CBV?$basic_string@DU?$char_traits@D@std@@V?$allocator@D@2@@std@@H@std@@PAX@1@@Z 0041b6a0 f i log4z.obj
 0001:0001bbf0       ??$_Insert_nohint@AAU?$pair@$$CBV?$basic_string@DU?$char_traits@D@std@@V?$allocator@D@2@@std@@H@std@@PAU?$_Tree_node@U?$pair@$$CBV?$basic_string@DU?$char_traits@D@std@@V?$allocator@D@2@@std@@H@std@@PAX@2@@?$_Tree@V?$_Tmap_traits@V?$basic_string@DU?$char_traits@D@std@@V?$allocator@D@2@@std@@HU?$less@V?$basic_string@DU?$char_traits@D@std@@V?$allocator@D@2@@std@@@2@V?$allocator@U?$pair@$$CBV?$basic_string@DU?$char_traits@D@std@@V?$allocator@D@2@@std@@H@std@@@2@$0A@@std@@@std@@IAE?AU?$pair@V?$_Tree_iterator@V?$_Tree_val@U?$_Tree_simple_types@U?$pair@$$CBV?$basic_string@DU?$char_traits@D@std@@V?$allocator@D@2@@std@@H@std@@@std@@@std@@@std@@_N@1@_NAAU?$pair@$$CBV?$basic_string@DU?$char_traits@D@std@@V?$allocator@D@2@@std@@H@1@PAU?$_Tree_node@U?$pair@$$CBV?$basic_string@DU?$char_traits@D@std@@V?$allocator@D@2@@std@@H@std@@PAX@1@@Z 0041cbf0 f i log4z.obj
 0001:0001c2c0       ??$_Insert_nohint@AAU?$pair@$$CBV?$basic_string@DU?$char_traits@D@std@@V?$allocator@D@2@@std@@ULoggerInfo@log4z@zsummer@@@std@@PAU?$_Tree_node@U?$pair@$$CBV?$basic_string@DU?$char_traits@D@std@@V?$allocator@D@2@@std@@ULoggerInfo@log4z@zsummer@@@std@@PAX@2@@?$_Tree@V?$_Tmap_traits@V?$basic_string@DU?$char_traits@D@std@@V?$allocator@D@2@@std@@ULoggerInfo@log4z@zsummer@@U?$less@V?$basic_string@DU?$char_traits@D@std@@V?$allocator@D@2@@std@@@2@V?$allocator@U?$pair@$$CBV?$basic_string@DU?$char_traits@D@std@@V?$allocator@D@2@@std@@ULoggerInfo@log4z@zsummer@@@std@@@2@$0A@@std@@@std@@IAE?AU?$pair@V?$_Tree_iterator@V?$_Tree_val@U?$_Tree_simple_types@U?$pair@$$CBV?$basic_string@DU?$char_traits@D@std@@V?$allocator@D@2@@std@@ULoggerInfo@log4z@zsummer@@@std@@@std@@@std@@@std@@_N@1@_NAAU?$pair@$$CBV?$basic_string@DU?$char_traits@D@std@@V?$allocator@D@2@@std@@ULoggerInfo@log4z@zsummer@@@1@PAU?$_Tree_node@U?$pair@$$CBV?$basic_string@DU?$char_traits@D@std@@V?$allocator@D@2@@std@@ULoggerInfo@log4z@zsummer@@@std@@PAX@1@@Z 0041d2c0 f i log4z.obj
 0001:0001c990       ??$_Insert_range@V?$_List_const_iterator@V?$_List_val@U?$_List_simple_types@U?$pair@_JV?$basic_string@DU?$char_traits@D@std@@V?$allocator@D@2@@std@@@std@@@std@@@std@@@std@@@?$list@U?$pair@_JV?$basic_string@DU?$char_traits@D@std@@V?$allocator@D@2@@std@@@std@@V?$allocator@U?$pair@_JV?$basic_string@DU?$char_traits@D@std@@V?$allocator@D@2@@std@@@std@@@2@@std@@QAEXV?$_List_unchecked_const_iterator@V?$_List_val@U?$_List_simple_types@U?$pair@_JV?$basic_string@DU?$char_traits@D@std@@V?$allocator@D@2@@std@@@std@@@std@@@std@@U_Iterator_base0@2@@1@V?$_List_const_iterator@V?$_List_val@U?$_List_simple_types@U?$pair@_JV?$basic_string@DU?$char_traits@D@std@@V?$allocator@D@2@@std@@@std@@@std@@@std@@@1@1Uforward_iterator_tag@1@@Z 0041d990 f i log4z.obj
 0001:0001cbf0       ??$_Is_checked@V?$_String_iterator@V?$_String_val@U?$_Simple_types@D@std@@@std@@@std@@@std@@YA?AU?$integral_constant@_N$00@0@V?$_String_iterator@V?$_String_val@U?$_Simple_types@D@std@@@std@@@0@@Z 0041dbf0 f i log4z.obj
 0001:0001cc60       ??$_Kfn@$$CBV?$basic_string@DU?$char_traits@D@std@@V?$allocator@D@2@@std@@H@?$_Tmap_traits@V?$basic_string@DU?$char_traits@D@std@@V?$allocator@D@2@@std@@HU?$less@V?$basic_string@DU?$char_traits@D@std@@V?$allocator@D@2@@std@@@2@V?$allocator@U?$pair@$$CBV?$basic_string@DU?$char_traits@D@std@@V?$allocator@D@2@@std@@H@std@@@2@$0A@@std@@SAABV?$basic_string@DU?$char_traits@D@std@@V?$allocator@D@2@@1@ABU?$pair@$$CBV?$basic_string@DU?$char_traits@D@std@@V?$allocator@D@2@@std@@H@1@@Z 0041dc60 f i log4z.obj
 0001:0001cca0       ??$_Kfn@$$CBV?$basic_string@DU?$char_traits@D@std@@V?$allocator@D@2@@std@@ULoggerInfo@log4z@zsummer@@@?$_Tmap_traits@V?$basic_string@DU?$char_traits@D@std@@V?$allocator@D@2@@std@@ULoggerInfo@log4z@zsummer@@U?$less@V?$basic_string@DU?$char_traits@D@std@@V?$allocator@D@2@@std@@@2@V?$allocator@U?$pair@$$CBV?$basic_string@DU?$char_traits@D@std@@V?$allocator@D@2@@std@@ULoggerInfo@log4z@zsummer@@@std@@@2@$0A@@std@@SAABV?$basic_string@DU?$char_traits@D@std@@V?$allocator@D@2@@1@ABU?$pair@$$CBV?$basic_string@DU?$char_traits@D@std@@V?$allocator@D@2@@std@@ULoggerInfo@log4z@zsummer@@@1@@Z 0041dca0 f i log4z.obj
 0001:0001cce0       ??$_Lbound@V?$basic_string@DU?$char_traits@D@std@@V?$allocator@D@2@@std@@@?$_Tree@V?$_Tmap_traits@V?$basic_string@DU?$char_traits@D@std@@V?$allocator@D@2@@std@@HU?$less@V?$basic_string@DU?$char_traits@D@std@@V?$allocator@D@2@@std@@@2@V?$allocator@U?$pair@$$CBV?$basic_string@DU?$char_traits@D@std@@V?$allocator@D@2@@std@@H@std@@@2@$0A@@std@@@std@@IBEPAU?$_Tree_node@U?$pair@$$CBV?$basic_string@DU?$char_traits@D@std@@V?$allocator@D@2@@std@@H@std@@PAX@1@ABV?$basic_string@DU?$char_traits@D@std@@V?$allocator@D@2@@1@@Z 0041dce0 f i log4z.obj
 0001:0001cdd0       ??$_Lbound@V?$basic_string@DU?$char_traits@D@std@@V?$allocator@D@2@@std@@@?$_Tree@V?$_Tmap_traits@V?$basic_string@DU?$char_traits@D@std@@V?$allocator@D@2@@std@@ULoggerInfo@log4z@zsummer@@U?$less@V?$basic_string@DU?$char_traits@D@std@@V?$allocator@D@2@@std@@@2@V?$allocator@U?$pair@$$CBV?$basic_string@DU?$char_traits@D@std@@V?$allocator@D@2@@std@@ULoggerInfo@log4z@zsummer@@@std@@@2@$0A@@std@@@std@@IBEPAU?$_Tree_node@U?$pair@$$CBV?$basic_string@DU?$char_traits@D@std@@V?$allocator@D@2@@std@@ULoggerInfo@log4z@zsummer@@@std@@PAX@1@ABV?$basic_string@DU?$char_traits@D@std@@V?$allocator@D@2@@1@@Z 0041ddd0 f i log4z.obj
 0001:0001cec0       ??$_Pocca@U?$_Wrap_alloc@V?$allocator@D@std@@@std@@@std@@YAXAAU?$_Wrap_alloc@V?$allocator@D@std@@@0@ABU10@@Z 0041dec0 f i log4z.obj
 0001:0001cf50       ??$_Pocca@U?$_Wrap_alloc@V?$allocator@D@std@@@std@@@std@@YAXAAU?$_Wrap_alloc@V?$allocator@D@std@@@0@ABU10@U?$integral_constant@_N$0A@@0@@Z 0041df50 f i log4z.obj
 0001:0001cf80       ??$_Pocma@U?$_Wrap_alloc@V?$allocator@D@std@@@std@@@std@@YAXAAU?$_Wrap_alloc@V?$allocator@D@std@@@0@0@Z 0041df80 f i log4z.obj
 0001:0001d010       ??$_Pocma@U?$_Wrap_alloc@V?$allocator@D@std@@@std@@@std@@YAXAAU?$_Wrap_alloc@V?$allocator@D@std@@@0@0U?$integral_constant@_N$00@0@@Z 0041e010 f i log4z.obj
 0001:0001d0a0       ??$_Pocs@U?$_Wrap_alloc@V?$allocator@PAULogData@log4z@zsummer@@@std@@@std@@@std@@YAXAAU?$_Wrap_alloc@V?$allocator@PAULogData@log4z@zsummer@@@std@@@0@0@Z 0041e0a0 f i log4z.obj
 0001:0001d130       ??$_Pocs@U?$_Wrap_alloc@V?$allocator@PAULogData@log4z@zsummer@@@std@@@std@@@std@@YAXAAU?$_Wrap_alloc@V?$allocator@PAULogData@log4z@zsummer@@@std@@@0@0U?$integral_constant@_N$0A@@0@@Z 0041e130 f i log4z.obj
 0001:0001d1f0       ??$_Ptr_copy_cat@PAPAULogData@log4z@zsummer@@PAPAU123@@std@@YA?AU_Really_trivial_ptr_iterator_tag@0@ABQAPAPAULogData@log4z@zsummer@@0@Z 0041e1f0 f i log4z.obj
 0001:0001d230       ??$_Ptr_move_cat@PAULogData@log4z@zsummer@@PAU123@@std@@YA?AU_Really_trivial_ptr_iterator_tag@0@ABQAPAULogData@log4z@zsummer@@0@Z 0041e230 f i log4z.obj
 0001:0001d270       ??$_Rechecked@PAPAPAULogData@log4z@zsummer@@PAPAPAU123@@std@@YAAAPAPAPAULogData@log4z@zsummer@@AAPAPAPAU123@PAPAPAU123@@Z 0041e270 f i log4z.obj
 0001:0001d2b0       ??$_Rechecked@PAPAULogData@log4z@zsummer@@PAPAU123@@std@@YAAAPAPAULogData@log4z@zsummer@@AAPAPAU123@PAPAU123@@Z 0041e2b0 f i log4z.obj
 0001:0001d2f0       ??$_Rechecked@V?$_String_val@U?$_Simple_types@D@std@@@std@@@std@@YA?AV?$_String_iterator@V?$_String_val@U?$_Simple_types@D@std@@@std@@@0@AAV10@PAD@Z 0041e2f0 f i log4z.obj
 0001:0001d370       ??$_Swap_adl@PAPAPAULogData@log4z@zsummer@@@std@@YAXAAPAPAPAULogData@log4z@zsummer@@0@Z 0041e370 f i log4z.obj
 0001:0001d3d0       ??$_Swap_adl@PAU?$_List_node@U?$pair@_JV?$basic_string@DU?$char_traits@D@std@@V?$allocator@D@2@@std@@@std@@PAX@std@@@std@@YAXAAPAU?$_List_node@U?$pair@_JV?$basic_string@DU?$char_traits@D@std@@V?$allocator@D@2@@std@@@std@@PAX@0@0@Z 0041e3d0 f i log4z.obj
 0001:0001d430       ??$_Transform_no_deprecate1@PADV?$_String_iterator@V?$_String_val@U?$_Simple_types@D@std@@@std@@@std@@P6AHH@Z@std@@YA?AV?$_String_iterator@V?$_String_val@U?$_Simple_types@D@std@@@std@@@0@PAD0V10@AAP6AHH@ZUrandom_access_iterator_tag@0@3@Z 0041e430 f i log4z.obj
 0001:0001d590       ??$_Transform_no_deprecate@V?$_String_iterator@V?$_String_val@U?$_Simple_types@D@std@@@std@@@std@@V12@P6AHH@Z@std@@YA?AV?$_String_iterator@V?$_String_val@U?$_Simple_types@D@std@@@std@@@0@V10@00AAP6AHH@Z@Z 0041e590 f i log4z.obj
 0001:0001d800       ??$_Transform_unchecked@PADPADP6AHH@Z@std@@YAPADPAD00AAP6AHH@Z@Z 0041e800 f i log4z.obj
 0001:0001d890       ??$_Try_emplace@ABV?$basic_string@DU?$char_traits@D@std@@V?$allocator@D@2@@std@@$$V@?$map@V?$basic_string@DU?$char_traits@D@std@@V?$allocator@D@2@@std@@HU?$less@V?$basic_string@DU?$char_traits@D@std@@V?$allocator@D@2@@std@@@2@V?$allocator@U?$pair@$$CBV?$basic_string@DU?$char_traits@D@std@@V?$allocator@D@2@@std@@H@std@@@2@@std@@QAE?AU?$pair@V?$_Tree_iterator@V?$_Tree_val@U?$_Tree_simple_types@U?$pair@$$CBV?$basic_string@DU?$char_traits@D@std@@V?$allocator@D@2@@std@@H@std@@@std@@@std@@@std@@_N@1@ABV?$basic_string@DU?$char_traits@D@std@@V?$allocator@D@2@@1@@Z 0041e890 f i log4z.obj
 0001:0001dbe0       ??$_Try_emplace@V?$basic_string@DU?$char_traits@D@std@@V?$allocator@D@2@@std@@$$V@?$map@V?$basic_string@DU?$char_traits@D@std@@V?$allocator@D@2@@std@@HU?$less@V?$basic_string@DU?$char_traits@D@std@@V?$allocator@D@2@@std@@@2@V?$allocator@U?$pair@$$CBV?$basic_string@DU?$char_traits@D@std@@V?$allocator@D@2@@std@@H@std@@@2@@std@@QAE?AU?$pair@V?$_Tree_iterator@V?$_Tree_val@U?$_Tree_simple_types@U?$pair@$$CBV?$basic_string@DU?$char_traits@D@std@@V?$allocator@D@2@@std@@H@std@@@std@@@std@@@std@@_N@1@$$QAV?$basic_string@DU?$char_traits@D@std@@V?$allocator@D@2@@1@@Z 0041ebe0 f i log4z.obj
 0001:0001df30       ??$_Umove@PAPAULogData@log4z@zsummer@@@?$vector@PAULogData@log4z@zsummer@@V?$allocator@PAULogData@log4z@zsummer@@@std@@@std@@IAEPAPAULogData@log4z@zsummer@@PAPAU234@00@Z 0041ef30 f i log4z.obj
 0001:0001dfa0       ??$_Unchecked@PAPAPAULogData@log4z@zsummer@@@std@@YAPAPAPAULogData@log4z@zsummer@@PAPAPAU123@@Z 0041efa0 f i log4z.obj
 0001:0001dfe0       ??$_Unchecked@PAPAULogData@log4z@zsummer@@@std@@YAPAPAULogData@log4z@zsummer@@PAPAU123@@Z 0041efe0 f i log4z.obj
 0001:0001e020       ??$_Unchecked@V?$_String_val@U?$_Simple_types@D@std@@@std@@@std@@YAPADV?$_String_iterator@V?$_String_val@U?$_Simple_types@D@std@@@std@@@0@@Z 0041f020 f i log4z.obj
 0001:0001e0d0       ??$_Unfancy@$$CBD@std@@YAPBDPBD@Z 0041f0d0 f i log4z.obj
 0001:0001e110       ??$_Unfancy@PAULogData@log4z@zsummer@@@std@@YAPAPAULogData@log4z@zsummer@@PAPAU123@@Z 0041f110 f i log4z.obj
 0001:0001e150       ??$_Unfancy@U_Container_proxy@std@@@std@@YAPAU_Container_proxy@0@PAU10@@Z 0041f150 f i log4z.obj
 0001:0001e190       ??$_Uninitialized_copy@PAPAPAULogData@log4z@zsummer@@PAPAPAU123@V?$allocator@PAPAULogData@log4z@zsummer@@@std@@@std@@YAPAPAPAULogData@log4z@zsummer@@PAPAPAU123@00AAU?$_Wrap_alloc@V?$allocator@PAPAULogData@log4z@zsummer@@@std@@@0@@Z 0041f190 f i log4z.obj
 0001:0001e230       ??$_Uninitialized_copy_al_unchecked1@PAPAULogData@log4z@zsummer@@PAPAU123@V?$allocator@PAPAULogData@log4z@zsummer@@@std@@@std@@YAPAPAPAULogData@log4z@zsummer@@PAPAPAU123@00AAU?$_Wrap_alloc@V?$allocator@PAPAULogData@log4z@zsummer@@@std@@@0@U_Really_trivial_ptr_iterator_tag@0@U?$integral_constant@_N$00@0@@Z 0041f230 f i log4z.obj
 0001:0001e290       ??$_Uninitialized_copy_al_unchecked@PAPAPAULogData@log4z@zsummer@@PAPAPAU123@V?$allocator@PAPAULogData@log4z@zsummer@@@std@@@std@@YAPAPAPAULogData@log4z@zsummer@@PAPAPAU123@00AAU?$_Wrap_alloc@V?$allocator@PAPAULogData@log4z@zsummer@@@std@@@0@@Z 0041f290 f i log4z.obj
 0001:0001e320       ??$_Uninitialized_default_fill_n1@PAPAPAULogData@log4z@zsummer@@IV?$allocator@PAPAULogData@log4z@zsummer@@@std@@@std@@YAXPAPAPAULogData@log4z@zsummer@@IAAU?$_Wrap_alloc@V?$allocator@PAPAULogData@log4z@zsummer@@@std@@@0@U?$integral_constant@_N$00@0@@Z 0041f320 f i log4z.obj
 0001:0001e380       ??$_Uninitialized_default_fill_n@PAPAPAULogData@log4z@zsummer@@IV?$allocator@PAPAULogData@log4z@zsummer@@@std@@@std@@YAXPAPAPAULogData@log4z@zsummer@@IAAU?$_Wrap_alloc@V?$allocator@PAPAULogData@log4z@zsummer@@@std@@@0@@Z 0041f380 f i log4z.obj
 0001:0001e3f0       ??$_Uninitialized_move@PAPAULogData@log4z@zsummer@@PAPAU123@V?$allocator@PAULogData@log4z@zsummer@@@std@@@std@@YAPAPAULogData@log4z@zsummer@@PAPAU123@00AAU?$_Wrap_alloc@V?$allocator@PAULogData@log4z@zsummer@@@std@@@0@@Z 0041f3f0 f i log4z.obj
 0001:0001e490       ??$_Uninitialized_move_al_unchecked1@PAULogData@log4z@zsummer@@PAU123@V?$allocator@PAULogData@log4z@zsummer@@@std@@@std@@YAPAPAULogData@log4z@zsummer@@PAPAU123@00AAU?$_Wrap_alloc@V?$allocator@PAULogData@log4z@zsummer@@@std@@@0@U_Really_trivial_ptr_iterator_tag@0@U?$integral_constant@_N$00@0@@Z 0041f490 f i log4z.obj
 0001:0001e4f0       ??$_Uninitialized_move_al_unchecked@PAPAULogData@log4z@zsummer@@PAPAU123@V?$allocator@PAULogData@log4z@zsummer@@@std@@@std@@YAPAPAULogData@log4z@zsummer@@PAPAU123@00AAU?$_Wrap_alloc@V?$allocator@PAULogData@log4z@zsummer@@@std@@@0@@Z 0041f4f0 f i log4z.obj
 0001:0001e580       ??$addressof@D@std@@YAPADAAD@Z 0041f580 f i log4z.obj
 0001:0001e5c0       ??$addressof@PAPAULogData@log4z@zsummer@@@std@@YAPAPAPAULogData@log4z@zsummer@@AAPAPAU123@@Z 0041f5c0 f i log4z.obj
 0001:0001e600       ??$addressof@PAU?$_List_node@U?$pair@_JV?$basic_string@DU?$char_traits@D@std@@V?$allocator@D@2@@std@@@std@@PAX@std@@@std@@YAPAPAU?$_List_node@U?$pair@_JV?$basic_string@DU?$char_traits@D@std@@V?$allocator@D@2@@std@@@std@@PAX@0@AAPAU10@@Z 0041f600 f i log4z.obj
 0001:0001e640       ??$addressof@PAU?$_Tree_node@U?$pair@$$CBV?$basic_string@DU?$char_traits@D@std@@V?$allocator@D@2@@std@@H@std@@PAX@std@@@std@@YAPAPAU?$_Tree_node@U?$pair@$$CBV?$basic_string@DU?$char_traits@D@std@@V?$allocator@D@2@@std@@H@std@@PAX@0@AAPAU10@@Z 0041f640 f i log4z.obj
 0001:0001e680       ??$addressof@PAU?$_Tree_node@U?$pair@$$CBV?$basic_string@DU?$char_traits@D@std@@V?$allocator@D@2@@std@@ULoggerInfo@log4z@zsummer@@@std@@PAX@std@@@std@@YAPAPAU?$_Tree_node@U?$pair@$$CBV?$basic_string@DU?$char_traits@D@std@@V?$allocator@D@2@@std@@ULoggerInfo@log4z@zsummer@@@std@@PAX@0@AAPAU10@@Z 0041f680 f i log4z.obj
 0001:0001e6c0       ??$addressof@QAULogData@log4z@zsummer@@@std@@YAPBQAULogData@log4z@zsummer@@ABQAU123@@Z 0041f6c0 f i log4z.obj
 0001:0001e700       ??$addressof@U?$pair@$$CBV?$basic_string@DU?$char_traits@D@std@@V?$allocator@D@2@@std@@H@std@@@std@@YAPAU?$pair@$$CBV?$basic_string@DU?$char_traits@D@std@@V?$allocator@D@2@@std@@H@0@AAU10@@Z 0041f700 f i log4z.obj
 0001:0001e740       ??$addressof@U?$pair@$$CBV?$basic_string@DU?$char_traits@D@std@@V?$allocator@D@2@@std@@ULoggerInfo@log4z@zsummer@@@std@@@std@@YAPAU?$pair@$$CBV?$basic_string@DU?$char_traits@D@std@@V?$allocator@D@2@@std@@ULoggerInfo@log4z@zsummer@@@0@AAU10@@Z 0041f740 f i log4z.obj
 0001:0001e780       ??$addressof@U?$pair@_JV?$basic_string@DU?$char_traits@D@std@@V?$allocator@D@2@@std@@@std@@@std@@YAPAU?$pair@_JV?$basic_string@DU?$char_traits@D@std@@V?$allocator@D@2@@std@@@0@AAU10@@Z 0041f780 f i log4z.obj
 0001:0001e7c0       ??$assign@V?$_String_iterator@V?$_String_val@U?$_Simple_types@D@std@@@std@@@std@@@?$basic_string@DU?$char_traits@D@std@@V?$allocator@D@2@@std@@QAEAAV01@V?$_String_iterator@V?$_String_val@U?$_Simple_types@D@std@@@std@@@1@0@Z 0041f7c0 f i log4z.obj
 0001:0001e9e0       ??$construct@PADAAPAD@?$_Wrap_alloc@V?$allocator@D@std@@@std@@QAEXPAPADAAPAD@Z 0041f9e0 f i log4z.obj
 0001:0001ea50       ??$construct@PADAAPAD@?$allocator@D@std@@QAEXPAPADAAPAD@Z 0041fa50 f i log4z.obj
 0001:0001eb00       ??$construct@PADAAPAD@?$allocator_traits@V?$allocator@D@std@@@std@@SAXAAV?$allocator@D@1@PAPADAAPAD@Z 0041fb00 f i log4z.obj
 0001:0001eb60       ??$construct@PAU?$_List_node@U?$pair@_JV?$basic_string@DU?$char_traits@D@std@@V?$allocator@D@2@@std@@@std@@PAX@std@@AAPAU12@@?$_Wrap_alloc@V?$allocator@U?$_List_node@U?$pair@_JV?$basic_string@DU?$char_traits@D@std@@V?$allocator@D@2@@std@@@std@@PAX@std@@@std@@@std@@QAEXPAPAU?$_List_node@U?$pair@_JV?$basic_string@DU?$char_traits@D@std@@V?$allocator@D@2@@std@@@std@@PAX@1@AAPAU21@@Z 0041fb60 f i log4z.obj
 0001:0001ebd0       ??$construct@PAU?$_List_node@U?$pair@_JV?$basic_string@DU?$char_traits@D@std@@V?$allocator@D@2@@std@@@std@@PAX@std@@AAPAU12@@?$allocator@U?$_List_node@U?$pair@_JV?$basic_string@DU?$char_traits@D@std@@V?$allocator@D@2@@std@@@std@@PAX@std@@@std@@QAEXPAPAU?$_List_node@U?$pair@_JV?$basic_string@DU?$char_traits@D@std@@V?$allocator@D@2@@std@@@std@@PAX@1@AAPAU21@@Z 0041fbd0 f i log4z.obj
 0001:0001ec80       ??$construct@PAU?$_List_node@U?$pair@_JV?$basic_string@DU?$char_traits@D@std@@V?$allocator@D@2@@std@@@std@@PAX@std@@AAPAU12@@?$allocator_traits@V?$allocator@U?$_List_node@U?$pair@_JV?$basic_string@DU?$char_traits@D@std@@V?$allocator@D@2@@std@@@std@@PAX@std@@@std@@@std@@SAXAAV?$allocator@U?$_List_node@U?$pair@_JV?$basic_string@DU?$char_traits@D@std@@V?$allocator@D@2@@std@@@std@@PAX@std@@@1@PAPAU?$_List_node@U?$pair@_JV?$basic_string@DU?$char_traits@D@std@@V?$allocator@D@2@@std@@@std@@PAX@1@AAPAU31@@Z 0041fc80 f i log4z.obj
 0001:0001ece0       ??$construct@PAU?$_Tree_node@U?$pair@$$CBV?$basic_string@DU?$char_traits@D@std@@V?$allocator@D@2@@std@@H@std@@PAX@std@@AAPAU12@@?$_Wrap_alloc@V?$allocator@U?$_Tree_node@U?$pair@$$CBV?$basic_string@DU?$char_traits@D@std@@V?$allocator@D@2@@std@@H@std@@PAX@std@@@std@@@std@@QAEXPAPAU?$_Tree_node@U?$pair@$$CBV?$basic_string@DU?$char_traits@D@std@@V?$allocator@D@2@@std@@H@std@@PAX@1@AAPAU21@@Z 0041fce0 f i log4z.obj
 0001:0001ed50       ??$construct@PAU?$_Tree_node@U?$pair@$$CBV?$basic_string@DU?$char_traits@D@std@@V?$allocator@D@2@@std@@H@std@@PAX@std@@AAPAU12@@?$allocator@U?$_Tree_node@U?$pair@$$CBV?$basic_string@DU?$char_traits@D@std@@V?$allocator@D@2@@std@@H@std@@PAX@std@@@std@@QAEXPAPAU?$_Tree_node@U?$pair@$$CBV?$basic_string@DU?$char_traits@D@std@@V?$allocator@D@2@@std@@H@std@@PAX@1@AAPAU21@@Z 0041fd50 f i log4z.obj
 0001:0001ee00       ??$construct@PAU?$_Tree_node@U?$pair@$$CBV?$basic_string@DU?$char_traits@D@std@@V?$allocator@D@2@@std@@H@std@@PAX@std@@AAPAU12@@?$allocator_traits@V?$allocator@U?$_Tree_node@U?$pair@$$CBV?$basic_string@DU?$char_traits@D@std@@V?$allocator@D@2@@std@@H@std@@PAX@std@@@std@@@std@@SAXAAV?$allocator@U?$_Tree_node@U?$pair@$$CBV?$basic_string@DU?$char_traits@D@std@@V?$allocator@D@2@@std@@H@std@@PAX@std@@@1@PAPAU?$_Tree_node@U?$pair@$$CBV?$basic_string@DU?$char_traits@D@std@@V?$allocator@D@2@@std@@H@std@@PAX@1@AAPAU31@@Z 0041fe00 f i log4z.obj
 0001:0001ee60       ??$construct@PAU?$_Tree_node@U?$pair@$$CBV?$basic_string@DU?$char_traits@D@std@@V?$allocator@D@2@@std@@ULoggerInfo@log4z@zsummer@@@std@@PAX@std@@AAPAU12@@?$_Wrap_alloc@V?$allocator@U?$_Tree_node@U?$pair@$$CBV?$basic_string@DU?$char_traits@D@std@@V?$allocator@D@2@@std@@ULoggerInfo@log4z@zsummer@@@std@@PAX@std@@@std@@@std@@QAEXPAPAU?$_Tree_node@U?$pair@$$CBV?$basic_string@DU?$char_traits@D@std@@V?$allocator@D@2@@std@@ULoggerInfo@log4z@zsummer@@@std@@PAX@1@AAPAU21@@Z 0041fe60 f i log4z.obj
 0001:0001eed0       ??$construct@PAU?$_Tree_node@U?$pair@$$CBV?$basic_string@DU?$char_traits@D@std@@V?$allocator@D@2@@std@@ULoggerInfo@log4z@zsummer@@@std@@PAX@std@@AAPAU12@@?$allocator@U?$_Tree_node@U?$pair@$$CBV?$basic_string@DU?$char_traits@D@std@@V?$allocator@D@2@@std@@ULoggerInfo@log4z@zsummer@@@std@@PAX@std@@@std@@QAEXPAPAU?$_Tree_node@U?$pair@$$CBV?$basic_string@DU?$char_traits@D@std@@V?$allocator@D@2@@std@@ULoggerInfo@log4z@zsummer@@@std@@PAX@1@AAPAU21@@Z 0041fed0 f i log4z.obj
 0001:0001ef80       ??$construct@PAU?$_Tree_node@U?$pair@$$CBV?$basic_string@DU?$char_traits@D@std@@V?$allocator@D@2@@std@@ULoggerInfo@log4z@zsummer@@@std@@PAX@std@@AAPAU12@@?$allocator_traits@V?$allocator@U?$_Tree_node@U?$pair@$$CBV?$basic_string@DU?$char_traits@D@std@@V?$allocator@D@2@@std@@ULoggerInfo@log4z@zsummer@@@std@@PAX@std@@@std@@@std@@SAXAAV?$allocator@U?$_Tree_node@U?$pair@$$CBV?$basic_string@DU?$char_traits@D@std@@V?$allocator@D@2@@std@@ULoggerInfo@log4z@zsummer@@@std@@PAX@std@@@1@PAPAU?$_Tree_node@U?$pair@$$CBV?$basic_string@DU?$char_traits@D@std@@V?$allocator@D@2@@std@@ULoggerInfo@log4z@zsummer@@@std@@PAX@1@AAPAU31@@Z 0041ff80 f i log4z.obj
 0001:0001efe0       ??$construct@PAULogData@log4z@zsummer@@AAPAU123@@?$_Wrap_alloc@V?$allocator@PAULogData@log4z@zsummer@@@std@@@std@@QAEXPAPAULogData@log4z@zsummer@@AAPAU234@@Z 0041ffe0 f i log4z.obj
 0001:0001f050       ??$construct@PAULogData@log4z@zsummer@@AAPAU123@@?$allocator@PAULogData@log4z@zsummer@@@std@@QAEXPAPAULogData@log4z@zsummer@@AAPAU234@@Z 00420050 f i log4z.obj
 0001:0001f100       ??$construct@PAULogData@log4z@zsummer@@AAPAU123@@?$allocator_traits@V?$allocator@PAULogData@log4z@zsummer@@@std@@@std@@SAXAAV?$allocator@PAULogData@log4z@zsummer@@@1@PAPAULogData@log4z@zsummer@@AAPAU345@@Z 00420100 f i log4z.obj
 0001:0001f160       ??$construct@PAULogData@log4z@zsummer@@ABQAU123@@?$_Wrap_alloc@V?$allocator@PAULogData@log4z@zsummer@@@std@@@std@@QAEXPAPAULogData@log4z@zsummer@@ABQAU234@@Z 00420160 f i log4z.obj
 0001:0001f1d0       ??$construct@PAULogData@log4z@zsummer@@ABQAU123@@?$allocator@PAULogData@log4z@zsummer@@@std@@QAEXPAPAULogData@log4z@zsummer@@ABQAU234@@Z 004201d0 f i log4z.obj
 0001:0001f280       ??$construct@PAULogData@log4z@zsummer@@ABQAU123@@?$allocator_traits@V?$allocator@PAULogData@log4z@zsummer@@@std@@@std@@SAXAAV?$allocator@PAULogData@log4z@zsummer@@@1@PAPAULogData@log4z@zsummer@@ABQAU345@@Z 00420280 f i log4z.obj
 0001:0001f2e0       ??$construct@U?$pair@$$CBV?$basic_string@DU?$char_traits@D@std@@V?$allocator@D@2@@std@@H@std@@ABUpiecewise_construct_t@2@V?$tuple@$$QAV?$basic_string@DU?$char_traits@D@std@@V?$allocator@D@2@@std@@@2@V?$tuple@$$V@2@@?$_Wrap_alloc@V?$allocator@U?$_Tree_node@U?$pair@$$CBV?$basic_string@DU?$char_traits@D@std@@V?$allocator@D@2@@std@@H@std@@PAX@std@@@std@@@std@@QAEXPAU?$pair@$$CBV?$basic_string@DU?$char_traits@D@std@@V?$allocator@D@2@@std@@H@1@ABUpiecewise_construct_t@1@$$QAV?$tuple@$$QAV?$basic_string@DU?$char_traits@D@std@@V?$allocator@D@2@@std@@@1@$$QAV?$tuple@$$V@1@@Z 004202e0 f i log4z.obj
 0001:0001f370       ??$construct@U?$pair@$$CBV?$basic_string@DU?$char_traits@D@std@@V?$allocator@D@2@@std@@H@std@@ABUpiecewise_construct_t@2@V?$tuple@$$QAV?$basic_string@DU?$char_traits@D@std@@V?$allocator@D@2@@std@@@2@V?$tuple@$$V@2@@?$allocator@U?$_Tree_node@U?$pair@$$CBV?$basic_string@DU?$char_traits@D@std@@V?$allocator@D@2@@std@@H@std@@PAX@std@@@std@@QAEXPAU?$pair@$$CBV?$basic_string@DU?$char_traits@D@std@@V?$allocator@D@2@@std@@H@1@ABUpiecewise_construct_t@1@$$QAV?$tuple@$$QAV?$basic_string@DU?$char_traits@D@std@@V?$allocator@D@2@@std@@@1@$$QAV?$tuple@$$V@1@@Z 00420370 f i log4z.obj
 0001:0001f4b0       ??$construct@U?$pair@$$CBV?$basic_string@DU?$char_traits@D@std@@V?$allocator@D@2@@std@@H@std@@ABUpiecewise_construct_t@2@V?$tuple@$$QAV?$basic_string@DU?$char_traits@D@std@@V?$allocator@D@2@@std@@@2@V?$tuple@$$V@2@@?$allocator_traits@V?$allocator@U?$_Tree_node@U?$pair@$$CBV?$basic_string@DU?$char_traits@D@std@@V?$allocator@D@2@@std@@H@std@@PAX@std@@@std@@@std@@SAXAAV?$allocator@U?$_Tree_node@U?$pair@$$CBV?$basic_string@DU?$char_traits@D@std@@V?$allocator@D@2@@std@@H@std@@PAX@std@@@1@PAU?$pair@$$CBV?$basic_string@DU?$char_traits@D@std@@V?$allocator@D@2@@std@@H@1@ABUpiecewise_construct_t@1@$$QAV?$tuple@$$QAV?$basic_string@DU?$char_traits@D@std@@V?$allocator@D@2@@std@@@1@$$QAV?$tuple@$$V@1@@Z 004204b0 f i log4z.obj
 0001:0001f530       ??$construct@U?$pair@$$CBV?$basic_string@DU?$char_traits@D@std@@V?$allocator@D@2@@std@@H@std@@ABUpiecewise_construct_t@2@V?$tuple@ABV?$basic_string@DU?$char_traits@D@std@@V?$allocator@D@2@@std@@@2@V?$tuple@$$V@2@@?$_Wrap_alloc@V?$allocator@U?$_Tree_node@U?$pair@$$CBV?$basic_string@DU?$char_traits@D@std@@V?$allocator@D@2@@std@@H@std@@PAX@std@@@std@@@std@@QAEXPAU?$pair@$$CBV?$basic_string@DU?$char_traits@D@std@@V?$allocator@D@2@@std@@H@1@ABUpiecewise_construct_t@1@$$QAV?$tuple@ABV?$basic_string@DU?$char_traits@D@std@@V?$allocator@D@2@@std@@@1@$$QAV?$tuple@$$V@1@@Z 00420530 f i log4z.obj
 0001:0001f5c0       ??$construct@U?$pair@$$CBV?$basic_string@DU?$char_traits@D@std@@V?$allocator@D@2@@std@@H@std@@ABUpiecewise_construct_t@2@V?$tuple@ABV?$basic_string@DU?$char_traits@D@std@@V?$allocator@D@2@@std@@@2@V?$tuple@$$V@2@@?$allocator@U?$_Tree_node@U?$pair@$$CBV?$basic_string@DU?$char_traits@D@std@@V?$allocator@D@2@@std@@H@std@@PAX@std@@@std@@QAEXPAU?$pair@$$CBV?$basic_string@DU?$char_traits@D@std@@V?$allocator@D@2@@std@@H@1@ABUpiecewise_construct_t@1@$$QAV?$tuple@ABV?$basic_string@DU?$char_traits@D@std@@V?$allocator@D@2@@std@@@1@$$QAV?$tuple@$$V@1@@Z 004205c0 f i log4z.obj
 0001:0001f700       ??$construct@U?$pair@$$CBV?$basic_string@DU?$char_traits@D@std@@V?$allocator@D@2@@std@@H@std@@ABUpiecewise_construct_t@2@V?$tuple@ABV?$basic_string@DU?$char_traits@D@std@@V?$allocator@D@2@@std@@@2@V?$tuple@$$V@2@@?$allocator_traits@V?$allocator@U?$_Tree_node@U?$pair@$$CBV?$basic_string@DU?$char_traits@D@std@@V?$allocator@D@2@@std@@H@std@@PAX@std@@@std@@@std@@SAXAAV?$allocator@U?$_Tree_node@U?$pair@$$CBV?$basic_string@DU?$char_traits@D@std@@V?$allocator@D@2@@std@@H@std@@PAX@std@@@1@PAU?$pair@$$CBV?$basic_string@DU?$char_traits@D@std@@V?$allocator@D@2@@std@@H@1@ABUpiecewise_construct_t@1@$$QAV?$tuple@ABV?$basic_string@DU?$char_traits@D@std@@V?$allocator@D@2@@std@@@1@$$QAV?$tuple@$$V@1@@Z 00420700 f i log4z.obj
 0001:0001f780       ??$construct@U?$pair@$$CBV?$basic_string@DU?$char_traits@D@std@@V?$allocator@D@2@@std@@ULoggerInfo@log4z@zsummer@@@std@@U?$pair@V?$basic_string@DU?$char_traits@D@std@@V?$allocator@D@2@@std@@ULoggerInfo@log4z@zsummer@@@2@@?$_Wrap_alloc@V?$allocator@U?$_Tree_node@U?$pair@$$CBV?$basic_string@DU?$char_traits@D@std@@V?$allocator@D@2@@std@@ULoggerInfo@log4z@zsummer@@@std@@PAX@std@@@std@@@std@@QAEXPAU?$pair@$$CBV?$basic_string@DU?$char_traits@D@std@@V?$allocator@D@2@@std@@ULoggerInfo@log4z@zsummer@@@1@$$QAU?$pair@V?$basic_string@DU?$char_traits@D@std@@V?$allocator@D@2@@std@@ULoggerInfo@log4z@zsummer@@@1@@Z 00420780 f i log4z.obj
 0001:0001f7f0       ??$construct@U?$pair@$$CBV?$basic_string@DU?$char_traits@D@std@@V?$allocator@D@2@@std@@ULoggerInfo@log4z@zsummer@@@std@@U?$pair@V?$basic_string@DU?$char_traits@D@std@@V?$allocator@D@2@@std@@ULoggerInfo@log4z@zsummer@@@2@@?$allocator@U?$_Tree_node@U?$pair@$$CBV?$basic_string@DU?$char_traits@D@std@@V?$allocator@D@2@@std@@ULoggerInfo@log4z@zsummer@@@std@@PAX@std@@@std@@QAEXPAU?$pair@$$CBV?$basic_string@DU?$char_traits@D@std@@V?$allocator@D@2@@std@@ULoggerInfo@log4z@zsummer@@@1@$$QAU?$pair@V?$basic_string@DU?$char_traits@D@std@@V?$allocator@D@2@@std@@ULoggerInfo@log4z@zsummer@@@1@@Z 004207f0 f i log4z.obj
 0001:0001f8f0       ??$construct@U?$pair@$$CBV?$basic_string@DU?$char_traits@D@std@@V?$allocator@D@2@@std@@ULoggerInfo@log4z@zsummer@@@std@@U?$pair@V?$basic_string@DU?$char_traits@D@std@@V?$allocator@D@2@@std@@ULoggerInfo@log4z@zsummer@@@2@@?$allocator_traits@V?$allocator@U?$_Tree_node@U?$pair@$$CBV?$basic_string@DU?$char_traits@D@std@@V?$allocator@D@2@@std@@ULoggerInfo@log4z@zsummer@@@std@@PAX@std@@@std@@@std@@SAXAAV?$allocator@U?$_Tree_node@U?$pair@$$CBV?$basic_string@DU?$char_traits@D@std@@V?$allocator@D@2@@std@@ULoggerInfo@log4z@zsummer@@@std@@PAX@std@@@1@PAU?$pair@$$CBV?$basic_string@DU?$char_traits@D@std@@V?$allocator@D@2@@std@@ULoggerInfo@log4z@zsummer@@@1@$$QAU?$pair@V?$basic_string@DU?$char_traits@D@std@@V?$allocator@D@2@@std@@ULoggerInfo@log4z@zsummer@@@1@@Z 004208f0 f i log4z.obj
 0001:0001f950       ??$construct@U?$pair@_JV?$basic_string@DU?$char_traits@D@std@@V?$allocator@D@2@@std@@@std@@ABU12@@?$_Wrap_alloc@V?$allocator@U?$_List_node@U?$pair@_JV?$basic_string@DU?$char_traits@D@std@@V?$allocator@D@2@@std@@@std@@PAX@std@@@std@@@std@@QAEXPAU?$pair@_JV?$basic_string@DU?$char_traits@D@std@@V?$allocator@D@2@@std@@@1@ABU21@@Z 00420950 f i log4z.obj
 0001:0001f9c0       ??$construct@U?$pair@_JV?$basic_string@DU?$char_traits@D@std@@V?$allocator@D@2@@std@@@std@@ABU12@@?$allocator@U?$_List_node@U?$pair@_JV?$basic_string@DU?$char_traits@D@std@@V?$allocator@D@2@@std@@@std@@PAX@std@@@std@@QAEXPAU?$pair@_JV?$basic_string@DU?$char_traits@D@std@@V?$allocator@D@2@@std@@@1@ABU21@@Z 004209c0 f i log4z.obj
 0001:0001fac0       ??$construct@U?$pair@_JV?$basic_string@DU?$char_traits@D@std@@V?$allocator@D@2@@std@@@std@@ABU12@@?$allocator_traits@V?$allocator@U?$_List_node@U?$pair@_JV?$basic_string@DU?$char_traits@D@std@@V?$allocator@D@2@@std@@@std@@PAX@std@@@std@@@std@@SAXAAV?$allocator@U?$_List_node@U?$pair@_JV?$basic_string@DU?$char_traits@D@std@@V?$allocator@D@2@@std@@@std@@PAX@std@@@1@PAU?$pair@_JV?$basic_string@DU?$char_traits@D@std@@V?$allocator@D@2@@std@@@1@ABU31@@Z 00420ac0 f i log4z.obj
 0001:0001fb20       ??$construct@U?$pair@_JV?$basic_string@DU?$char_traits@D@std@@V?$allocator@D@2@@std@@@std@@U12@@?$_Wrap_alloc@V?$allocator@U?$_List_node@U?$pair@_JV?$basic_string@DU?$char_traits@D@std@@V?$allocator@D@2@@std@@@std@@PAX@std@@@std@@@std@@QAEXPAU?$pair@_JV?$basic_string@DU?$char_traits@D@std@@V?$allocator@D@2@@std@@@1@$$QAU21@@Z 00420b20 f i log4z.obj
 0001:0001fb90       ??$construct@U?$pair@_JV?$basic_string@DU?$char_traits@D@std@@V?$allocator@D@2@@std@@@std@@U12@@?$allocator@U?$_List_node@U?$pair@_JV?$basic_string@DU?$char_traits@D@std@@V?$allocator@D@2@@std@@@std@@PAX@std@@@std@@QAEXPAU?$pair@_JV?$basic_string@DU?$char_traits@D@std@@V?$allocator@D@2@@std@@@1@$$QAU21@@Z 00420b90 f i log4z.obj
 0001:0001fc30       ??$construct@U?$pair@_JV?$basic_string@DU?$char_traits@D@std@@V?$allocator@D@2@@std@@@std@@U12@@?$allocator_traits@V?$allocator@U?$_List_node@U?$pair@_JV?$basic_string@DU?$char_traits@D@std@@V?$allocator@D@2@@std@@@std@@PAX@std@@@std@@@std@@SAXAAV?$allocator@U?$_List_node@U?$pair@_JV?$basic_string@DU?$char_traits@D@std@@V?$allocator@D@2@@std@@@std@@PAX@std@@@1@PAU?$pair@_JV?$basic_string@DU?$char_traits@D@std@@V?$allocator@D@2@@std@@@1@$$QAU31@@Z 00420c30 f i log4z.obj
 0001:0001fc90       ??$construct@U_Container_proxy@std@@U12@@?$_Wrap_alloc@V?$allocator@U_Container_proxy@std@@@std@@@std@@QAEXPAU_Container_proxy@1@$$QAU21@@Z 00420c90 f i log4z.obj
 0001:0001fd00       ??$construct@U_Container_proxy@std@@U12@@?$allocator@U_Container_proxy@std@@@std@@QAEXPAU_Container_proxy@1@$$QAU21@@Z 00420d00 f i log4z.obj
 0001:0001fdb0       ??$construct@U_Container_proxy@std@@U12@@?$allocator_traits@V?$allocator@U_Container_proxy@std@@@std@@@std@@SAXAAV?$allocator@U_Container_proxy@std@@@1@PAU_Container_proxy@1@$$QAU31@@Z 00420db0 f i log4z.obj
 0001:0001fe10       ??$destroy@PAPAULogData@log4z@zsummer@@@?$_Wrap_alloc@V?$allocator@PAULogData@log4z@zsummer@@@std@@@std@@QAEXPAPAPAULogData@log4z@zsummer@@@Z 00420e10 f i log4z.obj
 0001:0001fe70       ??$destroy@PAPAULogData@log4z@zsummer@@@?$allocator@PAULogData@log4z@zsummer@@@std@@QAEXPAPAPAULogData@log4z@zsummer@@@Z 00420e70 f i log4z.obj
 0001:0001feb0       ??$destroy@PAPAULogData@log4z@zsummer@@@?$allocator_traits@V?$allocator@PAULogData@log4z@zsummer@@@std@@@std@@SAXAAV?$allocator@PAULogData@log4z@zsummer@@@1@PAPAPAULogData@log4z@zsummer@@@Z 00420eb0 f i log4z.obj
 0001:0001ff00       ??$destroy@PAU?$_List_node@U?$pair@_JV?$basic_string@DU?$char_traits@D@std@@V?$allocator@D@2@@std@@@std@@PAX@std@@@?$_Wrap_alloc@V?$allocator@U?$_List_node@U?$pair@_JV?$basic_string@DU?$char_traits@D@std@@V?$allocator@D@2@@std@@@std@@PAX@std@@@std@@@std@@QAEXPAPAU?$_List_node@U?$pair@_JV?$basic_string@DU?$char_traits@D@std@@V?$allocator@D@2@@std@@@std@@PAX@1@@Z 00420f00 f i log4z.obj
 0001:0001ff60       ??$destroy@PAU?$_List_node@U?$pair@_JV?$basic_string@DU?$char_traits@D@std@@V?$allocator@D@2@@std@@@std@@PAX@std@@@?$allocator@U?$_List_node@U?$pair@_JV?$basic_string@DU?$char_traits@D@std@@V?$allocator@D@2@@std@@@std@@PAX@std@@@std@@QAEXPAPAU?$_List_node@U?$pair@_JV?$basic_string@DU?$char_traits@D@std@@V?$allocator@D@2@@std@@@std@@PAX@1@@Z 00420f60 f i log4z.obj
 0001:0001ffa0       ??$destroy@PAU?$_List_node@U?$pair@_JV?$basic_string@DU?$char_traits@D@std@@V?$allocator@D@2@@std@@@std@@PAX@std@@@?$allocator_traits@V?$allocator@U?$_List_node@U?$pair@_JV?$basic_string@DU?$char_traits@D@std@@V?$allocator@D@2@@std@@@std@@PAX@std@@@std@@@std@@SAXAAV?$allocator@U?$_List_node@U?$pair@_JV?$basic_string@DU?$char_traits@D@std@@V?$allocator@D@2@@std@@@std@@PAX@std@@@1@PAPAU?$_List_node@U?$pair@_JV?$basic_string@DU?$char_traits@D@std@@V?$allocator@D@2@@std@@@std@@PAX@1@@Z 00420fa0 f i log4z.obj
 0001:0001fff0       ??$destroy@PAU?$_Tree_node@U?$pair@$$CBV?$basic_string@DU?$char_traits@D@std@@V?$allocator@D@2@@std@@H@std@@PAX@std@@@?$_Wrap_alloc@V?$allocator@U?$_Tree_node@U?$pair@$$CBV?$basic_string@DU?$char_traits@D@std@@V?$allocator@D@2@@std@@H@std@@PAX@std@@@std@@@std@@QAEXPAPAU?$_Tree_node@U?$pair@$$CBV?$basic_string@DU?$char_traits@D@std@@V?$allocator@D@2@@std@@H@std@@PAX@1@@Z 00420ff0 f i log4z.obj
 0001:00020050       ??$destroy@PAU?$_Tree_node@U?$pair@$$CBV?$basic_string@DU?$char_traits@D@std@@V?$allocator@D@2@@std@@H@std@@PAX@std@@@?$allocator@U?$_Tree_node@U?$pair@$$CBV?$basic_string@DU?$char_traits@D@std@@V?$allocator@D@2@@std@@H@std@@PAX@std@@@std@@QAEXPAPAU?$_Tree_node@U?$pair@$$CBV?$basic_string@DU?$char_traits@D@std@@V?$allocator@D@2@@std@@H@std@@PAX@1@@Z 00421050 f i log4z.obj
 0001:00020090       ??$destroy@PAU?$_Tree_node@U?$pair@$$CBV?$basic_string@DU?$char_traits@D@std@@V?$allocator@D@2@@std@@H@std@@PAX@std@@@?$allocator_traits@V?$allocator@U?$_Tree_node@U?$pair@$$CBV?$basic_string@DU?$char_traits@D@std@@V?$allocator@D@2@@std@@H@std@@PAX@std@@@std@@@std@@SAXAAV?$allocator@U?$_Tree_node@U?$pair@$$CBV?$basic_string@DU?$char_traits@D@std@@V?$allocator@D@2@@std@@H@std@@PAX@std@@@1@PAPAU?$_Tree_node@U?$pair@$$CBV?$basic_string@DU?$char_traits@D@std@@V?$allocator@D@2@@std@@H@std@@PAX@1@@Z 00421090 f i log4z.obj
 0001:000200e0       ??$destroy@PAU?$_Tree_node@U?$pair@$$CBV?$basic_string@DU?$char_traits@D@std@@V?$allocator@D@2@@std@@ULoggerInfo@log4z@zsummer@@@std@@PAX@std@@@?$_Wrap_alloc@V?$allocator@U?$_Tree_node@U?$pair@$$CBV?$basic_string@DU?$char_traits@D@std@@V?$allocator@D@2@@std@@ULoggerInfo@log4z@zsummer@@@std@@PAX@std@@@std@@@std@@QAEXPAPAU?$_Tree_node@U?$pair@$$CBV?$basic_string@DU?$char_traits@D@std@@V?$allocator@D@2@@std@@ULoggerInfo@log4z@zsummer@@@std@@PAX@1@@Z 004210e0 f i log4z.obj
 0001:00020140       ??$destroy@PAU?$_Tree_node@U?$pair@$$CBV?$basic_string@DU?$char_traits@D@std@@V?$allocator@D@2@@std@@ULoggerInfo@log4z@zsummer@@@std@@PAX@std@@@?$allocator@U?$_Tree_node@U?$pair@$$CBV?$basic_string@DU?$char_traits@D@std@@V?$allocator@D@2@@std@@ULoggerInfo@log4z@zsummer@@@std@@PAX@std@@@std@@QAEXPAPAU?$_Tree_node@U?$pair@$$CBV?$basic_string@DU?$char_traits@D@std@@V?$allocator@D@2@@std@@ULoggerInfo@log4z@zsummer@@@std@@PAX@1@@Z 00421140 f i log4z.obj
 0001:00020180       ??$destroy@PAU?$_Tree_node@U?$pair@$$CBV?$basic_string@DU?$char_traits@D@std@@V?$allocator@D@2@@std@@ULoggerInfo@log4z@zsummer@@@std@@PAX@std@@@?$allocator_traits@V?$allocator@U?$_Tree_node@U?$pair@$$CBV?$basic_string@DU?$char_traits@D@std@@V?$allocator@D@2@@std@@ULoggerInfo@log4z@zsummer@@@std@@PAX@std@@@std@@@std@@SAXAAV?$allocator@U?$_Tree_node@U?$pair@$$CBV?$basic_string@DU?$char_traits@D@std@@V?$allocator@D@2@@std@@ULoggerInfo@log4z@zsummer@@@std@@PAX@std@@@1@PAPAU?$_Tree_node@U?$pair@$$CBV?$basic_string@DU?$char_traits@D@std@@V?$allocator@D@2@@std@@ULoggerInfo@log4z@zsummer@@@std@@PAX@1@@Z 00421180 f i log4z.obj
 0001:000201d0       ??$destroy@PAULogData@log4z@zsummer@@@?$_Wrap_alloc@V?$allocator@PAULogData@log4z@zsummer@@@std@@@std@@QAEXPAPAULogData@log4z@zsummer@@@Z 004211d0 f i log4z.obj
 0001:00020230       ??$destroy@PAULogData@log4z@zsummer@@@?$allocator@PAULogData@log4z@zsummer@@@std@@QAEXPAPAULogData@log4z@zsummer@@@Z 00421230 f i log4z.obj
 0001:00020270       ??$destroy@PAULogData@log4z@zsummer@@@?$allocator_traits@V?$allocator@PAULogData@log4z@zsummer@@@std@@@std@@SAXAAV?$allocator@PAULogData@log4z@zsummer@@@1@PAPAULogData@log4z@zsummer@@@Z 00421270 f i log4z.obj
 0001:000202c0       ??$destroy@U?$pair@$$CBV?$basic_string@DU?$char_traits@D@std@@V?$allocator@D@2@@std@@H@std@@@?$_Wrap_alloc@V?$allocator@U?$_Tree_node@U?$pair@$$CBV?$basic_string@DU?$char_traits@D@std@@V?$allocator@D@2@@std@@H@std@@PAX@std@@@std@@@std@@QAEXPAU?$pair@$$CBV?$basic_string@DU?$char_traits@D@std@@V?$allocator@D@2@@std@@H@1@@Z 004212c0 f i log4z.obj
 0001:00020320       ??$destroy@U?$pair@$$CBV?$basic_string@DU?$char_traits@D@std@@V?$allocator@D@2@@std@@H@std@@@?$allocator@U?$_Tree_node@U?$pair@$$CBV?$basic_string@DU?$char_traits@D@std@@V?$allocator@D@2@@std@@H@std@@PAX@std@@@std@@QAEXPAU?$pair@$$CBV?$basic_string@DU?$char_traits@D@std@@V?$allocator@D@2@@std@@H@1@@Z 00421320 f i log4z.obj
[...]
 0004:000007a0       __imp_?get_accValue@CWnd@@UAEJUtagVARIANT@@PAPA_W@Z 004937a0     mfc140d:mfc140d.dll
 0004:000007a4       __imp_?get_accName@CWnd@@UAEJUtagVARIANT@@PAPA_W@Z 004937a4     mfc140d:mfc140d.dll
 0004:000007a8       __imp_?get_accChild@CWnd@@UAEJUtagVARIANT@@PAPAUIDispatch@@@Z 004937a8     mfc140d:mfc140d.dll
 0004:000007ac       __imp_?get_accChildCount@CWnd@@UAEJPAJ@Z 004937ac     mfc140d:mfc140d.dll
 0004:000007b0       __imp_?get_accParent@CWnd@@UAEJPAPAUIDispatch@@@Z 004937b0     mfc140d:mfc140d.dll
 0004:000007b4       __imp_?EnsureStdObj@CWnd@@UAEJXZ 004937b4     mfc140d:mfc140d.dll
 0004:000007b8       __imp_?GetInterfaceMap@CWnd@@MBEPBUAFX_INTERFACEMAP@@XZ 004937b8     mfc140d:mfc140d.dll
 0004:000007bc       __imp_?OnDrawIconicThumbnailOrLivePreview@CWnd@@UAEXAAVCDC@@VCRect@@VCSize@@HAAH@Z 004937bc     mfc140d:mfc140d.dll
 0004:000007c0       __imp_?EndModalLoop@CWnd@@UAEXH@Z 004937c0     mfc140d:mfc140d.dll
 0004:000007c4       __imp_?ContinueModal@CWnd@@UAEHXZ 004937c4     mfc140d:mfc140d.dll
 0004:000007c8       __imp_?WinHelpInternal@CWnd@@UAEXKI@Z 004937c8     mfc140d:mfc140d.dll
 0004:000007cc       __imp_?HtmlHelpA@CWnd@@UAEXKI@Z 004937cc     mfc140d:mfc140d.dll
 0004:000007d0       __imp_?WinHelpA@CWnd@@UAEXKI@Z 004937d0     mfc140d:mfc140d.dll
 0004:000007d4       __imp_?GetScrollBarCtrl@CWnd@@UBEPAVCScrollBar@@H@Z 004937d4     mfc140d:mfc140d.dll
 0004:000007d8       __imp_?OnToolHitTest@CWnd@@UBEHVCPoint@@PAUtagTOOLINFOA@@@Z 004937d8     mfc140d:mfc140d.dll
 0004:000007dc       __imp_?SetMenu@CWnd@@UAEHPAVCMenu@@@Z 004937dc     mfc140d:mfc140d.dll
 0004:000007e0       __imp_?GetMenu@CWnd@@UBEPAVCMenu@@XZ 004937e0     mfc140d:mfc140d.dll
 0004:000007e4       __imp_?GetWindowTextA@CWnd@@QBEXAAV?$CStringT@DV?$StrTraitMFC_DLL@DV?$ChTraitsCRT@D@ATL@@@@@ATL@@@Z 004937e4     mfc140d:mfc140d.dll
 0004:000007e8       __imp_?GetDlgItem@CWnd@@QBEPAV1@H@Z 004937e8     mfc140d:mfc140d.dll
 0004:000007ec       __imp_?CalcWindowRect@CWnd@@UAEXPAUtagRECT@@I@Z 004937ec     mfc140d:mfc140d.dll
 0004:000007f0       __imp_?PreCreateWindow@CWnd@@UAEHAAUtagCREATESTRUCTA@@@Z 004937f0     mfc140d:mfc140d.dll
 0004:000007f4       __imp_?DestroyWindow@CWnd@@UAEHXZ 004937f4     mfc140d:mfc140d.dll
 0004:000007f8       __imp_?CreateEx@CWnd@@UAEHKPBD0KABUtagRECT@@PAV1@IPAX@Z 004937f8     mfc140d:mfc140d.dll
 0004:000007fc       __imp_?CreateEx@CWnd@@UAEHKPBD0KHHHHPAUHWND__@@PAUHMENU__@@PAX@Z 004937fc     mfc140d:mfc140d.dll
 0004:00000800       __imp_?Create@CWnd@@UAEHPBD0KABUtagRECT@@PAV1@IPAUCCreateContext@@@Z 00493800     mfc140d:mfc140d.dll
 0004:00000804       __imp_?PreSubclassWindow@CWnd@@UAEXXZ 00493804     mfc140d:mfc140d.dll
 0004:00000808       __imp_?GetConnectionHook@CCmdTarget@@MAEPAUIConnectionPoint@@ABU_GUID@@@Z 00493808     mfc140d:mfc140d.dll
 0004:0000080c       __imp_?GetExtraConnectionPoints@CCmdTarget@@MAEHPAVCPtrArray@@@Z 0049380c     mfc140d:mfc140d.dll
 0004:00000810       __imp_?GetInterfaceHook@CCmdTarget@@UAEPAUIUnknown@@PBX@Z 00493810     mfc140d:mfc140d.dll
 0004:00000814       __imp_?OnCreateAggregates@CCmdTarget@@UAEHXZ 00493814     mfc140d:mfc140d.dll
 0004:00000818       __imp_?GetEventSinkMap@CCmdTarget@@MBEPBUAFX_EVENTSINKMAP@@XZ 00493818     mfc140d:mfc140d.dll
 0004:0000081c       __imp_?GetConnectionMap@CCmdTarget@@MBEPBUAFX_CONNECTIONMAP@@XZ 0049381c     mfc140d:mfc140d.dll
 0004:00000820       __imp_?GetDispatchMap@CCmdTarget@@MBEPBUAFX_DISPMAP@@XZ 00493820     mfc140d:mfc140d.dll
 0004:00000824       __imp_?GetCommandMap@CCmdTarget@@MBEPBUAFX_OLECMDMAP@@XZ 00493824     mfc140d:mfc140d.dll
 0004:00000828       __imp_?GetTypeLib@CCmdTarget@@UAEJKPAPAUITypeLib@@@Z 00493828     mfc140d:mfc140d.dll
 0004:0000082c       __imp_?GetTypeLibCache@CCmdTarget@@UAEPAVCTypeLibCache@@XZ 0049382c     mfc140d:mfc140d.dll
 0004:00000830       __imp_?GetTypeInfoCount@CCmdTarget@@UAEIXZ 00493830     mfc140d:mfc140d.dll
 0004:00000834       __imp_?GetDispatchIID@CCmdTarget@@UAEHPAU_GUID@@@Z 00493834     mfc140d:mfc140d.dll
 0004:00000838       __imp_?IsInvokeAllowed@CCmdTarget@@UAEHJ@Z 00493838     mfc140d:mfc140d.dll
 0004:0000083c       __imp_?DDX_Control@@YGXPAVCDataExchange@@HAAVCWnd@@@Z 0049383c     mfc140d:mfc140d.dll
 0004:00000840       __imp_??1CBrush@@UAE@XZ    00493840     mfc140d:mfc140d.dll
 0004:00000844       __imp_?Format@?$CStringT@DV?$StrTraitMFC_DLL@DV?$ChTraitsCRT@D@ATL@@@@@ATL@@QAAXPBDZZ 00493844     mfc140d:mfc140d.dll
 0004:00000848       __imp_??1?$CStringT@DV?$StrTraitMFC_DLL@DV?$ChTraitsCRT@D@ATL@@@@@ATL@@QAE@XZ 00493848     mfc140d:mfc140d.dll
 0004:0000084c       __imp_??0?$CStringT@DV?$StrTraitMFC_DLL@DV?$ChTraitsCRT@D@ATL@@@@@ATL@@QAE@XZ 0049384c     mfc140d:mfc140d.dll
 0004:00000850       __imp_?GetLength@?$CSimpleStringT@D$00@ATL@@QBEHXZ 00493850     mfc140d:mfc140d.dll
 0004:00000854       __imp_?GetBuffer@?$CSimpleStringT@D$00@ATL@@QAEPADH@Z 00493854     mfc140d:mfc140d.dll
 0004:00000858       __imp_?Empty@?$CSimpleStringT@D$00@ATL@@QAEXXZ 00493858     mfc140d:mfc140d.dll
 0004:0000085c       __imp_?Append@?$CSimpleStringT@D$00@ATL@@QAEXPBD@Z 0049385c     mfc140d:mfc140d.dll
 0004:00000860       __imp_??B?$CSimpleStringT@D$00@ATL@@QBEPBDXZ 00493860     mfc140d:mfc140d.dll
 0004:00000864       __imp_?Serialize@CObject@@UAEXAAVCArchive@@@Z 00493864     mfc140d:mfc140d.dll
 0004:00000868       __imp_??3CObject@@SGXPAX@Z 00493868     mfc140d:mfc140d.dll
 0004:0000086c       __imp_?GetThisMessageMap@CDialogEx@@KGPBUAFX_MSGMAP@@XZ 0049386c     mfc140d:mfc140d.dll
 0004:00000870       __imp_?AfxMessageBox@@YGHPBDII@Z 00493870     mfc140d:mfc140d.dll
 0004:00000874       __imp_?AfxGetMainWnd@@YGPAVCWnd@@XZ 00493874     mfc140d:mfc140d.dll
 0004:00000878       __imp_?OnFinalRelease@CWnd@@UAEXXZ 00493878     mfc140d:mfc140d.dll
 0004:0000087c       __imp_?IsFrameWnd@CWnd@@UBEHXZ 0049387c     mfc140d:mfc140d.dll
 0004:00000880       __imp_?SetLimitText@CEdit@@QAEXI@Z 00493880     mfc140d:mfc140d.dll
 0004:00000884       __imp_??1CEdit@@UAE@XZ     00493884     mfc140d:mfc140d.dll
 0004:00000888       __imp_?CreateControlContainer@CWnd@@MAEHPAPAVCOleControlContainer@@@Z 00493888     mfc140d:mfc140d.dll
 0004:0000088c       __imp_??0CEdit@@QAE@XZ     0049388c     mfc140d:mfc140d.dll
 0004:00000890       __imp_?ResizeDynamicLayout@CWnd@@MAEXXZ 00493890     mfc140d:mfc140d.dll
 0004:00000894       __imp_?OnGesturePressAndTap@CWnd@@MAEHVCPoint@@J@Z 00493894     mfc140d:mfc140d.dll
 0004:00000898       __imp_?OnGestureTwoFingerTap@CWnd@@MAEHVCPoint@@@Z 00493898     mfc140d:mfc140d.dll
 0004:0000089c       __imp_?OnGestureRotate@CWnd@@MAEHVCPoint@@N@Z 0049389c     mfc140d:mfc140d.dll
 0004:000008a0       __imp_?OnGesturePan@CWnd@@MAEHVCPoint@@0@Z 004938a0     mfc140d:mfc140d.dll
 0004:000008a4       __imp_?OnGestureZoom@CWnd@@MAEHVCPoint@@J@Z 004938a4     mfc140d:mfc140d.dll
 0004:000008a8       __imp_?GetGestureStatus@CWnd@@MAEKVCPoint@@@Z 004938a8     mfc140d:mfc140d.dll
 0004:000008ac       __imp_?OnTouchInput@CWnd@@MAEHVCPoint@@HHPAUtagTOUCHINPUT@@@Z 004938ac     mfc140d:mfc140d.dll
 0004:000008b0       __imp_?OnTouchInputs@CWnd@@MAEHIPAUtagTOUCHINPUT@@@Z 004938b0     mfc140d:mfc140d.dll
 0004:000008b4       __imp_?OnChildNotify@CWnd@@MAEHIIJPAJ@Z 004938b4     mfc140d:mfc140d.dll
 0004:000008b8       __imp_?PostNcDestroy@CWnd@@MAEXXZ 004938b8     mfc140d:mfc140d.dll
 0004:000008bc       __imp_?DefWindowProcA@CWnd@@MAEJIIJ@Z 004938bc     mfc140d:mfc140d.dll
 0004:000008c0       __imp_?OnWndMsg@CWnd@@MAEHIIJPAJ@Z 004938c0     mfc140d:mfc140d.dll
 0004:000008c4       __imp_?WindowProc@CWnd@@MAEJIIJ@Z 004938c4     mfc140d:mfc140d.dll
 0004:000008c8       __imp_?OnAmbientProperty@CWnd@@UAEHPAVCOleControlSite@@JPAUtagVARIANT@@@Z 004938c8     mfc140d:mfc140d.dll
 0004:000008cc       __imp_?EndModalState@CWnd@@UAEXXZ 004938cc     mfc140d:mfc140d.dll
 0004:000008d0       __imp_?BeginModalState@CWnd@@UAEXXZ 004938d0     mfc140d:mfc140d.dll
 0004:000008d4       __imp_?DoDataExchange@CWnd@@MAEXPAVCDataExchange@@@Z 004938d4     mfc140d:mfc140d.dll
 0004:000008d8       __imp_?GetSuperWndProcAddr@CWnd@@MAEPAP6GJPAUHWND__@@IIJ@ZXZ 004938d8     mfc140d:mfc140d.dll
 0004:000008dc       __imp_?PreInitDialog@CDialog@@MAEXXZ 004938dc     mfc140d:mfc140d.dll
 0004:000008e0       __imp_?GetOccDialogInfo@CDialog@@MAEPAU_AFX_OCC_DIALOG_INFO@@XZ 004938e0     mfc140d:mfc140d.dll
 0004:000008e4       __imp_?SetOccDialogInfo@CDialog@@MAEHPAU_AFX_OCC_DIALOG_INFO@@@Z 004938e4     mfc140d:mfc140d.dll
 0004:000008e8       __imp_?CheckAutoCenter@CDialog@@UAEHXZ 004938e8     mfc140d:mfc140d.dll
 0004:000008ec       __imp_?OnCmdMsg@CDialog@@UAEHIHPAXPAUAFX_CMDHANDLERINFO@@@Z 004938ec     mfc140d:mfc140d.dll
 0004:000008f0       __imp_?Dump@CDialog@@UBEXAAVCDumpContext@@@Z 004938f0     mfc140d:mfc140d.dll
 0004:000008f4       __imp_?AssertValid@CDialog@@UBEXXZ 004938f4     mfc140d:mfc140d.dll
 0004:000008f8       __imp_??1CDialog@@UAE@XZ   004938f8     mfc140d:mfc140d.dll
 0004:000008fc       __imp_?OnCancel@CDialog@@MAEXXZ 004938fc     mfc140d:mfc140d.dll
 0004:00000900       __imp_?OnOK@CDialog@@MAEXXZ 00493900     mfc140d:mfc140d.dll
 0004:00000904       __imp_?OnSetFont@CDialog@@UAEXPAVCFont@@@Z 00493904     mfc140d:mfc140d.dll
 0004:00000908       __imp_?OnInitDialog@CDialog@@UAEHXZ 00493908     mfc140d:mfc140d.dll
 0004:0000090c       __imp_?DoModal@CDialog@@UAEHXZ 0049390c     mfc140d:mfc140d.dll
 0004:00000910       __imp_?CreateIndirect@CDialog@@UAEHPAXPAVCWnd@@@Z 00493910     mfc140d:mfc140d.dll
 0004:00000914       __imp_?CreateIndirect@CDialog@@UAEHPBUDLGTEMPLATE@@PAVCWnd@@PAX@Z 00493914     mfc140d:mfc140d.dll
 0004:00000918       __imp_?Create@CDialog@@UAEHIPAVCWnd@@@Z 00493918     mfc140d:mfc140d.dll
 0004:0000091c       __imp_?Create@CDialog@@UAEHPBDPAVCWnd@@@Z 0049391c     mfc140d:mfc140d.dll
 0004:00000920       __imp_?AfxEnableControlContainer@@YAXPAVCOccManager@@@Z 00493920     mfc140d:mfc140d.dll
 0004:00000924       __imp_?CreateControlSite@CWnd@@MAEHPAVCOleControlContainer@@PAPAVCOleControlSite@@IABU_GUID@@@Z 00493924     mfc140d:mfc140d.dll
 0004:00000928       __imp_?OnNotify@CWnd@@MAEHIJPAJ@Z 00493928     mfc140d:mfc140d.dll
 0004:0000092c       __imp_?CreateAccessibleProxy@CWnd@@UAEJIJPAJ@Z 0049392c     mfc140d:mfc140d.dll
 0004:00000930       __imp_?SetProxy@CWnd@@UAEJPAUIAccessibleProxy@@@Z 00493930     mfc140d:mfc140d.dll
 0004:00000934       __imp_?put_accValue@CWnd@@UAEJUtagVARIANT@@PA_W@Z 00493934     mfc140d:mfc140d.dll
 0004:00000938       __imp_?put_accName@CWnd@@UAEJUtagVARIANT@@PA_W@Z 00493938     mfc140d:mfc140d.dll
 0004:0000093c       __imp_?accDoDefaultAction@CWnd@@UAEJUtagVARIANT@@@Z 0049393c     mfc140d:mfc140d.dll
 0004:00000940       __imp_?accHitTest@CWnd@@UAEJJJPAUtagVARIANT@@@Z 00493940     mfc140d:mfc140d.dll
 0004:00000944       __imp_?AfxWinMain@@YGHPAUHINSTANCE__@@0PADH@Z 00493944     mfc140d:mfc140d.dll
 0004:00000948       __imp_?AfxGetModuleState@@YGPAVAFX_MODULE_STATE@@XZ 00493948     mfc140d:mfc140d.dll
 0004:0000094c       __imp_?_AfxSocketInit@@YGHPAUWSAData@@@Z 0049394c     mfc140d:mfc140d.dll
 0004:00000950       __imp_?Run@CWinApp@@UAEHXZ 00493950     mfc140d:mfc140d.dll
 0004:00000954       __imp_?accNavigate@CWnd@@UAEJJUtagVARIANT@@PAU2@@Z 00493954     mfc140d:mfc140d.dll
 0004:00000958       __imp_?RestartInstance@CWinApp@@UAEHXZ 00493958     mfc140d:mfc140d.dll
 0004:0000095c       \177mfc140d_NULL_THUNK_DATA 0049395c     mfc140d:mfc140d.dll
 0004:00000a7c       __imp___invalid_parameter  00493a7c     ucrtd:ucrtbased.dll
 0004:00000a80       __imp___CrtDbgReportW      00493a80     ucrtd:ucrtbased.dll
 0004:00000a84       __imp__free                00493a84     ucrtd:ucrtbased.dll
 0004:00000a88       __imp__malloc              00493a88     ucrtd:ucrtbased.dll
 0004:00000a8c       __imp__rand                00493a8c     ucrtd:ucrtbased.dll
 0004:00000a90       __imp__atoi                00493a90     ucrtd:ucrtbased.dll
 0004:00000a94       __imp____acrt_iob_func     00493a94     ucrtd:ucrtbased.dll
 0004:00000a98       __imp__fclose              00493a98     ucrtd:ucrtbased.dll
 0004:00000a9c       __imp__fflush              00493a9c     ucrtd:ucrtbased.dll
 0004:00000aa0       __imp__fopen               00493aa0     ucrtd:ucrtbased.dll
 0004:00000aa4       __imp__fread               00493aa4     ucrtd:ucrtbased.dll
 0004:00000aa8       __imp__fseek               00493aa8     ucrtd:ucrtbased.dll
 0004:00000aac       __imp__ftell               00493aac     ucrtd:ucrtbased.dll
 0004:00000ab0       __imp__fwrite              00493ab0     ucrtd:ucrtbased.dll
 0004:00000ab4       __imp__remove              00493ab4     ucrtd:ucrtbased.dll
 0004:00000ab8       __imp____stdio_common_vfprintf 00493ab8     ucrtd:ucrtbased.dll
 0004:00000abc       __imp__tolower             00493abc     ucrtd:ucrtbased.dll
 0004:00000ac0       __imp___localtime64_s      00493ac0     ucrtd:ucrtbased.dll
 0004:00000ac4       __imp___mktime64           00493ac4     ucrtd:ucrtbased.dll
 0004:00000ac8       __imp___time64             00493ac8     ucrtd:ucrtbased.dll
 0004:00000acc       __imp___beginthreadex      00493acc     ucrtd:ucrtbased.dll
 0004:00000ad0       __imp__wcscpy_s            00493ad0     ucrtd:ucrtbased.dll
 0004:00000ad4       __imp____stdio_common_vswprintf_s 00493ad4     ucrtd:ucrtbased.dll
 0004:00000ad8       __imp___invalid_parameter_noinfo 00493ad8     ucrtd:ucrtbased.dll
 0004:00000adc       __imp___errno              00493adc     ucrtd:ucrtbased.dll
 0004:00000ae0       __imp__wcslen              00493ae0     ucrtd:ucrtbased.dll
 0004:00000ae4       __imp____stdio_common_vsnprintf_s 00493ae4     ucrtd:ucrtbased.dll
 0004:00000ae8       __imp___mbscmp             00493ae8     ucrtd:ucrtbased.dll
 0004:00000aec       __imp__setlocale           00493aec     ucrtd:ucrtbased.dll
 0004:00000af0       __imp___CrtDbgReport       00493af0     ucrtd:ucrtbased.dll
 0004:00000af4       __imp___free_dbg           00493af4     ucrtd:ucrtbased.dll
 0004:00000af8       __imp__terminate           00493af8     ucrtd:ucrtbased.dll
 0004:00000afc       __imp___callnewh           00493afc     ucrtd:ucrtbased.dll
 0004:00000b00       __imp___seh_filter_dll     00493b00     ucrtd:ucrtbased.dll
 0004:00000b04       __imp___configure_narrow_argv 00493b04     ucrtd:ucrtbased.dll
 0004:00000b08       __imp___initialize_narrow_environment 00493b08     ucrtd:ucrtbased.dll
 0004:00000b0c       __imp___initialize_onexit_table 00493b0c     ucrtd:ucrtbased.dll
 0004:00000b10       __imp___register_onexit_function 00493b10     ucrtd:ucrtbased.dll
 0004:00000b14       __imp___execute_onexit_table 00493b14     ucrtd:ucrtbased.dll
 0004:00000b18       __imp___crt_atexit         00493b18     ucrtd:ucrtbased.dll
 0004:00000b1c       __imp___crt_at_quick_exit  00493b1c     ucrtd:ucrtbased.dll
 0004:00000b20       __imp___cexit              00493b20     ucrtd:ucrtbased.dll
 0004:00000b24       __imp___seh_filter_exe     00493b24     ucrtd:ucrtbased.dll
 0004:00000b28       __imp___set_app_type       00493b28     ucrtd:ucrtbased.dll
 0004:00000b2c       __imp____setusermatherr    00493b2c     ucrtd:ucrtbased.dll
 0004:00000b30       __imp___get_narrow_winmain_command_line 00493b30     ucrtd:ucrtbased.dll
 0004:00000b34       __imp___initterm           00493b34     ucrtd:ucrtbased.dll
 0004:00000b38       __imp___initterm_e         00493b38     ucrtd:ucrtbased.dll
 0004:00000b3c       __imp__exit                00493b3c     ucrtd:ucrtbased.dll
 0004:00000b40       __imp___exit               00493b40     ucrtd:ucrtbased.dll
 0004:00000b44       __imp___set_fmode          00493b44     ucrtd:ucrtbased.dll
 0004:00000b48       __imp___c_exit             00493b48     ucrtd:ucrtbased.dll
 0004:00000b4c       __imp___register_thread_local_exe_atexit_callback 00493b4c     ucrtd:ucrtbased.dll
 0004:00000b50       __imp___configthreadlocale 00493b50     ucrtd:ucrtbased.dll
 0004:00000b54       __imp___set_new_mode       00493b54     ucrtd:ucrtbased.dll
 0004:00000b58       __imp____p__commode        00493b58     ucrtd:ucrtbased.dll
 0004:00000b5c       __imp___controlfp_s        00493b5c     ucrtd:ucrtbased.dll
 0004:00000b60       __imp___wmakepath_s        00493b60     ucrtd:ucrtbased.dll
 0004:00000b64       __imp___wsplitpath_s       00493b64     ucrtd:ucrtbased.dll
 0004:00000b68       __imp___strnicmp           00493b68     ucrtd:ucrtbased.dll
 0004:00000b68       __imp__strnicmp            00493b68     ucrtd:ucrtbased.dll
 0004:00000b6c       __imp___strupr             00493b6c     ucrtd:ucrtbased.dll
 0004:00000b6c       __imp__strupr              00493b6c     ucrtd:ucrtbased.dll
 0004:00000b70       __imp__memicmp             00493b70     ucrtd:ucrtbased.dll
 0004:00000b70       __imp___memicmp            00493b70     ucrtd:ucrtbased.dll
 0004:00000b74       __imp__strlwr              00493b74     ucrtd:ucrtbased.dll
 0004:00000b74       __imp___strlwr             00493b74     ucrtd:ucrtbased.dll
 0004:00000b78       __imp___setmbcp            00493b78     ucrtd:ucrtbased.dll
 0004:00000b7c       __imp___recalloc           00493b7c     ucrtd:ucrtbased.dll
 0004:00000b80       __imp__strcat              00493b80     ucrtd:ucrtbased.dll
 0004:00000b84       __imp__pow                 00493b84     ucrtd:ucrtbased.dll
 0004:00000b88       __imp___strupr_s           00493b88     ucrtd:ucrtbased.dll
 0004:00000b8c       __imp__strlen              00493b8c     ucrtd:ucrtbased.dll
 0004:00000b90       __imp__strcpy              00493b90     ucrtd:ucrtbased.dll
 0004:00000b94       __imp__strcmp              00493b94     ucrtd:ucrtbased.dll
 0004:00000b98       __imp__toupper             00493b98     ucrtd:ucrtbased.dll
 0004:00000b9c       __imp__isalnum             00493b9c     ucrtd:ucrtbased.dll
 0004:00000ba0       __imp__isxdigit            00493ba0     ucrtd:ucrtbased.dll
 0004:00000ba4       __imp__isdigit             00493ba4     ucrtd:ucrtbased.dll
 0004:00000ba8       __imp__isalpha             00493ba8     ucrtd:ucrtbased.dll
 0004:00000bac       __imp____stdio_common_vsprintf 00493bac     ucrtd:ucrtbased.dll
 0004:00000bb0       __imp____stdio_common_vsprintf_s 00493bb0     ucrtd:ucrtbased.dll
 0004:00000bb4       \177ucrtbased_NULL_THUNK_DATA 00493bb4     ucrtd:ucrtbased.dll
 0004:00000c1c       __IMPORT_DESCRIPTOR_MSVCP140D 00493c1c     msvcprtd:MSVCP140D.dll
 0004:00000c30       __IMPORT_DESCRIPTOR_SHLWAPI 00493c30     shlwapi:SHLWAPI.dll
 0004:00000c44       __IMPORT_DESCRIPTOR_USER32 00493c44     User32:USER32.dll
 0004:00000c58       __IMPORT_DESCRIPTOR_dbghelp 00493c58     dbghelp:dbghelp.dll
 0004:00000c6c       __IMPORT_DESCRIPTOR_mfc140d 00493c6c     mfc140d:mfc140d.dll
 0004:00000c80       __IMPORT_DESCRIPTOR_KERNEL32 00493c80     kernel32:KERNEL32.dll
 0004:00000c94       __IMPORT_DESCRIPTOR_GDI32  00493c94     gdi32:GDI32.dll
 0004:00000ca8       __IMPORT_DESCRIPTOR_COMCTL32 00493ca8     comctl32:COMCTL32.dll
 0004:00000cbc       __IMPORT_DESCRIPTOR_OLEAUT32 00493cbc     oleaut32:OLEAUT32.dll
 0004:00000cd0       __IMPORT_DESCRIPTOR_gdiplus 00493cd0     gdiplus:gdiplus.dll
 0004:00000ce4       __IMPORT_DESCRIPTOR_WS2_32 00493ce4     ws2_32:WS2_32.dll
 0004:00000cf8       __IMPORT_DESCRIPTOR_PELib  00493cf8     PELib:PELib.dll
 0004:00000d0c       __IMPORT_DESCRIPTOR_16Edit 00493d0c     16Edit:16Edit.DLL
 0004:00000d20       __IMPORT_DESCRIPTOR_VCRUNTIME140D 00493d20     vcruntimed:VCRUNTIME140D.dll
 0004:00000d34       __IMPORT_DESCRIPTOR_ucrtbased 00493d34     ucrtd:ucrtbased.dll
 0004:00000d48       __NULL_IMPORT_DESCRIPTOR   00493d48     msvcprtd:MSVCP140D.dll
 0005:00000000       __tls_start                00496000     MSVCRTD:tlssup.obj
 0005:0000013c       __Init_thread_epoch        0049613c     MSVCRTD:thread_safe_statics.obj
 0005:00000241       __tls_end                  00496241     MSVCRTD:tlssup.obj
 0007:00000000       ___guard_check_icall_fptr  00498000     MSVCRTD:guard_support.obj
